Archive member included because of file (symbol)

../../../../../ports/arm-cortex/vanilla/gnu/spy\libqf_cortex-m3.a(qa_fifo.o)
                              spy/philo.o (QActive_postFIFO)
../../../../../ports/arm-cortex/vanilla/gnu/spy\libqf_cortex-m3.a(qa_sub.o)
                              spy/philo.o (QActive_subscribe)
../../../../../ports/arm-cortex/vanilla/gnu/spy\libqf_cortex-m3.a(qf_act.o)
                              spy/bsp.o (QF_getVersion)
../../../../../ports/arm-cortex/vanilla/gnu/spy\libqf_cortex-m3.a(qf_new.o)
                              spy/philo.o (QF_new_)
../../../../../ports/arm-cortex/vanilla/gnu/spy\libqf_cortex-m3.a(qf_pool.o)
                              spy/main.o (QF_poolInit)
../../../../../ports/arm-cortex/vanilla/gnu/spy\libqf_cortex-m3.a(qf_psini.o)
                              spy/main.o (QF_psInit)
../../../../../ports/arm-cortex/vanilla/gnu/spy\libqf_cortex-m3.a(qf_pspub.o)
                              spy/philo.o (QF_publish)
../../../../../ports/arm-cortex/vanilla/gnu/spy\libqf_cortex-m3.a(qf_pwr2.o)
                              ../../../../../ports/arm-cortex/vanilla/gnu/spy\libqf_cortex-m3.a(qa_fifo.o) (QF_pwr2Lkup)
../../../../../ports/arm-cortex/vanilla/gnu/spy\libqf_cortex-m3.a(qf_tick.o)
                              spy/bsp.o (QF_tick)
../../../../../ports/arm-cortex/vanilla/gnu/spy\libqf_cortex-m3.a(qmp_get.o)
                              ../../../../../ports/arm-cortex/vanilla/gnu/spy\libqf_cortex-m3.a(qf_new.o) (QMPool_get)
../../../../../ports/arm-cortex/vanilla/gnu/spy\libqf_cortex-m3.a(qmp_init.o)
                              ../../../../../ports/arm-cortex/vanilla/gnu/spy\libqf_cortex-m3.a(qf_pool.o) (QMPool_init)
../../../../../ports/arm-cortex/vanilla/gnu/spy\libqf_cortex-m3.a(qte_ctor.o)
                              spy/philo.o (QTimeEvt_ctor)
../../../../../ports/arm-cortex/vanilla/gnu/spy\libqf_cortex-m3.a(qte_arm.o)
                              spy/philo.o (QTimeEvt_arm_)
../../../../../ports/arm-cortex/vanilla/gnu/spy\libqf_cortex-m3.a(qvanilla.o)
                              spy/main.o (QF_init)
../../../../../ports/arm-cortex/vanilla/gnu/spy\libqf_cortex-m3.a(qa_get_.o)
                              ../../../../../ports/arm-cortex/vanilla/gnu/spy\libqf_cortex-m3.a(qvanilla.o) (QActive_get_)
../../../../../ports/arm-cortex/vanilla/gnu/spy\libqf_cortex-m3.a(qeq_init.o)
                              ../../../../../ports/arm-cortex/vanilla/gnu/spy\libqf_cortex-m3.a(qvanilla.o) (QEQueue_init)
../../../../../ports/arm-cortex/vanilla/gnu/spy\libqf_cortex-m3.a(qf_gc.o)
                              ../../../../../ports/arm-cortex/vanilla/gnu/spy\libqf_cortex-m3.a(qf_pspub.o) (QF_gc)
../../../../../ports/arm-cortex/vanilla/gnu/spy\libqf_cortex-m3.a(qf_log2.o)
                              ../../../../../ports/arm-cortex/vanilla/gnu/spy\libqf_cortex-m3.a(qf_pspub.o) (QF_log2Lkup)
../../../../../ports/arm-cortex/vanilla/gnu/spy\libqf_cortex-m3.a(qmp_put.o)
                              ../../../../../ports/arm-cortex/vanilla/gnu/spy\libqf_cortex-m3.a(qf_gc.o) (QMPool_put)
../../../../../ports/arm-cortex/vanilla/gnu/spy\libqep_cortex-m3.a(qhsm_ini.o)
                              ../../../../../ports/arm-cortex/vanilla/gnu/spy\libqf_cortex-m3.a(qvanilla.o) (QHsm_init)
../../../../../ports/arm-cortex/vanilla/gnu/spy\libqep_cortex-m3.a(qhsm_dis.o)
                              ../../../../../ports/arm-cortex/vanilla/gnu/spy\libqf_cortex-m3.a(qvanilla.o) (QHsm_dispatch)
../../../../../ports/arm-cortex/vanilla/gnu/spy\libqep_cortex-m3.a(qhsm_top.o)
                              spy/philo.o (QHsm_top)
../../../../../ports/arm-cortex/vanilla/gnu/spy\libqep_cortex-m3.a(qep.o)
                              ../../../../../ports/arm-cortex/vanilla/gnu/spy\libqep_cortex-m3.a(qhsm_ini.o) (QEP_reservedEvt_)
../../../../../ports/arm-cortex/vanilla/gnu/spy\libqs_cortex-m3.a(qs.o)
                              spy/bsp.o (QS_initBuf)
../../../../../ports/arm-cortex/vanilla/gnu/spy\libqs_cortex-m3.a(qs_.o)
                              spy/philo.o (QS_u8_)
../../../../../ports/arm-cortex/vanilla/gnu/spy\libqs_cortex-m3.a(qs_byte.o)
                              spy/bsp.o (QS_getByte)
../../../../../ports/arm-cortex/vanilla/gnu/spy\libqs_cortex-m3.a(qs_str.o)
                              spy/bsp.o (QS_str)
c:/tools/devkitpro/devkitarm/bin/../lib/gcc/arm-eabi/4.4.2/../../../../arm-eabi/lib/thumb/thumb2\libc.a(lib_a-atexit.o)
                              c:/tools/devkitpro/devkitarm/bin/../lib/gcc/arm-eabi/4.4.2/../../../../arm-eabi/lib/thumb/thumb2/crt0.o (atexit)
c:/tools/devkitpro/devkitarm/bin/../lib/gcc/arm-eabi/4.4.2/../../../../arm-eabi/lib/thumb/thumb2\libc.a(lib_a-exit.o)
                              c:/tools/devkitpro/devkitarm/bin/../lib/gcc/arm-eabi/4.4.2/../../../../arm-eabi/lib/thumb/thumb2/crt0.o (exit)
[...]
Memory Configuration

Name             Origin             Length             Attributes
ROM              0x08000000         0x00040000         xr
RAM              0x20000000         0x00010000         xrw
*default*        0x00000000         0xffffffff

Linker script and memory map

LOAD c:/tools/devkitpro/devkitarm/bin/../lib/gcc/arm-eabi/4.4.2/thumb/thumb2/crti.o
LOAD c:/tools/devkitpro/devkitarm/bin/../lib/gcc/arm-eabi/4.4.2/thumb/thumb2/crtbegin.o
LOAD c:/tools/devkitpro/devkitarm/bin/../lib/gcc/arm-eabi/4.4.2/../../../../arm-eabi/lib/thumb/thumb2/crt0.o
LOAD spy/bsp.o
LOAD spy/main.o
LOAD spy/no_heap.o
LOAD spy/philo.o
LOAD spy/table.o
LOAD spy/startup_stm32f10x_cl.o
LOAD spy/core_cm3.o
LOAD spy/system_stm32f10x.o
LOAD spy/stm32_eval.o
LOAD spy/stm3210c_eval_lcd.o
LOAD spy/stm3210c_eval_ioe.o
LOAD spy/misc.o
LOAD spy/stm32f10x_adc.o
LOAD spy/stm32f10x_bkp.o
LOAD spy/stm32f10x_can.o
LOAD spy/stm32f10x_crc.o
LOAD spy/stm32f10x_dac.o
LOAD spy/stm32f10x_dbgmcu.o
LOAD spy/stm32f10x_dma.o
LOAD spy/stm32f10x_exti.o
LOAD spy/stm32f10x_flash.o
LOAD spy/stm32f10x_fsmc.o
LOAD spy/stm32f10x_gpio.o
LOAD spy/stm32f10x_i2c.o
LOAD spy/stm32f10x_iwdg.o
LOAD spy/stm32f10x_pwr.o
LOAD spy/stm32f10x_rcc.o
LOAD spy/stm32f10x_rtc.o
LOAD spy/stm32f10x_sdio.o
LOAD spy/stm32f10x_spi.o
LOAD spy/stm32f10x_tim.o
LOAD spy/stm32f10x_usart.o
LOAD spy/stm32f10x_wwdg.o
LOAD ../../../../../ports/arm-cortex/vanilla/gnu/spy\libqf_cortex-m3.a
LOAD ../../../../../ports/arm-cortex/vanilla/gnu/spy\libqep_cortex-m3.a
LOAD ../../../../../ports/arm-cortex/vanilla/gnu/spy\libqs_cortex-m3.a
START GROUP
LOAD c:/tools/devkitpro/devkitarm/bin/../lib/gcc/arm-eabi/4.4.2/thumb/thumb2\libgcc.a
LOAD c:/tools/devkitpro/devkitarm/bin/../lib/gcc/arm-eabi/4.4.2/../../../../arm-eabi/lib/thumb/thumb2\libc.a
LOAD c:/tools/devkitpro/devkitarm/bin/../lib/gcc/arm-eabi/4.4.2/../../../../arm-eabi/lib/thumb/thumb2\libsysbase.a
END GROUP
LOAD c:/tools/devkitpro/devkitarm/bin/../lib/gcc/arm-eabi/4.4.2/thumb/thumb2/crtend.o
LOAD c:/tools/devkitpro/devkitarm/bin/../lib/gcc/arm-eabi/4.4.2/thumb/thumb2/crtn.o
                0x00000400                STACK_SIZE = 0x400
                0x00000000                HEAP_SIZE = 0x0

.isr_vector     0x08000000      0x154
 *(.isr_vector)
 .isr_vector    0x08000000      0x154 spy/startup_stm32f10x_cl.o
                0x08000000                g_pfnVectors
                0x08000154                . = ALIGN (0x4)

.eh_frame       0x08000154        0x0
 .eh_frame      0x08000154        0x0 c:/tools/devkitpro/devkitarm/bin/../lib/gcc/arm-eabi/4.4.2/thumb/thumb2/crtbegin.o

.text           0x08000154     0x7cdc
                0x08000154                . = ALIGN (0x4)
 *(.text)
 .text          0x08000154       0x54 c:/tools/devkitpro/devkitarm/bin/../lib/gcc/arm-eabi/4.4.2/thumb/thumb2/crtbegin.o
 .text          0x080001a8      0x504 spy/bsp.o
                0x080001a8                QF_onStartup
                0x08000208                QF_onCleanup
                0x0800020c                Q_onAssert
                0x08000210                assert_failed
                0x08000218                BSP_busyDelay
                0x08000230                QS_onCleanup
                0x08000234                QS_onGetTime
                0x08000284                QS_onFlush
                0x080002ac                QS_onStartup
                0x080004b0                BSP_displyPhilStat
                0x08000524                QF_onIdle
                0x08000564                BSP_init
                0x08000674                SysTick_Handler
 .text          0x080006ac      0x26c spy/main.o
                0x080006ac                main
 .text          0x08000918      0x64c spy/philo.o
                0x08000918                Philo_ctor
 .text          0x08000f64      0x450 spy/table.o
                0x08000f64                Table_ctor
 .text          0x080013b4       0xb0 spy/startup_stm32f10x_cl.o
                0x080013b4                EXTI2_IRQHandler
                0x080013b4                TIM8_TRG_COM_IRQHandler
                0x080013b4                TIM8_CC_IRQHandler
                0x080013b4                DebugMon_Handler
                0x080013b4                TIM1_CC_IRQHandler
                0x080013b4                TIM6_IRQHandler
                0x080013b4                PVD_IRQHandler
                0x080013b4                SDIO_IRQHandler
                0x080013b4                PendSV_Handler
                0x080013b4                NMI_Handler
                0x080013b4                CAN2_RX1_IRQHandler
                0x080013b4                EXTI3_IRQHandler
                0x080013b4                EXTI0_IRQHandler
                0x080013b4                I2C2_EV_IRQHandler
                0x080013b4                UsageFault_Handler
                0x080013b4                CAN2_SCE_IRQHandler
                0x080013b4                ADC1_2_IRQHandler
                0x080013b4                SPI1_IRQHandler
                0x080013b4                TAMPER_IRQHandler
                0x080013b4                CAN2_RX0_IRQHandler
                0x080013b4                TIM8_UP_IRQHandler
                0x080013b4                DMA2_Channel2_IRQHandler
                0x080013b4                DMA1_Channel4_IRQHandler
                0x080013b4                USART3_IRQHandler
                0x080013b4                RTC_IRQHandler
                0x080013b4                DMA1_Channel7_IRQHandler
                0x080013b4                USBWakeUp_IRQHandler
                0x080013b4                CAN1_RX1_IRQHandler
                0x080013b4                UART5_IRQHandler
                0x080013b4                ADC3_IRQHandler
                0x080013b4                TIM4_IRQHandler
                0x080013b4                DMA2_Channel1_IRQHandler
                0x080013b4                I2C1_EV_IRQHandler
                0x080013b4                DMA1_Channel6_IRQHandler
                0x080013b4                UART4_IRQHandler
                0x080013b4                TIM3_IRQHandler
                0x080013b4                RCC_IRQHandler
                0x080013b4                TIM1_TRG_COM_IRQHandler
                0x080013b4                DMA1_Channel1_IRQHandler
                0x080013b4                EXTI15_10_IRQHandler
                0x080013b4                TIM7_IRQHandler
                0x080013b4                CAN2_TX_IRQHandler
                0x080013b4                TIM5_IRQHandler
                0x080013b4                EXTI9_5_IRQHandler
                0x080013b4                ETH_WKUP_IRQHandler
                0x080013b4                SPI2_IRQHandler
                0x080013b4                MemManage_Handler
                0x080013b4                SVC_Handler
                0x080013b4                DMA2_Channel5_IRQHandler
                0x080013b4                DMA1_Channel5_IRQHandler
                0x080013b4                EXTI4_IRQHandler
                0x080013b4                USB_LP_CAN1_RX0_IRQHandler
                0x080013b4                USB_HP_CAN1_TX_IRQHandler
                0x080013b4                DMA1_Channel3_IRQHandler
                0x080013b4                FSMC_IRQHandler
                0x080013b4                ETH_IRQHandler
                0x080013b4                TIM1_UP_IRQHandler
                0x080013b4                WWDG_IRQHandler
                0x080013b4                TIM2_IRQHandler
                0x080013b4                TIM1_BRK_IRQHandler
                0x080013b4                EXTI1_IRQHandler
                0x080013b4                RTCAlarm_IRQHandler
                0x080013b4                DMA2_Channel4_5_IRQHandler
                0x080013b4                USART2_IRQHandler
                0x080013b4                I2C2_ER_IRQHandler
                0x080013b4                DMA1_Channel2_IRQHandler
                0x080013b4                TIM8_BRK_IRQHandler
                0x080013b4                CAN1_SCE_IRQHandler
                0x080013b4                FLASH_IRQHandler
                0x080013b4                BusFault_Handler
                0x080013b4                USART1_IRQHandler
                0x080013b4                Spurious_Handler
                0x080013b4                OTG_FS_IRQHandler
                0x080013b4                SPI3_IRQHandler
                0x080013b4                I2C1_ER_IRQHandler
                0x080013b4                DMA2_Channel3_IRQHandler
                0x080013d0                Reset_Handler
 .text          0x08001464      0x170 spy/system_stm32f10x.o
                0x08001464                SystemInit
 .text          0x080015d4      0x248 spy/stm32_eval.o
                0x080015d4                STM_EVAL_LEDOn
                0x080015f0                STM_EVAL_LEDOff
                0x0800160c                STM_EVAL_LEDToggle
                0x08001630                STM_EVAL_LEDInit
                0x0800167c                STM_EVAL_COMInit
                0x08001728                STM_EVAL_PBGetState
                0x08001750                STM_EVAL_PBInit
 .text          0x0800181c      0xc50 spy/stm3210c_eval_lcd.o
                0x0800181c                LCD_SetTextColor
                0x08001838                LCD_SetBackColor
                0x08001884                LCD_CtrlLinesConfig
                0x080018c0                LCD_SPIConfig
                0x08001968                LCD_CtrlLinesWrite
                0x08001970                LCD_WriteRAM
                0x080019c4                LCD_nCS_StartByte
                0x08001a04                LCD_WriteRegIndex
                0x08001a74                LCD_WriteRAM_Prepare
                0x08001a88                LCD_WriteRAMWord
                0x08001aac                LCD_WriteReg
                0x08001b20                LCD_DisplayOff
                0x08001b30                LCD_DisplayOn
                0x08001b40                LCD_PowerOn
                0x08001bdc                LCD_SetCursor
                0x08001bf8                LCD_DrawCircle
                0x08001d24                LCD_DrawMonoPict
                0x08001da4                LCD_DrawLine
                0x08001e30                LCD_DrawRect
                0x08001e80                LCD_DrawChar
                0x08001f04                LCD_DisplayChar
                0x08001f2c                LCD_DisplayString
                0x08001f80                LCD_ClearLine
                0x08001f94                LCD_Clear
                0x08001fd4                LCD_SetDisplayWindow
                0x08002044                LCD_WindowModeDisable
                0x08002068                LCD_Setup
                0x08002324                STM3210C_LCD_Init
                0x0800232c                LCD_ReadReg
 .text          0x0800246c      0x104 spy/misc.o
                0x0800246c                NVIC_PriorityGroupConfig
                0x08002480                NVIC_Init
                0x08002504                NVIC_SetVectorTable
                0x0800251c                NVIC_SystemLPConfig
                0x08002544                SysTick_CLKSourceConfig
 .text          0x08002570      0x134 spy/stm32f10x_exti.o
                0x08002570                EXTI_DeInit
                0x08002590                EXTI_Init
                0x08002630                EXTI_StructInit
                0x08002644                EXTI_GenerateSWInterrupt
                0x08002658                EXTI_GetFlagStatus
                0x0800266c                EXTI_ClearFlag
                0x08002678                EXTI_GetITStatus
                0x08002698                EXTI_ClearITPendingBit
 .text          0x080026a4      0x34c spy/stm32f10x_gpio.o
                0x080026a4                GPIO_Init
                0x0800276c                GPIO_StructInit
                0x08002780                GPIO_ReadInputDataBit
                0x0800278c                GPIO_ReadInputData
                0x08002794                GPIO_ReadOutputDataBit
                0x080027a0                GPIO_ReadOutputData
                0x080027a8                GPIO_SetBits
                0x080027ac                GPIO_ResetBits
                0x080027b0                GPIO_WriteBit
                0x080027bc                GPIO_Write
                0x080027c0                GPIO_PinLockConfig
                0x080027d0                GPIO_EventOutputConfig
                0x080027f4                GPIO_EventOutputCmd
                0x08002800                GPIO_PinRemapConfig
                0x08002878                GPIO_EXTILineConfig
                0x080028bc                GPIO_ETH_MediaInterfaceConfig
                0x080028c8                GPIO_AFIODeInit
                0x080028e4                GPIO_DeInit
 .text          0x080029f0      0x5a4 spy/stm32f10x_rcc.o
                0x080029f0                RCC_DeInit
                0x08002a44                RCC_HSEConfig
                0x08002a90                RCC_AdjustHSICalibrationValue
                0x08002aa8                RCC_HSICmd
                0x08002ab4                RCC_PLLConfig
                0x08002ad0                RCC_PLLCmd
                0x08002adc                RCC_PREDIV1Config
                0x08002afc                RCC_PREDIV2Config
                0x08002b14                RCC_PLL2Config
                0x08002b2c                RCC_PLL2Cmd
                0x08002b38                RCC_PLL3Config
                0x08002b50                RCC_PLL3Cmd
                0x08002b5c                RCC_SYSCLKConfig
                0x08002b74                RCC_GetSYSCLKSource
                0x08002b84                RCC_HCLKConfig
                0x08002b9c                RCC_PCLK1Config
                0x08002bb4                RCC_PCLK2Config
                0x08002bcc                RCC_ITConfig
                0x08002bf4                RCC_OTGFSCLKConfig
                0x08002c00                RCC_ADCCLKConfig
                0x08002c18                RCC_I2S2CLKConfig
                0x08002c24                RCC_I2S3CLKConfig
                0x08002c30                RCC_LSEConfig
                0x08002c6c                RCC_LSICmd
                0x08002c78                RCC_RTCCLKConfig
                0x08002c8c                RCC_RTCCLKCmd
                0x08002c98                RCC_GetClocksFreq
                0x08002dcc                RCC_AHBPeriphClockCmd
                0x08002df4                RCC_APB2PeriphClockCmd
                0x08002e1c                RCC_APB1PeriphClockCmd
                0x08002e44                RCC_AHBPeriphResetCmd
                0x08002e6c                RCC_APB2PeriphResetCmd
                0x08002e94                RCC_APB1PeriphResetCmd
                0x08002ebc                RCC_BackupResetCmd
                0x08002ec8                RCC_ClockSecuritySystemCmd
                0x08002ed4                RCC_MCOConfig
                0x08002ee0                RCC_GetFlagStatus
                0x08002f24                RCC_WaitForHSEStartUp
                0x08002f60                RCC_ClearFlag
                0x08002f74                RCC_GetITStatus
                0x08002f88                RCC_ClearITPendingBit
 .text          0x08002f94      0x410 spy/stm32f10x_spi.o
                0x08002f94                SPI_Init
                0x08002ff4                SPI_StructInit
                0x08003010                I2S_StructInit
                0x08003028                SPI_Cmd
                0x08003048                I2S_Cmd
                0x08003068                SPI_I2S_ITConfig
                0x08003090                SPI_I2S_DMACmd
                0x080030ac                SPI_I2S_SendData
                0x080030b0                SPI_I2S_ReceiveData
                0x080030b8                SPI_NSSInternalSoftwareConfig
                0x080030dc                SPI_SSOutputCmd
                0x080030fc                SPI_DataSizeConfig
                0x08003118                SPI_TransmitCRC
                0x08003124                SPI_CalculateCRC
                0x08003144                SPI_GetCRC
                0x08003154                SPI_GetCRCPolynomial
                0x0800315c                SPI_BiDirectionalLineConfig
                0x08003180                SPI_I2S_GetFlagStatus
                0x0800318c                SPI_I2S_ClearFlag
                0x08003198                SPI_I2S_GetITStatus
                0x080031d0                SPI_I2S_ClearITPendingBit
                0x080031e8                I2S_Init
                0x08003330                SPI_I2S_DeInit
 .text          0x080033a4      0x44c spy/stm32f10x_usart.o
                0x080033a4                USART_StructInit
                0x080033c0                USART_ClockInit
                0x080033f0                USART_ClockStructInit
                0x08003400                USART_Cmd
                0x08003420                USART_ITConfig
                0x08003458                USART_DMACmd
                0x08003474                USART_SetAddress
                0x08003490                USART_WakeUpConfig
                0x080034ac                USART_ReceiverWakeUpCmd
                0x080034cc                USART_LINBreakDetectLengthConfig
                0x080034e8                USART_LINCmd
                0x08003508                USART_SendData
                0x08003514                USART_ReceiveData
                0x08003520                USART_SendBreak
                0x0800352c                USART_SetGuardTime
                0x08003540                USART_SetPrescaler
                0x08003554                USART_SmartCardCmd
                0x08003574                USART_SmartCardNACKCmd
                0x08003594                USART_HalfDuplexCmd
                0x080035b4                USART_IrDAConfig
                0x080035d0                USART_IrDACmd
                0x080035f0                USART_GetFlagStatus
                0x080035fc                USART_ClearFlag
                0x08003608                USART_GetITStatus
                0x08003660                USART_ClearITPendingBit
                0x08003678                USART_Init
                0x08003730                USART_DeInit
 .text          0x080037f0       0xec ../../../../../ports/arm-cortex/vanilla/gnu/spy\libqf_cortex-m3.a(qa_fifo.o)
                0x080037f0                QActive_postFIFO
 .text          0x080038dc       0xc4 ../../../../../ports/arm-cortex/vanilla/gnu/spy\libqf_cortex-m3.a(qa_sub.o)
                0x080038dc                QActive_subscribe
 .text          0x080039a0      0x110 ../../../../../ports/arm-cortex/vanilla/gnu/spy\libqf_cortex-m3.a(qf_act.o)
                0x080039a0                QF_getVersion
                0x080039ac                QF_remove_
                0x08003a30                QF_add_
 .text          0x08003ab0       0xbc ../../../../../ports/arm-cortex/vanilla/gnu/spy\libqf_cortex-m3.a(qf_new.o)
                0x08003ab0                QF_new_
 .text          0x08003b6c       0x90 ../../../../../ports/arm-cortex/vanilla/gnu/spy\libqf_cortex-m3.a(qf_pool.o)
                0x08003b6c                QF_poolInit
 .text          0x08003bfc       0x18 ../../../../../ports/arm-cortex/vanilla/gnu/spy\libqf_cortex-m3.a(qf_psini.o)
                0x08003bfc                QF_psInit
 .text          0x08003c14       0xfc ../../../../../ports/arm-cortex/vanilla/gnu/spy\libqf_cortex-m3.a(qf_pspub.o)
                0x08003c14                QF_publish
 .text          0x08003d10      0x11c ../../../../../ports/arm-cortex/vanilla/gnu/spy\libqf_cortex-m3.a(qf_tick.o)
                0x08003d10                QF_tick
 .text          0x08003e2c       0xb0 ../../../../../ports/arm-cortex/vanilla/gnu/spy\libqf_cortex-m3.a(qmp_get.o)
                0x08003e2c                QF_getPoolMargin
                0x08003e6c                QMPool_get
 .text          0x08003edc      0x114 ../../../../../ports/arm-cortex/vanilla/gnu/spy\libqf_cortex-m3.a(qmp_init.o)
                0x08003edc                QMPool_init
 .text          0x08003ff0       0x30 ../../../../../ports/arm-cortex/vanilla/gnu/spy\libqf_cortex-m3.a(qte_ctor.o)
                0x08003ff0                QTimeEvt_ctor
 .text          0x08004020       0xa8 ../../../../../ports/arm-cortex/vanilla/gnu/spy\libqf_cortex-m3.a(qte_arm.o)
                0x08004020                QTimeEvt_arm_
 .text          0x080040c8       0xec ../../../../../ports/arm-cortex/vanilla/gnu/spy\libqf_cortex-m3.a(qvanilla.o)
                0x080040c8                QF_getPortVersion
                0x080040d4                QF_init
                0x080040d8                QActive_stop
                0x080040e0                QActive_start
                0x0800413c                QF_run
                0x080041ac                QF_stop
 .text          0x080041b4      0x178 ../../../../../ports/arm-cortex/vanilla/gnu/spy\libqf_cortex-m3.a(qa_get_.o)
                0x080041b4                QF_getQueueMargin
                0x080041f0                QActive_get_
 .text          0x0800432c       0x58 ../../../../../ports/arm-cortex/vanilla/gnu/spy\libqf_cortex-m3.a(qeq_init.o)
                0x0800432c                QEQueue_init
 .text          0x08004384       0xc0 ../../../../../ports/arm-cortex/vanilla/gnu/spy\libqf_cortex-m3.a(qf_gc.o)
                0x08004384                QF_gc
 .text          0x08004444       0x80 ../../../../../ports/arm-cortex/vanilla/gnu/spy\libqf_cortex-m3.a(qmp_put.o)
                0x08004444                QMPool_put
 .text          0x080044c4      0x18c ../../../../../ports/arm-cortex/vanilla/gnu/spy\libqep_cortex-m3.a(qhsm_ini.o)
                0x080044c4                QHsm_init
 .text          0x08004650      0x5cc ../../../../../ports/arm-cortex/vanilla/gnu/spy\libqep_cortex-m3.a(qhsm_dis.o)
                0x08004650                QHsm_dispatch
 .text          0x08004c1c        0x8 ../../../../../ports/arm-cortex/vanilla/gnu/spy\libqep_cortex-m3.a(qhsm_top.o)
                0x08004c1c                QHsm_top
 .text          0x08004c24      0xe8c ../../../../../ports/arm-cortex/vanilla/gnu/spy\libqs_cortex-m3.a(qs.o)
                0x08004c24                QS_getVersion
                0x08004c30                QS_initBuf
                0x08004c48                QS_filterOn
                0x08004c8c                QS_filterOff
                0x08004cd0                QS_begin
                0x08004eec                QS_end
                0x08005068                QS_u8
                0x08005270                QS_u16
                0x08005584                QS_u32
 .text          0x08005ab0      0x8b0 ../../../../../ports/arm-cortex/vanilla/gnu/spy\libqs_cortex-m3.a(qs_.o)
                0x08005ab0                QS_u8_
                0x08005bb0                QS_u16_
                0x08005dc0                QS_u32_
                0x080061e8                QS_str_
                0x080062a4                QS_str_ROM_
 .text          0x08006360       0x60 ../../../../../ports/arm-cortex/vanilla/gnu/spy\libqs_cortex-m3.a(qs_byte.o)
                0x08006360                QS_getByte
 .text          0x080063c0      0x238 ../../../../../ports/arm-cortex/vanilla/gnu/spy\libqs_cortex-m3.a(qs_str.o)
                0x080063c0                QS_str
                0x080064dc                QS_str_ROM
 .text          0x080065f8       0x70 c:/tools/devkitpro/devkitarm/bin/../lib/gcc/arm-eabi/4.4.2/../../../../arm-eabi/lib/thumb/thumb2\libc.a(lib_a-init.o)
                0x080065f8                __libc_fini_array
                0x08006620                __libc_init_array
 *(.text*)
 *(.rodata)
 .rodata        0x08006668        0x8 spy/bsp.o
 .rodata        0x08006670       0x84 spy/main.o
 .rodata        0x080066f4      0x114 spy/philo.o
                0x080067f4                AO_Philo
 .rodata        0x08006808       0x74 spy/table.o
                0x08006878                AO_Table
 .rodata        0x0800687c       0x14 spy/system_stm32f10x.o
                0x0800687c                SystemFrequency
                0x08006880                SystemFrequency_SysClk
                0x08006884                SystemFrequency_AHBClk
                0x08006888                SystemFrequency_APB1Clk
                0x0800688c                SystemFrequency_APB2Clk
 .rodata        0x08006890       0x5c spy/stm32_eval.o
                0x08006890                GPIO_PIN
                0x08006898                GPIO_CLK
                0x080068a8                COM_POR_CLK
                0x080068ac                COM_USART_CLK
                0x080068b0                COM_TX_PIN
                0x080068b4                COM_RX_PIN
                0x080068b8                BUTTON_PIN
                0x080068c0                BUTTON_CLK
                0x080068cc                BUTTON_PORT_SOURCE
                0x080068d4                BUTTON_PIN_SOURCE
                0x080068dc                BUTTON_EXTI_LINE
                0x080068e4                BUTTON_IRQn
 .rodata        0x080068ec     0x11d0 spy/stm3210c_eval_lcd.o
                0x080068ec                ASCII_Table
 .rodata        0x08007abc        0x8 ../../../../../ports/arm-cortex/vanilla/gnu/spy\libqf_cortex-m3.a(qa_fifo.o)
 .rodata        0x08007ac4        0x8 ../../../../../ports/arm-cortex/vanilla/gnu/spy\libqf_cortex-m3.a(qa_sub.o)
 .rodata        0x08007acc       0x10 ../../../../../ports/arm-cortex/vanilla/gnu/spy\libqf_cortex-m3.a(qf_act.o)
 .rodata        0x08007adc        0x8 ../../../../../ports/arm-cortex/vanilla/gnu/spy\libqf_cortex-m3.a(qf_new.o)
 .rodata        0x08007ae4        0x8 ../../../../../ports/arm-cortex/vanilla/gnu/spy\libqf_cortex-m3.a(qf_pool.o)
 .rodata        0x08007aec        0xc ../../../../../ports/arm-cortex/vanilla/gnu/spy\libqf_cortex-m3.a(qf_pspub.o)
 .rodata        0x08007af8       0xcc ../../../../../ports/arm-cortex/vanilla/gnu/spy\libqf_cortex-m3.a(qf_pwr2.o)
                0x08007af8                QF_pwr2Lkup
                0x08007b3c                QF_invPwr2Lkup
                0x08007b80                QF_div8Lkup
 .rodata        0x08007bc4        0x8 ../../../../../ports/arm-cortex/vanilla/gnu/spy\libqf_cortex-m3.a(qmp_get.o)
 .rodata        0x08007bcc        0xc ../../../../../ports/arm-cortex/vanilla/gnu/spy\libqf_cortex-m3.a(qmp_init.o)
 .rodata        0x08007bd8        0xc ../../../../../ports/arm-cortex/vanilla/gnu/spy\libqf_cortex-m3.a(qte_ctor.o)
 .rodata        0x08007be4        0x8 ../../../../../ports/arm-cortex/vanilla/gnu/spy\libqf_cortex-m3.a(qte_arm.o)
 .rodata        0x08007bec       0x14 ../../../../../ports/arm-cortex/vanilla/gnu/spy\libqf_cortex-m3.a(qvanilla.o)
 .rodata        0x08007c00        0x8 ../../../../../ports/arm-cortex/vanilla/gnu/spy\libqf_cortex-m3.a(qa_get_.o)
 .rodata        0x08007c08        0x8 ../../../../../ports/arm-cortex/vanilla/gnu/spy\libqf_cortex-m3.a(qf_gc.o)
 .rodata        0x08007c10      0x100 ../../../../../ports/arm-cortex/vanilla/gnu/spy\libqf_cortex-m3.a(qf_log2.o)
                0x08007c10                QF_log2Lkup
 .rodata        0x08007d10        0x8 ../../../../../ports/arm-cortex/vanilla/gnu/spy\libqf_cortex-m3.a(qmp_put.o)
 .rodata        0x08007d18        0xc ../../../../../ports/arm-cortex/vanilla/gnu/spy\libqep_cortex-m3.a(qhsm_ini.o)
 .rodata        0x08007d24        0xc ../../../../../ports/arm-cortex/vanilla/gnu/spy\libqep_cortex-m3.a(qhsm_dis.o)
 .rodata        0x08007d30       0x10 ../../../../../ports/arm-cortex/vanilla/gnu/spy\libqep_cortex-m3.a(qep.o)
                0x08007d38                QEP_reservedEvt_
 .rodata        0x08007d40        0x8 ../../../../../ports/arm-cortex/vanilla/gnu/spy\libqs_cortex-m3.a(qs.o)
 *(.rodata*)
 .rodata.str1.4
                0x08007d48       0x7a spy/bsp.o
                                 0x7c (size before relaxing)
 *fill*         0x08007dc2        0x2 00
 .rodata.str1.4
                0x08007dc4       0x21 spy/table.o
                                 0x24 (size before relaxing)
 *fill*         0x08007de5        0x3 00
 .rodata.str1.4
                0x08007de8       0x15 spy/startup_stm32f10x_cl.o
                                 0x18 (size before relaxing)
 *fill*         0x08007dfd        0x3 00
 .rodata.str1.4
                0x08007e00       0x18 spy/stm3210c_eval_lcd.o
 *(.init)
 .init          0x08007e18        0x4 c:/tools/devkitpro/devkitarm/bin/../lib/gcc/arm-eabi/4.4.2/thumb/thumb2/crti.o
                0x08007e18                _init
 .init          0x08007e1c        0x8 c:/tools/devkitpro/devkitarm/bin/../lib/gcc/arm-eabi/4.4.2/thumb/thumb2/crtn.o
 *(.fini)
 .fini          0x08007e24        0x4 c:/tools/devkitpro/devkitarm/bin/../lib/gcc/arm-eabi/4.4.2/thumb/thumb2/crti.o
                0x08007e24                _fini
 .fini          0x08007e28        0x8 c:/tools/devkitpro/devkitarm/bin/../lib/gcc/arm-eabi/4.4.2/thumb/thumb2/crtn.o
                0x08007e30                . = ALIGN (0x4)
                0x08007e30                _etext = .

.glue_7         0x08007e30        0x0
 .glue_7        0x00000000        0x0 linker stubs

.glue_7t        0x08007e30        0x0
 .glue_7t       0x00000000        0x0 linker stubs

.vfp11_veneer   0x08007e30        0x0
 .vfp11_veneer  0x00000000        0x0 linker stubs

.v4_bx          0x08007e30        0x0
 .v4_bx         0x00000000        0x0 linker stubs

.preinit_array  0x08007e30        0x0
                0x08007e30                PROVIDE (__preinit_array_start, .)
 *(.preinit_array*)
                0x08007e30                PROVIDE (__preinit_array_end, .)

.init_array     0x08007e30        0x4
                0x08007e30                PROVIDE (__init_array_start, .)
 *(SORT(.init_array.*))
 *(.init_array*)
 .init_array    0x08007e30        0x4 c:/tools/devkitpro/devkitarm/bin/../lib/gcc/arm-eabi/4.4.2/thumb/thumb2/crtbegin.o
                0x08007e34                PROVIDE (__init_array_end, .)

.fini_array     0x08007e34        0x4
                0x08007e34                PROVIDE (__fini_array_start, .)
 *(.fini_array*)
 .fini_array    0x08007e34        0x4 c:/tools/devkitpro/devkitarm/bin/../lib/gcc/arm-eabi/4.4.2/thumb/thumb2/crtbegin.o
 *(SORT(.fini_array.*))
                0x08007e38                PROVIDE (__fini_array_end, .)

.data           0x20000000       0x3c load address 0x08007e38
                0x08007e38                __data_load = LOADADDR (.data)
                0x20000000                __data_start = .
 *(.data)
 .data          0x20000000       0x24 spy/stm32_eval.o
                0x20000000                GPIO_PORT
                0x20000010                COM_PORT
                0x20000014                COM_USART
                0x20000018                BUTTON_PORT
 .data          0x20000024        0x2 spy/stm3210c_eval_lcd.o
 *fill*         0x20000026        0x2 00
 .data          0x20000028       0x14 spy/stm32f10x_rcc.o
 *(.data*)
                0x2000003c                . = ALIGN (0x4)
                0x2000003c                __data_end__ = .
                0x2000003c                _edata = __data_end__

.jcr            0x2000003c        0x0
 .jcr           0x2000003c        0x0 c:/tools/devkitpro/devkitarm/bin/../lib/gcc/arm-eabi/4.4.2/thumb/thumb2/crtbegin.o

.bss            0x2000003c      0xbb0 load address 0x08007e74
                0x2000003c                __bss_start__ = .
 *(.bss)
 .bss           0x2000003c       0x1c c:/tools/devkitpro/devkitarm/bin/../lib/gcc/arm-eabi/4.4.2/thumb/thumb2/crtbegin.o
 .bss           0x20000058      0x800 spy/bsp.o
 .bss           0x20000858       0xd8 spy/main.o
 .bss           0x20000930       0xe0 spy/philo.o
 .bss           0x20000a10       0x24 spy/table.o
 .bss           0x20000a34        0x2 spy/stm3210c_eval_lcd.o
 .bss           0x20000a36        0x1 ../../../../../ports/arm-cortex/vanilla/gnu/spy\libqf_cortex-m3.a(qf_tick.o)
 *(.bss*)
 *(COMMON)
 *fill*         0x20000a37        0x1 00
 COMMON         0x20000a38        0x8 spy/bsp.o
                0x20000a38                QS_tickTime_
                0x20000a3c                QS_tickPeriod_
 COMMON         0x20000a40      0x104 ../../../../../ports/arm-cortex/vanilla/gnu/spy\libqf_cortex-m3.a(qf_act.o)
                0x20000a40                QF_intLockNest_
                0x20000a44                QF_active_
 COMMON         0x20000b44       0x3d ../../../../../ports/arm-cortex/vanilla/gnu/spy\libqf_cortex-m3.a(qf_pool.o)
                0x20000b44                QF_pool_
                0x20000b80                QF_maxPool_
 *fill*         0x20000b81        0x3 00
 COMMON         0x20000b84        0x8 ../../../../../ports/arm-cortex/vanilla/gnu/spy\libqf_cortex-m3.a(qf_psini.o)
                0x20000b84                QF_maxSignal_
                0x20000b88                QF_subscrList_
 COMMON         0x20000b8c        0x4 ../../../../../ports/arm-cortex/vanilla/gnu/spy\libqf_cortex-m3.a(qte_arm.o)
                0x20000b8c                QF_timeEvtListHead_
 COMMON         0x20000b90        0x9 ../../../../../ports/arm-cortex/vanilla/gnu/spy\libqf_cortex-m3.a(qvanilla.o)
                0x20000b90                QF_readySet_
 *fill*         0x20000b99        0x3 00
 COMMON         0x20000b9c       0x32 ../../../../../ports/arm-cortex/vanilla/gnu/spy\libqs_cortex-m3.a(qs.o)
                0x20000b9c                QS_seq_
                0x20000b9d                QS_chksum_
                0x20000b9e                QS_head_
                0x20000ba0                QS_glbFilter_
                0x20000bc0                QS_used_
                0x20000bc4                QS_ring_
                0x20000bc8                QS_end_
                0x20000bca                QS_full_
                0x20000bcc                QS_tail_
 *fill*         0x20000bce        0x2 00
 COMMON         0x20000bd0       0x1c ../../../../../ports/arm-cortex/vanilla/gnu/spy\libqs_cortex-m3.a(qs_.o)
                0x20000bd0                QS_teObj_
                0x20000bd4                QS_eqObj_
                0x20000bd8                QS_aoObj_
                0x20000bdc                QS_apObj_
                0x20000be0                QS_tickCtr_
                0x20000be4                QS_smObj_
                0x20000be8                QS_mpObj_
                0x20000bec                . = ALIGN (0x4)
                0x20000bec                _ebss = .
                0x20000bec                __bss_end__ = .
                0x20000bec                PROVIDE (end, _ebss)
                0x20000bec                PROVIDE (_end, _ebss)
                0x20000bec                PROVIDE (__end__, _ebss)

.heap           0x20000bec        0x0 load address 0x08007e74
                0x20000bec                __heap_start__ = .
                0x20000bec                . = (. + HEAP_SIZE)
                0x20000bec                . = ALIGN (0x4)
                0x20000bec                __heap_end__ = .

.stack          0x20000bec      0x400 load address 0x08007e74
                0x20000bec                __stack_start__ = .
                0x20000fec                . = (. + STACK_SIZE)
 *fill*         0x20000bec      0x400 00
                0x20000fec                . = ALIGN (0x4)
                0x20000fec                __c_stack_top__ = .
                0x20000fec                __stack_end__ = .

/DISCARD/
 libc.a(*)
 libm.a(*)
 libgcc.a(*)
OUTPUT(spy/dpp.elf elf32-littlearm)

.ARM.attributes
                0x00000000       0x25
 .ARM.attributes
                0x00000000       0x17 c:/tools/devkitpro/devkitarm/bin/../lib/gcc/arm-eabi/4.4.2/thumb/thumb2/crti.o
 .ARM.attributes
                0x00000017       0x27 c:/tools/devkitpro/devkitarm/bin/../lib/gcc/arm-eabi/4.4.2/thumb/thumb2/crtbegin.o
 .ARM.attributes
                0x0000003e       0x17 c:/tools/devkitpro/devkitarm/bin/../lib/gcc/arm-eabi/4.4.2/../../../../arm-eabi/lib/thumb/thumb2/crt0.o
 .ARM.attributes
                0x00000055       0x31 spy/bsp.o
 .ARM.attributes
                0x00000086       0x31 spy/main.o
 .ARM.attributes
                0x000000b7       0x31 spy/no_heap.o
 .ARM.attributes
                0x000000e8       0x31 spy/philo.o
 .ARM.attributes
                0x00000119       0x31 spy/table.o
 .ARM.attributes
                0x0000014a       0x31 spy/startup_stm32f10x_cl.o
 .ARM.attributes
                0x0000017b       0x31 spy/core_cm3.o
 .ARM.attributes
                0x000001ac       0x31 spy/system_stm32f10x.o
 .ARM.attributes
                0x000001dd       0x31 spy/stm32_eval.o
 .ARM.attributes
                0x0000020e       0x31 spy/stm3210c_eval_lcd.o
 .ARM.attributes
                0x0000023f       0x31 spy/stm3210c_eval_ioe.o
 .ARM.attributes
                0x00000270       0x31 spy/misc.o
 .ARM.attributes
                0x000002a1       0x31 spy/stm32f10x_adc.o
 .ARM.attributes
                0x000002d2       0x31 spy/stm32f10x_bkp.o
 .ARM.attributes
                0x00000303       0x31 spy/stm32f10x_can.o
 .ARM.attributes
                0x00000334       0x31 spy/stm32f10x_crc.o
 .ARM.attributes
                0x00000365       0x31 spy/stm32f10x_dac.o
 .ARM.attributes
                0x00000396       0x31 spy/stm32f10x_dbgmcu.o
 .ARM.attributes
                0x000003c7       0x31 spy/stm32f10x_dma.o
 .ARM.attributes
                0x000003f8       0x31 spy/stm32f10x_exti.o
 .ARM.attributes
                0x00000429       0x31 spy/stm32f10x_flash.o
 .ARM.attributes
                0x0000045a       0x31 spy/stm32f10x_fsmc.o
 .ARM.attributes
                0x0000048b       0x31 spy/stm32f10x_gpio.o
 .ARM.attributes
                0x000004bc       0x31 spy/stm32f10x_i2c.o
 .ARM.attributes
                0x000004ed       0x31 spy/stm32f10x_iwdg.o
 .ARM.attributes
                0x0000051e       0x31 spy/stm32f10x_pwr.o
 .ARM.attributes
                0x0000054f       0x31 spy/stm32f10x_rcc.o
 .ARM.attributes
                0x00000580       0x31 spy/stm32f10x_rtc.o
 .ARM.attributes
                0x000005b1       0x31 spy/stm32f10x_sdio.o
 .ARM.attributes
                0x000005e2       0x31 spy/stm32f10x_spi.o
 .ARM.attributes
                0x00000613       0x31 spy/stm32f10x_tim.o
 .ARM.attributes
                0x00000644       0x31 spy/stm32f10x_usart.o
 .ARM.attributes
                0x00000675       0x31 spy/stm32f10x_wwdg.o
 .ARM.attributes
                0x000006a6       0x31 ../../../../../ports/arm-cortex/vanilla/gnu/spy\libqf_cortex-m3.a(qa_fifo.o)
 .ARM.attributes
                0x000006d7       0x31 ../../../../../ports/arm-cortex/vanilla/gnu/spy\libqf_cortex-m3.a(qa_sub.o)
 .ARM.attributes
                0x00000708       0x31 ../../../../../ports/arm-cortex/vanilla/gnu/spy\libqf_cortex-m3.a(qf_act.o)
 .ARM.attributes
                0x00000739       0x31 ../../../../../ports/arm-cortex/vanilla/gnu/spy\libqf_cortex-m3.a(qf_new.o)
 .ARM.attributes
                0x0000076a       0x31 ../../../../../ports/arm-cortex/vanilla/gnu/spy\libqf_cortex-m3.a(qf_pool.o)
 .ARM.attributes
                0x0000079b       0x31 ../../../../../ports/arm-cortex/vanilla/gnu/spy\libqf_cortex-m3.a(qf_psini.o)
 .ARM.attributes
                0x000007cc       0x31 ../../../../../ports/arm-cortex/vanilla/gnu/spy\libqf_cortex-m3.a(qf_pspub.o)
 .ARM.attributes
                0x000007fd       0x31 ../../../../../ports/arm-cortex/vanilla/gnu/spy\libqf_cortex-m3.a(qf_pwr2.o)
 .ARM.attributes
                0x0000082e       0x31 ../../../../../ports/arm-cortex/vanilla/gnu/spy\libqf_cortex-m3.a(qf_tick.o)
 .ARM.attributes
                0x0000085f       0x31 ../../../../../ports/arm-cortex/vanilla/gnu/spy\libqf_cortex-m3.a(qmp_get.o)
 .ARM.attributes
                0x00000890       0x31 ../../../../../ports/arm-cortex/vanilla/gnu/spy\libqf_cortex-m3.a(qmp_init.o)
 .ARM.attributes
                0x000008c1       0x31 ../../../../../ports/arm-cortex/vanilla/gnu/spy\libqf_cortex-m3.a(qte_ctor.o)
 .ARM.attributes
                0x000008f2       0x31 ../../../../../ports/arm-cortex/vanilla/gnu/spy\libqf_cortex-m3.a(qte_arm.o)
 .ARM.attributes
                0x00000923       0x31 ../../../../../ports/arm-cortex/vanilla/gnu/spy\libqf_cortex-m3.a(qvanilla.o)
 .ARM.attributes
                0x00000954       0x31 ../../../../../ports/arm-cortex/vanilla/gnu/spy\libqf_cortex-m3.a(qa_get_.o)
 .ARM.attributes
                0x00000985       0x31 ../../../../../ports/arm-cortex/vanilla/gnu/spy\libqf_cortex-m3.a(qeq_init.o)
 .ARM.attributes
                0x000009b6       0x31 ../../../../../ports/arm-cortex/vanilla/gnu/spy\libqf_cortex-m3.a(qf_gc.o)
 .ARM.attributes
                0x000009e7       0x31 ../../../../../ports/arm-cortex/vanilla/gnu/spy\libqf_cortex-m3.a(qf_log2.o)
 .ARM.attributes
                0x00000a18       0x31 ../../../../../ports/arm-cortex/vanilla/gnu/spy\libqf_cortex-m3.a(qmp_put.o)
 .ARM.attributes
                0x00000a49       0x31 ../../../../../ports/arm-cortex/vanilla/gnu/spy\libqep_cortex-m3.a(qhsm_ini.o)
 .ARM.attributes
                0x00000a7a       0x31 ../../../../../ports/arm-cortex/vanilla/gnu/spy\libqep_cortex-m3.a(qhsm_dis.o)
 .ARM.attributes
                0x00000aab       0x31 ../../../../../ports/arm-cortex/vanilla/gnu/spy\libqep_cortex-m3.a(qhsm_top.o)
 .ARM.attributes
                0x00000adc       0x31 ../../../../../ports/arm-cortex/vanilla/gnu/spy\libqep_cortex-m3.a(qep.o)
 .ARM.attributes
                0x00000b0d       0x31 ../../../../../ports/arm-cortex/vanilla/gnu/spy\libqs_cortex-m3.a(qs.o)
 .ARM.attributes
                0x00000b3e       0x31 ../../../../../ports/arm-cortex/vanilla/gnu/spy\libqs_cortex-m3.a(qs_.o)
 .ARM.attributes
                0x00000b6f       0x31 ../../../../../ports/arm-cortex/vanilla/gnu/spy\libqs_cortex-m3.a(qs_byte.o)
 .ARM.attributes
                0x00000ba0       0x31 ../../../../../ports/arm-cortex/vanilla/gnu/spy\libqs_cortex-m3.a(qs_str.o)
 .ARM.attributes
                0x00000bd1       0x27 c:/tools/devkitpro/devkitarm/bin/../lib/gcc/arm-eabi/4.4.2/../../../../arm-eabi/lib/thumb/thumb2\libc.a(lib_a-atexit.o)
 .ARM.attributes
                0x00000bf8       0x27 c:/tools/devkitpro/devkitarm/bin/../lib/gcc/arm-eabi/4.4.2/../../../../arm-eabi/lib/thumb/thumb2\libc.a(lib_a-exit.o)
 .ARM.attributes
                0x00000c1f       0x27 c:/tools/devkitpro/devkitarm/bin/../lib/gcc/arm-eabi/4.4.2/../../../../arm-eabi/lib/thumb/thumb2\libc.a(lib_a-impure.o)
 .ARM.attributes
                0x00000c46       0x27 c:/tools/devkitpro/devkitarm/bin/../lib/gcc/arm-eabi/4.4.2/../../../../arm-eabi/lib/thumb/thumb2\libc.a(lib_a-init.o)
 .ARM.attributes
                0x00000c6d       0x27 c:/tools/devkitpro/devkitarm/bin/../lib/gcc/arm-eabi/4.4.2/../../../../arm-eabi/lib/thumb/thumb2\libc.a(lib_a-memset.o)
 .ARM.attributes
                0x00000c94       0x27 c:/tools/devkitpro/devkitarm/bin/../lib/gcc/arm-eabi/4.4.2/../../../../arm-eabi/lib/thumb/thumb2\libc.a(lib_a-__atexit.o)
 .ARM.attributes
                0x00000cbb       0x27 c:/tools/devkitpro/devkitarm/bin/../lib/gcc/arm-eabi/4.4.2/../../../../arm-eabi/lib/thumb/thumb2\libc.a(lib_a-__call_atexit.o)
 .ARM.attributes
                0x00000ce2       0x27 c:/tools/devkitpro/devkitarm/bin/../lib/gcc/arm-eabi/4.4.2/../../../../arm-eabi/lib/thumb/thumb2\libc.a(lib_a-findfp.o)
 .ARM.attributes
                0x00000d09       0x27 c:/tools/devkitpro/devkitarm/bin/../lib/gcc/arm-eabi/4.4.2/../../../../arm-eabi/lib/thumb/thumb2\libc.a(lib_a-fwalk.o)
 .ARM.attributes
                0x00000d30       0x27 c:/tools/devkitpro/devkitarm/bin/../lib/gcc/arm-eabi/4.4.2/../../../../arm-eabi/lib/thumb/thumb2\libc.a(lib_a-mallocr.o)
 .ARM.attributes
                0x00000d57       0x27 c:/tools/devkitpro/devkitarm/bin/../lib/gcc/arm-eabi/4.4.2/../../../../arm-eabi/lib/thumb/thumb2\libc.a(lib_a-mlock.o)
 .ARM.attributes
                0x00000d7e       0x27 c:/tools/devkitpro/devkitarm/bin/../lib/gcc/arm-eabi/4.4.2/../../../../arm-eabi/lib/thumb/thumb2\libc.a(lib_a-stdio.o)
 .ARM.attributes
                0x00000da5       0x27 c:/tools/devkitpro/devkitarm/bin/../lib/gcc/arm-eabi/4.4.2/../../../../arm-eabi/lib/thumb/thumb2\libc.a(lib_a-fclose.o)
 .ARM.attributes
                0x00000dcc       0x27 c:/tools/devkitpro/devkitarm/bin/../lib/gcc/arm-eabi/4.4.2/../../../../arm-eabi/lib/thumb/thumb2\libc.a(lib_a-fflush.o)
 .ARM.attributes
                0x00000df3       0x27 c:/tools/devkitpro/devkitarm/bin/../lib/gcc/arm-eabi/4.4.2/../../../../arm-eabi/lib/thumb/thumb2\libc.a(lib_a-freer.o)
 .ARM.attributes
                0x00000e1a       0x27 c:/tools/devkitpro/devkitarm/bin/../lib/gcc/arm-eabi/4.4.2/../../../../arm-eabi/lib/thumb/thumb2\libsysbase.a(close.o)
 .ARM.attributes
                0x00000e41       0x27 c:/tools/devkitpro/devkitarm/bin/../lib/gcc/arm-eabi/4.4.2/../../../../arm-eabi/lib/thumb/thumb2\libsysbase.a(lseek.o)
 .ARM.attributes
                0x00000e68       0x27 c:/tools/devkitpro/devkitarm/bin/../lib/gcc/arm-eabi/4.4.2/../../../../arm-eabi/lib/thumb/thumb2\libsysbase.a(read.o)
 .ARM.attributes
                0x00000e8f       0x27 c:/tools/devkitpro/devkitarm/bin/../lib/gcc/arm-eabi/4.4.2/../../../../arm-eabi/lib/thumb/thumb2\libsysbase.a(sbrk.o)
 .ARM.attributes
                0x00000eb6       0x27 c:/tools/devkitpro/devkitarm/bin/../lib/gcc/arm-eabi/4.4.2/../../../../arm-eabi/lib/thumb/thumb2\libsysbase.a(write.o)
 .ARM.attributes
                0x00000edd       0x27 c:/tools/devkitpro/devkitarm/bin/../lib/gcc/arm-eabi/4.4.2/../../../../arm-eabi/lib/thumb/thumb2\libsysbase.a(_exit.o)
 .ARM.attributes
                0x00000f04       0x27 c:/tools/devkitpro/devkitarm/bin/../lib/gcc/arm-eabi/4.4.2/../../../../arm-eabi/lib/thumb/thumb2\libsysbase.a(malloc_vars.o)
 .ARM.attributes
                0x00000f2b       0x27 c:/tools/devkitpro/devkitarm/bin/../lib/gcc/arm-eabi/4.4.2/../../../../arm-eabi/lib/thumb/thumb2\libsysbase.a(syscall_support.o)
 .ARM.attributes
                0x00000f52       0x27 c:/tools/devkitpro/devkitarm/bin/../lib/gcc/arm-eabi/4.4.2/../../../../arm-eabi/lib/thumb/thumb2\libsysbase.a(handle_manager.o)
 .ARM.attributes
                0x00000f79       0x27 c:/tools/devkitpro/devkitarm/bin/../lib/gcc/arm-eabi/4.4.2/../../../../arm-eabi/lib/thumb/thumb2\libsysbase.a(iosupport.o)
 .ARM.attributes
                0x00000fa0       0x27 c:/tools/devkitpro/devkitarm/bin/../lib/gcc/arm-eabi/4.4.2/../../../../arm-eabi/lib/thumb/thumb2\libc.a(lib_a-strchr.o)
 .ARM.attributes
                0x00000fc7       0x27 c:/tools/devkitpro/devkitarm/bin/../lib/gcc/arm-eabi/4.4.2/../../../../arm-eabi/lib/thumb/thumb2\libc.a(lib_a-strcmp.o)
 .ARM.attributes
                0x00000fee       0x27 c:/tools/devkitpro/devkitarm/bin/../lib/gcc/arm-eabi/4.4.2/../../../../arm-eabi/lib/thumb/thumb2\libc.a(lib_a-strlen.o)
 .ARM.attributes
                0x00001015       0x27 c:/tools/devkitpro/devkitarm/bin/../lib/gcc/arm-eabi/4.4.2/../../../../arm-eabi/lib/thumb/thumb2\libc.a(lib_a-strncmp.o)
 .ARM.attributes
                0x0000103c       0x27 c:/tools/devkitpro/devkitarm/bin/../lib/gcc/arm-eabi/4.4.2/thumb/thumb2/crtend.o
 .ARM.attributes
                0x00001063       0x17 c:/tools/devkitpro/devkitarm/bin/../lib/gcc/arm-eabi/4.4.2/thumb/thumb2/crtn.o

.comment        0x00000000       0x22
 .comment       0x00000000       0x22 c:/tools/devkitpro/devkitarm/bin/../lib/gcc/arm-eabi/4.4.2/thumb/thumb2/crtbegin.o
                                 0x23 (size before relaxing)
 .comment       0x00000000       0x23 spy/bsp.o
 .comment       0x00000000       0x23 spy/main.o
 .comment       0x00000000       0x23 spy/no_heap.o
 .comment       0x00000000       0x23 spy/philo.o
 .comment       0x00000000       0x23 spy/table.o
 .comment       0x00000000       0x23 spy/startup_stm32f10x_cl.o
 .comment       0x00000000       0x23 spy/core_cm3.o
 .comment       0x00000000       0x23 spy/system_stm32f10x.o
 .comment       0x00000000       0x23 spy/stm32_eval.o
 .comment       0x00000000       0x23 spy/stm3210c_eval_lcd.o
 .comment       0x00000000       0x23 spy/stm3210c_eval_ioe.o
 .comment       0x00000000       0x23 spy/misc.o
 .comment       0x00000000       0x23 spy/stm32f10x_adc.o
 .comment       0x00000000       0x23 spy/stm32f10x_bkp.o
 .comment       0x00000000       0x23 spy/stm32f10x_can.o
 .comment       0x00000000       0x23 spy/stm32f10x_crc.o
 .comment       0x00000000       0x23 spy/stm32f10x_dac.o
 .comment       0x00000000       0x23 spy/stm32f10x_dbgmcu.o
 .comment       0x00000000       0x23 spy/stm32f10x_dma.o
 .comment       0x00000000       0x23 spy/stm32f10x_exti.o
 .comment       0x00000000       0x23 spy/stm32f10x_flash.o
 .comment       0x00000000       0x23 spy/stm32f10x_fsmc.o
 .comment       0x00000000       0x23 spy/stm32f10x_gpio.o
 .comment       0x00000000       0x23 spy/stm32f10x_i2c.o
 .comment       0x00000000       0x23 spy/stm32f10x_iwdg.o
 .comment       0x00000000       0x23 spy/stm32f10x_pwr.o
 .comment       0x00000000       0x23 spy/stm32f10x_rcc.o
 .comment       0x00000000       0x23 spy/stm32f10x_rtc.o
 .comment       0x00000000       0x23 spy/stm32f10x_sdio.o
 .comment       0x00000000       0x23 spy/stm32f10x_spi.o
 .comment       0x00000000       0x23 spy/stm32f10x_tim.o
 .comment       0x00000000       0x23 spy/stm32f10x_usart.o
 .comment       0x00000000       0x23 spy/stm32f10x_wwdg.o
 .comment       0x00000000       0x23 ../../../../../ports/arm-cortex/vanilla/gnu/spy\libqf_cortex-m3.a(qa_fifo.o)
 .comment       0x00000000       0x23 ../../../../../ports/arm-cortex/vanilla/gnu/spy\libqf_cortex-m3.a(qa_sub.o)
 .comment       0x00000000       0x23 ../../../../../ports/arm-cortex/vanilla/gnu/spy\libqf_cortex-m3.a(qf_act.o)
 .comment       0x00000000       0x23 ../../../../../ports/arm-cortex/vanilla/gnu/spy\libqf_cortex-m3.a(qf_new.o)
 .comment       0x00000000       0x23 ../../../../../ports/arm-cortex/vanilla/gnu/spy\libqf_cortex-m3.a(qf_pool.o)
 .comment       0x00000000       0x23 ../../../../../ports/arm-cortex/vanilla/gnu/spy\libqf_cortex-m3.a(qf_psini.o)
 .comment       0x00000000       0x23 ../../../../../ports/arm-cortex/vanilla/gnu/spy\libqf_cortex-m3.a(qf_pspub.o)
 .comment       0x00000000       0x23 ../../../../../ports/arm-cortex/vanilla/gnu/spy\libqf_cortex-m3.a(qf_pwr2.o)
 .comment       0x00000000       0x23 ../../../../../ports/arm-cortex/vanilla/gnu/spy\libqf_cortex-m3.a(qf_tick.o)
 .comment       0x00000000       0x23 ../../../../../ports/arm-cortex/vanilla/gnu/spy\libqf_cortex-m3.a(qmp_get.o)
 .comment       0x00000000       0x23 ../../../../../ports/arm-cortex/vanilla/gnu/spy\libqf_cortex-m3.a(qmp_init.o)
 .comment       0x00000000       0x23 ../../../../../ports/arm-cortex/vanilla/gnu/spy\libqf_cortex-m3.a(qte_ctor.o)
 .comment       0x00000000       0x23 ../../../../../ports/arm-cortex/vanilla/gnu/spy\libqf_cortex-m3.a(qte_arm.o)
 .comment       0x00000000       0x23 ../../../../../ports/arm-cortex/vanilla/gnu/spy\libqf_cortex-m3.a(qvanilla.o)
 .comment       0x00000000       0x23 ../../../../../ports/arm-cortex/vanilla/gnu/spy\libqf_cortex-m3.a(qa_get_.o)
 .comment       0x00000000       0x23 ../../../../../ports/arm-cortex/vanilla/gnu/spy\libqf_cortex-m3.a(qeq_init.o)
 .comment       0x00000000       0x23 ../../../../../ports/arm-cortex/vanilla/gnu/spy\libqf_cortex-m3.a(qf_gc.o)
 .comment       0x00000000       0x23 ../../../../../ports/arm-cortex/vanilla/gnu/spy\libqf_cortex-m3.a(qf_log2.o)
 .comment       0x00000000       0x23 ../../../../../ports/arm-cortex/vanilla/gnu/spy\libqf_cortex-m3.a(qmp_put.o)
 .comment       0x00000000       0x23 ../../../../../ports/arm-cortex/vanilla/gnu/spy\libqep_cortex-m3.a(qhsm_ini.o)
 .comment       0x00000000       0x23 ../../../../../ports/arm-cortex/vanilla/gnu/spy\libqep_cortex-m3.a(qhsm_dis.o)
 .comment       0x00000000       0x23 ../../../../../ports/arm-cortex/vanilla/gnu/spy\libqep_cortex-m3.a(qhsm_top.o)
 .comment       0x00000000       0x23 ../../../../../ports/arm-cortex/vanilla/gnu/spy\libqep_cortex-m3.a(qep.o)
 .comment       0x00000000       0x23 ../../../../../ports/arm-cortex/vanilla/gnu/spy\libqs_cortex-m3.a(qs.o)
 .comment       0x00000000       0x23 ../../../../../ports/arm-cortex/vanilla/gnu/spy\libqs_cortex-m3.a(qs_.o)
 .comment       0x00000000       0x23 ../../../../../ports/arm-cortex/vanilla/gnu/spy\libqs_cortex-m3.a(qs_byte.o)
 .comment       0x00000000       0x23 ../../../../../ports/arm-cortex/vanilla/gnu/spy\libqs_cortex-m3.a(qs_str.o)
 .comment       0x00000000       0x23 c:/tools/devkitpro/devkitarm/bin/../lib/gcc/arm-eabi/4.4.2/../../../../arm-eabi/lib/thumb/thumb2\libc.a(lib_a-atexit.o)
 .comment       0x00000000       0x23 c:/tools/devkitpro/devkitarm/bin/../lib/gcc/arm-eabi/4.4.2/../../../../arm-eabi/lib/thumb/thumb2\libc.a(lib_a-exit.o)
 .comment       0x00000000       0x23 c:/tools/devkitpro/devkitarm/bin/../lib/gcc/arm-eabi/4.4.2/../../../../arm-eabi/lib/thumb/thumb2\libc.a(lib_a-impure.o)
 .comment       0x00000000       0x23 c:/tools/devkitpro/devkitarm/bin/../lib/gcc/arm-eabi/4.4.2/../../../../arm-eabi/lib/thumb/thumb2\libc.a(lib_a-init.o)
 .comment       0x00000000       0x23 c:/tools/devkitpro/devkitarm/bin/../lib/gcc/arm-eabi/4.4.2/../../../../arm-eabi/lib/thumb/thumb2\libc.a(lib_a-memset.o)
 .comment       0x00000000       0x23 c:/tools/devkitpro/devkitarm/bin/../lib/gcc/arm-eabi/4.4.2/../../../../arm-eabi/lib/thumb/thumb2\libc.a(lib_a-__atexit.o)
 .comment       0x00000000       0x23 c:/tools/devkitpro/devkitarm/bin/../lib/gcc/arm-eabi/4.4.2/../../../../arm-eabi/lib/thumb/thumb2\libc.a(lib_a-__call_atexit.o)
 .comment       0x00000000       0x23 c:/tools/devkitpro/devkitarm/bin/../lib/gcc/arm-eabi/4.4.2/../../../../arm-eabi/lib/thumb/thumb2\libc.a(lib_a-findfp.o)
 .comment       0x00000000       0x23 c:/tools/devkitpro/devkitarm/bin/../lib/gcc/arm-eabi/4.4.2/../../../../arm-eabi/lib/thumb/thumb2\libc.a(lib_a-fwalk.o)
 .comment       0x00000000       0x23 c:/tools/devkitpro/devkitarm/bin/../lib/gcc/arm-eabi/4.4.2/../../../../arm-eabi/lib/thumb/thumb2\libc.a(lib_a-mallocr.o)
 .comment       0x00000000       0x23 c:/tools/devkitpro/devkitarm/bin/../lib/gcc/arm-eabi/4.4.2/../../../../arm-eabi/lib/thumb/thumb2\libc.a(lib_a-mlock.o)
 .comment       0x00000000       0x23 c:/tools/devkitpro/devkitarm/bin/../lib/gcc/arm-eabi/4.4.2/../../../../arm-eabi/lib/thumb/thumb2\libc.a(lib_a-stdio.o)
 .comment       0x00000000       0x23 c:/tools/devkitpro/devkitarm/bin/../lib/gcc/arm-eabi/4.4.2/../../../../arm-eabi/lib/thumb/thumb2\libc.a(lib_a-fclose.o)
 .comment       0x00000000       0x23 c:/tools/devkitpro/devkitarm/bin/../lib/gcc/arm-eabi/4.4.2/../../../../arm-eabi/lib/thumb/thumb2\libc.a(lib_a-fflush.o)
 .comment       0x00000000       0x23 c:/tools/devkitpro/devkitarm/bin/../lib/gcc/arm-eabi/4.4.2/../../../../arm-eabi/lib/thumb/thumb2\libc.a(lib_a-freer.o)
 .comment       0x00000000       0x23 c:/tools/devkitpro/devkitarm/bin/../lib/gcc/arm-eabi/4.4.2/../../../../arm-eabi/lib/thumb/thumb2\libsysbase.a(close.o)
 .comment       0x00000000       0x23 c:/tools/devkitpro/devkitarm/bin/../lib/gcc/arm-eabi/4.4.2/../../../../arm-eabi/lib/thumb/thumb2\libsysbase.a(lseek.o)
 .comment       0x00000000       0x23 c:/tools/devkitpro/devkitarm/bin/../lib/gcc/arm-eabi/4.4.2/../../../../arm-eabi/lib/thumb/thumb2\libsysbase.a(read.o)
 .comment       0x00000000       0x23 c:/tools/devkitpro/devkitarm/bin/../lib/gcc/arm-eabi/4.4.2/../../../../arm-eabi/lib/thumb/thumb2\libsysbase.a(sbrk.o)
 .comment       0x00000000       0x23 c:/tools/devkitpro/devkitarm/bin/../lib/gcc/arm-eabi/4.4.2/../../../../arm-eabi/lib/thumb/thumb2\libsysbase.a(write.o)
 .comment       0x00000000       0x23 c:/tools/devkitpro/devkitarm/bin/../lib/gcc/arm-eabi/4.4.2/../../../../arm-eabi/lib/thumb/thumb2\libsysbase.a(_exit.o)
 .comment       0x00000000       0x23 c:/tools/devkitpro/devkitarm/bin/../lib/gcc/arm-eabi/4.4.2/../../../../arm-eabi/lib/thumb/thumb2\libsysbase.a(malloc_vars.o)
 .comment       0x00000000       0x23 c:/tools/devkitpro/devkitarm/bin/../lib/gcc/arm-eabi/4.4.2/../../../../arm-eabi/lib/thumb/thumb2\libsysbase.a(syscall_support.o)
 .comment       0x00000000       0x23 c:/tools/devkitpro/devkitarm/bin/../lib/gcc/arm-eabi/4.4.2/../../../../arm-eabi/lib/thumb/thumb2\libsysbase.a(handle_manager.o)
 .comment       0x00000000       0x23 c:/tools/devkitpro/devkitarm/bin/../lib/gcc/arm-eabi/4.4.2/../../../../arm-eabi/lib/thumb/thumb2\libsysbase.a(iosupport.o)
 .comment       0x00000000       0x23 c:/tools/devkitpro/devkitarm/bin/../lib/gcc/arm-eabi/4.4.2/../../../../arm-eabi/lib/thumb/thumb2\libc.a(lib_a-strchr.o)
 .comment       0x00000000       0x23 c:/tools/devkitpro/devkitarm/bin/../lib/gcc/arm-eabi/4.4.2/../../../../arm-eabi/lib/thumb/thumb2\libc.a(lib_a-strcmp.o)
 .comment       0x00000000       0x23 c:/tools/devkitpro/devkitarm/bin/../lib/gcc/arm-eabi/4.4.2/../../../../arm-eabi/lib/thumb/thumb2\libc.a(lib_a-strlen.o)
 .comment       0x00000000       0x23 c:/tools/devkitpro/devkitarm/bin/../lib/gcc/arm-eabi/4.4.2/../../../../arm-eabi/lib/thumb/thumb2\libc.a(lib_a-strncmp.o)
 .comment       0x00000000       0x23 c:/tools/devkitpro/devkitarm/bin/../lib/gcc/arm-eabi/4.4.2/thumb/thumb2/crtend.o

.debug_abbrev   0x00000000     0x517b
 .debug_abbrev  0x00000000      0x30e spy/bsp.o
 .debug_abbrev  0x0000030e      0x19b spy/main.o
 .debug_abbrev  0x000004a9       0xbd spy/no_heap.o
 .debug_abbrev  0x00000566      0x1a5 spy/philo.o
 .debug_abbrev  0x0000070b      0x17a spy/table.o
 .debug_abbrev  0x00000885       0xfa spy/startup_stm32f10x_cl.o
 .debug_abbrev  0x0000097f       0xb2 spy/core_cm3.o
 .debug_abbrev  0x00000a31      0x117 spy/system_stm32f10x.o
 .debug_abbrev  0x00000b48      0x1b8 spy/stm32_eval.o
 .debug_abbrev  0x00000d00      0x221 spy/stm3210c_eval_lcd.o
 .debug_abbrev  0x00000f21      0x25d spy/stm3210c_eval_ioe.o
 .debug_abbrev  0x0000117e      0x133 spy/misc.o
 .debug_abbrev  0x000012b1      0x1f8 spy/stm32f10x_adc.o
 .debug_abbrev  0x000014a9      0x174 spy/stm32f10x_bkp.o
 .debug_abbrev  0x0000161d      0x1fd spy/stm32f10x_can.o
 .debug_abbrev  0x0000181a      0x104 spy/stm32f10x_crc.o
 .debug_abbrev  0x0000191e      0x1c7 spy/stm32f10x_dac.o
 .debug_abbrev  0x00001ae5       0xdf spy/stm32f10x_dbgmcu.o
 .debug_abbrev  0x00001bc4      0x177 spy/stm32f10x_dma.o
 .debug_abbrev  0x00001d3b      0x171 spy/stm32f10x_exti.o
 .debug_abbrev  0x00001eac      0x21c spy/stm32f10x_flash.o
 .debug_abbrev  0x000020c8      0x1db spy/stm32f10x_fsmc.o
 .debug_abbrev  0x000022a3      0x22d spy/stm32f10x_gpio.o
 .debug_abbrev  0x000024d0      0x1bd spy/stm32f10x_i2c.o
 .debug_abbrev  0x0000268d       0xfd spy/stm32f10x_iwdg.o
 .debug_abbrev  0x0000278a      0x150 spy/stm32f10x_pwr.o
 .debug_abbrev  0x000028da      0x1d5 spy/stm32f10x_rcc.o
 .debug_abbrev  0x00002aaf      0x1a4 spy/stm32f10x_rtc.o
 .debug_abbrev  0x00002c53      0x202 spy/stm32f10x_sdio.o
 .debug_abbrev  0x00002e55      0x1bb spy/stm32f10x_spi.o
 .debug_abbrev  0x00003010      0x22c spy/stm32f10x_tim.o
 .debug_abbrev  0x0000323c      0x1c8 spy/stm32f10x_usart.o
 .debug_abbrev  0x00003404      0x11c spy/stm32f10x_wwdg.o
 .debug_abbrev  0x00003520      0x123 ../../../../../ports/arm-cortex/vanilla/gnu/spy\libqf_cortex-m3.a(qa_fifo.o)
 .debug_abbrev  0x00003643      0x179 ../../../../../ports/arm-cortex/vanilla/gnu/spy\libqf_cortex-m3.a(qa_sub.o)
 .debug_abbrev  0x000037bc      0x144 ../../../../../ports/arm-cortex/vanilla/gnu/spy\libqf_cortex-m3.a(qf_act.o)
 .debug_abbrev  0x00003900      0x114 ../../../../../ports/arm-cortex/vanilla/gnu/spy\libqf_cortex-m3.a(qf_new.o)
 .debug_abbrev  0x00003a14       0xd3 ../../../../../ports/arm-cortex/vanilla/gnu/spy\libqf_cortex-m3.a(qf_pool.o)
 .debug_abbrev  0x00003ae7       0xbd ../../../../../ports/arm-cortex/vanilla/gnu/spy\libqf_cortex-m3.a(qf_psini.o)
 .debug_abbrev  0x00003ba4      0x175 ../../../../../ports/arm-cortex/vanilla/gnu/spy\libqf_cortex-m3.a(qf_pspub.o)
 .debug_abbrev  0x00003d19       0x6a ../../../../../ports/arm-cortex/vanilla/gnu/spy\libqf_cortex-m3.a(qf_pwr2.o)
 .debug_abbrev  0x00003d83      0x153 ../../../../../ports/arm-cortex/vanilla/gnu/spy\libqf_cortex-m3.a(qf_tick.o)
 .debug_abbrev  0x00003ed6      0x126 ../../../../../ports/arm-cortex/vanilla/gnu/spy\libqf_cortex-m3.a(qmp_get.o)
 .debug_abbrev  0x00003ffc      0x126 ../../../../../ports/arm-cortex/vanilla/gnu/spy\libqf_cortex-m3.a(qmp_init.o)
 .debug_abbrev  0x00004122      0x12f ../../../../../ports/arm-cortex/vanilla/gnu/spy\libqf_cortex-m3.a(qte_ctor.o)
 .debug_abbrev  0x00004251      0x174 ../../../../../ports/arm-cortex/vanilla/gnu/spy\libqf_cortex-m3.a(qte_arm.o)
 .debug_abbrev  0x000043c5      0x199 ../../../../../ports/arm-cortex/vanilla/gnu/spy\libqf_cortex-m3.a(qvanilla.o)
 .debug_abbrev  0x0000455e      0x155 ../../../../../ports/arm-cortex/vanilla/gnu/spy\libqf_cortex-m3.a(qa_get_.o)
 .debug_abbrev  0x000046b3       0xf2 ../../../../../ports/arm-cortex/vanilla/gnu/spy\libqf_cortex-m3.a(qeq_init.o)
 .debug_abbrev  0x000047a5      0x10c ../../../../../ports/arm-cortex/vanilla/gnu/spy\libqf_cortex-m3.a(qf_gc.o)
 .debug_abbrev  0x000048b1       0x6a ../../../../../ports/arm-cortex/vanilla/gnu/spy\libqf_cortex-m3.a(qf_log2.o)
 .debug_abbrev  0x0000491b       0xf9 ../../../../../ports/arm-cortex/vanilla/gnu/spy\libqf_cortex-m3.a(qmp_put.o)
 .debug_abbrev  0x00004a14      0x137 ../../../../../ports/arm-cortex/vanilla/gnu/spy\libqep_cortex-m3.a(qhsm_ini.o)
 .debug_abbrev  0x00004b4b      0x153 ../../../../../ports/arm-cortex/vanilla/gnu/spy\libqep_cortex-m3.a(qhsm_dis.o)
 .debug_abbrev  0x00004c9e       0xcd ../../../../../ports/arm-cortex/vanilla/gnu/spy\libqep_cortex-m3.a(qhsm_top.o)
 .debug_abbrev  0x00004d6b       0xef ../../../../../ports/arm-cortex/vanilla/gnu/spy\libqep_cortex-m3.a(qep.o)
 .debug_abbrev  0x00004e5a      0x127 ../../../../../ports/arm-cortex/vanilla/gnu/spy\libqs_cortex-m3.a(qs.o)
 .debug_abbrev  0x00004f81       0xca ../../../../../ports/arm-cortex/vanilla/gnu/spy\libqs_cortex-m3.a(qs_.o)
 .debug_abbrev  0x0000504b       0x82 ../../../../../ports/arm-cortex/vanilla/gnu/spy\libqs_cortex-m3.a(qs_byte.o)
 .debug_abbrev  0x000050cd       0xae ../../../../../ports/arm-cortex/vanilla/gnu/spy\libqs_cortex-m3.a(qs_str.o)

.debug_info     0x00000000    0x1503f
 .debug_info    0x00000000      0xfb7 spy/bsp.o
 .debug_info    0x00000fb7      0x702 spy/main.o
 .debug_info    0x000016b9      0x13b spy/no_heap.o
 .debug_info    0x000017f4      0x9b2 spy/philo.o
 .debug_info    0x000021a6      0x75c spy/table.o
 .debug_info    0x00002902      0x147 spy/startup_stm32f10x_cl.o
 .debug_info    0x00002a49      0x527 spy/core_cm3.o
 .debug_info    0x00002f70      0x2b6 spy/system_stm32f10x.o
 .debug_info    0x00003226      0x9f6 spy/stm32_eval.o
 .debug_info    0x00003c1c      0xaaf spy/stm3210c_eval_lcd.o
 .debug_info    0x000046cb     0x10c7 spy/stm3210c_eval_ioe.o
 .debug_info    0x00005792      0x4e3 spy/misc.o
 .debug_info    0x00005c75      0xb6d spy/stm32f10x_adc.o
 .debug_info    0x000067e2      0x82b spy/stm32f10x_bkp.o
 .debug_info    0x0000700d      0xaab spy/stm32f10x_can.o
 .debug_info    0x00007ab8      0x1bd spy/stm32f10x_crc.o
 .debug_info    0x00007c75      0x48a spy/stm32f10x_dac.o
 .debug_info    0x000080ff      0x118 spy/stm32f10x_dbgmcu.o
 .debug_info    0x00008217      0x410 spy/stm32f10x_dma.o
 .debug_info    0x00008627      0x30c spy/stm32f10x_exti.o
 .debug_info    0x00008933      0x72e spy/stm32f10x_flash.o
 .debug_info    0x00009061      0x8e5 spy/stm32f10x_fsmc.o
 .debug_info    0x00009946      0x686 spy/stm32f10x_gpio.o
 .debug_info    0x00009fcc      0xabc spy/stm32f10x_i2c.o
 .debug_info    0x0000aa88      0x1b3 spy/stm32f10x_iwdg.o
 .debug_info    0x0000ac3b      0x29d spy/stm32f10x_pwr.o
 .debug_info    0x0000aed8      0xa92 spy/stm32f10x_rcc.o
 .debug_info    0x0000b96a      0x410 spy/stm32f10x_rtc.o
 .debug_info    0x0000bd7a      0x80c spy/stm32f10x_sdio.o
 .debug_info    0x0000c586      0x9c3 spy/stm32f10x_spi.o
 .debug_info    0x0000cf49     0x1d38 spy/stm32f10x_tim.o
 .debug_info    0x0000ec81      0x970 spy/stm32f10x_usart.o
 .debug_info    0x0000f5f1      0x1f7 spy/stm32f10x_wwdg.o
 .debug_info    0x0000f7e8      0x4f3 ../../../../../ports/arm-cortex/vanilla/gnu/spy\libqf_cortex-m3.a(qa_fifo.o)
 .debug_info    0x0000fcdb      0x534 ../../../../../ports/arm-cortex/vanilla/gnu/spy\libqf_cortex-m3.a(qa_sub.o)
 .debug_info    0x0001020f      0x4ec ../../../../../ports/arm-cortex/vanilla/gnu/spy\libqf_cortex-m3.a(qf_act.o)
 .debug_info    0x000106fb      0x3e3 ../../../../../ports/arm-cortex/vanilla/gnu/spy\libqf_cortex-m3.a(qf_new.o)
 .debug_info    0x00010ade      0x1c7 ../../../../../ports/arm-cortex/vanilla/gnu/spy\libqf_cortex-m3.a(qf_pool.o)
 .debug_info    0x00010ca5      0x10c ../../../../../ports/arm-cortex/vanilla/gnu/spy\libqf_cortex-m3.a(qf_psini.o)
 .debug_info    0x00010db1      0x518 ../../../../../ports/arm-cortex/vanilla/gnu/spy\libqf_cortex-m3.a(qf_pspub.o)
 .debug_info    0x000112c9       0xc1 ../../../../../ports/arm-cortex/vanilla/gnu/spy\libqf_cortex-m3.a(qf_pwr2.o)
 .debug_info    0x0001138a      0x4ec ../../../../../ports/arm-cortex/vanilla/gnu/spy\libqf_cortex-m3.a(qf_tick.o)
 .debug_info    0x00011876      0x402 ../../../../../ports/arm-cortex/vanilla/gnu/spy\libqf_cortex-m3.a(qmp_get.o)
 .debug_info    0x00011c78      0x3e9 ../../../../../ports/arm-cortex/vanilla/gnu/spy\libqf_cortex-m3.a(qmp_init.o)
 .debug_info    0x00012061      0x311 ../../../../../ports/arm-cortex/vanilla/gnu/spy\libqf_cortex-m3.a(qte_ctor.o)
 .debug_info    0x00012372      0x521 ../../../../../ports/arm-cortex/vanilla/gnu/spy\libqf_cortex-m3.a(qte_arm.o)
 .debug_info    0x00012893      0x43d ../../../../../ports/arm-cortex/vanilla/gnu/spy\libqf_cortex-m3.a(qvanilla.o)
 .debug_info    0x00012cd0      0x551 ../../../../../ports/arm-cortex/vanilla/gnu/spy\libqf_cortex-m3.a(qa_get_.o)
 .debug_info    0x00013221      0x37c ../../../../../ports/arm-cortex/vanilla/gnu/spy\libqf_cortex-m3.a(qeq_init.o)
 .debug_info    0x0001359d      0x3c5 ../../../../../ports/arm-cortex/vanilla/gnu/spy\libqf_cortex-m3.a(qf_gc.o)
 .debug_info    0x00013962       0x93 ../../../../../ports/arm-cortex/vanilla/gnu/spy\libqf_cortex-m3.a(qf_log2.o)
 .debug_info    0x000139f5      0x381 ../../../../../ports/arm-cortex/vanilla/gnu/spy\libqf_cortex-m3.a(qmp_put.o)
 .debug_info    0x00013d76      0x410 ../../../../../ports/arm-cortex/vanilla/gnu/spy\libqep_cortex-m3.a(qhsm_ini.o)
 .debug_info    0x00014186      0x441 ../../../../../ports/arm-cortex/vanilla/gnu/spy\libqep_cortex-m3.a(qhsm_dis.o)
 .debug_info    0x000145c7      0x14a ../../../../../ports/arm-cortex/vanilla/gnu/spy\libqep_cortex-m3.a(qhsm_top.o)
 .debug_info    0x00014711      0x165 ../../../../../ports/arm-cortex/vanilla/gnu/spy\libqep_cortex-m3.a(qep.o)
 .debug_info    0x00014876      0x307 ../../../../../ports/arm-cortex/vanilla/gnu/spy\libqs_cortex-m3.a(qs.o)
 .debug_info    0x00014b7d      0x249 ../../../../../ports/arm-cortex/vanilla/gnu/spy\libqs_cortex-m3.a(qs_.o)
 .debug_info    0x00014dc6       0xe7 ../../../../../ports/arm-cortex/vanilla/gnu/spy\libqs_cortex-m3.a(qs_byte.o)
 .debug_info    0x00014ead      0x192 ../../../../../ports/arm-cortex/vanilla/gnu/spy\libqs_cortex-m3.a(qs_str.o)

.debug_line     0x00000000     0x5011
 .debug_line    0x00000000      0x233 spy/bsp.o
 .debug_line    0x00000233      0x10e spy/main.o
 .debug_line    0x00000341       0xf8 spy/no_heap.o
 .debug_line    0x00000439      0x148 spy/philo.o
 .debug_line    0x00000581      0x134 spy/table.o
 .debug_line    0x000006b5       0x61 spy/startup_stm32f10x_cl.o
 .debug_line    0x00000716      0x110 spy/core_cm3.o
 .debug_line    0x00000826       0xe7 spy/system_stm32f10x.o
 .debug_line    0x0000090d      0x16f spy/stm32_eval.o
 .debug_line    0x00000a7c      0x29a spy/stm3210c_eval_lcd.o
 .debug_line    0x00000d16      0x33e spy/stm3210c_eval_ioe.o
 .debug_line    0x00001054      0x108 spy/misc.o
 .debug_line    0x0000115c      0x206 spy/stm32f10x_adc.o
 .debug_line    0x00001362      0x106 spy/stm32f10x_bkp.o
 .debug_line    0x00001468      0x226 spy/stm32f10x_can.o
 .debug_line    0x0000168e       0xde spy/stm32f10x_crc.o
 .debug_line    0x0000176c      0x146 spy/stm32f10x_dac.o
 .debug_line    0x000018b2       0xd6 spy/stm32f10x_dbgmcu.o
 .debug_line    0x00001988      0x158 spy/stm32f10x_dma.o
 .debug_line    0x00001ae0      0x127 spy/stm32f10x_exti.o
 .debug_line    0x00001c07      0x1f7 spy/stm32f10x_flash.o
 .debug_line    0x00001dfe      0x1e8 spy/stm32f10x_fsmc.o
 .debug_line    0x00001fe6      0x1a4 spy/stm32f10x_gpio.o
 .debug_line    0x0000218a      0x1f5 spy/stm32f10x_i2c.o
 .debug_line    0x0000237f       0xe3 spy/stm32f10x_iwdg.o
 .debug_line    0x00002462      0x122 spy/stm32f10x_pwr.o
 .debug_line    0x00002584      0x22a spy/stm32f10x_rcc.o
 .debug_line    0x000027ae      0x112 spy/stm32f10x_rtc.o
 .debug_line    0x000028c0      0x1a0 spy/stm32f10x_sdio.o
 .debug_line    0x00002a60      0x1ce spy/stm32f10x_spi.o
 .debug_line    0x00002c2e      0x41c spy/stm32f10x_tim.o
 .debug_line    0x0000304a      0x1e9 spy/stm32f10x_usart.o
 .debug_line    0x00003233       0xee spy/stm32f10x_wwdg.o
 .debug_line    0x00003321      0x12c ../../../../../ports/arm-cortex/vanilla/gnu/spy\libqf_cortex-m3.a(qa_fifo.o)
 .debug_line    0x0000344d      0x12a ../../../../../ports/arm-cortex/vanilla/gnu/spy\libqf_cortex-m3.a(qa_sub.o)
 .debug_line    0x00003577      0x11a ../../../../../ports/arm-cortex/vanilla/gnu/spy\libqf_cortex-m3.a(qf_act.o)
 .debug_line    0x00003691      0x122 ../../../../../ports/arm-cortex/vanilla/gnu/spy\libqf_cortex-m3.a(qf_new.o)
 .debug_line    0x000037b3       0xe2 ../../../../../ports/arm-cortex/vanilla/gnu/spy\libqf_cortex-m3.a(qf_pool.o)
 .debug_line    0x00003895       0xdf ../../../../../ports/arm-cortex/vanilla/gnu/spy\libqf_cortex-m3.a(qf_psini.o)
 .debug_line    0x00003974      0x13f ../../../../../ports/arm-cortex/vanilla/gnu/spy\libqf_cortex-m3.a(qf_pspub.o)
 .debug_line    0x00003ab3       0xa4 ../../../../../ports/arm-cortex/vanilla/gnu/spy\libqf_cortex-m3.a(qf_pwr2.o)
 .debug_line    0x00003b57      0x150 ../../../../../ports/arm-cortex/vanilla/gnu/spy\libqf_cortex-m3.a(qf_tick.o)
 .debug_line    0x00003ca7      0x116 ../../../../../ports/arm-cortex/vanilla/gnu/spy\libqf_cortex-m3.a(qmp_get.o)
 .debug_line    0x00003dbd      0x125 ../../../../../ports/arm-cortex/vanilla/gnu/spy\libqf_cortex-m3.a(qmp_init.o)
 .debug_line    0x00003ee2       0xfb ../../../../../ports/arm-cortex/vanilla/gnu/spy\libqf_cortex-m3.a(qte_ctor.o)
 .debug_line    0x00003fdd      0x10d ../../../../../ports/arm-cortex/vanilla/gnu/spy\libqf_cortex-m3.a(qte_arm.o)
 .debug_line    0x000040ea      0x12b ../../../../../ports/arm-cortex/vanilla/gnu/spy\libqf_cortex-m3.a(qvanilla.o)
 .debug_line    0x00004215      0x139 ../../../../../ports/arm-cortex/vanilla/gnu/spy\libqf_cortex-m3.a(qa_get_.o)
 .debug_line    0x0000434e       0xf6 ../../../../../ports/arm-cortex/vanilla/gnu/spy\libqf_cortex-m3.a(qeq_init.o)
 .debug_line    0x00004444      0x11c ../../../../../ports/arm-cortex/vanilla/gnu/spy\libqf_cortex-m3.a(qf_gc.o)
 .debug_line    0x00004560       0xa4 ../../../../../ports/arm-cortex/vanilla/gnu/spy\libqf_cortex-m3.a(qf_log2.o)
 .debug_line    0x00004604      0x10c ../../../../../ports/arm-cortex/vanilla/gnu/spy\libqf_cortex-m3.a(qmp_put.o)
 .debug_line    0x00004710      0x131 ../../../../../ports/arm-cortex/vanilla/gnu/spy\libqep_cortex-m3.a(qhsm_ini.o)
 .debug_line    0x00004841      0x1b0 ../../../../../ports/arm-cortex/vanilla/gnu/spy\libqep_cortex-m3.a(qhsm_dis.o)
 .debug_line    0x000049f1       0xdf ../../../../../ports/arm-cortex/vanilla/gnu/spy\libqep_cortex-m3.a(qhsm_top.o)
 .debug_line    0x00004ad0      0x100 ../../../../../ports/arm-cortex/vanilla/gnu/spy\libqep_cortex-m3.a(qep.o)
 .debug_line    0x00004bd0      0x128 ../../../../../ports/arm-cortex/vanilla/gnu/spy\libqs_cortex-m3.a(qs.o)
 .debug_line    0x00004cf8      0x12a ../../../../../ports/arm-cortex/vanilla/gnu/spy\libqs_cortex-m3.a(qs_.o)
 .debug_line    0x00004e22       0xdd ../../../../../ports/arm-cortex/vanilla/gnu/spy\libqs_cortex-m3.a(qs_byte.o)
 .debug_line    0x00004eff      0x112 ../../../../../ports/arm-cortex/vanilla/gnu/spy\libqs_cortex-m3.a(qs_str.o)

.debug_frame    0x00000000     0x34a0
 .debug_frame   0x00000000      0x150 spy/bsp.o
 .debug_frame   0x00000150       0x3c spy/main.o
 .debug_frame   0x0000018c       0x64 spy/no_heap.o
 .debug_frame   0x000001f0       0xb4 spy/philo.o
 .debug_frame   0x000002a4       0x64 spy/table.o
 .debug_frame   0x00000308       0x50 spy/startup_stm32f10x_cl.o
 .debug_frame   0x00000358      0x170 spy/core_cm3.o
 .debug_frame   0x000004c8       0x24 spy/system_stm32f10x.o
 .debug_frame   0x000004ec       0xcc spy/stm32_eval.o
 .debug_frame   0x000005b8      0x3cc spy/stm3210c_eval_lcd.o
 .debug_frame   0x00000984      0x398 spy/stm3210c_eval_ioe.o
 .debug_frame   0x00000d1c       0x60 spy/misc.o
 .debug_frame   0x00000d7c      0x27c spy/stm32f10x_adc.o
 .debug_frame   0x00000ff8       0xe4 spy/stm32f10x_bkp.o
 .debug_frame   0x000010dc      0x18c spy/stm32f10x_can.o
 .debug_frame   0x00001268       0x70 spy/stm32f10x_crc.o
 .debug_frame   0x000012d8       0xf0 spy/stm32f10x_dac.o
 .debug_frame   0x000013c8       0x40 spy/stm32f10x_dbgmcu.o
 .debug_frame   0x00001408       0xb0 spy/stm32f10x_dma.o
 .debug_frame   0x000014b8       0x90 spy/stm32f10x_exti.o
 .debug_frame   0x00001548      0x210 spy/stm32f10x_flash.o
 .debug_frame   0x00001758      0x154 spy/stm32f10x_fsmc.o
 .debug_frame   0x000018ac      0x170 spy/stm32f10x_gpio.o
 .debug_frame   0x00001a1c      0x238 spy/stm32f10x_i2c.o
 .debug_frame   0x00001c54       0x70 spy/stm32f10x_iwdg.o
 .debug_frame   0x00001cc4       0xac spy/stm32f10x_pwr.o
 .debug_frame   0x00001d70      0x2b4 spy/stm32f10x_rcc.o
 .debug_frame   0x00002024      0x114 spy/stm32f10x_rtc.o
 .debug_frame   0x00002138      0x1f4 spy/stm32f10x_sdio.o
 .debug_frame   0x0000232c      0x1a4 spy/stm32f10x_spi.o
 .debug_frame   0x000024d0      0x668 spy/stm32f10x_tim.o
 .debug_frame   0x00002b38      0x1dc spy/stm32f10x_usart.o
 .debug_frame   0x00002d14       0xa0 spy/stm32f10x_wwdg.o
 .debug_frame   0x00002db4       0x30 ../../../../../ports/arm-cortex/vanilla/gnu/spy\libqf_cortex-m3.a(qa_fifo.o)
 .debug_frame   0x00002de4       0x38 ../../../../../ports/arm-cortex/vanilla/gnu/spy\libqf_cortex-m3.a(qa_sub.o)
 .debug_frame   0x00002e1c       0x60 ../../../../../ports/arm-cortex/vanilla/gnu/spy\libqf_cortex-m3.a(qf_act.o)
 .debug_frame   0x00002e7c       0x3c ../../../../../ports/arm-cortex/vanilla/gnu/spy\libqf_cortex-m3.a(qf_new.o)
 .debug_frame   0x00002eb8       0x38 ../../../../../ports/arm-cortex/vanilla/gnu/spy\libqf_cortex-m3.a(qf_pool.o)
 .debug_frame   0x00002ef0       0x20 ../../../../../ports/arm-cortex/vanilla/gnu/spy\libqf_cortex-m3.a(qf_psini.o)
 .debug_frame   0x00002f10       0x44 ../../../../../ports/arm-cortex/vanilla/gnu/spy\libqf_cortex-m3.a(qf_pspub.o)
 .debug_frame   0x00002f54       0x3c ../../../../../ports/arm-cortex/vanilla/gnu/spy\libqf_cortex-m3.a(qf_tick.o)
 .debug_frame   0x00002f90       0x4c ../../../../../ports/arm-cortex/vanilla/gnu/spy\libqf_cortex-m3.a(qmp_get.o)
 .debug_frame   0x00002fdc       0x3c ../../../../../ports/arm-cortex/vanilla/gnu/spy\libqf_cortex-m3.a(qmp_init.o)
 .debug_frame   0x00003018       0x30 ../../../../../ports/arm-cortex/vanilla/gnu/spy\libqf_cortex-m3.a(qte_ctor.o)
 .debug_frame   0x00003048       0x30 ../../../../../ports/arm-cortex/vanilla/gnu/spy\libqf_cortex-m3.a(qte_arm.o)
 .debug_frame   0x00003078       0xbc ../../../../../ports/arm-cortex/vanilla/gnu/spy\libqf_cortex-m3.a(qvanilla.o)
 .debug_frame   0x00003134       0x4c ../../../../../ports/arm-cortex/vanilla/gnu/spy\libqf_cortex-m3.a(qa_get_.o)
 .debug_frame   0x00003180       0x30 ../../../../../ports/arm-cortex/vanilla/gnu/spy\libqf_cortex-m3.a(qeq_init.o)
 .debug_frame   0x000031b0       0x30 ../../../../../ports/arm-cortex/vanilla/gnu/spy\libqf_cortex-m3.a(qf_gc.o)
 .debug_frame   0x000031e0       0x30 ../../../../../ports/arm-cortex/vanilla/gnu/spy\libqf_cortex-m3.a(qmp_put.o)
 .debug_frame   0x00003210       0x44 ../../../../../ports/arm-cortex/vanilla/gnu/spy\libqep_cortex-m3.a(qhsm_ini.o)
 .debug_frame   0x00003254       0x44 ../../../../../ports/arm-cortex/vanilla/gnu/spy\libqep_cortex-m3.a(qhsm_dis.o)
 .debug_frame   0x00003298       0x20 ../../../../../ports/arm-cortex/vanilla/gnu/spy\libqep_cortex-m3.a(qhsm_top.o)
 .debug_frame   0x000032b8       0x20 ../../../../../ports/arm-cortex/vanilla/gnu/spy\libqep_cortex-m3.a(qep.o)
 .debug_frame   0x000032d8       0xb8 ../../../../../ports/arm-cortex/vanilla/gnu/spy\libqs_cortex-m3.a(qs.o)
 .debug_frame   0x00003390       0x98 ../../../../../ports/arm-cortex/vanilla/gnu/spy\libqs_cortex-m3.a(qs_.o)
 .debug_frame   0x00003428       0x20 ../../../../../ports/arm-cortex/vanilla/gnu/spy\libqs_cortex-m3.a(qs_byte.o)
 .debug_frame   0x00003448       0x58 ../../../../../ports/arm-cortex/vanilla/gnu/spy\libqs_cortex-m3.a(qs_str.o)

.debug_loc      0x00000000     0x67ad
 .debug_loc     0x00000000      0x1e8 spy/bsp.o
 .debug_loc     0x000001e8       0x7a spy/main.o
 .debug_loc     0x00000262       0xa9 spy/no_heap.o
 .debug_loc     0x0000030b      0x267 spy/philo.o
 .debug_loc     0x00000572      0x18c spy/table.o
 .debug_loc     0x000006fe       0x51 spy/startup_stm32f10x_cl.o
 .debug_loc     0x0000074f      0x1ee spy/core_cm3.o
 .debug_loc     0x0000093d       0x57 spy/system_stm32f10x.o
 .debug_loc     0x00000994      0x149 spy/stm32_eval.o
 .debug_loc     0x00000add      0x991 spy/stm3210c_eval_lcd.o
 .debug_loc     0x0000146e      0xc1f spy/stm3210c_eval_ioe.o
 .debug_loc     0x0000208d       0x9e spy/misc.o
 .debug_loc     0x0000212b      0x504 spy/stm32f10x_adc.o
 .debug_loc     0x0000262f       0xcd spy/stm32f10x_bkp.o
 .debug_loc     0x000026fc      0x478 spy/stm32f10x_can.o
 .debug_loc     0x00002b74       0x39 spy/stm32f10x_crc.o
 .debug_loc     0x00002bad      0x2ad spy/stm32f10x_dac.o
 .debug_loc     0x00002e5a       0x1e spy/stm32f10x_dbgmcu.o
 .debug_loc     0x00002e78       0xa6 spy/stm32f10x_dma.o
 .debug_loc     0x00002f1e       0x57 spy/stm32f10x_exti.o
 .debug_loc     0x00002f75      0x649 spy/stm32f10x_flash.o
 .debug_loc     0x000035be      0x255 spy/stm32f10x_fsmc.o
 .debug_loc     0x00003813      0x24d spy/stm32f10x_gpio.o
 .debug_loc     0x00003a60      0x348 spy/stm32f10x_i2c.o
 .debug_loc     0x00003da8       0x13 spy/stm32f10x_iwdg.o
 .debug_loc     0x00003dbb       0xa7 spy/stm32f10x_pwr.o
 .debug_loc     0x00003e62      0x468 spy/stm32f10x_rcc.o
 .debug_loc     0x000042ca      0x152 spy/stm32f10x_rtc.o
 .debug_loc     0x0000441c      0x129 spy/stm32f10x_sdio.o
 .debug_loc     0x00004545      0x304 spy/stm32f10x_spi.o
 .debug_loc     0x00004849      0xbcc spy/stm32f10x_tim.o
 .debug_loc     0x00005415      0x30e spy/stm32f10x_usart.o
 .debug_loc     0x00005723       0xde spy/stm32f10x_wwdg.o
 .debug_loc     0x00005801       0x5b ../../../../../ports/arm-cortex/vanilla/gnu/spy\libqf_cortex-m3.a(qa_fifo.o)
 .debug_loc     0x0000585c       0x79 ../../../../../ports/arm-cortex/vanilla/gnu/spy\libqf_cortex-m3.a(qa_sub.o)
 .debug_loc     0x000058d5       0x7a ../../../../../ports/arm-cortex/vanilla/gnu/spy\libqf_cortex-m3.a(qf_act.o)
 .debug_loc     0x0000594f       0xa2 ../../../../../ports/arm-cortex/vanilla/gnu/spy\libqf_cortex-m3.a(qf_new.o)
 .debug_loc     0x000059f1       0x79 ../../../../../ports/arm-cortex/vanilla/gnu/spy\libqf_cortex-m3.a(qf_pool.o)
 .debug_loc     0x00005a6a       0x7a ../../../../../ports/arm-cortex/vanilla/gnu/spy\libqf_cortex-m3.a(qf_pspub.o)
 .debug_loc     0x00005ae4       0x1f ../../../../../ports/arm-cortex/vanilla/gnu/spy\libqf_cortex-m3.a(qf_tick.o)
 .debug_loc     0x00005b03       0x85 ../../../../../ports/arm-cortex/vanilla/gnu/spy\libqf_cortex-m3.a(qmp_get.o)
 .debug_loc     0x00005b88      0x11d ../../../../../ports/arm-cortex/vanilla/gnu/spy\libqf_cortex-m3.a(qmp_init.o)
 .debug_loc     0x00005ca5       0x5b ../../../../../ports/arm-cortex/vanilla/gnu/spy\libqf_cortex-m3.a(qte_ctor.o)
 .debug_loc     0x00005d00       0x8f ../../../../../ports/arm-cortex/vanilla/gnu/spy\libqf_cortex-m3.a(qte_arm.o)
 .debug_loc     0x00005d8f      0x146 ../../../../../ports/arm-cortex/vanilla/gnu/spy\libqf_cortex-m3.a(qvanilla.o)
 .debug_loc     0x00005ed5       0x7a ../../../../../ports/arm-cortex/vanilla/gnu/spy\libqf_cortex-m3.a(qa_get_.o)
 .debug_loc     0x00005f4f       0x79 ../../../../../ports/arm-cortex/vanilla/gnu/spy\libqf_cortex-m3.a(qeq_init.o)
 .debug_loc     0x00005fc8       0x66 ../../../../../ports/arm-cortex/vanilla/gnu/spy\libqf_cortex-m3.a(qf_gc.o)
 .debug_loc     0x0000602e       0x5b ../../../../../ports/arm-cortex/vanilla/gnu/spy\libqf_cortex-m3.a(qmp_put.o)
 .debug_loc     0x00006089       0xe6 ../../../../../ports/arm-cortex/vanilla/gnu/spy\libqep_cortex-m3.a(qhsm_ini.o)
 .debug_loc     0x0000616f      0x306 ../../../../../ports/arm-cortex/vanilla/gnu/spy\libqep_cortex-m3.a(qhsm_dis.o)
 .debug_loc     0x00006475       0x13 ../../../../../ports/arm-cortex/vanilla/gnu/spy\libqep_cortex-m3.a(qhsm_top.o)
 .debug_loc     0x00006488      0x160 ../../../../../ports/arm-cortex/vanilla/gnu/spy\libqs_cortex-m3.a(qs.o)
 .debug_loc     0x000065e8      0x11a ../../../../../ports/arm-cortex/vanilla/gnu/spy\libqs_cortex-m3.a(qs_.o)
 .debug_loc     0x00006702       0x13 ../../../../../ports/arm-cortex/vanilla/gnu/spy\libqs_cortex-m3.a(qs_byte.o)
 .debug_loc     0x00006715       0x98 ../../../../../ports/arm-cortex/vanilla/gnu/spy\libqs_cortex-m3.a(qs_str.o)

.debug_pubnames
                0x00000000     0x392f
 .debug_pubnames
                0x00000000      0x113 spy/bsp.o
 .debug_pubnames
                0x00000113       0x1b spy/main.o
 .debug_pubnames
                0x0000012e       0x31 spy/no_heap.o
 .debug_pubnames
                0x0000015f       0x2e spy/philo.o
 .debug_pubnames
                0x0000018d       0x2e spy/table.o
 .debug_pubnames
                0x000001bb       0x4a spy/startup_stm32f10x_cl.o
 .debug_pubnames
                0x00000205      0x159 spy/core_cm3.o
 .debug_pubnames
                0x0000035e       0xa3 spy/system_stm32f10x.o
 .debug_pubnames
                0x00000401      0x1a9 spy/stm32_eval.o
 .debug_pubnames
                0x000005aa      0x25c spy/stm3210c_eval_lcd.o
 .debug_pubnames
                0x00000806      0x251 spy/stm3210c_eval_ioe.o
 .debug_pubnames
                0x00000a57       0x89 spy/misc.o
 .debug_pubnames
                0x00000ae0      0x401 spy/stm32f10x_adc.o
 .debug_pubnames
                0x00000ee1      0x128 spy/stm32f10x_bkp.o
 .debug_pubnames
                0x00001009      0x17b spy/stm32f10x_can.o
 .debug_pubnames
                0x00001184       0x82 spy/stm32f10x_crc.o
 .debug_pubnames
                0x00001206      0x116 spy/stm32f10x_dac.o
 .debug_pubnames
                0x0000131c       0x4c spy/stm32f10x_dbgmcu.o
 .debug_pubnames
                0x00001368       0xcf spy/stm32f10x_dma.o
 .debug_pubnames
                0x00001437       0xbb spy/stm32f10x_exti.o
 .debug_pubnames
                0x000014f2      0x26e spy/stm32f10x_flash.o
 .debug_pubnames
                0x00001760      0x1a3 spy/stm32f10x_fsmc.o
 .debug_pubnames
                0x00001903      0x19d spy/stm32f10x_gpio.o
 .debug_pubnames
                0x00001aa0      0x2b0 spy/stm32f10x_i2c.o
 .debug_pubnames
                0x00001d50       0x91 spy/stm32f10x_iwdg.o
 .debug_pubnames
                0x00001de1       0xcb spy/stm32f10x_pwr.o
 .debug_pubnames
                0x00001eac      0x37e spy/stm32f10x_rcc.o
 .debug_pubnames
                0x0000222a      0x136 spy/stm32f10x_rtc.o
 .debug_pubnames
                0x00002360      0x2ac spy/stm32f10x_sdio.o
 .debug_pubnames
                0x0000260c      0x1f6 spy/stm32f10x_spi.o
 .debug_pubnames
                0x00002802      0x7b0 spy/stm32f10x_tim.o
 .debug_pubnames
                0x00002fb2      0x25f spy/stm32f10x_usart.o
 .debug_pubnames
                0x00003211       0xb0 spy/stm32f10x_wwdg.o
 .debug_pubnames
                0x000032c1       0x27 ../../../../../ports/arm-cortex/vanilla/gnu/spy\libqf_cortex-m3.a(qa_fifo.o)
 .debug_pubnames
                0x000032e8       0x28 ../../../../../ports/arm-cortex/vanilla/gnu/spy\libqf_cortex-m3.a(qa_sub.o)
 .debug_pubnames
                0x00003310       0x62 ../../../../../ports/arm-cortex/vanilla/gnu/spy\libqf_cortex-m3.a(qf_act.o)
 .debug_pubnames
                0x00003372       0x1e ../../../../../ports/arm-cortex/vanilla/gnu/spy\libqf_cortex-m3.a(qf_new.o)
 .debug_pubnames
                0x00003390       0x3f ../../../../../ports/arm-cortex/vanilla/gnu/spy\libqf_cortex-m3.a(qf_pool.o)
 .debug_pubnames
                0x000033cf       0x45 ../../../../../ports/arm-cortex/vanilla/gnu/spy\libqf_cortex-m3.a(qf_psini.o)
 .debug_pubnames
                0x00003414       0x21 ../../../../../ports/arm-cortex/vanilla/gnu/spy\libqf_cortex-m3.a(qf_pspub.o)
 .debug_pubnames
                0x00003435       0x45 ../../../../../ports/arm-cortex/vanilla/gnu/spy\libqf_cortex-m3.a(qf_pwr2.o)
 .debug_pubnames
                0x0000347a       0x1e ../../../../../ports/arm-cortex/vanilla/gnu/spy\libqf_cortex-m3.a(qf_tick.o)
 .debug_pubnames
                0x00003498       0x36 ../../../../../ports/arm-cortex/vanilla/gnu/spy\libqf_cortex-m3.a(qmp_get.o)
 .debug_pubnames
                0x000034ce       0x22 ../../../../../ports/arm-cortex/vanilla/gnu/spy\libqf_cortex-m3.a(qmp_init.o)
 .debug_pubnames
                0x000034f0       0x24 ../../../../../ports/arm-cortex/vanilla/gnu/spy\libqf_cortex-m3.a(qte_ctor.o)
 .debug_pubnames
                0x00003514       0x3c ../../../../../ports/arm-cortex/vanilla/gnu/spy\libqf_cortex-m3.a(qte_arm.o)
 .debug_pubnames
                0x00003550       0x7f ../../../../../ports/arm-cortex/vanilla/gnu/spy\libqf_cortex-m3.a(qvanilla.o)
 .debug_pubnames
                0x000035cf       0x39 ../../../../../ports/arm-cortex/vanilla/gnu/spy\libqf_cortex-m3.a(qa_get_.o)
 .debug_pubnames
                0x00003608       0x23 ../../../../../ports/arm-cortex/vanilla/gnu/spy\libqf_cortex-m3.a(qeq_init.o)
 .debug_pubnames
                0x0000362b       0x1c ../../../../../ports/arm-cortex/vanilla/gnu/spy\libqf_cortex-m3.a(qf_gc.o)
 .debug_pubnames
                0x00003647       0x22 ../../../../../ports/arm-cortex/vanilla/gnu/spy\libqf_cortex-m3.a(qf_log2.o)
 .debug_pubnames
                0x00003669       0x21 ../../../../../ports/arm-cortex/vanilla/gnu/spy\libqf_cortex-m3.a(qmp_put.o)
 .debug_pubnames
                0x0000368a       0x20 ../../../../../ports/arm-cortex/vanilla/gnu/spy\libqep_cortex-m3.a(qhsm_ini.o)
 .debug_pubnames
                0x000036aa       0x24 ../../../../../ports/arm-cortex/vanilla/gnu/spy\libqep_cortex-m3.a(qhsm_dis.o)
 .debug_pubnames
                0x000036ce       0x1f ../../../../../ports/arm-cortex/vanilla/gnu/spy\libqep_cortex-m3.a(qhsm_top.o)
 .debug_pubnames
                0x000036ed       0x3a ../../../../../ports/arm-cortex/vanilla/gnu/spy\libqep_cortex-m3.a(qep.o)
 .debug_pubnames
                0x00003727      0x106 ../../../../../ports/arm-cortex/vanilla/gnu/spy\libqs_cortex-m3.a(qs.o)
 .debug_pubnames
                0x0000382d       0xb5 ../../../../../ports/arm-cortex/vanilla/gnu/spy\libqs_cortex-m3.a(qs_.o)
 .debug_pubnames
                0x000038e2       0x21 ../../../../../ports/arm-cortex/vanilla/gnu/spy\libqs_cortex-m3.a(qs_byte.o)
 .debug_pubnames
                0x00003903       0x2c ../../../../../ports/arm-cortex/vanilla/gnu/spy\libqs_cortex-m3.a(qs_str.o)

.debug_aranges  0x00000000      0x740
 .debug_aranges
                0x00000000       0x20 spy/bsp.o
 .debug_aranges
                0x00000020       0x20 spy/main.o
 .debug_aranges
                0x00000040       0x20 spy/no_heap.o
 .debug_aranges
                0x00000060       0x20 spy/philo.o
 .debug_aranges
                0x00000080       0x20 spy/table.o
 .debug_aranges
                0x000000a0       0x20 spy/startup_stm32f10x_cl.o
 .debug_aranges
                0x000000c0       0x20 spy/core_cm3.o
 .debug_aranges
                0x000000e0       0x20 spy/system_stm32f10x.o
 .debug_aranges
                0x00000100       0x20 spy/stm32_eval.o
 .debug_aranges
                0x00000120       0x20 spy/stm3210c_eval_lcd.o
 .debug_aranges
                0x00000140       0x20 spy/stm3210c_eval_ioe.o
 .debug_aranges
                0x00000160       0x20 spy/misc.o
 .debug_aranges
                0x00000180       0x20 spy/stm32f10x_adc.o
 .debug_aranges
                0x000001a0       0x20 spy/stm32f10x_bkp.o
 .debug_aranges
                0x000001c0       0x20 spy/stm32f10x_can.o
 .debug_aranges
                0x000001e0       0x20 spy/stm32f10x_crc.o
 .debug_aranges
                0x00000200       0x20 spy/stm32f10x_dac.o
 .debug_aranges
                0x00000220       0x20 spy/stm32f10x_dbgmcu.o
 .debug_aranges
                0x00000240       0x20 spy/stm32f10x_dma.o
 .debug_aranges
                0x00000260       0x20 spy/stm32f10x_exti.o
 .debug_aranges
                0x00000280       0x20 spy/stm32f10x_flash.o
 .debug_aranges
                0x000002a0       0x20 spy/stm32f10x_fsmc.o
 .debug_aranges
                0x000002c0       0x20 spy/stm32f10x_gpio.o
 .debug_aranges
                0x000002e0       0x20 spy/stm32f10x_i2c.o
 .debug_aranges
                0x00000300       0x20 spy/stm32f10x_iwdg.o
 .debug_aranges
                0x00000320       0x20 spy/stm32f10x_pwr.o
 .debug_aranges
                0x00000340       0x20 spy/stm32f10x_rcc.o
 .debug_aranges
                0x00000360       0x20 spy/stm32f10x_rtc.o
 .debug_aranges
                0x00000380       0x20 spy/stm32f10x_sdio.o
 .debug_aranges
                0x000003a0       0x20 spy/stm32f10x_spi.o
 .debug_aranges
                0x000003c0       0x20 spy/stm32f10x_tim.o
 .debug_aranges
                0x000003e0       0x20 spy/stm32f10x_usart.o
 .debug_aranges
                0x00000400       0x20 spy/stm32f10x_wwdg.o
 .debug_aranges
                0x00000420       0x20 ../../../../../ports/arm-cortex/vanilla/gnu/spy\libqf_cortex-m3.a(qa_fifo.o)
 .debug_aranges
                0x00000440       0x20 ../../../../../ports/arm-cortex/vanilla/gnu/spy\libqf_cortex-m3.a(qa_sub.o)
 .debug_aranges
                0x00000460       0x20 ../../../../../ports/arm-cortex/vanilla/gnu/spy\libqf_cortex-m3.a(qf_act.o)
 .debug_aranges
                0x00000480       0x20 ../../../../../ports/arm-cortex/vanilla/gnu/spy\libqf_cortex-m3.a(qf_new.o)
 .debug_aranges
                0x000004a0       0x20 ../../../../../ports/arm-cortex/vanilla/gnu/spy\libqf_cortex-m3.a(qf_pool.o)
 .debug_aranges
                0x000004c0       0x20 ../../../../../ports/arm-cortex/vanilla/gnu/spy\libqf_cortex-m3.a(qf_psini.o)
 .debug_aranges
                0x000004e0       0x20 ../../../../../ports/arm-cortex/vanilla/gnu/spy\libqf_cortex-m3.a(qf_pspub.o)
 .debug_aranges
                0x00000500       0x20 ../../../../../ports/arm-cortex/vanilla/gnu/spy\libqf_cortex-m3.a(qf_tick.o)
 .debug_aranges
                0x00000520       0x20 ../../../../../ports/arm-cortex/vanilla/gnu/spy\libqf_cortex-m3.a(qmp_get.o)
 .debug_aranges
                0x00000540       0x20 ../../../../../ports/arm-cortex/vanilla/gnu/spy\libqf_cortex-m3.a(qmp_init.o)
 .debug_aranges
                0x00000560       0x20 ../../../../../ports/arm-cortex/vanilla/gnu/spy\libqf_cortex-m3.a(qte_ctor.o)
 .debug_aranges
                0x00000580       0x20 ../../../../../ports/arm-cortex/vanilla/gnu/spy\libqf_cortex-m3.a(qte_arm.o)
 .debug_aranges
                0x000005a0       0x20 ../../../../../ports/arm-cortex/vanilla/gnu/spy\libqf_cortex-m3.a(qvanilla.o)
 .debug_aranges
                0x000005c0       0x20 ../../../../../ports/arm-cortex/vanilla/gnu/spy\libqf_cortex-m3.a(qa_get_.o)
 .debug_aranges
                0x000005e0       0x20 ../../../../../ports/arm-cortex/vanilla/gnu/spy\libqf_cortex-m3.a(qeq_init.o)
 .debug_aranges
                0x00000600       0x20 ../../../../../ports/arm-cortex/vanilla/gnu/spy\libqf_cortex-m3.a(qf_gc.o)
 .debug_aranges
                0x00000620       0x20 ../../../../../ports/arm-cortex/vanilla/gnu/spy\libqf_cortex-m3.a(qmp_put.o)
 .debug_aranges
                0x00000640       0x20 ../../../../../ports/arm-cortex/vanilla/gnu/spy\libqep_cortex-m3.a(qhsm_ini.o)
 .debug_aranges
                0x00000660       0x20 ../../../../../ports/arm-cortex/vanilla/gnu/spy\libqep_cortex-m3.a(qhsm_dis.o)
 .debug_aranges
                0x00000680       0x20 ../../../../../ports/arm-cortex/vanilla/gnu/spy\libqep_cortex-m3.a(qhsm_top.o)
 .debug_aranges
                0x000006a0       0x20 ../../../../../ports/arm-cortex/vanilla/gnu/spy\libqep_cortex-m3.a(qep.o)
 .debug_aranges
                0x000006c0       0x20 ../../../../../ports/arm-cortex/vanilla/gnu/spy\libqs_cortex-m3.a(qs.o)
 .debug_aranges