Archive member included because of file (symbol)

../../../../../ports/arm-cortex/vanilla/gnu/rel\libqf_cortex-m3.a(qa_fifo.o)
                              rel/philo.o (QActive_postFIFO)
../../../../../ports/arm-cortex/vanilla/gnu/rel\libqf_cortex-m3.a(qa_sub.o)
                              rel/philo.o (QActive_subscribe)
../../../../../ports/arm-cortex/vanilla/gnu/rel\libqf_cortex-m3.a(qf_act.o)
                              rel/bsp.o (QF_getVersion)
../../../../../ports/arm-cortex/vanilla/gnu/rel\libqf_cortex-m3.a(qf_new.o)
                              rel/philo.o (QF_new_)
../../../../../ports/arm-cortex/vanilla/gnu/rel\libqf_cortex-m3.a(qf_pool.o)
                              rel/main.o (QF_poolInit)
../../../../../ports/arm-cortex/vanilla/gnu/rel\libqf_cortex-m3.a(qf_psini.o)
                              rel/main.o (QF_psInit)
../../../../../ports/arm-cortex/vanilla/gnu/rel\libqf_cortex-m3.a(qf_pspub.o)
                              rel/philo.o (QF_publish)
../../../../../ports/arm-cortex/vanilla/gnu/rel\libqf_cortex-m3.a(qf_pwr2.o)
                              ../../../../../ports/arm-cortex/vanilla/gnu/rel\libqf_cortex-m3.a(qa_fifo.o) (QF_pwr2Lkup)
../../../../../ports/arm-cortex/vanilla/gnu/rel\libqf_cortex-m3.a(qf_tick.o)
                              rel/bsp.o (QF_tick)
../../../../../ports/arm-cortex/vanilla/gnu/rel\libqf_cortex-m3.a(qmp_get.o)
                              ../../../../../ports/arm-cortex/vanilla/gnu/rel\libqf_cortex-m3.a(qf_new.o) (QMPool_get)
../../../../../ports/arm-cortex/vanilla/gnu/rel\libqf_cortex-m3.a(qmp_init.o)
                              ../../../../../ports/arm-cortex/vanilla/gnu/rel\libqf_cortex-m3.a(qf_pool.o) (QMPool_init)
../../../../../ports/arm-cortex/vanilla/gnu/rel\libqf_cortex-m3.a(qte_ctor.o)
                              rel/philo.o (QTimeEvt_ctor)
../../../../../ports/arm-cortex/vanilla/gnu/rel\libqf_cortex-m3.a(qte_arm.o)
                              rel/philo.o (QTimeEvt_arm_)
../../../../../ports/arm-cortex/vanilla/gnu/rel\libqf_cortex-m3.a(qvanilla.o)
                              rel/main.o (QF_init)
../../../../../ports/arm-cortex/vanilla/gnu/rel\libqf_cortex-m3.a(qa_get_.o)
                              ../../../../../ports/arm-cortex/vanilla/gnu/rel\libqf_cortex-m3.a(qvanilla.o) (QActive_get_)
../../../../../ports/arm-cortex/vanilla/gnu/rel\libqf_cortex-m3.a(qeq_init.o)
                              ../../../../../ports/arm-cortex/vanilla/gnu/rel\libqf_cortex-m3.a(qvanilla.o) (QEQueue_init)
../../../../../ports/arm-cortex/vanilla/gnu/rel\libqf_cortex-m3.a(qf_gc.o)
                              ../../../../../ports/arm-cortex/vanilla/gnu/rel\libqf_cortex-m3.a(qf_pspub.o) (QF_gc)
../../../../../ports/arm-cortex/vanilla/gnu/rel\libqf_cortex-m3.a(qf_log2.o)
                              ../../../../../ports/arm-cortex/vanilla/gnu/rel\libqf_cortex-m3.a(qf_pspub.o) (QF_log2Lkup)
../../../../../ports/arm-cortex/vanilla/gnu/rel\libqf_cortex-m3.a(qmp_put.o)
                              ../../../../../ports/arm-cortex/vanilla/gnu/rel\libqf_cortex-m3.a(qf_gc.o) (QMPool_put)
../../../../../ports/arm-cortex/vanilla/gnu/rel\libqep_cortex-m3.a(qhsm_ini.o)
                              ../../../../../ports/arm-cortex/vanilla/gnu/rel\libqf_cortex-m3.a(qvanilla.o) (QHsm_init)
../../../../../ports/arm-cortex/vanilla/gnu/rel\libqep_cortex-m3.a(qhsm_dis.o)
                              ../../../../../ports/arm-cortex/vanilla/gnu/rel\libqf_cortex-m3.a(qvanilla.o) (QHsm_dispatch)
../../../../../ports/arm-cortex/vanilla/gnu/rel\libqep_cortex-m3.a(qhsm_top.o)
                              rel/philo.o (QHsm_top)
../../../../../ports/arm-cortex/vanilla/gnu/rel\libqep_cortex-m3.a(qep.o)
                              ../../../../../ports/arm-cortex/vanilla/gnu/rel\libqep_cortex-m3.a(qhsm_ini.o) (QEP_reservedEvt_)
c:/tools/devkitpro/devkitarm/bin/../lib/gcc/arm-eabi/4.4.2/../../../../arm-eabi/lib/thumb/thumb2\libc.a(lib_a-atexit.o)
                              c:/tools/devkitpro/devkitarm/bin/../lib/gcc/arm-eabi/4.4.2/../../../../arm-eabi/lib/thumb/thumb2/crt0.o (atexit)
c:/tools/devkitpro/devkitarm/bin/../lib/gcc/arm-eabi/4.4.2/../../../../arm-eabi/lib/thumb/thumb2\libc.a(lib_a-exit.o)
                              c:/tools/devkitpro/devkitarm/bin/../lib/gcc/arm-eabi/4.4.2/../../../../arm-eabi/lib/thumb/thumb2/crt0.o (exit)
c:/tools/devkitpro/devkitarm/bin/../lib/gcc/arm-eabi/4.4.2/../../../../arm-eabi/lib/thumb/thumb2\libc.a(lib_a-impure.o)
                              c:/tools/devkitpro/devkitarm/bin/../lib/gcc/arm-eabi/4.4.2/../../../../arm-eabi/lib/thumb/thumb2\libc.a(lib_a-exit.o) (_global_impure_ptr)
c:/tools/devkitpro/devkitarm/bin/../lib/gcc/arm-eabi/4.4.2/../../../../arm-eabi/lib/thumb/thumb2\libc.a(lib_a-init.o)
                              c:/tools/devkitpro/devkitarm/bin/../lib/gcc/arm-eabi/4.4.2/../../../../arm-eabi/lib/thumb/thumb2/crt0.o (__libc_fini_array)
[...]
Memory Configuration

Name             Origin             Length             Attributes
ROM              0x08000000         0x00040000         xr
RAM              0x20000000         0x00010000         xrw
*default*        0x00000000         0xffffffff

Linker script and memory map

LOAD c:/tools/devkitpro/devkitarm/bin/../lib/gcc/arm-eabi/4.4.2/thumb/thumb2/crti.o
LOAD c:/tools/devkitpro/devkitarm/bin/../lib/gcc/arm-eabi/4.4.2/thumb/thumb2/crtbegin.o
LOAD c:/tools/devkitpro/devkitarm/bin/../lib/gcc/arm-eabi/4.4.2/../../../../arm-eabi/lib/thumb/thumb2/crt0.o
LOAD rel/bsp.o
LOAD rel/main.o
LOAD rel/no_heap.o
LOAD rel/philo.o
LOAD rel/table.o
LOAD rel/startup_stm32f10x_cl.o
LOAD rel/core_cm3.o
LOAD rel/system_stm32f10x.o
LOAD rel/stm32_eval.o
LOAD rel/stm3210c_eval_lcd.o
LOAD rel/stm3210c_eval_ioe.o
LOAD rel/misc.o
LOAD rel/stm32f10x_adc.o
LOAD rel/stm32f10x_bkp.o
LOAD rel/stm32f10x_can.o
LOAD rel/stm32f10x_crc.o
LOAD rel/stm32f10x_dac.o
LOAD rel/stm32f10x_dbgmcu.o
LOAD rel/stm32f10x_dma.o
LOAD rel/stm32f10x_exti.o
LOAD rel/stm32f10x_flash.o
LOAD rel/stm32f10x_fsmc.o
LOAD rel/stm32f10x_gpio.o
LOAD rel/stm32f10x_i2c.o
LOAD rel/stm32f10x_iwdg.o
LOAD rel/stm32f10x_pwr.o
LOAD rel/stm32f10x_rcc.o
LOAD rel/stm32f10x_rtc.o
LOAD rel/stm32f10x_sdio.o
LOAD rel/stm32f10x_spi.o
LOAD rel/stm32f10x_tim.o
LOAD rel/stm32f10x_usart.o
LOAD rel/stm32f10x_wwdg.o
LOAD ../../../../../ports/arm-cortex/vanilla/gnu/rel\libqf_cortex-m3.a
LOAD ../../../../../ports/arm-cortex/vanilla/gnu/rel\libqep_cortex-m3.a
START GROUP
LOAD c:/tools/devkitpro/devkitarm/bin/../lib/gcc/arm-eabi/4.4.2/thumb/thumb2\libgcc.a
LOAD c:/tools/devkitpro/devkitarm/bin/../lib/gcc/arm-eabi/4.4.2/../../../../arm-eabi/lib/thumb/thumb2\libc.a
LOAD c:/tools/devkitpro/devkitarm/bin/../lib/gcc/arm-eabi/4.4.2/../../../../arm-eabi/lib/thumb/thumb2\libsysbase.a
END GROUP
LOAD c:/tools/devkitpro/devkitarm/bin/../lib/gcc/arm-eabi/4.4.2/thumb/thumb2/crtend.o
LOAD c:/tools/devkitpro/devkitarm/bin/../lib/gcc/arm-eabi/4.4.2/thumb/thumb2/crtn.o
                0x00000400                STACK_SIZE = 0x400
                0x00000000                HEAP_SIZE = 0x0

.isr_vector     0x08000000      0x154
 *(.isr_vector)
 .isr_vector    0x08000000      0x154 rel/startup_stm32f10x_cl.o
                0x08000000                g_pfnVectors
                0x08000154                . = ALIGN (0x4)

.eh_frame       0x08000154        0x0
 .eh_frame      0x08000154        0x0 c:/tools/devkitpro/devkitarm/bin/../lib/gcc/arm-eabi/4.4.2/thumb/thumb2/crtbegin.o

.text           0x08000154     0x423c
                0x08000154                . = ALIGN (0x4)
 *(.text)
 .text          0x08000154       0x54 c:/tools/devkitpro/devkitarm/bin/../lib/gcc/arm-eabi/4.4.2/thumb/thumb2/crtbegin.o
 .text          0x080001a8      0x168 rel/bsp.o
                0x080001a8                QF_onStartup
                0x080001ec                QF_onCleanup
                0x080001f0                assert_failed
                0x080001f4                Q_onAssert
                0x080001f8                BSP_busyDelay
                0x0800020c                BSP_displyPhilStat
                0x08000224                QF_onIdle
                0x08000238                BSP_init
                0x080002f8                SysTick_Handler
 .text          0x08000310       0x90 rel/main.o
                0x08000310                main
 .text          0x080003a0      0x1f4 rel/philo.o
                0x080003a0                Philo_ctor
 .text          0x08000594      0x1b0 rel/table.o
                0x08000594                Table_ctor
 .text          0x08000744       0x84 rel/startup_stm32f10x_cl.o
                0x08000744                EXTI2_IRQHandler
                0x08000744                TIM8_TRG_COM_IRQHandler
                0x08000744                TIM8_CC_IRQHandler
                0x08000744                DebugMon_Handler
                0x08000744                TIM1_CC_IRQHandler
                0x08000744                TIM6_IRQHandler
                0x08000744                PVD_IRQHandler
                0x08000744                SDIO_IRQHandler
                0x08000744                PendSV_Handler
                0x08000744                NMI_Handler
                0x08000744                CAN2_RX1_IRQHandler
                0x08000744                EXTI3_IRQHandler
                0x08000744                EXTI0_IRQHandler
                0x08000744                I2C2_EV_IRQHandler
                0x08000744                UsageFault_Handler
                0x08000744                CAN2_SCE_IRQHandler
                0x08000744                ADC1_2_IRQHandler
                0x08000744                SPI1_IRQHandler
                0x08000744                TAMPER_IRQHandler
                0x08000744                CAN2_RX0_IRQHandler
                0x08000744                TIM8_UP_IRQHandler
                0x08000744                DMA2_Channel2_IRQHandler
                0x08000744                DMA1_Channel4_IRQHandler
                0x08000744                USART3_IRQHandler
                0x08000744                RTC_IRQHandler
                0x08000744                DMA1_Channel7_IRQHandler
                0x08000744                USBWakeUp_IRQHandler
                0x08000744                CAN1_RX1_IRQHandler
                0x08000744                UART5_IRQHandler
                0x08000744                ADC3_IRQHandler
                0x08000744                TIM4_IRQHandler
                0x08000744                DMA2_Channel1_IRQHandler
                0x08000744                I2C1_EV_IRQHandler
                0x08000744                DMA1_Channel6_IRQHandler
                0x08000744                UART4_IRQHandler
                0x08000744                TIM3_IRQHandler
                0x08000744                RCC_IRQHandler
                0x08000744                TIM1_TRG_COM_IRQHandler
                0x08000744                DMA1_Channel1_IRQHandler
                0x08000744                EXTI15_10_IRQHandler
                0x08000744                TIM7_IRQHandler
                0x08000744                CAN2_TX_IRQHandler
                0x08000744                TIM5_IRQHandler
                0x08000744                EXTI9_5_IRQHandler
                0x08000744                ETH_WKUP_IRQHandler
                0x08000744                SPI2_IRQHandler
                0x08000744                MemManage_Handler
                0x08000744                SVC_Handler
                0x08000744                DMA2_Channel5_IRQHandler
                0x08000744                DMA1_Channel5_IRQHandler
                0x08000744                EXTI4_IRQHandler
                0x08000744                USB_LP_CAN1_RX0_IRQHandler
                0x08000744                USB_HP_CAN1_TX_IRQHandler
                0x08000744                DMA1_Channel3_IRQHandler
                0x08000744                FSMC_IRQHandler
                0x08000744                ETH_IRQHandler
                0x08000744                TIM1_UP_IRQHandler
                0x08000744                WWDG_IRQHandler
                0x08000744                TIM2_IRQHandler
                0x08000744                TIM1_BRK_IRQHandler
                0x08000744                EXTI1_IRQHandler
                0x08000744                RTCAlarm_IRQHandler
                0x08000744                DMA2_Channel4_5_IRQHandler
                0x08000744                USART2_IRQHandler
                0x08000744                I2C2_ER_IRQHandler
                0x08000744                DMA1_Channel2_IRQHandler
                0x08000744                TIM8_BRK_IRQHandler
                0x08000744                CAN1_SCE_IRQHandler
                0x08000744                FLASH_IRQHandler
                0x08000744                BusFault_Handler
                0x08000744                USART1_IRQHandler
                0x08000744                Spurious_Handler
                0x08000744                OTG_FS_IRQHandler
                0x08000744                SPI3_IRQHandler
                0x08000744                I2C1_ER_IRQHandler
                0x08000744                DMA2_Channel3_IRQHandler
                0x08000760                Reset_Handler
 .text          0x080007c8      0x12c rel/system_stm32f10x.o
                0x080007c8                SystemInit
 .text          0x080008f4      0x1c4 rel/stm32_eval.o
                0x080008f4                STM_EVAL_LEDOn
                0x0800090c                STM_EVAL_LEDOff
                0x08000924                STM_EVAL_LEDToggle
                0x08000944                STM_EVAL_LEDInit
                0x08000980                STM_EVAL_COMInit
                0x08000a00                STM_EVAL_PBGetState
                0x08000a20                STM_EVAL_PBInit
 .text          0x08000ab8      0x9c4 rel/stm3210c_eval_lcd.o
                0x08000ab8                LCD_SetTextColor
                0x08000ad0                LCD_SetBackColor
                0x08000ae8                LCD_CtrlLinesConfig
                0x08000b14                LCD_SPIConfig
                0x08000ba8                LCD_CtrlLinesWrite
                0x08000bb0                LCD_WriteRAM
                0x08000be4                LCD_nCS_StartByte
                0x08000c10                LCD_WriteRegIndex
                0x08000c58                LCD_WriteRAM_Prepare
                0x08000c68                LCD_WriteRAMWord
                0x08000c88                LCD_WriteReg
                0x08000cd4                LCD_DisplayOff
                0x08000ce0                LCD_DisplayOn
                0x08000cf0                LCD_PowerOn
                0x08000da0                LCD_SetCursor
                0x08000db8                LCD_DrawCircle
                0x08000ee0                LCD_DrawMonoPict
                0x08000f40                LCD_DrawLine
                0x08000fa0                LCD_DrawRect
                0x08000fe4                LCD_DrawChar
                0x08001048                LCD_DisplayChar
                0x0800106c                LCD_DisplayString
                0x080010a8                LCD_ClearLine
                0x080010b8                LCD_Clear
                0x080010ec                LCD_SetDisplayWindow
                0x0800113c                LCD_WindowModeDisable
                0x0800115c                LCD_Setup
                0x080013a8                STM3210C_LCD_Init
                0x080013b0                LCD_ReadReg
 .text          0x0800147c       0xc8 rel/misc.o
                0x0800147c                NVIC_PriorityGroupConfig
                0x08001490                NVIC_Init
                0x080014f0                NVIC_SetVectorTable
                0x08001508                NVIC_SystemLPConfig
                0x08001524                SysTick_CLKSourceConfig
 .text          0x08001544       0xfc rel/stm32f10x_exti.o
                0x08001544                EXTI_DeInit
                0x08001560                EXTI_Init
                0x080015d8                EXTI_StructInit
                0x080015e8                EXTI_GenerateSWInterrupt
                0x080015f8                EXTI_GetFlagStatus
                0x0800160c                EXTI_ClearFlag
                0x08001618                EXTI_GetITStatus
                0x08001634                EXTI_ClearITPendingBit
 .text          0x08001640      0x290 rel/stm32f10x_gpio.o
                0x08001640                GPIO_Init
                0x080016e0                GPIO_StructInit
                0x080016f0                GPIO_ReadInputDataBit
                0x080016fc                GPIO_ReadInputData
                0x08001704                GPIO_ReadOutputDataBit
                0x08001710                GPIO_ReadOutputData
                0x08001718                GPIO_SetBits
                0x0800171c                GPIO_ResetBits
                0x08001720                GPIO_WriteBit
                0x0800172c                GPIO_Write
                0x08001730                GPIO_PinLockConfig
                0x08001740                GPIO_EventOutputConfig
                0x08001760                GPIO_EventOutputCmd
                0x0800176c                GPIO_PinRemapConfig
                0x080017d0                GPIO_EXTILineConfig
                0x08001808                GPIO_ETH_MediaInterfaceConfig
                0x08001814                GPIO_AFIODeInit
                0x08001828                GPIO_DeInit
 .text          0x080018d0      0x46c rel/stm32f10x_rcc.o
                0x080018d0                RCC_DeInit
                0x08001920                RCC_HSEConfig
                0x08001958                RCC_WaitForHSEStartUp
                0x08001988                RCC_AdjustHSICalibrationValue
                0x0800199c                RCC_HSICmd
                0x080019a8                RCC_PLLConfig
                0x080019bc                RCC_PLLCmd
                0x080019c8                RCC_PREDIV1Config
                0x080019e4                RCC_PREDIV2Config
                0x080019f8                RCC_PLL2Config
                0x08001a0c                RCC_PLL2Cmd
                0x08001a18                RCC_PLL3Config
                0x08001a2c                RCC_PLL3Cmd
                0x08001a38                RCC_SYSCLKConfig
                0x08001a4c                RCC_GetSYSCLKSource
                0x08001a5c                RCC_HCLKConfig
                0x08001a70                RCC_PCLK1Config
                0x08001a84                RCC_PCLK2Config
                0x08001a98                RCC_ITConfig
                0x08001ab4                RCC_OTGFSCLKConfig
                0x08001ac0                RCC_ADCCLKConfig
                0x08001ad4                RCC_I2S2CLKConfig
                0x08001ae0                RCC_I2S3CLKConfig
                0x08001aec                RCC_LSEConfig
                0x08001b0c                RCC_LSICmd
                0x08001b18                RCC_RTCCLKConfig
                0x08001b28                RCC_RTCCLKCmd
                0x08001b34                RCC_GetClocksFreq
                0x08001c10                RCC_AHBPeriphClockCmd
                0x08001c2c                RCC_APB2PeriphClockCmd
                0x08001c48                RCC_APB1PeriphClockCmd
                0x08001c64                RCC_AHBPeriphResetCmd
                0x08001c80                RCC_APB2PeriphResetCmd
                0x08001c9c                RCC_APB1PeriphResetCmd
                0x08001cb8                RCC_BackupResetCmd
                0x08001cc4                RCC_ClockSecuritySystemCmd
                0x08001cd0                RCC_MCOConfig
                0x08001cdc                RCC_GetFlagStatus
                0x08001d0c                RCC_ClearFlag
                0x08001d1c                RCC_GetITStatus
                0x08001d30                RCC_ClearITPendingBit
 .text          0x08001d3c      0x360 rel/stm32f10x_spi.o
                0x08001d3c                SPI_Init
                0x08001d98                SPI_StructInit
                0x08001db4                I2S_StructInit
                0x08001dc8                SPI_Cmd
                0x08001de4                I2S_Cmd
                0x08001e00                SPI_I2S_ITConfig
                0x08001e20                SPI_I2S_DMACmd
                0x08001e38                SPI_I2S_SendData
                0x08001e3c                SPI_I2S_ReceiveData
                0x08001e44                SPI_NSSInternalSoftwareConfig
                0x08001e60                SPI_SSOutputCmd
                0x08001e7c                SPI_DataSizeConfig
                0x08001e94                SPI_TransmitCRC
                0x08001ea0                SPI_CalculateCRC
                0x08001ebc                SPI_GetCRC
                0x08001ec8                SPI_GetCRCPolynomial
                0x08001ed0                SPI_BiDirectionalLineConfig
                0x08001ef0                SPI_I2S_GetFlagStatus
                0x08001efc                SPI_I2S_ClearFlag
                0x08001f04                SPI_I2S_GetITStatus
                0x08001f30                SPI_I2S_ClearITPendingBit
                0x08001f40                I2S_Init
                0x08002040                SPI_I2S_DeInit
 .text          0x0800209c      0x39c rel/stm32f10x_usart.o
                0x0800209c                USART_StructInit
                0x080020b8                USART_ClockInit
                0x080020e4                USART_ClockStructInit
                0x080020f0                USART_Cmd
                0x0800210c                USART_ITConfig
                0x08002144                USART_DMACmd
                0x0800215c                USART_SetAddress
                0x08002174                USART_WakeUpConfig
                0x0800218c                USART_ReceiverWakeUpCmd
                0x080021a8                USART_LINBreakDetectLengthConfig
                0x080021c0                USART_LINCmd
                0x080021dc                USART_SendData
                0x080021e4                USART_ReceiveData
                0x080021ec                USART_SendBreak
                0x080021f8                USART_SetGuardTime
                0x0800220c                USART_SetPrescaler
                0x08002220                USART_SmartCardCmd
                0x0800223c                USART_SmartCardNACKCmd
                0x08002258                USART_HalfDuplexCmd
                0x08002274                USART_IrDAConfig
                0x0800228c                USART_IrDACmd
                0x080022a8                USART_GetFlagStatus
                0x080022b4                USART_ClearFlag
                0x080022bc                USART_GetITStatus
                0x08002304                USART_ClearITPendingBit
                0x08002314                USART_Init
                0x080023a8                USART_DeInit
 .text          0x08002438       0x88 ../../../../../ports/arm-cortex/vanilla/gnu/rel\libqf_cortex-m3.a(qa_fifo.o)
                0x08002438                QActive_postFIFO
 .text          0x080024c0       0x6c ../../../../../ports/arm-cortex/vanilla/gnu/rel\libqf_cortex-m3.a(qa_sub.o)
                0x080024c0                QActive_subscribe
 .text          0x0800252c       0x70 ../../../../../ports/arm-cortex/vanilla/gnu/rel\libqf_cortex-m3.a(qf_act.o)
                0x0800252c                QF_getVersion
                0x08002534                QF_remove_
                0x08002568                QF_add_
 .text          0x0800259c       0x5c ../../../../../ports/arm-cortex/vanilla/gnu/rel\libqf_cortex-m3.a(qf_new.o)
                0x0800259c                QF_new_
 .text          0x080025f8       0x64 ../../../../../ports/arm-cortex/vanilla/gnu/rel\libqf_cortex-m3.a(qf_pool.o)
                0x080025f8                QF_poolInit
 .text          0x0800265c       0x14 ../../../../../ports/arm-cortex/vanilla/gnu/rel\libqf_cortex-m3.a(qf_psini.o)
                0x0800265c                QF_psInit
 .text          0x08002670       0xa4 ../../../../../ports/arm-cortex/vanilla/gnu/rel\libqf_cortex-m3.a(qf_pspub.o)
                0x08002670                QF_publish
 .text          0x08002714       0x64 ../../../../../ports/arm-cortex/vanilla/gnu/rel\libqf_cortex-m3.a(qf_tick.o)
                0x08002714                QF_tick
 .text          0x08002778       0x54 ../../../../../ports/arm-cortex/vanilla/gnu/rel\libqf_cortex-m3.a(qmp_get.o)
                0x08002778                QMPool_get
                0x08002798                QF_getPoolMargin
 .text          0x080027cc       0x94 ../../../../../ports/arm-cortex/vanilla/gnu/rel\libqf_cortex-m3.a(qmp_init.o)
                0x080027cc                QMPool_init
 .text          0x08002860       0x28 ../../../../../ports/arm-cortex/vanilla/gnu/rel\libqf_cortex-m3.a(qte_ctor.o)
                0x08002860                QTimeEvt_ctor
 .text          0x08002888       0x50 ../../../../../ports/arm-cortex/vanilla/gnu/rel\libqf_cortex-m3.a(qte_arm.o)
                0x08002888                QTimeEvt_arm_
 .text          0x080028d8       0xd0 ../../../../../ports/arm-cortex/vanilla/gnu/rel\libqf_cortex-m3.a(qvanilla.o)
                0x080028d8                QF_getPortVersion
                0x080028e0                QF_init
                0x080028e4                QActive_stop
                0x080028ec                QActive_start
                0x0800293c                QF_run
                0x080029a0                QF_stop
 .text          0x080029a8       0xb4 ../../../../../ports/arm-cortex/vanilla/gnu/rel\libqf_cortex-m3.a(qa_get_.o)
                0x080029a8                QF_getQueueMargin
                0x080029d8                QActive_get_
 .text          0x08002a5c       0x14 ../../../../../ports/arm-cortex/vanilla/gnu/rel\libqf_cortex-m3.a(qeq_init.o)
                0x08002a5c                QEQueue_init
 .text          0x08002a70       0x50 ../../../../../ports/arm-cortex/vanilla/gnu/rel\libqf_cortex-m3.a(qf_gc.o)
                0x08002a70                QF_gc
 .text          0x08002ac0       0x38 ../../../../../ports/arm-cortex/vanilla/gnu/rel\libqf_cortex-m3.a(qmp_put.o)
                0x08002ac0                QMPool_put
 .text          0x08002af8       0x94 ../../../../../ports/arm-cortex/vanilla/gnu/rel\libqep_cortex-m3.a(qhsm_ini.o)
                0x08002af8                QHsm_init
 .text          0x08002b8c      0x1dc ../../../../../ports/arm-cortex/vanilla/gnu/rel\libqep_cortex-m3.a(qhsm_dis.o)
                0x08002b8c                QHsm_dispatch
 .text          0x08002d68        0x4 ../../../../../ports/arm-cortex/vanilla/gnu/rel\libqep_cortex-m3.a(qhsm_top.o)
                0x08002d68                QHsm_top
 .text          0x08002d6c       0x70 c:/tools/devkitpro/devkitarm/bin/../lib/gcc/arm-eabi/4.4.2/../../../../arm-eabi/lib/thumb/thumb2\libc.a(lib_a-init.o)
                0x08002d6c                __libc_fini_array
                0x08002d94                __libc_init_array
 *(.text*)
 *(.rodata)
 .rodata        0x08002ddc       0x1c rel/philo.o
                0x08002de4                AO_Philo
 .rodata        0x08002df8        0xc rel/table.o
                0x08002e00                AO_Table
 .rodata        0x08002e04       0x14 rel/system_stm32f10x.o
                0x08002e04                SystemFrequency
                0x08002e08                SystemFrequency_SysClk
                0x08002e0c                SystemFrequency_AHBClk
                0x08002e10                SystemFrequency_APB1Clk
                0x08002e14                SystemFrequency_APB2Clk
 .rodata        0x08002e18       0x5c rel/stm32_eval.o
                0x08002e18                GPIO_PIN
                0x08002e20                GPIO_CLK
                0x08002e30                COM_POR_CLK
                0x08002e34                COM_USART_CLK
                0x08002e38                COM_TX_PIN
                0x08002e3c                COM_RX_PIN
                0x08002e40                BUTTON_PIN
                0x08002e48                BUTTON_CLK
                0x08002e54                BUTTON_PORT_SOURCE
                0x08002e5c                BUTTON_PIN_SOURCE
                0x08002e64                BUTTON_EXTI_LINE
                0x08002e6c                BUTTON_IRQn
 .rodata        0x08002e74     0x11d0 rel/stm3210c_eval_lcd.o
                0x08002e74                ASCII_Table
 .rodata        0x08004044        0x8 ../../../../../ports/arm-cortex/vanilla/gnu/rel\libqf_cortex-m3.a(qa_fifo.o)
 .rodata        0x0800404c        0x8 ../../../../../ports/arm-cortex/vanilla/gnu/rel\libqf_cortex-m3.a(qa_sub.o)
 .rodata        0x08004054       0x10 ../../../../../ports/arm-cortex/vanilla/gnu/rel\libqf_cortex-m3.a(qf_act.o)
 .rodata        0x08004064        0x8 ../../../../../ports/arm-cortex/vanilla/gnu/rel\libqf_cortex-m3.a(qf_new.o)
 .rodata        0x0800406c        0x8 ../../../../../ports/arm-cortex/vanilla/gnu/rel\libqf_cortex-m3.a(qf_pool.o)
 .rodata        0x08004074        0xc ../../../../../ports/arm-cortex/vanilla/gnu/rel\libqf_cortex-m3.a(qf_pspub.o)
 .rodata        0x08004080       0xcc ../../../../../ports/arm-cortex/vanilla/gnu/rel\libqf_cortex-m3.a(qf_pwr2.o)
                0x08004080                QF_pwr2Lkup
                0x080040c4                QF_invPwr2Lkup
                0x08004108                QF_div8Lkup
 .rodata        0x0800414c        0x8 ../../../../../ports/arm-cortex/vanilla/gnu/rel\libqf_cortex-m3.a(qmp_get.o)
 .rodata        0x08004154        0xc ../../../../../ports/arm-cortex/vanilla/gnu/rel\libqf_cortex-m3.a(qmp_init.o)
 .rodata        0x08004160        0xc ../../../../../ports/arm-cortex/vanilla/gnu/rel\libqf_cortex-m3.a(qte_ctor.o)
 .rodata        0x0800416c        0x8 ../../../../../ports/arm-cortex/vanilla/gnu/rel\libqf_cortex-m3.a(qte_arm.o)
 .rodata        0x08004174       0x14 ../../../../../ports/arm-cortex/vanilla/gnu/rel\libqf_cortex-m3.a(qvanilla.o)
 .rodata        0x08004188        0x8 ../../../../../ports/arm-cortex/vanilla/gnu/rel\libqf_cortex-m3.a(qa_get_.o)
 .rodata        0x08004190        0x8 ../../../../../ports/arm-cortex/vanilla/gnu/rel\libqf_cortex-m3.a(qf_gc.o)
 .rodata        0x08004198      0x100 ../../../../../ports/arm-cortex/vanilla/gnu/rel\libqf_cortex-m3.a(qf_log2.o)
                0x08004198                QF_log2Lkup
 .rodata        0x08004298        0x8 ../../../../../ports/arm-cortex/vanilla/gnu/rel\libqf_cortex-m3.a(qmp_put.o)
 .rodata        0x080042a0        0xc ../../../../../ports/arm-cortex/vanilla/gnu/rel\libqep_cortex-m3.a(qhsm_ini.o)
 .rodata        0x080042ac        0xc ../../../../../ports/arm-cortex/vanilla/gnu/rel\libqep_cortex-m3.a(qhsm_dis.o)
 .rodata        0x080042b8       0x10 ../../../../../ports/arm-cortex/vanilla/gnu/rel\libqep_cortex-m3.a(qep.o)
                0x080042c0                QEP_reservedEvt_
 *(.rodata*)
 .rodata.str1.1
                0x080042c8       0x6b rel/bsp.o
 .rodata.str1.1
                0x08004333       0x1b rel/table.o
 .rodata.str1.1
                0x0800434e       0x15 rel/startup_stm32f10x_cl.o
 .rodata.str1.1
                0x08004363       0x15 rel/stm3210c_eval_lcd.o
 *(.init)
 .init          0x08004378        0x4 c:/tools/devkitpro/devkitarm/bin/../lib/gcc/arm-eabi/4.4.2/thumb/thumb2/crti.o
                0x08004378                _init
 .init          0x0800437c        0x8 c:/tools/devkitpro/devkitarm/bin/../lib/gcc/arm-eabi/4.4.2/thumb/thumb2/crtn.o
 *(.fini)
 .fini          0x08004384        0x4 c:/tools/devkitpro/devkitarm/bin/../lib/gcc/arm-eabi/4.4.2/thumb/thumb2/crti.o
                0x08004384                _fini
 .fini          0x08004388        0x8 c:/tools/devkitpro/devkitarm/bin/../lib/gcc/arm-eabi/4.4.2/thumb/thumb2/crtn.o
                0x08004390                . = ALIGN (0x4)
                0x08004390                _etext = .

.glue_7         0x08004390        0x0
 .glue_7        0x00000000        0x0 linker stubs

.glue_7t        0x08004390        0x0
 .glue_7t       0x00000000        0x0 linker stubs

.vfp11_veneer   0x08004390        0x0
 .vfp11_veneer  0x00000000        0x0 linker stubs

.v4_bx          0x08004390        0x0
 .v4_bx         0x00000000        0x0 linker stubs

.preinit_array  0x08004390        0x0
                0x08004390                PROVIDE (__preinit_array_start, .)
 *(.preinit_array*)
                0x08004390                PROVIDE (__preinit_array_end, .)

.init_array     0x08004390        0x4
                0x08004390                PROVIDE (__init_array_start, .)
 *(SORT(.init_array.*))
 *(.init_array*)
 .init_array    0x08004390        0x4 c:/tools/devkitpro/devkitarm/bin/../lib/gcc/arm-eabi/4.4.2/thumb/thumb2/crtbegin.o
                0x08004394                PROVIDE (__init_array_end, .)

.fini_array     0x08004394        0x4
                0x08004394                PROVIDE (__fini_array_start, .)
 *(.fini_array*)
 .fini_array    0x08004394        0x4 c:/tools/devkitpro/devkitarm/bin/../lib/gcc/arm-eabi/4.4.2/thumb/thumb2/crtbegin.o
 *(SORT(.fini_array.*))
                0x08004398                PROVIDE (__fini_array_end, .)

.data           0x20000000       0x3c load address 0x08004398
                0x08004398                __data_load = LOADADDR (.data)
                0x20000000                __data_start = .
 *(.data)
 .data          0x20000000       0x24 rel/stm32_eval.o
                0x20000000                GPIO_PORT
                0x20000010                COM_PORT
                0x20000014                COM_USART
                0x20000018                BUTTON_PORT
 .data          0x20000024        0x2 rel/stm3210c_eval_lcd.o
 *fill*         0x20000026        0x2 00
 .data          0x20000028       0x14 rel/stm32f10x_rcc.o
 *(.data*)
                0x2000003c                . = ALIGN (0x4)
                0x2000003c                __data_end__ = .
                0x2000003c                _edata = __data_end__

.jcr            0x2000003c        0x0
 .jcr           0x2000003c        0x0 c:/tools/devkitpro/devkitarm/bin/../lib/gcc/arm-eabi/4.4.2/thumb/thumb2/crtbegin.o

.bss            0x2000003c      0x358 load address 0x080043d4
                0x2000003c                __bss_start__ = .
 *(.bss)
 .bss           0x2000003c       0x1c c:/tools/devkitpro/devkitarm/bin/../lib/gcc/arm-eabi/4.4.2/thumb/thumb2/crtbegin.o
 .bss           0x20000058       0xd8 rel/main.o
 .bss           0x20000130       0xe0 rel/philo.o
 .bss           0x20000210       0x24 rel/table.o
 .bss           0x20000234        0x2 rel/stm3210c_eval_lcd.o
 .bss           0x20000236        0x1 ../../../../../ports/arm-cortex/vanilla/gnu/rel\libqf_cortex-m3.a(qf_tick.o)
 *(.bss*)
 *(COMMON)
 *fill*         0x20000237        0x1 00
 COMMON         0x20000238      0x104 ../../../../../ports/arm-cortex/vanilla/gnu/rel\libqf_cortex-m3.a(qf_act.o)
                0x20000238                QF_intLockNest_
                0x2000023c                QF_active_
 COMMON         0x2000033c       0x3d ../../../../../ports/arm-cortex/vanilla/gnu/rel\libqf_cortex-m3.a(qf_pool.o)
                0x2000033c                QF_pool_
                0x20000378                QF_maxPool_
 *fill*         0x20000379        0x3 00
 COMMON         0x2000037c        0x8 ../../../../../ports/arm-cortex/vanilla/gnu/rel\libqf_cortex-m3.a(qf_psini.o)
                0x2000037c                QF_maxSignal_
                0x20000380                QF_subscrList_
 COMMON         0x20000384        0x4 ../../../../../ports/arm-cortex/vanilla/gnu/rel\libqf_cortex-m3.a(qte_arm.o)
                0x20000384                QF_timeEvtListHead_
 COMMON         0x20000388        0x9 ../../../../../ports/arm-cortex/vanilla/gnu/rel\libqf_cortex-m3.a(qvanilla.o)
                0x20000388                QF_readySet_
                0x20000394                . = ALIGN (0x4)
 *fill*         0x20000391        0x3 00
                0x20000394                _ebss = .
                0x20000394                __bss_end__ = .
                0x20000394                PROVIDE (end, _ebss)
                0x20000394                PROVIDE (_end, _ebss)
                0x20000394                PROVIDE (__end__, _ebss)

.heap           0x20000394        0x0 load address 0x080043d4
                0x20000394                __heap_start__ = .
                0x20000394                . = (. + HEAP_SIZE)
                0x20000394                . = ALIGN (0x4)
                0x20000394                __heap_end__ = .

.stack          0x20000394      0x400 load address 0x080043d4
                0x20000394                __stack_start__ = .
                0x20000794                . = (. + STACK_SIZE)
 *fill*         0x20000394      0x400 00
                0x20000794                . = ALIGN (0x4)
                0x20000794                __c_stack_top__ = .
                0x20000794                __stack_end__ = .

/DISCARD/
 libc.a(*)
 libm.a(*)
 libgcc.a(*)
OUTPUT(rel/dpp.elf elf32-littlearm)

.ARM.attributes
                0x00000000       0x25
 .ARM.attributes
                0x00000000       0x17 c:/tools/devkitpro/devkitarm/bin/../lib/gcc/arm-eabi/4.4.2/thumb/thumb2/crti.o
 .ARM.attributes
                0x00000017       0x27 c:/tools/devkitpro/devkitarm/bin/../lib/gcc/arm-eabi/4.4.2/thumb/thumb2/crtbegin.o
 .ARM.attributes
                0x0000003e       0x17 c:/tools/devkitpro/devkitarm/bin/../lib/gcc/arm-eabi/4.4.2/../../../../arm-eabi/lib/thumb/thumb2/crt0.o
 .ARM.attributes
                0x00000055       0x31 rel/bsp.o
 .ARM.attributes
                0x00000086       0x31 rel/main.o
 .ARM.attributes
                0x000000b7       0x31 rel/no_heap.o
 .ARM.attributes
                0x000000e8       0x31 rel/philo.o
 .ARM.attributes
                0x00000119       0x31 rel/table.o
 .ARM.attributes
                0x0000014a       0x31 rel/startup_stm32f10x_cl.o
 .ARM.attributes
                0x0000017b       0x31 rel/core_cm3.o
 .ARM.attributes
                0x000001ac       0x31 rel/system_stm32f10x.o
 .ARM.attributes
                0x000001dd       0x31 rel/stm32_eval.o
 .ARM.attributes
                0x0000020e       0x31 rel/stm3210c_eval_lcd.o
 .ARM.attributes
                0x0000023f       0x31 rel/stm3210c_eval_ioe.o
 .ARM.attributes
                0x00000270       0x31 rel/misc.o
 .ARM.attributes
                0x000002a1       0x31 rel/stm32f10x_adc.o
 .ARM.attributes
                0x000002d2       0x31 rel/stm32f10x_bkp.o
 .ARM.attributes
                0x00000303       0x31 rel/stm32f10x_can.o
 .ARM.attributes
                0x00000334       0x31 rel/stm32f10x_crc.o
 .ARM.attributes
                0x00000365       0x31 rel/stm32f10x_dac.o
 .ARM.attributes
                0x00000396       0x31 rel/stm32f10x_dbgmcu.o
 .ARM.attributes
                0x000003c7       0x31 rel/stm32f10x_dma.o
 .ARM.attributes
                0x000003f8       0x31 rel/stm32f10x_exti.o
 .ARM.attributes
                0x00000429       0x31 rel/stm32f10x_flash.o
 .ARM.attributes
                0x0000045a       0x31 rel/stm32f10x_fsmc.o
 .ARM.attributes
                0x0000048b       0x31 rel/stm32f10x_gpio.o
 .ARM.attributes
                0x000004bc       0x31 rel/stm32f10x_i2c.o
 .ARM.attributes
                0x000004ed       0x31 rel/stm32f10x_iwdg.o
 .ARM.attributes
                0x0000051e       0x31 rel/stm32f10x_pwr.o
 .ARM.attributes
                0x0000054f       0x31 rel/stm32f10x_rcc.o
 .ARM.attributes
                0x00000580       0x31 rel/stm32f10x_rtc.o
 .ARM.attributes
                0x000005b1       0x31 rel/stm32f10x_sdio.o
 .ARM.attributes
                0x000005e2       0x31 rel/stm32f10x_spi.o
 .ARM.attributes
                0x00000613       0x31 rel/stm32f10x_tim.o
 .ARM.attributes
                0x00000644       0x31 rel/stm32f10x_usart.o
 .ARM.attributes
                0x00000675       0x31 rel/stm32f10x_wwdg.o
 .ARM.attributes
                0x000006a6       0x31 ../../../../../ports/arm-cortex/vanilla/gnu/rel\libqf_cortex-m3.a(qa_fifo.o)
 .ARM.attributes
                0x000006d7       0x31 ../../../../../ports/arm-cortex/vanilla/gnu/rel\libqf_cortex-m3.a(qa_sub.o)
 .ARM.attributes
                0x00000708       0x31 ../../../../../ports/arm-cortex/vanilla/gnu/rel\libqf_cortex-m3.a(qf_act.o)
 .ARM.attributes
                0x00000739       0x31 ../../../../../ports/arm-cortex/vanilla/gnu/rel\libqf_cortex-m3.a(qf_new.o)
 .ARM.attributes
                0x0000076a       0x31 ../../../../../ports/arm-cortex/vanilla/gnu/rel\libqf_cortex-m3.a(qf_pool.o)
 .ARM.attributes
                0x0000079b       0x31 ../../../../../ports/arm-cortex/vanilla/gnu/rel\libqf_cortex-m3.a(qf_psini.o)
 .ARM.attributes
                0x000007cc       0x31 ../../../../../ports/arm-cortex/vanilla/gnu/rel\libqf_cortex-m3.a(qf_pspub.o)
 .ARM.attributes
                0x000007fd       0x31 ../../../../../ports/arm-cortex/vanilla/gnu/rel\libqf_cortex-m3.a(qf_pwr2.o)
 .ARM.attributes
                0x0000082e       0x31 ../../../../../ports/arm-cortex/vanilla/gnu/rel\libqf_cortex-m3.a(qf_tick.o)
 .ARM.attributes
                0x0000085f       0x31 ../../../../../ports/arm-cortex/vanilla/gnu/rel\libqf_cortex-m3.a(qmp_get.o)
 .ARM.attributes
                0x00000890       0x31 ../../../../../ports/arm-cortex/vanilla/gnu/rel\libqf_cortex-m3.a(qmp_init.o)
 .ARM.attributes
                0x000008c1       0x31 ../../../../../ports/arm-cortex/vanilla/gnu/rel\libqf_cortex-m3.a(qte_ctor.o)
 .ARM.attributes
                0x000008f2       0x31 ../../../../../ports/arm-cortex/vanilla/gnu/rel\libqf_cortex-m3.a(qte_arm.o)
 .ARM.attributes
                0x00000923       0x31 ../../../../../ports/arm-cortex/vanilla/gnu/rel\libqf_cortex-m3.a(qvanilla.o)
 .ARM.attributes
                0x00000954       0x31 ../../../../../ports/arm-cortex/vanilla/gnu/rel\libqf_cortex-m3.a(qa_get_.o)
 .ARM.attributes
                0x00000985       0x31 ../../../../../ports/arm-cortex/vanilla/gnu/rel\libqf_cortex-m3.a(qeq_init.o)
 .ARM.attributes
                0x000009b6       0x31 ../../../../../ports/arm-cortex/vanilla/gnu/rel\libqf_cortex-m3.a(qf_gc.o)
 .ARM.attributes
                0x000009e7       0x31 ../../../../../ports/arm-cortex/vanilla/gnu/rel\libqf_cortex-m3.a(qf_log2.o)
 .ARM.attributes
                0x00000a18       0x31 ../../../../../ports/arm-cortex/vanilla/gnu/rel\libqf_cortex-m3.a(qmp_put.o)
 .ARM.attributes
                0x00000a49       0x31 ../../../../../ports/arm-cortex/vanilla/gnu/rel\libqep_cortex-m3.a(qhsm_ini.o)
 .ARM.attributes
                0x00000a7a       0x31 ../../../../../ports/arm-cortex/vanilla/gnu/rel\libqep_cortex-m3.a(qhsm_dis.o)
 .ARM.attributes
                0x00000aab       0x31 ../../../../../ports/arm-cortex/vanilla/gnu/rel\libqep_cortex-m3.a(qhsm_top.o)
 .ARM.attributes
                0x00000adc       0x31 ../../../../../ports/arm-cortex/vanilla/gnu/rel\libqep_cortex-m3.a(qep.o)
 .ARM.attributes
                0x00000b0d       0x27 c:/tools/devkitpro/devkitarm/bin/../lib/gcc/arm-eabi/4.4.2/../../../../arm-eabi/lib/thumb/thumb2\libc.a(lib_a-atexit.o)
 .ARM.attributes
                0x00000b34       0x27 c:/tools/devkitpro/devkitarm/bin/../lib/gcc/arm-eabi/4.4.2/../../../../arm-eabi/lib/thumb/thumb2\libc.a(lib_a-exit.o)
 .ARM.attributes
                0x00000b5b       0x27 c:/tools/devkitpro/devkitarm/bin/../lib/gcc/arm-eabi/4.4.2/../../../../arm-eabi/lib/thumb/thumb2\libc.a(lib_a-impure.o)
 .ARM.attributes
                0x00000b82       0x27 c:/tools/devkitpro/devkitarm/bin/../lib/gcc/arm-eabi/4.4.2/../../../../arm-eabi/lib/thumb/thumb2\libc.a(lib_a-init.o)
 .ARM.attributes
                0x00000ba9       0x27 c:/tools/devkitpro/devkitarm/bin/../lib/gcc/arm-eabi/4.4.2/../../../../arm-eabi/lib/thumb/thumb2\libc.a(lib_a-memset.o)
 .ARM.attributes
                0x00000bd0       0x27 c:/tools/devkitpro/devkitarm/bin/../lib/gcc/arm-eabi/4.4.2/../../../../arm-eabi/lib/thumb/thumb2\libc.a(lib_a-__atexit.o)
 .ARM.attributes
                0x00000bf7       0x27 c:/tools/devkitpro/devkitarm/bin/../lib/gcc/arm-eabi/4.4.2/../../../../arm-eabi/lib/thumb/thumb2\libc.a(lib_a-__call_atexit.o)
 .ARM.attributes
                0x00000c1e       0x27 c:/tools/devkitpro/devkitarm/bin/../lib/gcc/arm-eabi/4.4.2/../../../../arm-eabi/lib/thumb/thumb2\libc.a(lib_a-findfp.o)
 .ARM.attributes
                0x00000c45       0x27 c:/tools/devkitpro/devkitarm/bin/../lib/gcc/arm-eabi/4.4.2/../../../../arm-eabi/lib/thumb/thumb2\libc.a(lib_a-fwalk.o)
 .ARM.attributes
                0x00000c6c       0x27 c:/tools/devkitpro/devkitarm/bin/../lib/gcc/arm-eabi/4.4.2/../../../../arm-eabi/lib/thumb/thumb2\libc.a(lib_a-mallocr.o)
 .ARM.attributes
                0x00000c93       0x27 c:/tools/devkitpro/devkitarm/bin/../lib/gcc/arm-eabi/4.4.2/../../../../arm-eabi/lib/thumb/thumb2\libc.a(lib_a-mlock.o)
 .ARM.attributes
                0x00000cba       0x27 c:/tools/devkitpro/devkitarm/bin/../lib/gcc/arm-eabi/4.4.2/../../../../arm-eabi/lib/thumb/thumb2\libc.a(lib_a-stdio.o)
 .ARM.attributes
                0x00000ce1       0x27 c:/tools/devkitpro/devkitarm/bin/../lib/gcc/arm-eabi/4.4.2/../../../../arm-eabi/lib/thumb/thumb2\libc.a(lib_a-fclose.o)
 .ARM.attributes
                0x00000d08       0x27 c:/tools/devkitpro/devkitarm/bin/../lib/gcc/arm-eabi/4.4.2/../../../../arm-eabi/lib/thumb/thumb2\libc.a(lib_a-fflush.o)
 .ARM.attributes
                0x00000d2f       0x27 c:/tools/devkitpro/devkitarm/bin/../lib/gcc/arm-eabi/4.4.2/../../../../arm-eabi/lib/thumb/thumb2\libc.a(lib_a-freer.o)
 .ARM.attributes
                0x00000d56       0x27 c:/tools/devkitpro/devkitarm/bin/../lib/gcc/arm-eabi/4.4.2/../../../../arm-eabi/lib/thumb/thumb2\libsysbase.a(close.o)
 .ARM.attributes
                0x00000d7d       0x27 c:/tools/devkitpro/devkitarm/bin/../lib/gcc/arm-eabi/4.4.2/../../../../arm-eabi/lib/thumb/thumb2\libsysbase.a(lseek.o)
 .ARM.attributes
                0x00000da4       0x27 c:/tools/devkitpro/devkitarm/bin/../lib/gcc/arm-eabi/4.4.2/../../../../arm-eabi/lib/thumb/thumb2\libsysbase.a(read.o)
 .ARM.attributes
                0x00000dcb       0x27 c:/tools/devkitpro/devkitarm/bin/../lib/gcc/arm-eabi/4.4.2/../../../../arm-eabi/lib/thumb/thumb2\libsysbase.a(sbrk.o)
 .ARM.attributes
                0x00000df2       0x27 c:/tools/devkitpro/devkitarm/bin/../lib/gcc/arm-eabi/4.4.2/../../../../arm-eabi/lib/thumb/thumb2\libsysbase.a(write.o)
 .ARM.attributes
                0x00000e19       0x27 c:/tools/devkitpro/devkitarm/bin/../lib/gcc/arm-eabi/4.4.2/../../../../arm-eabi/lib/thumb/thumb2\libsysbase.a(_exit.o)
 .ARM.attributes
                0x00000e40       0x27 c:/tools/devkitpro/devkitarm/bin/../lib/gcc/arm-eabi/4.4.2/../../../../arm-eabi/lib/thumb/thumb2\libsysbase.a(malloc_vars.o)
 .ARM.attributes
                0x00000e67       0x27 c:/tools/devkitpro/devkitarm/bin/../lib/gcc/arm-eabi/4.4.2/../../../../arm-eabi/lib/thumb/thumb2\libsysbase.a(syscall_support.o)
 .ARM.attributes
                0x00000e8e       0x27 c:/tools/devkitpro/devkitarm/bin/../lib/gcc/arm-eabi/4.4.2/../../../../arm-eabi/lib/thumb/thumb2\libsysbase.a(handle_manager.o)
 .ARM.attributes
                0x00000eb5       0x27 c:/tools/devkitpro/devkitarm/bin/../lib/gcc/arm-eabi/4.4.2/../../../../arm-eabi/lib/thumb/thumb2\libsysbase.a(iosupport.o)
 .ARM.attributes
                0x00000edc       0x27 c:/tools/devkitpro/devkitarm/bin/../lib/gcc/arm-eabi/4.4.2/../../../../arm-eabi/lib/thumb/thumb2\libc.a(lib_a-strchr.o)
 .ARM.attributes
                0x00000f03       0x27 c:/tools/devkitpro/devkitarm/bin/../lib/gcc/arm-eabi/4.4.2/../../../../arm-eabi/lib/thumb/thumb2\libc.a(lib_a-strcmp.o)
 .ARM.attributes
                0x00000f2a       0x27 c:/tools/devkitpro/devkitarm/bin/../lib/gcc/arm-eabi/4.4.2/../../../../arm-eabi/lib/thumb/thumb2\libc.a(lib_a-strlen.o)
 .ARM.attributes
                0x00000f51       0x27 c:/tools/devkitpro/devkitarm/bin/../lib/gcc/arm-eabi/4.4.2/../../../../arm-eabi/lib/thumb/thumb2\libc.a(lib_a-strncmp.o)
 .ARM.attributes
                0x00000f78       0x27 c:/tools/devkitpro/devkitarm/bin/../lib/gcc/arm-eabi/4.4.2/thumb/thumb2/crtend.o
 .ARM.attributes
                0x00000f9f       0x17 c:/tools/devkitpro/devkitarm/bin/../lib/gcc/arm-eabi/4.4.2/thumb/thumb2/crtn.o

.comment        0x00000000       0x22
 .comment       0x00000000       0x22 c:/tools/devkitpro/devkitarm/bin/../lib/gcc/arm-eabi/4.4.2/thumb/thumb2/crtbegin.o
                                 0x23 (size before relaxing)
 .comment       0x00000000       0x23 rel/bsp.o
 .comment       0x00000000       0x23 rel/main.o
 .comment       0x00000000       0x23 rel/no_heap.o
 .comment       0x00000000       0x23 rel/philo.o
 .comment       0x00000000       0x23 rel/table.o
 .comment       0x00000000       0x23 rel/startup_stm32f10x_cl.o
 .comment       0x00000000       0x23 rel/core_cm3.o
 .comment       0x00000000       0x23 rel/system_stm32f10x.o
 .comment       0x00000000       0x23 rel/stm32_eval.o
 .comment       0x00000000       0x23 rel/stm3210c_eval_lcd.o
 .comment       0x00000000       0x23 rel/stm3210c_eval_ioe.o
 .comment       0x00000000       0x23 rel/misc.o
 .comment       0x00000000       0x23 rel/stm32f10x_adc.o
 .comment       0x00000000       0x23 rel/stm32f10x_bkp.o
 .comment       0x00000000       0x23 rel/stm32f10x_can.o
 .comment       0x00000000       0x23 rel/stm32f10x_crc.o
 .comment       0x00000000       0x23 rel/stm32f10x_dac.o
 .comment       0x00000000       0x23 rel/stm32f10x_dbgmcu.o
 .comment       0x00000000       0x23 rel/stm32f10x_dma.o
 .comment       0x00000000       0x23 rel/stm32f10x_exti.o
 .comment       0x00000000       0x23 rel/stm32f10x_flash.o
 .comment       0x00000000       0x23 rel/stm32f10x_fsmc.o
 .comment       0x00000000       0x23 rel/stm32f10x_gpio.o
 .comment       0x00000000       0x23 rel/stm32f10x_i2c.o
 .comment       0x00000000       0x23 rel/stm32f10x_iwdg.o
 .comment       0x00000000       0x23 rel/stm32f10x_pwr.o
 .comment       0x00000000       0x23 rel/stm32f10x_rcc.o
 .comment       0x00000000       0x23 rel/stm32f10x_rtc.o
 .comment       0x00000000       0x23 rel/stm32f10x_sdio.o
 .comment       0x00000000       0x23 rel/stm32f10x_spi.o
 .comment       0x00000000       0x23 rel/stm32f10x_tim.o
 .comment       0x00000000       0x23 rel/stm32f10x_usart.o
 .comment       0x00000000       0x23 rel/stm32f10x_wwdg.o
 .comment       0x00000000       0x23 ../../../../../ports/arm-cortex/vanilla/gnu/rel\libqf_cortex-m3.a(qa_fifo.o)
 .comment       0x00000000       0x23 ../../../../../ports/arm-cortex/vanilla/gnu/rel\libqf_cortex-m3.a(qa_sub.o)
 .comment       0x00000000       0x23 ../../../../../ports/arm-cortex/vanilla/gnu/rel\libqf_cortex-m3.a(qf_act.o)
 .comment       0x00000000       0x23 ../../../../../ports/arm-cortex/vanilla/gnu/rel\libqf_cortex-m3.a(qf_new.o)
 .comment       0x00000000       0x23 ../../../../../ports/arm-cortex/vanilla/gnu/rel\libqf_cortex-m3.a(qf_pool.o)
 .comment       0x00000000       0x23 ../../../../../ports/arm-cortex/vanilla/gnu/rel\libqf_cortex-m3.a(qf_psini.o)
 .comment       0x00000000       0x23 ../../../../../ports/arm-cortex/vanilla/gnu/rel\libqf_cortex-m3.a(qf_pspub.o)
 .comment       0x00000000       0x23 ../../../../../ports/arm-cortex/vanilla/gnu/rel\libqf_cortex-m3.a(qf_pwr2.o)
 .comment       0x00000000       0x23 ../../../../../ports/arm-cortex/vanilla/gnu/rel\libqf_cortex-m3.a(qf_tick.o)
 .comment       0x00000000       0x23 ../../../../../ports/arm-cortex/vanilla/gnu/rel\libqf_cortex-m3.a(qmp_get.o)
 .comment       0x00000000       0x23 ../../../../../ports/arm-cortex/vanilla/gnu/rel\libqf_cortex-m3.a(qmp_init.o)
 .comment       0x00000000       0x23 ../../../../../ports/arm-cortex/vanilla/gnu/rel\libqf_cortex-m3.a(qte_ctor.o)
 .comment       0x00000000       0x23 ../../../../../ports/arm-cortex/vanilla/gnu/rel\libqf_cortex-m3.a(qte_arm.o)
 .comment       0x00000000       0x23 ../../../../../ports/arm-cortex/vanilla/gnu/rel\libqf_cortex-m3.a(qvanilla.o)
 .comment       0x00000000       0x23 ../../../../../ports/arm-cortex/vanilla/gnu/rel\libqf_cortex-m3.a(qa_get_.o)
 .comment       0x00000000       0x23 ../../../../../ports/arm-cortex/vanilla/gnu/rel\libqf_cortex-m3.a(qeq_init.o)
 .comment       0x00000000       0x23 ../../../../../ports/arm-cortex/vanilla/gnu/rel\libqf_cortex-m3.a(qf_gc.o)
 .comment       0x00000000       0x23 ../../../../../ports/arm-cortex/vanilla/gnu/rel\libqf_cortex-m3.a(qf_log2.o)
 .comment       0x00000000       0x23 ../../../../../ports/arm-cortex/vanilla/gnu/rel\libqf_cortex-m3.a(qmp_put.o)
 .comment       0x00000000       0x23 ../../../../../ports/arm-cortex/vanilla/gnu/rel\libqep_cortex-m3.a(qhsm_ini.o)
 .comment       0x00000000       0x23 ../../../../../ports/arm-cortex/vanilla/gnu/rel\libqep_cortex-m3.a(qhsm_dis.o)
 .comment       0x00000000       0x23 ../../../../../ports/arm-cortex/vanilla/gnu/rel\libqep_cortex-m3.a(qhsm_top.o)
 .comment       0x00000000       0x23 ../../../../../ports/arm-cortex/vanilla/gnu/rel\libqep_cortex-m3.a(qep.o)
 .comment       0x00000000       0x23 c:/tools/devkitpro/devkitarm/bin/../lib/gcc/arm-eabi/4.4.2/../../../../arm-eabi/lib/thumb/thumb2\libc.a(lib_a-atexit.o)
 .comment       0x00000000       0x23 c:/tools/devkitpro/devkitarm/bin/../lib/gcc/arm-eabi/4.4.2/../../../../arm-eabi/lib/thumb/thumb2\libc.a(lib_a-exit.o)
 .comment       0x00000000       0x23 c:/tools/devkitpro/devkitarm/bin/../lib/gcc/arm-eabi/4.4.2/../../../../arm-eabi/lib/thumb/thumb2\libc.a(lib_a-impure.o)
 .comment       0x00000000       0x23 c:/tools/devkitpro/devkitarm/bin/../lib/gcc/arm-eabi/4.4.2/../../../../arm-eabi/lib/thumb/thumb2\libc.a(lib_a-init.o)
 .comment       0x00000000       0x23 c:/tools/devkitpro/devkitarm/bin/../lib/gcc/arm-eabi/4.4.2/../../../../arm-eabi/lib/thumb/thumb2\libc.a(lib_a-memset.o)
 .comment       0x00000000       0x23 c:/tools/devkitpro/devkitarm/bin/../lib/gcc/arm-eabi/4.4.2/../../../../arm-eabi/lib/thumb/thumb2\libc.a(lib_a-__atexit.o)
 .comment       0x00000000       0x23 c:/tools/devkitpro/devkitarm/bin/../lib/gcc/arm-eabi/4.4.2/../../../../arm-eabi/lib/thumb/thumb2\libc.a(lib_a-__call_atexit.o)
 .comment       0x00000000       0x23 c:/tools/devkitpro/devkitarm/bin/../lib/gcc/arm-eabi/4.4.2/../../../../arm-eabi/lib/thumb/thumb2\libc.a(lib_a-findfp.o)
 .comment       0x00000000       0x23 c:/tools/devkitpro/devkitarm/bin/../lib/gcc/arm-eabi/4.4.2/../../../../arm-eabi/lib/thumb/thumb2\libc.a(lib_a-fwalk.o)
 .comment       0x00000000       0x23 c:/tools/devkitpro/devkitarm/bin/../lib/gcc/arm-eabi/4.4.2/../../../../arm-eabi/lib/thumb/thumb2\libc.a(lib_a-mallocr.o)
 .comment       0x00000000       0x23 c:/tools/devkitpro/devkitarm/bin/../lib/gcc/arm-eabi/4.4.2/../../../../arm-eabi/lib/thumb/thumb2\libc.a(lib_a-mlock.o)
 .comment       0x00000000       0x23 c:/tools/devkitpro/devkitarm/bin/../lib/gcc/arm-eabi/4.4.2/../../../../arm-eabi/lib/thumb/thumb2\libc.a(lib_a-stdio.o)
 .comment       0x00000000       0x23 c:/tools/devkitpro/devkitarm/bin/../lib/gcc/arm-eabi/4.4.2/../../../../arm-eabi/lib/thumb/thumb2\libc.a(lib_a-fclose.o)
 .comment       0x00000000       0x23 c:/tools/devkitpro/devkitarm/bin/../lib/gcc/arm-eabi/4.4.2/../../../../arm-eabi/lib/thumb/thumb2\libc.a(lib_a-fflush.o)
 .comment       0x00000000       0x23 c:/tools/devkitpro/devkitarm/bin/../lib/gcc/arm-eabi/4.4.2/../../../../arm-eabi/lib/thumb/thumb2\libc.a(lib_a-freer.o)
 .comment       0x00000000       0x23 c:/tools/devkitpro/devkitarm/bin/../lib/gcc/arm-eabi/4.4.2/../../../../arm-eabi/lib/thumb/thumb2\libsysbase.a(close.o)
 .comment       0x00000000       0x23 c:/tools/devkitpro/devkitarm/bin/../lib/gcc/arm-eabi/4.4.2/../../../../arm-eabi/lib/thumb/thumb2\libsysbase.a(lseek.o)
 .comment       0x00000000       0x23 c:/tools/devkitpro/devkitarm/bin/../lib/gcc/arm-eabi/4.4.2/../../../../arm-eabi/lib/thumb/thumb2\libsysbase.a(read.o)
 .comment       0x00000000       0x23 c:/tools/devkitpro/devkitarm/bin/../lib/gcc/arm-eabi/4.4.2/../../../../arm-eabi/lib/thumb/thumb2\libsysbase.a(sbrk.o)
 .comment       0x00000000       0x23 c:/tools/devkitpro/devkitarm/bin/../lib/gcc/arm-eabi/4.4.2/../../../../arm-eabi/lib/thumb/thumb2\libsysbase.a(write.o)
 .comment       0x00000000       0x23 c:/tools/devkitpro/devkitarm/bin/../lib/gcc/arm-eabi/4.4.2/../../../../arm-eabi/lib/thumb/thumb2\libsysbase.a(_exit.o)
 .comment       0x00000000       0x23 c:/tools/devkitpro/devkitarm/bin/../lib/gcc/arm-eabi/4.4.2/../../../../arm-eabi/lib/thumb/thumb2\libsysbase.a(malloc_vars.o)
 .comment       0x00000000       0x23 c:/tools/devkitpro/devkitarm/bin/../lib/gcc/arm-eabi/4.4.2/../../../../arm-eabi/lib/thumb/thumb2\libsysbase.a(syscall_support.o)
 .comment       0x00000000       0x23 c:/tools/devkitpro/devkitarm/bin/../lib/gcc/arm-eabi/4.4.2/../../../../arm-eabi/lib/thumb/thumb2\libsysbase.a(handle_manager.o)
 .comment       0x00000000       0x23 c:/tools/devkitpro/devkitarm/bin/../lib/gcc/arm-eabi/4.4.2/../../../../arm-eabi/lib/thumb/thumb2\libsysbase.a(iosupport.o)
 .comment       0x00000000       0x23 c:/tools/devkitpro/devkitarm/bin/../lib/gcc/arm-eabi/4.4.2/../../../../arm-eabi/lib/thumb/thumb2\libc.a(lib_a-strchr.o)
 .comment       0x00000000       0x23 c:/tools/devkitpro/devkitarm/bin/../lib/gcc/arm-eabi/4.4.2/../../../../arm-eabi/lib/thumb/thumb2\libc.a(lib_a-strcmp.o)
 .comment       0x00000000       0x23 c:/tools/devkitpro/devkitarm/bin/../lib/gcc/arm-eabi/4.4.2/../../../../arm-eabi/lib/thumb/thumb2\libc.a(lib_a-strlen.o)
 .comment       0x00000000       0x23 c:/tools/devkitpro/devkitarm/bin/../lib/gcc/arm-eabi/4.4.2/../../../../arm-eabi/lib/thumb/thumb2\libc.a(lib_a-strncmp.o)
 .comment       0x00000000       0x23 c:/tools/devkitpro/devkitarm/bin/../lib/gcc/arm-eabi/4.4.2/thumb/thumb2/crtend.o

Cross Reference Table

Symbol                                            File
ADC1_2_IRQHandler                                 rel/startup_stm32f10x_cl.o
ADC3_IRQHandler                                   rel/startup_stm32f10x_cl.o
ADC_AnalogWatchdogCmd                             rel/stm32f10x_adc.o
ADC_AnalogWatchdogSingleChannelConfig             rel/stm32f10x_adc.o
ADC_AnalogWatchdogThresholdsConfig                rel/stm32f10x_adc.o
ADC_AutoInjectedConvCmd                           rel/stm32f10x_adc.o
ADC_ClearFlag                                     rel/stm32f10x_adc.o
ADC_ClearITPendingBit                             rel/stm32f10x_adc.o
ADC_Cmd                                           rel/stm32f10x_adc.o
ADC_DMACmd                                        rel/stm32f10x_adc.o
ADC_DeInit                                        rel/stm32f10x_adc.o
ADC_DiscModeChannelCountConfig                    rel/stm32f10x_adc.o
ADC_DiscModeCmd                                   rel/stm32f10x_adc.o
ADC_ExternalTrigConvCmd                           rel/stm32f10x_adc.o
ADC_ExternalTrigInjectedConvCmd                   rel/stm32f10x_adc.o
ADC_ExternalTrigInjectedConvConfig                rel/stm32f10x_adc.o
ADC_GetCalibrationStatus                          rel/stm32f10x_adc.o
ADC_GetConversionValue                            rel/stm32f10x_adc.o
ADC_GetDualModeConversionValue                    rel/stm32f10x_adc.o
ADC_GetFlagStatus                                 rel/stm32f10x_adc.o
ADC_GetITStatus                                   rel/stm32f10x_adc.o
ADC_GetInjectedConversionValue                    rel/stm32f10x_adc.o
ADC_GetResetCalibrationStatus                     rel/stm32f10x_adc.o
ADC_GetSoftwareStartConvStatus                    rel/stm32f10x_adc.o
ADC_GetSoftwareStartInjectedConvCmdStatus         rel/stm32f10x_adc.o
ADC_ITConfig                                      rel/stm32f10x_adc.o
ADC_Init                                          rel/stm32f10x_adc.o
ADC_InjectedChannelConfig                         rel/stm32f10x_adc.o
ADC_InjectedDiscModeCmd                           rel/stm32f10x_adc.o
ADC_InjectedSequencerLengthConfig                 rel/stm32f10x_adc.o
ADC_RegularChannelConfig                          rel/stm32f10x_adc.o
ADC_ResetCalibration                              rel/stm32f10x_adc.o
ADC_SetInjectedOffset                             rel/stm32f10x_adc.o
ADC_SoftwareStartConvCmd                          rel/stm32f10x_adc.o
ADC_SoftwareStartInjectedConvCmd                  rel/stm32f10x_adc.o
ADC_StartCalibration                              rel/stm32f10x_adc.o
ADC_StructInit                                    rel/stm32f10x_adc.o
ADC_TempSensorVrefintCmd                          rel/stm32f10x_adc.o
AO_Philo                                          rel/philo.o
                                                  rel/main.o
AO_Table                                          rel/table.o
                                                  rel/philo.o
                                                  rel/main.o
ASCII_Table                                       rel/stm3210c_eval_lcd.o
AddDevice                                         c:/tools/devkitpro/devkitarm/bin/../lib/gcc/arm-eabi/4.4.2/../../../../arm-eabi/lib/thumb/thumb2\libsysbase.a(iosupport.o)
BKP_ClearFlag                                     rel/stm32f10x_bkp.o
BKP_ClearITPendingBit                             rel/stm32f10x_bkp.o
BKP_DeInit                                        rel/stm32f10x_bkp.o
BKP_GetFlagStatus                                 rel/stm32f10x_bkp.o
BKP_GetITStatus                                   rel/stm32f10x_bkp.o
BKP_ITConfig                                      rel/stm32f10x_bkp.o
BKP_RTCOutputConfig                               rel/stm32f10x_bkp.o
BKP_ReadBackupRegister                            rel/stm32f10x_bkp.o
BKP_SetRTCCalibrationValue                        rel/stm32f10x_bkp.o
BKP_TamperPinCmd                                  rel/stm32f10x_bkp.o
BKP_TamperPinLevelConfig                          rel/stm32f10x_bkp.o
BKP_WriteBackupRegister                           rel/stm32f10x_bkp.o
BSP_busyDelay                                     rel/bsp.o
                                                  rel/table.o
                                                  rel/philo.o
BSP_displyPhilStat                                rel/bsp.o
                                                  rel/table.o
BSP_init                                          rel/bsp.o
                                                  rel/main.o
BUTTON_CLK                                        rel/stm32_eval.o
BUTTON_EXTI_LINE                                  rel/stm32_eval.o
BUTTON_IRQn                                       rel/stm32_eval.o
BUTTON_PIN                                        rel/stm32_eval.o
BUTTON_PIN_SOURCE                                 rel/stm32_eval.o
BUTTON_PORT                                       rel/stm32_eval.o
BUTTON_PORT_SOURCE                                rel/stm32_eval.o
BusFault_Handler                                  rel/startup_stm32f10x_cl.o
CAN1_RX1_IRQHandler                               rel/startup_stm32f10x_cl.o
CAN1_SCE_IRQHandler                               rel/startup_stm32f10x_cl.o
CAN2_RX0_IRQHandler                               rel/startup_stm32f10x_cl.o
CAN2_RX1_IRQHandler                               rel/startup_stm32f10x_cl.o
CAN2_SCE_IRQHandler                               rel/startup_stm32f10x_cl.o
CAN2_TX_IRQHandler                                rel/startup_stm32f10x_cl.o
CAN_CancelTransmit                                rel/stm32f10x_can.o
CAN_ClearFlag                                     rel/stm32f10x_can.o
CAN_ClearITPendingBit                             rel/stm32f10x_can.o
CAN_DBGFreeze                                     rel/stm32f10x_can.o
CAN_DeInit                                        rel/stm32f10x_can.o
CAN_FIFORelease                                   rel/stm32f10x_can.o
CAN_FilterInit                                    rel/stm32f10x_can.o
CAN_GetFlagStatus                                 rel/stm32f10x_can.o
CAN_GetITStatus                                   rel/stm32f10x_can.o
CAN_ITConfig                                      rel/stm32f10x_can.o
CAN_Init                                          rel/stm32f10x_can.o
CAN_MessagePending                                rel/stm32f10x_can.o
CAN_Receive                                       rel/stm32f10x_can.o
CAN_SlaveStartBank                                rel/stm32f10x_can.o
CAN_Sleep                                         rel/stm32f10x_can.o
CAN_StructInit                                    rel/stm32f10x_can.o
CAN_Transmit                                      rel/stm32f10x_can.o
CAN_TransmitStatus                                rel/stm32f10x_can.o
CAN_WakeUp                                        rel/stm32f10x_can.o
COM_PORT                                          rel/stm32_eval.o
COM_POR_CLK                                       rel/stm32_eval.o
COM_RX_PIN                                        rel/stm32_eval.o
COM_TX_PIN                                        rel/stm32_eval.o
COM_USART                                         rel/stm32_eval.o
COM_USART_CLK                                     rel/stm32_eval.o
CRC_CalcBlockCRC                                  rel/stm32f10x_crc.o
CRC_CalcCRC                                       rel/stm32f10x_crc.o
CRC_GetCRC                                        rel/stm32f10x_crc.o
CRC_GetIDRegister                                 rel/stm32f10x_crc.o
CRC_ResetDR                                       rel/stm32f10x_crc.o
CRC_SetIDRegister                                 rel/stm32f10x_crc.o
DAC_Cmd                                           rel/stm32f10x_dac.o
DAC_DMACmd                                        rel/stm32f10x_dac.o
DAC_DeInit                                        rel/stm32f10x_dac.o
DAC_DualSoftwareTriggerCmd                        rel/stm32f10x_dac.o
DAC_GetDataOutputValue                            rel/stm32f10x_dac.o
DAC_Init                                          rel/stm32f10x_dac.o
DAC_SetChannel1Data                               rel/stm32f10x_dac.o
DAC_SetChannel2Data                               rel/stm32f10x_dac.o
DAC_SetDualChannelData                            rel/stm32f10x_dac.o
DAC_SoftwareTriggerCmd                            rel/stm32f10x_dac.o
DAC_StructInit                                    rel/stm32f10x_dac.o
DAC_WaveGenerationCmd                             rel/stm32f10x_dac.o
DBGMCU_Config                                     rel/stm32f10x_dbgmcu.o
DBGMCU_GetDEVID                                   rel/stm32f10x_dbgmcu.o
DBGMCU_GetREVID                                   rel/stm32f10x_dbgmcu.o
DMA1_Channel1_IRQHandler                          rel/startup_stm32f10x_cl.o
DMA1_Channel2_IRQHandler                          rel/startup_stm32f10x_cl.o
DMA1_Channel3_IRQHandler                          rel/startup_stm32f10x_cl.o
DMA1_Channel4_IRQHandler                          rel/startup_stm32f10x_cl.o
DMA1_Channel5_IRQHandler                          rel/startup_stm32f10x_cl.o
DMA1_Channel6_IRQHandler                          rel/startup_stm32f10x_cl.o
DMA1_Channel7_IRQHandler                          rel/startup_stm32f10x_cl.o
DMA2_Channel1_IRQHandler                          rel/startup_stm32f10x_cl.o
DMA2_Channel2_IRQHandler                          rel/startup_stm32f10x_cl.o
DMA2_Channel3_IRQHandler                          rel/startup_stm32f10x_cl.o
DMA2_Channel4_5_IRQHandler                        rel/startup_stm32f10x_cl.o
DMA2_Channel5_IRQHandler                          rel/startup_stm32f10x_cl.o
DMA_ClearFlag                                     rel/stm32f10x_dma.o
DMA_ClearITPendingBit                             rel/stm32f10x_dma.o
DMA_Cmd                                           rel/stm32f10x_dma.o
DMA_DeInit                                        rel/stm32f10x_dma.o
DMA_GetCurrDataCounter                            rel/stm32f10x_dma.o
DMA_GetFlagStatus                                 rel/stm32f10x_dma.o
DMA_GetITStatus                                   rel/stm32f10x_dma.o
DMA_ITConfig                                      rel/stm32f10x_dma.o
DMA_Init                                          rel/stm32f10x_dma.o
DMA_StructInit                                    rel/stm32f10x_dma.o
DebugMon_Handler                                  rel/startup_stm32f10x_cl.o
ETH_IRQHandler                                    rel/startup_stm32f10x_cl.o
ETH_WKUP_IRQHandler                               rel/startup_stm32f10x_cl.o
EXTI0_IRQHandler                                  rel/startup_stm32f10x_cl.o
EXTI15_10_IRQHandler                              rel/startup_stm32f10x_cl.o
EXTI1_IRQHandler                                  rel/startup_stm32f10x_cl.o
EXTI2_IRQHandler                                  rel/startup_stm32f10x_cl.o
EXTI3_IRQHandler                                  rel/startup_stm32f10x_cl.o
EXTI4_IRQHandler                                  rel/startup_stm32f10x_cl.o
EXTI9_5_IRQHandler                                rel/startup_stm32f10x_cl.o
EXTI_ClearFlag                                    rel/stm32f10x_exti.o
EXTI_ClearITPendingBit                            rel/stm32f10x_exti.o
EXTI_DeInit                                       rel/stm32f10x_exti.o
EXTI_GenerateSWInterrupt                          rel/stm32f10x_exti.o
EXTI_GetFlagStatus                                rel/stm32f10x_exti.o
EXTI_GetITStatus                                  rel/stm32f10x_exti.o
EXTI_Init                                         rel/stm32f10x_exti.o
                                                  rel/stm3210c_eval_ioe.o
                                                  rel/stm32_eval.o
EXTI_StructInit                                   rel/stm32f10x_exti.o
FLASH_ClearFlag                                   rel/stm32f10x_flash.o
FLASH_EnableWriteProtection                       rel/stm32f10x_flash.o
FLASH_EraseAllPages                               rel/stm32f10x_flash.o
FLASH_EraseOptionBytes                            rel/stm32f10x_flash.o
FLASH_ErasePage                                   rel/stm32f10x_flash.o
FLASH_GetFlagStatus                               rel/stm32f10x_flash.o
FLASH_GetPrefetchBufferStatus                     rel/stm32f10x_flash.o
FLASH_GetReadOutProtectionStatus                  rel/stm32f10x_flash.o
FLASH_GetStatus                                   rel/stm32f10x_flash.o
FLASH_GetUserOptionByte                           rel/stm32f10x_flash.o
FLASH_GetWriteProtectionOptionByte                rel/stm32f10x_flash.o
FLASH_HalfCycleAccessCmd                          rel/stm32f10x_flash.o
FLASH_IRQHandler                                  rel/startup_stm32f10x_cl.o
FLASH_ITConfig                                    rel/stm32f10x_flash.o
FLASH_Lock                                        rel/stm32f10x_flash.o
FLASH_PrefetchBufferCmd                           rel/stm32f10x_flash.o
FLASH_ProgramHalfWord                             rel/stm32f10x_flash.o
FLASH_ProgramOptionByteData                       rel/stm32f10x_flash.o
FLASH_ProgramWord                                 rel/stm32f10x_flash.o
FLASH_ReadOutProtection                           rel/stm32f10x_flash.o
FLASH_SetLatency                                  rel/stm32f10x_flash.o
FLASH_Unlock                                      rel/stm32f10x_flash.o
FLASH_UserOptionByteConfig                        rel/stm32f10x_flash.o
FLASH_WaitForLastOperation                        rel/stm32f10x_flash.o
FSMC_ClearFlag                                    rel/stm32f10x_fsmc.o
FSMC_ClearITPendingBit                            rel/stm32f10x_fsmc.o
FSMC_GetECC                                       rel/stm32f10x_fsmc.o
FSMC_GetFlagStatus                                rel/stm32f10x_fsmc.o
FSMC_GetITStatus                                  rel/stm32f10x_fsmc.o
FSMC_IRQHandler                                   rel/startup_stm32f10x_cl.o
FSMC_ITConfig                                     rel/stm32f10x_fsmc.o
FSMC_NANDCmd                                      rel/stm32f10x_fsmc.o
FSMC_NANDDeInit                                   rel/stm32f10x_fsmc.o
FSMC_NANDECCCmd                                   rel/stm32f10x_fsmc.o
FSMC_NANDInit                                     rel/stm32f10x_fsmc.o
FSMC_NANDStructInit                               rel/stm32f10x_fsmc.o
FSMC_NORSRAMCmd                                   rel/stm32f10x_fsmc.o
FSMC_NORSRAMDeInit                                rel/stm32f10x_fsmc.o
FSMC_NORSRAMInit                                  rel/stm32f10x_fsmc.o
FSMC_NORSRAMStructInit                            rel/stm32f10x_fsmc.o
FSMC_PCCARDCmd                                    rel/stm32f10x_fsmc.o
FSMC_PCCARDDeInit                                 rel/stm32f10x_fsmc.o
FSMC_PCCARDInit                                   rel/stm32f10x_fsmc.o
FSMC_PCCARDStructInit                             rel/stm32f10x_fsmc.o
FindDevice                                        c:/tools/devkitpro/devkitarm/bin/../lib/gcc/arm-eabi/4.4.2/../../../../arm-eabi/lib/thumb/thumb2\libsysbase.a(iosupport.o)
GPIO_AFIODeInit                                   rel/stm32f10x_gpio.o
GPIO_CLK                                          rel/stm32_eval.o
GPIO_DeInit                                       rel/stm32f10x_gpio.o
GPIO_ETH_MediaInterfaceConfig                     rel/stm32f10x_gpio.o
GPIO_EXTILineConfig                               rel/stm32f10x_gpio.o
                                                  rel/stm3210c_eval_ioe.o
                                                  rel/stm32_eval.o
GPIO_EventOutputCmd                               rel/stm32f10x_gpio.o
GPIO_EventOutputConfig                            rel/stm32f10x_gpio.o
GPIO_Init                                         rel/stm32f10x_gpio.o
                                                  rel/stm3210c_eval_ioe.o
                                                  rel/stm3210c_eval_lcd.o
                                                  rel/stm32_eval.o
GPIO_PIN                                          rel/stm32_eval.o
GPIO_PORT                                         rel/stm32_eval.o
GPIO_PinLockConfig                                rel/stm32f10x_gpio.o
GPIO_PinRemapConfig                               rel/stm32f10x_gpio.o
                                                  rel/stm3210c_eval_lcd.o
                                                  rel/stm32_eval.o
GPIO_ReadInputData                                rel/stm32f10x_gpio.o
GPIO_ReadInputDataBit                             rel/stm32f10x_gpio.o
                                                  rel/stm32_eval.o
GPIO_ReadOutputData                               rel/stm32f10x_gpio.o
GPIO_ReadOutputDataBit                            rel/stm32f10x_gpio.o
GPIO_ResetBits                                    rel/stm32f10x_gpio.o
GPIO_SetBits                                      rel/stm32f10x_gpio.o
GPIO_StructInit                                   rel/stm32f10x_gpio.o
GPIO_Write                                        rel/stm32f10x_gpio.o
GPIO_WriteBit                                     rel/stm32f10x_gpio.o
                                                  rel/stm3210c_eval_lcd.o
GetDeviceOpTab                                    c:/tools/devkitpro/devkitarm/bin/../lib/gcc/arm-eabi/4.4.2/../../../../arm-eabi/lib/thumb/thumb2\libsysbase.a(iosupport.o)
HardFault_Handler                                 rel/startup_stm32f10x_cl.o
I2C1_ER_IRQHandler                                rel/startup_stm32f10x_cl.o
I2C1_EV_IRQHandler                                rel/startup_stm32f10x_cl.o
I2C2_ER_IRQHandler                                rel/startup_stm32f10x_cl.o
I2C2_EV_IRQHandler                                rel/startup_stm32f10x_cl.o
I2C_ARPCmd                                        rel/stm32f10x_i2c.o
I2C_AcknowledgeConfig                             rel/stm32f10x_i2c.o
                                                  rel/stm3210c_eval_ioe.o
I2C_CalculatePEC                                  rel/stm32f10x_i2c.o
I2C_CheckEvent                                    rel/stm32f10x_i2c.o
                                                  rel/stm3210c_eval_ioe.o
I2C_ClearFlag                                     rel/stm32f10x_i2c.o
I2C_ClearITPendingBit                             rel/stm32f10x_i2c.o
I2C_Cmd                                           rel/stm32f10x_i2c.o
                                                  rel/stm3210c_eval_ioe.o
I2C_DMACmd                                        rel/stm32f10x_i2c.o
I2C_DMALastTransferCmd                            rel/stm32f10x_i2c.o
I2C_DeInit                                        rel/stm32f10x_i2c.o
I2C_DualAddressCmd                                rel/stm32f10x_i2c.o
I2C_FastModeDutyCycleConfig                       rel/stm32f10x_i2c.o
I2C_GeneralCallCmd                                rel/stm32f10x_i2c.o
I2C_GenerateSTART                                 rel/stm32f10x_i2c.o
                                                  rel/stm3210c_eval_ioe.o
I2C_GenerateSTOP                                  rel/stm32f10x_i2c.o
                                                  rel/stm3210c_eval_ioe.o
I2C_GetFlagStatus                                 rel/stm32f10x_i2c.o
I2C_GetITStatus                                   rel/stm32f10x_i2c.o
I2C_GetLastEvent                                  rel/stm32f10x_i2c.o
I2C_GetPEC                                        rel/stm32f10x_i2c.o
I2C_ITConfig                                      rel/stm32f10x_i2c.o
I2C_Init                                          rel/stm32f10x_i2c.o
                                                  rel/stm3210c_eval_ioe.o
I2C_OwnAddress2Config                             rel/stm32f10x_i2c.o
I2C_PECPositionConfig                             rel/stm32f10x_i2c.o
I2C_ReadDataBuffer                                rel/stm3210c_eval_ioe.o
I2C_ReadDeviceRegister                            rel/stm3210c_eval_ioe.o
I2C_ReadRegister                                  rel/stm32f10x_i2c.o
I2C_ReceiveData                                   rel/stm32f10x_i2c.o
                                                  rel/stm3210c_eval_ioe.o
I2C_SMBusAlertConfig                              rel/stm32f10x_i2c.o
I2C_Send7bitAddress                               rel/stm32f10x_i2c.o
                                                  rel/stm3210c_eval_ioe.o
I2C_SendData                                      rel/stm32f10x_i2c.o
                                                  rel/stm3210c_eval_ioe.o
I2C_SoftwareResetCmd                              rel/stm32f10x_i2c.o
                                                  rel/stm3210c_eval_ioe.o
I2C_StretchClockCmd                               rel/stm32f10x_i2c.o
I2C_StructInit                                    rel/stm32f10x_i2c.o
I2C_TransmitPEC                                   rel/stm32f10x_i2c.o
I2C_WriteDeviceRegister                           rel/stm3210c_eval_ioe.o
I2S_Cmd                                           rel/stm32f10x_spi.o
I2S_Init                                          rel/stm32f10x_spi.o
I2S_StructInit                                    rel/stm32f10x_spi.o
IOE_ClearGITPending                               rel/stm3210c_eval_ioe.o
IOE_ClearIOITPending                              rel/stm3210c_eval_ioe.o
IOE_Config                                        rel/stm3210c_eval_ioe.o
IOE_FnctCmd                                       rel/stm3210c_eval_ioe.o
IOE_GITCmd                                        rel/stm3210c_eval_ioe.o
IOE_GITConfig                                     rel/stm3210c_eval_ioe.o
IOE_GetGITStatus                                  rel/stm3210c_eval_ioe.o
IOE_GetIOITStatus                                 rel/stm3210c_eval_ioe.o
IOE_IOAFConfig                                    rel/stm3210c_eval_ioe.o
IOE_IOEdgeConfig                                  rel/stm3210c_eval_ioe.o
IOE_IOITConfig                                    rel/stm3210c_eval_ioe.o
IOE_IOPinConfig                                   rel/stm3210c_eval_ioe.o
IOE_ITConfig                                      rel/stm3210c_eval_ioe.o
IOE_ITOutConfig                                   rel/stm3210c_eval_ioe.o
IOE_IsOperational                                 rel/stm3210c_eval_ioe.o
IOE_JoyStickGetState                              rel/stm3210c_eval_ioe.o
IOE_ReadID                                        rel/stm3210c_eval_ioe.o
IOE_ReadIOPin                                     rel/stm3210c_eval_ioe.o
IOE_Reset                                         rel/stm3210c_eval_ioe.o
IOE_TS_Config                                     rel/stm3210c_eval_ioe.o
IOE_TS_GetState                                   rel/stm3210c_eval_ioe.o
IOE_TempSens_Config                               rel/stm3210c_eval_ioe.o
IOE_TempSens_GetData                              rel/stm3210c_eval_ioe.o
IOE_WriteIOPin                                    rel/stm3210c_eval_ioe.o
IWDG_Enable                                       rel/stm32f10x_iwdg.o
IWDG_GetFlagStatus                                rel/stm32f10x_iwdg.o
IWDG_ReloadCounter                                rel/stm32f10x_iwdg.o
IWDG_SetPrescaler                                 rel/stm32f10x_iwdg.o
IWDG_SetReload                                    rel/stm32f10x_iwdg.o
IWDG_WriteAccessCmd                               rel/stm32f10x_iwdg.o
LCD_Clear                                         rel/stm3210c_eval_lcd.o
                                                  rel/bsp.o
LCD_ClearLine                                     rel/stm3210c_eval_lcd.o
LCD_CtrlLinesConfig                               rel/stm3210c_eval_lcd.o
LCD_CtrlLinesWrite                                rel/stm3210c_eval_lcd.o
LCD_DisplayChar                                   rel/stm3210c_eval_lcd.o
                                                  rel/bsp.o
LCD_DisplayOff                                    rel/stm3210c_eval_lcd.o
LCD_DisplayOn                                     rel/stm3210c_eval_lcd.o
LCD_DisplayString                                 rel/stm3210c_eval_lcd.o
                                                  rel/bsp.o
LCD_DrawChar                                      rel/stm3210c_eval_lcd.o
LCD_DrawCircle                                    rel/stm3210c_eval_lcd.o
LCD_DrawLine                                      rel/stm3210c_eval_lcd.o
LCD_DrawMonoPict                                  rel/stm3210c_eval_lcd.o
LCD_DrawRect                                      rel/stm3210c_eval_lcd.o
LCD_PowerOn                                       rel/stm3210c_eval_lcd.o
LCD_ReadReg                                       rel/stm3210c_eval_lcd.o
LCD_SPIConfig                                     rel/stm3210c_eval_lcd.o
LCD_SetBackColor                                  rel/stm3210c_eval_lcd.o
                                                  rel/bsp.o
LCD_SetCursor                                     rel/stm3210c_eval_lcd.o
LCD_SetDisplayWindow                              rel/stm3210c_eval_lcd.o
LCD_SetTextColor                                  rel/stm3210c_eval_lcd.o
                                                  rel/bsp.o
LCD_Setup                                         rel/stm3210c_eval_lcd.o
LCD_WindowModeDisable                             rel/stm3210c_eval_lcd.o
LCD_WriteRAM                                      rel/stm3210c_eval_lcd.o
LCD_WriteRAMWord                                  rel/stm3210c_eval_lcd.o
LCD_WriteRAM_Prepare                              rel/stm3210c_eval_lcd.o
LCD_WriteReg                                      rel/stm3210c_eval_lcd.o
LCD_WriteRegIndex                                 rel/stm3210c_eval_lcd.o
LCD_nCS_StartByte                                 rel/stm3210c_eval_lcd.o
MemManage_Handler                                 rel/startup_stm32f10x_cl.o
NMI_Handler                                       rel/startup_stm32f10x_cl.o
NVIC_Init                                         rel/misc.o
                                                  rel/stm3210c_eval_ioe.o
                                                  rel/stm32_eval.o
NVIC_PriorityGroupConfig                          rel/misc.o
NVIC_SetVectorTable                               rel/misc.o
NVIC_SystemLPConfig                               rel/misc.o
OTG_FS_IRQHandler                                 rel/startup_stm32f10x_cl.o
PVD_IRQHandler                                    rel/startup_stm32f10x_cl.o
PWR_BackupAccessCmd                               rel/stm32f10x_pwr.o
PWR_ClearFlag                                     rel/stm32f10x_pwr.o
PWR_DeInit                                        rel/stm32f10x_pwr.o
PWR_EnterSTANDBYMode                              rel/stm32f10x_pwr.o
PWR_EnterSTOPMode                                 rel/stm32f10x_pwr.o
PWR_GetFlagStatus                                 rel/stm32f10x_pwr.o
PWR_PVDCmd                                        rel/stm32f10x_pwr.o
PWR_PVDLevelConfig                                rel/stm32f10x_pwr.o
PWR_WakeUpPinCmd                                  rel/stm32f10x_pwr.o
PendSV_Handler                                    rel/startup_stm32f10x_cl.o
Philo_ctor                                        rel/philo.o
                                                  rel/main.o
QActive_get_                                      ../../../../../ports/arm-cortex/vanilla/gnu/rel\libqf_cortex-m3.a(qa_get_.o)
                                                  ../../../../../ports/arm-cortex/vanilla/gnu/rel\libqf_cortex-m3.a(qvanilla.o)
QActive_postFIFO                                  ../../../../../ports/arm-cortex/vanilla/gnu/rel\libqf_cortex-m3.a(qa_fifo.o)
                                                  ../../../../../ports/arm-cortex/vanilla/gnu/rel\libqf_cortex-m3.a(qf_tick.o)
                                                  ../../../../../ports/arm-cortex/vanilla/gnu/rel\libqf_cortex-m3.a(qf_pspub.o)
                                                  rel/philo.o
QActive_start                                     ../../../../../ports/arm-cortex/vanilla/gnu/rel\libqf_cortex-m3.a(qvanilla.o)
                                                  rel/main.o
QActive_stop                                      ../../../../../ports/arm-cortex/vanilla/gnu/rel\libqf_cortex-m3.a(qvanilla.o)
QActive_subscribe                                 ../../../../../ports/arm-cortex/vanilla/gnu/rel\libqf_cortex-m3.a(qa_sub.o)
                                                  rel/table.o
                                                  rel/philo.o
QEP_getVersion                                    ../../../../../ports/arm-cortex/vanilla/gnu/rel\libqep_cortex-m3.a(qep.o)
QEP_reservedEvt_                                  ../../../../../ports/arm-cortex/vanilla/gnu/rel\libqep_cortex-m3.a(qep.o)
                                                  ../../../../../ports/arm-cortex/vanilla/gnu/rel\libqep_cortex-m3.a(qhsm_dis.o)
                                                  ../../../../../ports/arm-cortex/vanilla/gnu/rel\libqep_cortex-m3.a(qhsm_ini.o)
QEQueue_init                                      ../../../../../ports/arm-cortex/vanilla/gnu/rel\libqf_cortex-m3.a(qeq_init.o)
                                                  ../../../../../ports/arm-cortex/vanilla/gnu/rel\libqf_cortex-m3.a(qvanilla.o)
QF_active_                                        ../../../../../ports/arm-cortex/vanilla/gnu/rel\libqf_cortex-m3.a(qa_get_.o)
                                                  ../../../../../ports/arm-cortex/vanilla/gnu/rel\libqf_cortex-m3.a(qvanilla.o)
                                                  ../../../../../ports/arm-cortex/vanilla/gnu/rel\libqf_cortex-m3.a(qf_pspub.o)
                                                  ../../../../../ports/arm-cortex/vanilla/gnu/rel\libqf_cortex-m3.a(qf_act.o)
                                                  ../../../../../ports/arm-cortex/vanilla/gnu/rel\libqf_cortex-m3.a(qa_sub.o)
QF_add_                                           ../../../../../ports/arm-cortex/vanilla/gnu/rel\libqf_cortex-m3.a(qf_act.o)
                                                  ../../../../../ports/arm-cortex/vanilla/gnu/rel\libqf_cortex-m3.a(qvanilla.o)
QF_div8Lkup                                       ../../../../../ports/arm-cortex/vanilla/gnu/rel\libqf_cortex-m3.a(qf_pwr2.o)
                                                  ../../../../../ports/arm-cortex/vanilla/gnu/rel\libqf_cortex-m3.a(qa_get_.o)
                                                  ../../../../../ports/arm-cortex/vanilla/gnu/rel\libqf_cortex-m3.a(qa_sub.o)
                                                  ../../../../../ports/arm-cortex/vanilla/gnu/rel\libqf_cortex-m3.a(qa_fifo.o)
QF_gc                                             ../../../../../ports/arm-cortex/vanilla/gnu/rel\libqf_cortex-m3.a(qf_gc.o)
                                                  ../../../../../ports/arm-cortex/vanilla/gnu/rel\libqf_cortex-m3.a(qvanilla.o)
                                                  ../../../../../ports/arm-cortex/vanilla/gnu/rel\libqf_cortex-m3.a(qf_pspub.o)
QF_getPoolMargin                                  ../../../../../ports/arm-cortex/vanilla/gnu/rel\libqf_cortex-m3.a(qmp_get.o)
QF_getPortVersion                                 ../../../../../ports/arm-cortex/vanilla/gnu/rel\libqf_cortex-m3.a(qvanilla.o)
QF_getQueueMargin                                 ../../../../../ports/arm-cortex/vanilla/gnu/rel\libqf_cortex-m3.a(qa_get_.o)
QF_getVersion                                     ../../../../../ports/arm-cortex/vanilla/gnu/rel\libqf_cortex-m3.a(qf_act.o)
                                                  rel/bsp.o
QF_init                                           ../../../../../ports/arm-cortex/vanilla/gnu/rel\libqf_cortex-m3.a(qvanilla.o)
                                                  rel/main.o
QF_intLockNest_                                   ../../../../../ports/arm-cortex/vanilla/gnu/rel\libqf_cortex-m3.a(qf_act.o)
QF_invPwr2Lkup                                    ../../../../../ports/arm-cortex/vanilla/gnu/rel\libqf_cortex-m3.a(qf_pwr2.o)
                                                  ../../../../../ports/arm-cortex/vanilla/gnu/rel\libqf_cortex-m3.a(qa_get_.o)
                                                  ../../../../../ports/arm-cortex/vanilla/gnu/rel\libqf_cortex-m3.a(qf_pspub.o)
QF_log2Lkup                                       ../../../../../ports/arm-cortex/vanilla/gnu/rel\libqf_cortex-m3.a(qf_log2.o)
                                                  ../../../../../ports/arm-cortex/vanilla/gnu/rel\libqf_cortex-m3.a(qvanilla.o)
                                                  ../../../../../ports/arm-cortex/vanilla/gnu/rel\libqf_cortex-m3.a(qf_pspub.o)
QF_maxPool_                                       ../../../../../ports/arm-cortex/vanilla/gnu/rel\libqf_cortex-m3.a(qf_gc.o)
                                                  ../../../../../ports/arm-cortex/vanilla/gnu/rel\libqf_cortex-m3.a(qmp_get.o)
                                                  ../../../../../ports/arm-cortex/vanilla/gnu/rel\libqf_cortex-m3.a(qf_pool.o)
                                                  ../../../../../ports/arm-cortex/vanilla/gnu/rel\libqf_cortex-m3.a(qf_new.o)
QF_maxSignal_                                     ../../../../../ports/arm-cortex/vanilla/gnu/rel\libqf_cortex-m3.a(qf_pspub.o)
                                                  ../../../../../ports/arm-cortex/vanilla/gnu/rel\libqf_cortex-m3.a(qf_psini.o)
                                                  ../../../../../ports/arm-cortex/vanilla/gnu/rel\libqf_cortex-m3.a(qa_sub.o)
QF_new_                                           ../../../../../ports/arm-cortex/vanilla/gnu/rel\libqf_cortex-m3.a(qf_new.o)
                                                  rel/table.o
                                                  rel/philo.o
QF_onCleanup                                      rel/bsp.o
                                                  ../../../../../ports/arm-cortex/vanilla/gnu/rel\libqf_cortex-m3.a(qvanilla.o)
QF_onIdle                                         rel/bsp.o
                                                  ../../../../../ports/arm-cortex/vanilla/gnu/rel\libqf_cortex-m3.a(qvanilla.o)
QF_onStartup                                      rel/bsp.o
                                                  ../../../../../ports/arm-cortex/vanilla/gnu/rel\libqf_cortex-m3.a(qvanilla.o)
QF_poolInit                                       ../../../../../ports/arm-cortex/vanilla/gnu/rel\libqf_cortex-m3.a(qf_pool.o)
                                                  rel/main.o
QF_pool_                                          ../../../../../ports/arm-cortex/vanilla/gnu/rel\libqf_cortex-m3.a(qf_gc.o)
                                                  ../../../../../ports/arm-cortex/vanilla/gnu/rel\libqf_cortex-m3.a(qmp_get.o)
                                                  ../../../../../ports/arm-cortex/vanilla/gnu/rel\libqf_cortex-m3.a(qf_pool.o)
                                                  ../../../../../ports/arm-cortex/vanilla/gnu/rel\libqf_cortex-m3.a(qf_new.o)
QF_psInit                                         ../../../../../ports/arm-cortex/vanilla/gnu/rel\libqf_cortex-m3.a(qf_psini.o)
                                                  rel/main.o
QF_publish                                        ../../../../../ports/arm-cortex/vanilla/gnu/rel\libqf_cortex-m3.a(qf_pspub.o)
                                                  rel/table.o
                                                  rel/philo.o
QF_pwr2Lkup                                       ../../../../../ports/arm-cortex/vanilla/gnu/rel\libqf_cortex-m3.a(qf_pwr2.o)
                                                  ../../../../../ports/arm-cortex/vanilla/gnu/rel\libqf_cortex-m3.a(qa_sub.o)
                                                  ../../../../../ports/arm-cortex/vanilla/gnu/rel\libqf_cortex-m3.a(qa_fifo.o)
QF_readySet_                                      ../../../../../ports/arm-cortex/vanilla/gnu/rel\libqf_cortex-m3.a(qa_get_.o)
                                                  ../../../../../ports/arm-cortex/vanilla/gnu/rel\libqf_cortex-m3.a(qvanilla.o)
                                                  ../../../../../ports/arm-cortex/vanilla/gnu/rel\libqf_cortex-m3.a(qa_fifo.o)
QF_remove_                                        ../../../../../ports/arm-cortex/vanilla/gnu/rel\libqf_cortex-m3.a(qf_act.o)
                                                  ../../../../../ports/arm-cortex/vanilla/gnu/rel\libqf_cortex-m3.a(qvanilla.o)
QF_run                                            ../../../../../ports/arm-cortex/vanilla/gnu/rel\libqf_cortex-m3.a(qvanilla.o)
                                                  rel/main.o
QF_stop                                           ../../../../../ports/arm-cortex/vanilla/gnu/rel\libqf_cortex-m3.a(qvanilla.o)
                                                  rel/table.o
QF_subscrList_                                    ../../../../../ports/arm-cortex/vanilla/gnu/rel\libqf_cortex-m3.a(qf_pspub.o)
                                                  ../../../../../ports/arm-cortex/vanilla/gnu/rel\libqf_cortex-m3.a(qf_psini.o)
                                                  ../../../../../ports/arm-cortex/vanilla/gnu/rel\libqf_cortex-m3.a(qa_sub.o)
QF_tick                                           ../../../../../ports/arm-cortex/vanilla/gnu/rel\libqf_cortex-m3.a(qf_tick.o)
                                                  rel/bsp.o
QF_timeEvtListHead_                               ../../../../../ports/arm-cortex/vanilla/gnu/rel\libqf_cortex-m3.a(qte_arm.o)
                                                  ../../../../../ports/arm-cortex/vanilla/gnu/rel\libqf_cortex-m3.a(qf_tick.o)
QHsm_dispatch                                     ../../../../../ports/arm-cortex/vanilla/gnu/rel\libqep_cortex-m3.a(qhsm_dis.o)
                                                  ../../../../../ports/arm-cortex/vanilla/gnu/rel\libqf_cortex-m3.a(qvanilla.o)
QHsm_init                                         ../../../../../ports/arm-cortex/vanilla/gnu/rel\libqep_cortex-m3.a(qhsm_ini.o)
                                                  ../../../../../ports/arm-cortex/vanilla/gnu/rel\libqf_cortex-m3.a(qvanilla.o)
QHsm_top                                          ../../../../../ports/arm-cortex/vanilla/gnu/rel\libqep_cortex-m3.a(qhsm_top.o)
                                                  ../../../../../ports/arm-cortex/vanilla/gnu/rel\libqep_cortex-m3.a(qhsm_ini.o)
                                                  rel/table.o
                                                  rel/philo.o
QMPool_get                                        ../../../../../ports/arm-cortex/vanilla/gnu/rel\libqf_cortex-m3.a(qmp_get.o)
                                                  ../../../../../ports/arm-cortex/vanilla/gnu/rel\libqf_cortex-m3.a(qf_new.o)
QMPool_init                                       ../../../../../ports/arm-cortex/vanilla/gnu/rel\libqf_cortex-m3.a(qmp_init.o)
                                                  ../../../../../ports/arm-cortex/vanilla/gnu/rel\libqf_cortex-m3.a(qf_pool.o)
QMPool_put                                        ../../../../../ports/arm-cortex/vanilla/gnu/rel\libqf_cortex-m3.a(qmp_put.o)
                                                  ../../../../../ports/arm-cortex/vanilla/gnu/rel\libqf_cortex-m3.a(qf_gc.o)
QTimeEvt_arm_                                     ../../../../../ports/arm-cortex/vanilla/gnu/rel\libqf_cortex-m3.a(qte_arm.o)
                                                  rel/philo.o
QTimeEvt_ctor                                     ../../../../../ports/arm-cortex/vanilla/gnu/rel\libqf_cortex-m3.a(qte_ctor.o)
                                                  rel/philo.o
Q_onAssert                                        rel/bsp.o
                                                  ../../../../../ports/arm-cortex/vanilla/gnu/rel\libqep_cortex-m3.a(qhsm_dis.o)
                                                  ../../../../../ports/arm-cortex/vanilla/gnu/rel\libqep_cortex-m3.a(qhsm_ini.o)