Archive member included because of file (symbol)

../../../../../ports/arm-cortex/qk/gnu/spy\libqk_cortex-m3.a(qk.o)
                              spy/main.o (QActive_start)
../../../../../ports/arm-cortex/qk/gnu/spy\libqk_cortex-m3.a(qk_sched.o)
                              ../../../../../ports/arm-cortex/qk/gnu/spy\libqk_cortex-m3.a(qk.o) (QK_schedule_)
../../../../../ports/arm-cortex/qk/gnu/spy\libqk_cortex-m3.a(qk_mutex.o)
                              ../../../../../ports/arm-cortex/qk/gnu/spy\libqk_cortex-m3.a(qk_sched.o) (QK_ceilingPrio_)
../../../../../ports/arm-cortex/qk/gnu/spy\libqk_cortex-m3.a(qk_port.o)
                              ../../../../../ports/arm-cortex/qk/gnu/spy\libqk_cortex-m3.a(qk.o) (QK_init)
../../../../../ports/arm-cortex/qk/gnu/spy\libqf_cortex-m3.a(qa_fifo.o)
                              spy/bsp.o (QActive_postFIFO)
../../../../../ports/arm-cortex/qk/gnu/spy\libqf_cortex-m3.a(qa_get_.o)
                              ../../../../../ports/arm-cortex/qk/gnu/spy\libqk_cortex-m3.a(qk_sched.o) (QActive_get_)
../../../../../ports/arm-cortex/qk/gnu/spy\libqf_cortex-m3.a(qa_sub.o)
                              spy/philo.o (QActive_subscribe)
../../../../../ports/arm-cortex/qk/gnu/spy\libqf_cortex-m3.a(qeq_init.o)
                              ../../../../../ports/arm-cortex/qk/gnu/spy\libqk_cortex-m3.a(qk.o) (QEQueue_init)
../../../../../ports/arm-cortex/qk/gnu/spy\libqf_cortex-m3.a(qf_act.o)
                              spy/bsp.o (QF_getVersion)
../../../../../ports/arm-cortex/qk/gnu/spy\libqf_cortex-m3.a(qf_gc.o)
                              ../../../../../ports/arm-cortex/qk/gnu/spy\libqk_cortex-m3.a(qk_sched.o) (QF_gc)
../../../../../ports/arm-cortex/qk/gnu/spy\libqf_cortex-m3.a(qf_log2.o)
                              ../../../../../ports/arm-cortex/qk/gnu/spy\libqk_cortex-m3.a(qk_sched.o) (QF_log2Lkup)
../../../../../ports/arm-cortex/qk/gnu/spy\libqf_cortex-m3.a(qf_new.o)
                              spy/bsp.o (QF_new_)
../../../../../ports/arm-cortex/qk/gnu/spy\libqf_cortex-m3.a(qf_pool.o)
                              spy/main.o (QF_poolInit)
../../../../../ports/arm-cortex/qk/gnu/spy\libqf_cortex-m3.a(qf_psini.o)
                              spy/main.o (QF_psInit)
../../../../../ports/arm-cortex/qk/gnu/spy\libqf_cortex-m3.a(qf_pspub.o)
                              spy/philo.o (QF_publish)
../../../../../ports/arm-cortex/qk/gnu/spy\libqf_cortex-m3.a(qf_pwr2.o)
                              ../../../../../ports/arm-cortex/qk/gnu/spy\libqf_cortex-m3.a(qa_fifo.o) (QF_pwr2Lkup)
../../../../../ports/arm-cortex/qk/gnu/spy\libqf_cortex-m3.a(qf_tick.o)
                              spy/bsp.o (QF_tick)
../../../../../ports/arm-cortex/qk/gnu/spy\libqf_cortex-m3.a(qmp_get.o)
                              ../../../../../ports/arm-cortex/qk/gnu/spy\libqf_cortex-m3.a(qf_new.o) (QMPool_get)
../../../../../ports/arm-cortex/qk/gnu/spy\libqf_cortex-m3.a(qmp_init.o)
                              ../../../../../ports/arm-cortex/qk/gnu/spy\libqf_cortex-m3.a(qf_pool.o) (QMPool_init)
../../../../../ports/arm-cortex/qk/gnu/spy\libqf_cortex-m3.a(qmp_put.o)
                              ../../../../../ports/arm-cortex/qk/gnu/spy\libqf_cortex-m3.a(qf_gc.o) (QMPool_put)
../../../../../ports/arm-cortex/qk/gnu/spy\libqf_cortex-m3.a(qte_ctor.o)
                              spy/philo.o (QTimeEvt_ctor)
../../../../../ports/arm-cortex/qk/gnu/spy\libqf_cortex-m3.a(qte_arm.o)
                              spy/philo.o (QTimeEvt_arm_)
../../../../../ports/arm-cortex/qk/gnu/spy\libqep_cortex-m3.a(qhsm_ini.o)
                              ../../../../../ports/arm-cortex/qk/gnu/spy\libqk_cortex-m3.a(qk.o) (QHsm_init)
../../../../../ports/arm-cortex/qk/gnu/spy\libqep_cortex-m3.a(qhsm_dis.o)
                              ../../../../../ports/arm-cortex/qk/gnu/spy\libqk_cortex-m3.a(qk_sched.o) (QHsm_dispatch)
../../../../../ports/arm-cortex/qk/gnu/spy\libqep_cortex-m3.a(qhsm_top.o)
                              spy/philo.o (QHsm_top)
../../../../../ports/arm-cortex/qk/gnu/spy\libqep_cortex-m3.a(qep.o)
                              ../../../../../ports/arm-cortex/qk/gnu/spy\libqep_cortex-m3.a(qhsm_ini.o) (QEP_reservedEvt_)
../../../../../ports/arm-cortex/qk/gnu/spy\libqs_cortex-m3.a(qs.o)
                              spy/bsp.o (QS_initBuf)
../../../../../ports/arm-cortex/qk/gnu/spy\libqs_cortex-m3.a(qs_.o)
                              spy/bsp.o (QS_u8_)
../../../../../ports/arm-cortex/qk/gnu/spy\libqs_cortex-m3.a(qs_byte.o)
                              spy/bsp.o (QS_getByte)
../../../../../ports/arm-cortex/qk/gnu/spy\libqs_cortex-m3.a(qs_str.o)
                              spy/bsp.o (QS_str)
c:/tools/devkitpro/devkitarm/bin/../lib/gcc/arm-eabi/4.4.2/../../../../arm-eabi/lib/thumb/thumb2\libc.a(lib_a-atexit.o)
                              c:/tools/devkitpro/devkitarm/bin/../lib/gcc/arm-eabi/4.4.2/../../../../arm-eabi/lib/thumb/thumb2/crt0.o (atexit)
[...]
Memory Configuration

Name             Origin             Length             Attributes
ROM              0x08000000         0x00040000         xr
RAM              0x20000000         0x00010000         xrw
*default*        0x00000000         0xffffffff

Linker script and memory map

LOAD c:/tools/devkitpro/devkitarm/bin/../lib/gcc/arm-eabi/4.4.2/thumb/thumb2/crti.o
LOAD c:/tools/devkitpro/devkitarm/bin/../lib/gcc/arm-eabi/4.4.2/thumb/thumb2/crtbegin.o
LOAD c:/tools/devkitpro/devkitarm/bin/../lib/gcc/arm-eabi/4.4.2/../../../../arm-eabi/lib/thumb/thumb2/crt0.o
LOAD spy/bsp.o
LOAD spy/main.o
LOAD spy/no_heap.o
LOAD spy/philo.o
LOAD spy/table.o
LOAD spy/startup_stm32f10x_cl.o
LOAD spy/core_cm3.o
LOAD spy/system_stm32f10x.o
LOAD spy/stm32_eval.o
LOAD spy/stm3210c_eval_lcd.o
LOAD spy/stm3210c_eval_ioe.o
LOAD spy/misc.o
LOAD spy/stm32f10x_adc.o
LOAD spy/stm32f10x_bkp.o
LOAD spy/stm32f10x_can.o
LOAD spy/stm32f10x_crc.o
LOAD spy/stm32f10x_dac.o
LOAD spy/stm32f10x_dbgmcu.o
LOAD spy/stm32f10x_dma.o
LOAD spy/stm32f10x_exti.o
LOAD spy/stm32f10x_flash.o
LOAD spy/stm32f10x_fsmc.o
LOAD spy/stm32f10x_gpio.o
LOAD spy/stm32f10x_i2c.o
LOAD spy/stm32f10x_iwdg.o
LOAD spy/stm32f10x_pwr.o
LOAD spy/stm32f10x_rcc.o
LOAD spy/stm32f10x_rtc.o
LOAD spy/stm32f10x_sdio.o
LOAD spy/stm32f10x_spi.o
LOAD spy/stm32f10x_tim.o
LOAD spy/stm32f10x_usart.o
LOAD spy/stm32f10x_wwdg.o
LOAD ../../../../../ports/arm-cortex/qk/gnu/spy\libqk_cortex-m3.a
LOAD ../../../../../ports/arm-cortex/qk/gnu/spy\libqf_cortex-m3.a
LOAD ../../../../../ports/arm-cortex/qk/gnu/spy\libqep_cortex-m3.a
LOAD ../../../../../ports/arm-cortex/qk/gnu/spy\libqs_cortex-m3.a
START GROUP
LOAD c:/tools/devkitpro/devkitarm/bin/../lib/gcc/arm-eabi/4.4.2/thumb/thumb2\libgcc.a
LOAD c:/tools/devkitpro/devkitarm/bin/../lib/gcc/arm-eabi/4.4.2/../../../../arm-eabi/lib/thumb/thumb2\libc.a
LOAD c:/tools/devkitpro/devkitarm/bin/../lib/gcc/arm-eabi/4.4.2/../../../../arm-eabi/lib/thumb/thumb2\libsysbase.a
END GROUP
LOAD c:/tools/devkitpro/devkitarm/bin/../lib/gcc/arm-eabi/4.4.2/thumb/thumb2/crtend.o
LOAD c:/tools/devkitpro/devkitarm/bin/../lib/gcc/arm-eabi/4.4.2/thumb/thumb2/crtn.o
                0x00000400                STACK_SIZE = 0x400
                0x00000000                HEAP_SIZE = 0x0

.isr_vector     0x08000000      0x154
 *(.isr_vector)
 .isr_vector    0x08000000      0x154 spy/startup_stm32f10x_cl.o
                0x08000000                g_pfnVectors
                0x08000154                . = ALIGN (0x4)

.eh_frame       0x08000154        0x0
 .eh_frame      0x08000154        0x0 c:/tools/devkitpro/devkitarm/bin/../lib/gcc/arm-eabi/4.4.2/thumb/thumb2/crtbegin.o

.text           0x08000154     0x8064
                0x08000154                . = ALIGN (0x4)
 *(.text)
 .text          0x08000154       0x54 c:/tools/devkitpro/devkitarm/bin/../lib/gcc/arm-eabi/4.4.2/thumb/thumb2/crtbegin.o
 .text          0x080001a8      0x708 spy/bsp.o
                0x080001a8                QF_onCleanup
                0x080001ac                Q_onAssert
                0x080001b0                assert_failed
                0x080001b8                BSP_busyDelay
                0x080001d0                QS_onCleanup
                0x080001d4                QS_onGetTime
                0x08000224                QS_onFlush
                0x0800024c                QS_onStartup
                0x08000450                BSP_displyPhilStat
                0x080004c4                QK_onIdle
                0x0800050c                QF_onStartup
                0x080005a0                BSP_init
                0x080006c4                EXTI0_IRQHandler
                0x080007bc                SysTick_Handler
 .text          0x080008b0      0x26c spy/main.o
                0x080008b0                main
 .text          0x08000b1c      0x64c spy/philo.o
                0x08000b1c                Philo_ctor
 .text          0x08001168      0x450 spy/table.o
                0x08001168                Table_ctor
 .text          0x080015b8       0xb0 spy/startup_stm32f10x_cl.o
                0x080015b8                EXTI2_IRQHandler
                0x080015b8                TIM8_TRG_COM_IRQHandler
                0x080015b8                TIM8_CC_IRQHandler
                0x080015b8                DebugMon_Handler
                0x080015b8                TIM1_CC_IRQHandler
                0x080015b8                TIM6_IRQHandler
                0x080015b8                PVD_IRQHandler
                0x080015b8                SDIO_IRQHandler
                0x080015b8                NMI_Handler
                0x080015b8                CAN2_RX1_IRQHandler
                0x080015b8                EXTI3_IRQHandler
                0x080015b8                I2C2_EV_IRQHandler
                0x080015b8                UsageFault_Handler
                0x080015b8                CAN2_SCE_IRQHandler
                0x080015b8                ADC1_2_IRQHandler
                0x080015b8                SPI1_IRQHandler
                0x080015b8                TAMPER_IRQHandler
                0x080015b8                CAN2_RX0_IRQHandler
                0x080015b8                TIM8_UP_IRQHandler
                0x080015b8                DMA2_Channel2_IRQHandler
                0x080015b8                DMA1_Channel4_IRQHandler
                0x080015b8                USART3_IRQHandler
                0x080015b8                RTC_IRQHandler
                0x080015b8                DMA1_Channel7_IRQHandler
                0x080015b8                USBWakeUp_IRQHandler
                0x080015b8                CAN1_RX1_IRQHandler
                0x080015b8                UART5_IRQHandler
                0x080015b8                ADC3_IRQHandler
                0x080015b8                TIM4_IRQHandler
                0x080015b8                DMA2_Channel1_IRQHandler
                0x080015b8                I2C1_EV_IRQHandler
                0x080015b8                DMA1_Channel6_IRQHandler
                0x080015b8                UART4_IRQHandler
                0x080015b8                TIM3_IRQHandler
                0x080015b8                RCC_IRQHandler
                0x080015b8                TIM1_TRG_COM_IRQHandler
                0x080015b8                DMA1_Channel1_IRQHandler
                0x080015b8                EXTI15_10_IRQHandler
                0x080015b8                TIM7_IRQHandler
                0x080015b8                CAN2_TX_IRQHandler
                0x080015b8                TIM5_IRQHandler
                0x080015b8                EXTI9_5_IRQHandler
                0x080015b8                ETH_WKUP_IRQHandler
                0x080015b8                SPI2_IRQHandler
                0x080015b8                MemManage_Handler
                0x080015b8                DMA2_Channel5_IRQHandler
                0x080015b8                DMA1_Channel5_IRQHandler
                0x080015b8                EXTI4_IRQHandler
                0x080015b8                USB_LP_CAN1_RX0_IRQHandler
                0x080015b8                USB_HP_CAN1_TX_IRQHandler
                0x080015b8                DMA1_Channel3_IRQHandler
                0x080015b8                FSMC_IRQHandler
                0x080015b8                ETH_IRQHandler
                0x080015b8                TIM1_UP_IRQHandler
                0x080015b8                WWDG_IRQHandler
                0x080015b8                TIM2_IRQHandler
                0x080015b8                TIM1_BRK_IRQHandler
                0x080015b8                EXTI1_IRQHandler
                0x080015b8                RTCAlarm_IRQHandler
                0x080015b8                DMA2_Channel4_5_IRQHandler
                0x080015b8                USART2_IRQHandler
                0x080015b8                I2C2_ER_IRQHandler
                0x080015b8                DMA1_Channel2_IRQHandler
                0x080015b8                TIM8_BRK_IRQHandler
                0x080015b8                CAN1_SCE_IRQHandler
                0x080015b8                FLASH_IRQHandler
                0x080015b8                BusFault_Handler
                0x080015b8                USART1_IRQHandler
                0x080015b8                Spurious_Handler
                0x080015b8                OTG_FS_IRQHandler
                0x080015b8                SPI3_IRQHandler
                0x080015b8                I2C1_ER_IRQHandler
                0x080015b8                DMA2_Channel3_IRQHandler
                0x080015d4                Reset_Handler
 .text          0x08001668      0x170 spy/system_stm32f10x.o
                0x08001668                SystemInit
 .text          0x080017d8      0x248 spy/stm32_eval.o
                0x080017d8                STM_EVAL_LEDOn
                0x080017f4                STM_EVAL_LEDOff
                0x08001810                STM_EVAL_LEDToggle
                0x08001834                STM_EVAL_LEDInit
                0x08001880                STM_EVAL_COMInit
                0x0800192c                STM_EVAL_PBGetState
                0x08001954                STM_EVAL_PBInit
 .text          0x08001a20      0xc50 spy/stm3210c_eval_lcd.o
                0x08001a20                LCD_SetTextColor
                0x08001a3c                LCD_SetBackColor
                0x08001a88                LCD_CtrlLinesConfig
                0x08001ac4                LCD_SPIConfig
                0x08001b6c                LCD_CtrlLinesWrite
                0x08001b74                LCD_WriteRAM
                0x08001bc8                LCD_nCS_StartByte
                0x08001c08                LCD_WriteRegIndex
                0x08001c78                LCD_WriteRAM_Prepare
                0x08001c8c                LCD_WriteRAMWord
                0x08001cb0                LCD_WriteReg
                0x08001d24                LCD_DisplayOff
                0x08001d34                LCD_DisplayOn
                0x08001d44                LCD_PowerOn
                0x08001de0                LCD_SetCursor
                0x08001dfc                LCD_DrawCircle
                0x08001f28                LCD_DrawMonoPict
                0x08001fa8                LCD_DrawLine
                0x08002034                LCD_DrawRect
                0x08002084                LCD_DrawChar
                0x08002108                LCD_DisplayChar
                0x08002130                LCD_DisplayString
                0x08002184                LCD_ClearLine
                0x08002198                LCD_Clear
                0x080021d8                LCD_SetDisplayWindow
                0x08002248                LCD_WindowModeDisable
                0x0800226c                LCD_Setup
                0x08002528                STM3210C_LCD_Init
                0x08002530                LCD_ReadReg
 .text          0x08002670      0x104 spy/misc.o
                0x08002670                NVIC_PriorityGroupConfig
                0x08002684                NVIC_Init
                0x08002708                NVIC_SetVectorTable
                0x08002720                NVIC_SystemLPConfig
                0x08002748                SysTick_CLKSourceConfig
 .text          0x08002774      0x134 spy/stm32f10x_exti.o
                0x08002774                EXTI_DeInit
                0x08002794                EXTI_Init
                0x08002834                EXTI_StructInit
                0x08002848                EXTI_GenerateSWInterrupt
                0x0800285c                EXTI_GetFlagStatus
                0x08002870                EXTI_ClearFlag
                0x0800287c                EXTI_GetITStatus
                0x0800289c                EXTI_ClearITPendingBit
 .text          0x080028a8      0x34c spy/stm32f10x_gpio.o
                0x080028a8                GPIO_Init
                0x08002970                GPIO_StructInit
                0x08002984                GPIO_ReadInputDataBit
                0x08002990                GPIO_ReadInputData
                0x08002998                GPIO_ReadOutputDataBit
                0x080029a4                GPIO_ReadOutputData
                0x080029ac                GPIO_SetBits
                0x080029b0                GPIO_ResetBits
                0x080029b4                GPIO_WriteBit
                0x080029c0                GPIO_Write
                0x080029c4                GPIO_PinLockConfig
                0x080029d4                GPIO_EventOutputConfig
                0x080029f8                GPIO_EventOutputCmd
                0x08002a04                GPIO_PinRemapConfig
                0x08002a7c                GPIO_EXTILineConfig
                0x08002ac0                GPIO_ETH_MediaInterfaceConfig
                0x08002acc                GPIO_AFIODeInit
                0x08002ae8                GPIO_DeInit
 .text          0x08002bf4      0x5a4 spy/stm32f10x_rcc.o
                0x08002bf4                RCC_DeInit
                0x08002c48                RCC_HSEConfig
                0x08002c94                RCC_AdjustHSICalibrationValue
                0x08002cac                RCC_HSICmd
                0x08002cb8                RCC_PLLConfig
                0x08002cd4                RCC_PLLCmd
                0x08002ce0                RCC_PREDIV1Config
                0x08002d00                RCC_PREDIV2Config
                0x08002d18                RCC_PLL2Config
                0x08002d30                RCC_PLL2Cmd
                0x08002d3c                RCC_PLL3Config
                0x08002d54                RCC_PLL3Cmd
                0x08002d60                RCC_SYSCLKConfig
                0x08002d78                RCC_GetSYSCLKSource
                0x08002d88                RCC_HCLKConfig
                0x08002da0                RCC_PCLK1Config
                0x08002db8                RCC_PCLK2Config
                0x08002dd0                RCC_ITConfig
                0x08002df8                RCC_OTGFSCLKConfig
                0x08002e04                RCC_ADCCLKConfig
                0x08002e1c                RCC_I2S2CLKConfig
                0x08002e28                RCC_I2S3CLKConfig
                0x08002e34                RCC_LSEConfig
                0x08002e70                RCC_LSICmd
                0x08002e7c                RCC_RTCCLKConfig
                0x08002e90                RCC_RTCCLKCmd
                0x08002e9c                RCC_GetClocksFreq
                0x08002fd0                RCC_AHBPeriphClockCmd
                0x08002ff8                RCC_APB2PeriphClockCmd
                0x08003020                RCC_APB1PeriphClockCmd
                0x08003048                RCC_AHBPeriphResetCmd
                0x08003070                RCC_APB2PeriphResetCmd
                0x08003098                RCC_APB1PeriphResetCmd
                0x080030c0                RCC_BackupResetCmd
                0x080030cc                RCC_ClockSecuritySystemCmd
                0x080030d8                RCC_MCOConfig
                0x080030e4                RCC_GetFlagStatus
                0x08003128                RCC_WaitForHSEStartUp
                0x08003164                RCC_ClearFlag
                0x08003178                RCC_GetITStatus
                0x0800318c                RCC_ClearITPendingBit
 .text          0x08003198      0x410 spy/stm32f10x_spi.o
                0x08003198                SPI_Init
                0x080031f8                SPI_StructInit
                0x08003214                I2S_StructInit
                0x0800322c                SPI_Cmd
                0x0800324c                I2S_Cmd
                0x0800326c                SPI_I2S_ITConfig
                0x08003294                SPI_I2S_DMACmd
                0x080032b0                SPI_I2S_SendData
                0x080032b4                SPI_I2S_ReceiveData
                0x080032bc                SPI_NSSInternalSoftwareConfig
                0x080032e0                SPI_SSOutputCmd
                0x08003300                SPI_DataSizeConfig
                0x0800331c                SPI_TransmitCRC
                0x08003328                SPI_CalculateCRC
                0x08003348                SPI_GetCRC
                0x08003358                SPI_GetCRCPolynomial
                0x08003360                SPI_BiDirectionalLineConfig
                0x08003384                SPI_I2S_GetFlagStatus
                0x08003390                SPI_I2S_ClearFlag
                0x0800339c                SPI_I2S_GetITStatus
                0x080033d4                SPI_I2S_ClearITPendingBit
                0x080033ec                I2S_Init
                0x08003534                SPI_I2S_DeInit
 .text          0x080035a8      0x44c spy/stm32f10x_usart.o
                0x080035a8                USART_StructInit
                0x080035c4                USART_ClockInit
                0x080035f4                USART_ClockStructInit
                0x08003604                USART_Cmd
                0x08003624                USART_ITConfig
                0x0800365c                USART_DMACmd
                0x08003678                USART_SetAddress
                0x08003694                USART_WakeUpConfig
                0x080036b0                USART_ReceiverWakeUpCmd
                0x080036d0                USART_LINBreakDetectLengthConfig
                0x080036ec                USART_LINCmd
                0x0800370c                USART_SendData
                0x08003718                USART_ReceiveData
                0x08003724                USART_SendBreak
                0x08003730                USART_SetGuardTime
                0x08003744                USART_SetPrescaler
                0x08003758                USART_SmartCardCmd
                0x08003778                USART_SmartCardNACKCmd
                0x08003798                USART_HalfDuplexCmd
                0x080037b8                USART_IrDAConfig
                0x080037d4                USART_IrDACmd
                0x080037f4                USART_GetFlagStatus
                0x08003800                USART_ClearFlag
                0x0800380c                USART_GetITStatus
                0x08003864                USART_ClearITPendingBit
                0x0800387c                USART_Init
                0x08003934                USART_DeInit
 .text          0x080039f4       0xb0 ../../../../../ports/arm-cortex/qk/gnu/spy\libqk_cortex-m3.a(qk.o)
                0x080039f4                QK_getVersion
                0x08003a00                QActive_stop
                0x08003a08                QActive_start
                0x08003a74                QF_run
                0x08003a94                QF_stop
                0x08003a9c                QF_init
 .text          0x08003aa4      0x160 ../../../../../ports/arm-cortex/qk/gnu/spy\libqk_cortex-m3.a(qk_sched.o)
                0x08003aa4                QK_schedule_
 .text          0x08003c04       0xfc ../../../../../ports/arm-cortex/qk/gnu/spy\libqf_cortex-m3.a(qa_fifo.o)
                0x08003c04                QActive_postFIFO
 .text          0x08003d00      0x178 ../../../../../ports/arm-cortex/qk/gnu/spy\libqf_cortex-m3.a(qa_get_.o)
                0x08003d00                QF_getQueueMargin
                0x08003d3c                QActive_get_
 .text          0x08003e78       0xc4 ../../../../../ports/arm-cortex/qk/gnu/spy\libqf_cortex-m3.a(qa_sub.o)
                0x08003e78                QActive_subscribe
 .text          0x08003f3c       0x58 ../../../../../ports/arm-cortex/qk/gnu/spy\libqf_cortex-m3.a(qeq_init.o)
                0x08003f3c                QEQueue_init
 .text          0x08003f94      0x110 ../../../../../ports/arm-cortex/qk/gnu/spy\libqf_cortex-m3.a(qf_act.o)
                0x08003f94                QF_getVersion
                0x08003fa0                QF_remove_
                0x08004024                QF_add_
 .text          0x080040a4       0xc0 ../../../../../ports/arm-cortex/qk/gnu/spy\libqf_cortex-m3.a(qf_gc.o)
                0x080040a4                QF_gc
 .text          0x08004164       0xbc ../../../../../ports/arm-cortex/qk/gnu/spy\libqf_cortex-m3.a(qf_new.o)
                0x08004164                QF_new_
 .text          0x08004220       0x90 ../../../../../ports/arm-cortex/qk/gnu/spy\libqf_cortex-m3.a(qf_pool.o)
                0x08004220                QF_poolInit
 .text          0x080042b0       0x18 ../../../../../ports/arm-cortex/qk/gnu/spy\libqf_cortex-m3.a(qf_psini.o)
                0x080042b0                QF_psInit
 .text          0x080042c8       0xfc ../../../../../ports/arm-cortex/qk/gnu/spy\libqf_cortex-m3.a(qf_pspub.o)
                0x080042c8                QF_publish
 .text          0x080043c4      0x11c ../../../../../ports/arm-cortex/qk/gnu/spy\libqf_cortex-m3.a(qf_tick.o)
                0x080043c4                QF_tick
 .text          0x080044e0       0xb0 ../../../../../ports/arm-cortex/qk/gnu/spy\libqf_cortex-m3.a(qmp_get.o)
                0x080044e0                QF_getPoolMargin
                0x08004520                QMPool_get
 .text          0x08004590      0x114 ../../../../../ports/arm-cortex/qk/gnu/spy\libqf_cortex-m3.a(qmp_init.o)
                0x08004590                QMPool_init
 .text          0x080046a4       0x80 ../../../../../ports/arm-cortex/qk/gnu/spy\libqf_cortex-m3.a(qmp_put.o)
                0x080046a4                QMPool_put
 .text          0x08004724       0x30 ../../../../../ports/arm-cortex/qk/gnu/spy\libqf_cortex-m3.a(qte_ctor.o)
                0x08004724                QTimeEvt_ctor
 .text          0x08004754       0xa8 ../../../../../ports/arm-cortex/qk/gnu/spy\libqf_cortex-m3.a(qte_arm.o)
                0x08004754                QTimeEvt_arm_
 .text          0x080047fc      0x18c ../../../../../ports/arm-cortex/qk/gnu/spy\libqep_cortex-m3.a(qhsm_ini.o)
                0x080047fc                QHsm_init
 .text          0x08004988      0x5cc ../../../../../ports/arm-cortex/qk/gnu/spy\libqep_cortex-m3.a(qhsm_dis.o)
                0x08004988                QHsm_dispatch
 .text          0x08004f54        0x8 ../../../../../ports/arm-cortex/qk/gnu/spy\libqep_cortex-m3.a(qhsm_top.o)
                0x08004f54                QHsm_top
 .text          0x08004f5c      0xe8c ../../../../../ports/arm-cortex/qk/gnu/spy\libqs_cortex-m3.a(qs.o)
                0x08004f5c                QS_getVersion
                0x08004f68                QS_initBuf
                0x08004f80                QS_filterOn
                0x08004fc4                QS_filterOff
                0x08005008                QS_begin
                0x08005224                QS_end
                0x080053a0                QS_u8
                0x080055a8                QS_u16
                0x080058bc                QS_u32
 .text          0x08005de8      0x8b0 ../../../../../ports/arm-cortex/qk/gnu/spy\libqs_cortex-m3.a(qs_.o)
                0x08005de8                QS_u8_
                0x08005ee8                QS_u16_
                0x080060f8                QS_u32_
                0x08006520                QS_str_
                0x080065dc                QS_str_ROM_
 .text          0x08006698       0x60 ../../../../../ports/arm-cortex/qk/gnu/spy\libqs_cortex-m3.a(qs_byte.o)
                0x08006698                QS_getByte
 .text          0x080066f8      0x238 ../../../../../ports/arm-cortex/qk/gnu/spy\libqs_cortex-m3.a(qs_str.o)
                0x080066f8                QS_str
                0x08006814                QS_str_ROM
 .text          0x08006930       0x70 c:/tools/devkitpro/devkitarm/bin/../lib/gcc/arm-eabi/4.4.2/../../../../arm-eabi/lib/thumb/thumb2\libc.a(lib_a-init.o)
                0x08006930                __libc_fini_array
                0x08006958                __libc_init_array
 *(.text*)
 .text.QK_init  0x080069a0       0x24 ../../../../../ports/arm-cortex/qk/gnu/spy\libqk_cortex-m3.a(qk_port.o)
                0x080069a0                QK_init
 .text.PendSV_Handler
                0x080069c4       0x24 ../../../../../ports/arm-cortex/qk/gnu/spy\libqk_cortex-m3.a(qk_port.o)
                0x080069c4                PendSV_Handler
 .text.SVC_Handler
                0x080069e8        0x4 ../../../../../ports/arm-cortex/qk/gnu/spy\libqk_cortex-m3.a(qk_port.o)
                0x080069e8                SVC_Handler
 *(.rodata)
 .rodata        0x080069ec        0x8 spy/bsp.o
 .rodata        0x080069f4       0x84 spy/main.o
 .rodata        0x08006a78      0x114 spy/philo.o
                0x08006b78                AO_Philo
 .rodata        0x08006b8c       0x74 spy/table.o
                0x08006bfc                AO_Table
 .rodata        0x08006c00       0x14 spy/system_stm32f10x.o
                0x08006c00                SystemFrequency
                0x08006c04                SystemFrequency_SysClk
                0x08006c08                SystemFrequency_AHBClk
                0x08006c0c                SystemFrequency_APB1Clk
                0x08006c10                SystemFrequency_APB2Clk
 .rodata        0x08006c14       0x5c spy/stm32_eval.o
                0x08006c14                GPIO_PIN
                0x08006c1c                GPIO_CLK
                0x08006c2c                COM_POR_CLK
                0x08006c30                COM_USART_CLK
                0x08006c34                COM_TX_PIN
                0x08006c38                COM_RX_PIN
                0x08006c3c                BUTTON_PIN
                0x08006c44                BUTTON_CLK
                0x08006c50                BUTTON_PORT_SOURCE
                0x08006c58                BUTTON_PIN_SOURCE
                0x08006c60                BUTTON_EXTI_LINE
                0x08006c68                BUTTON_IRQn
 .rodata        0x08006c70     0x11d0 spy/stm3210c_eval_lcd.o
                0x08006c70                ASCII_Table
 .rodata        0x08007e40        0xc ../../../../../ports/arm-cortex/qk/gnu/spy\libqk_cortex-m3.a(qk.o)
 .rodata        0x08007e4c        0xc ../../../../../ports/arm-cortex/qk/gnu/spy\libqk_cortex-m3.a(qk_sched.o)
 .rodata        0x08007e58        0x8 ../../../../../ports/arm-cortex/qk/gnu/spy\libqf_cortex-m3.a(qa_fifo.o)
 .rodata        0x08007e60        0x8 ../../../../../ports/arm-cortex/qk/gnu/spy\libqf_cortex-m3.a(qa_get_.o)
 .rodata        0x08007e68        0x8 ../../../../../ports/arm-cortex/qk/gnu/spy\libqf_cortex-m3.a(qa_sub.o)
 .rodata        0x08007e70       0x10 ../../../../../ports/arm-cortex/qk/gnu/spy\libqf_cortex-m3.a(qf_act.o)
 .rodata        0x08007e80        0x8 ../../../../../ports/arm-cortex/qk/gnu/spy\libqf_cortex-m3.a(qf_gc.o)
 .rodata        0x08007e88      0x100 ../../../../../ports/arm-cortex/qk/gnu/spy\libqf_cortex-m3.a(qf_log2.o)
                0x08007e88                QF_log2Lkup
 .rodata        0x08007f88        0x8 ../../../../../ports/arm-cortex/qk/gnu/spy\libqf_cortex-m3.a(qf_new.o)
 .rodata        0x08007f90        0x8 ../../../../../ports/arm-cortex/qk/gnu/spy\libqf_cortex-m3.a(qf_pool.o)
 .rodata        0x08007f98        0xc ../../../../../ports/arm-cortex/qk/gnu/spy\libqf_cortex-m3.a(qf_pspub.o)
 .rodata        0x08007fa4       0xcc ../../../../../ports/arm-cortex/qk/gnu/spy\libqf_cortex-m3.a(qf_pwr2.o)
                0x08007fa4                QF_pwr2Lkup
                0x08007fe8                QF_invPwr2Lkup
                0x0800802c                QF_div8Lkup
 .rodata        0x08008070        0x8 ../../../../../ports/arm-cortex/qk/gnu/spy\libqf_cortex-m3.a(qmp_get.o)
 .rodata        0x08008078        0xc ../../../../../ports/arm-cortex/qk/gnu/spy\libqf_cortex-m3.a(qmp_init.o)
 .rodata        0x08008084        0x8 ../../../../../ports/arm-cortex/qk/gnu/spy\libqf_cortex-m3.a(qmp_put.o)
 .rodata        0x0800808c        0xc ../../../../../ports/arm-cortex/qk/gnu/spy\libqf_cortex-m3.a(qte_ctor.o)
 .rodata        0x08008098        0x8 ../../../../../ports/arm-cortex/qk/gnu/spy\libqf_cortex-m3.a(qte_arm.o)
 .rodata        0x080080a0        0xc ../../../../../ports/arm-cortex/qk/gnu/spy\libqep_cortex-m3.a(qhsm_ini.o)
 .rodata        0x080080ac        0xc ../../../../../ports/arm-cortex/qk/gnu/spy\libqep_cortex-m3.a(qhsm_dis.o)
 .rodata        0x080080b8       0x10 ../../../../../ports/arm-cortex/qk/gnu/spy\libqep_cortex-m3.a(qep.o)
                0x080080c0                QEP_reservedEvt_
 .rodata        0x080080c8        0x8 ../../../../../ports/arm-cortex/qk/gnu/spy\libqs_cortex-m3.a(qs.o)
 *(.rodata*)
 .rodata.str1.4
                0x080080d0       0x7a spy/bsp.o
                                 0x7c (size before relaxing)
 *fill*         0x0800814a        0x2 00
 .rodata.str1.4
                0x0800814c       0x21 spy/table.o
                                 0x24 (size before relaxing)
 *fill*         0x0800816d        0x3 00
 .rodata.str1.4
                0x08008170       0x15 spy/startup_stm32f10x_cl.o
                                 0x18 (size before relaxing)
 *fill*         0x08008185        0x3 00
 .rodata.str1.4
                0x08008188       0x18 spy/stm3210c_eval_lcd.o
 *(.init)
 .init          0x080081a0        0x4 c:/tools/devkitpro/devkitarm/bin/../lib/gcc/arm-eabi/4.4.2/thumb/thumb2/crti.o
                0x080081a0                _init
 .init          0x080081a4        0x8 c:/tools/devkitpro/devkitarm/bin/../lib/gcc/arm-eabi/4.4.2/thumb/thumb2/crtn.o
 *(.fini)
 .fini          0x080081ac        0x4 c:/tools/devkitpro/devkitarm/bin/../lib/gcc/arm-eabi/4.4.2/thumb/thumb2/crti.o
                0x080081ac                _fini
 .fini          0x080081b0        0x8 c:/tools/devkitpro/devkitarm/bin/../lib/gcc/arm-eabi/4.4.2/thumb/thumb2/crtn.o
                0x080081b8                . = ALIGN (0x4)
                0x080081b8                _etext = .

.glue_7         0x080081b8        0x0
 .glue_7        0x00000000        0x0 linker stubs

.glue_7t        0x080081b8        0x0
 .glue_7t       0x00000000        0x0 linker stubs

.vfp11_veneer   0x080081b8        0x0
 .vfp11_veneer  0x00000000        0x0 linker stubs

.v4_bx          0x080081b8        0x0
 .v4_bx         0x00000000        0x0 linker stubs

.preinit_array  0x080081b8        0x0
                0x080081b8                PROVIDE (__preinit_array_start, .)
 *(.preinit_array*)
                0x080081b8                PROVIDE (__preinit_array_end, .)

.init_array     0x080081b8        0x4
                0x080081b8                PROVIDE (__init_array_start, .)
 *(SORT(.init_array.*))
 *(.init_array*)
 .init_array    0x080081b8        0x4 c:/tools/devkitpro/devkitarm/bin/../lib/gcc/arm-eabi/4.4.2/thumb/thumb2/crtbegin.o
                0x080081bc                PROVIDE (__init_array_end, .)

.fini_array     0x080081bc        0x4
                0x080081bc                PROVIDE (__fini_array_start, .)
 *(.fini_array*)
 .fini_array    0x080081bc        0x4 c:/tools/devkitpro/devkitarm/bin/../lib/gcc/arm-eabi/4.4.2/thumb/thumb2/crtbegin.o
 *(SORT(.fini_array.*))
                0x080081c0                PROVIDE (__fini_array_end, .)

.data           0x20000000       0x40 load address 0x080081c0
                0x080081c0                __data_load = LOADADDR (.data)
                0x20000000                __data_start = .
 *(.data)
 .data          0x20000000       0x24 spy/stm32_eval.o
                0x20000000                GPIO_PORT
                0x20000010                COM_PORT
                0x20000014                COM_USART
                0x20000018                BUTTON_PORT
 .data          0x20000024        0x2 spy/stm3210c_eval_lcd.o
 *fill*         0x20000026        0x2 00
 .data          0x20000028       0x14 spy/stm32f10x_rcc.o
 .data          0x2000003c        0x1 ../../../../../ports/arm-cortex/qk/gnu/spy\libqk_cortex-m3.a(qk.o)
                0x2000003c                QK_currPrio_
 *(.data*)
                0x20000040                . = ALIGN (0x4)
 *fill*         0x2000003d        0x3 00
                0x20000040                __data_end__ = .
                0x20000040                _edata = __data_end__

.jcr            0x20000040        0x0
 .jcr           0x20000040        0x0 c:/tools/devkitpro/devkitarm/bin/../lib/gcc/arm-eabi/4.4.2/thumb/thumb2/crtbegin.o

.bss            0x20000040      0xbb0 load address 0x08008200
                0x20000040                __bss_start__ = .
 *(.bss)
 .bss           0x20000040       0x1c c:/tools/devkitpro/devkitarm/bin/../lib/gcc/arm-eabi/4.4.2/thumb/thumb2/crtbegin.o
 .bss           0x2000005c      0x800 spy/bsp.o
 .bss           0x2000085c       0xd8 spy/main.o
 .bss           0x20000934       0xe0 spy/philo.o
 .bss           0x20000a14       0x24 spy/table.o
 .bss           0x20000a38        0x2 spy/stm3210c_eval_lcd.o
 .bss           0x20000a3a        0x1 ../../../../../ports/arm-cortex/qk/gnu/spy\libqf_cortex-m3.a(qf_tick.o)
 *(.bss*)
 *(COMMON)
 *fill*         0x20000a3b        0x1 00
 COMMON         0x20000a3c        0x8 spy/bsp.o
                0x20000a3c                QS_tickTime_
                0x20000a40                QS_tickPeriod_
 COMMON         0x20000a44        0xa ../../../../../ports/arm-cortex/qk/gnu/spy\libqk_cortex-m3.a(qk.o)
                0x20000a44                QK_readySet_
                0x20000a4d                QK_intNest_
 COMMON         0x20000a4e        0x1 ../../../../../ports/arm-cortex/qk/gnu/spy\libqk_cortex-m3.a(qk_mutex.o)
                0x20000a4e                QK_ceilingPrio_
 *fill*         0x20000a4f        0x1 00
 COMMON         0x20000a50      0x104 ../../../../../ports/arm-cortex/qk/gnu/spy\libqf_cortex-m3.a(qf_act.o)
                0x20000a50                QF_intLockNest_
                0x20000a54                QF_active_
 COMMON         0x20000b54       0x3d ../../../../../ports/arm-cortex/qk/gnu/spy\libqf_cortex-m3.a(qf_pool.o)
                0x20000b54                QF_pool_
                0x20000b90                QF_maxPool_
 *fill*         0x20000b91        0x3 00
 COMMON         0x20000b94        0x8 ../../../../../ports/arm-cortex/qk/gnu/spy\libqf_cortex-m3.a(qf_psini.o)
                0x20000b94                QF_maxSignal_
                0x20000b98                QF_subscrList_
 COMMON         0x20000b9c        0x4 ../../../../../ports/arm-cortex/qk/gnu/spy\libqf_cortex-m3.a(qte_arm.o)
                0x20000b9c                QF_timeEvtListHead_
 COMMON         0x20000ba0       0x32 ../../../../../ports/arm-cortex/qk/gnu/spy\libqs_cortex-m3.a(qs.o)
                0x20000ba0                QS_seq_
                0x20000ba1                QS_chksum_
                0x20000ba2                QS_head_
                0x20000ba4                QS_glbFilter_
                0x20000bc4                QS_used_
                0x20000bc8                QS_ring_
                0x20000bcc                QS_end_
                0x20000bce                QS_full_
                0x20000bd0                QS_tail_
 *fill*         0x20000bd2        0x2 00
 COMMON         0x20000bd4       0x1c ../../../../../ports/arm-cortex/qk/gnu/spy\libqs_cortex-m3.a(qs_.o)
                0x20000bd4                QS_teObj_
                0x20000bd8                QS_eqObj_
                0x20000bdc                QS_aoObj_
                0x20000be0                QS_apObj_
                0x20000be4                QS_tickCtr_
                0x20000be8                QS_smObj_
                0x20000bec                QS_mpObj_
                0x20000bf0                . = ALIGN (0x4)
                0x20000bf0                _ebss = .
                0x20000bf0                __bss_end__ = .
                0x20000bf0                PROVIDE (end, _ebss)
                0x20000bf0                PROVIDE (_end, _ebss)
                0x20000bf0                PROVIDE (__end__, _ebss)

.heap           0x20000bf0        0x0 load address 0x08008200
                0x20000bf0                __heap_start__ = .
                0x20000bf0                . = (. + HEAP_SIZE)
                0x20000bf0                . = ALIGN (0x4)
                0x20000bf0                __heap_end__ = .

.stack          0x20000bf0      0x400 load address 0x08008200
                0x20000bf0                __stack_start__ = .
                0x20000ff0                . = (. + STACK_SIZE)
 *fill*         0x20000bf0      0x400 00
                0x20000ff0                . = ALIGN (0x4)
                0x20000ff0                __c_stack_top__ = .
                0x20000ff0                __stack_end__ = .

/DISCARD/
 libc.a(*)
 libm.a(*)
 libgcc.a(*)
OUTPUT(spy/dpp-qk.elf elf32-littlearm)

.ARM.attributes
                0x00000000       0x25
 .ARM.attributes
                0x00000000       0x17 c:/tools/devkitpro/devkitarm/bin/../lib/gcc/arm-eabi/4.4.2/thumb/thumb2/crti.o
 .ARM.attributes
                0x00000017       0x27 c:/tools/devkitpro/devkitarm/bin/../lib/gcc/arm-eabi/4.4.2/thumb/thumb2/crtbegin.o
 .ARM.attributes
                0x0000003e       0x17 c:/tools/devkitpro/devkitarm/bin/../lib/gcc/arm-eabi/4.4.2/../../../../arm-eabi/lib/thumb/thumb2/crt0.o
 .ARM.attributes
                0x00000055       0x31 spy/bsp.o
 .ARM.attributes
                0x00000086       0x31 spy/main.o
 .ARM.attributes
                0x000000b7       0x31 spy/no_heap.o
 .ARM.attributes
                0x000000e8       0x31 spy/philo.o
 .ARM.attributes
                0x00000119       0x31 spy/table.o
 .ARM.attributes
                0x0000014a       0x31 spy/startup_stm32f10x_cl.o
 .ARM.attributes
                0x0000017b       0x31 spy/core_cm3.o
 .ARM.attributes
                0x000001ac       0x31 spy/system_stm32f10x.o
 .ARM.attributes
                0x000001dd       0x31 spy/stm32_eval.o
 .ARM.attributes
                0x0000020e       0x31 spy/stm3210c_eval_lcd.o
 .ARM.attributes
                0x0000023f       0x31 spy/stm3210c_eval_ioe.o
 .ARM.attributes
                0x00000270       0x31 spy/misc.o
 .ARM.attributes
                0x000002a1       0x31 spy/stm32f10x_adc.o
 .ARM.attributes
                0x000002d2       0x31 spy/stm32f10x_bkp.o
 .ARM.attributes
                0x00000303       0x31 spy/stm32f10x_can.o
 .ARM.attributes
                0x00000334       0x31 spy/stm32f10x_crc.o
 .ARM.attributes
                0x00000365       0x31 spy/stm32f10x_dac.o
 .ARM.attributes
                0x00000396       0x31 spy/stm32f10x_dbgmcu.o
 .ARM.attributes
                0x000003c7       0x31 spy/stm32f10x_dma.o
 .ARM.attributes
                0x000003f8       0x31 spy/stm32f10x_exti.o
 .ARM.attributes
                0x00000429       0x31 spy/stm32f10x_flash.o
 .ARM.attributes
                0x0000045a       0x31 spy/stm32f10x_fsmc.o
 .ARM.attributes
                0x0000048b       0x31 spy/stm32f10x_gpio.o
 .ARM.attributes
                0x000004bc       0x31 spy/stm32f10x_i2c.o
 .ARM.attributes
                0x000004ed       0x31 spy/stm32f10x_iwdg.o
 .ARM.attributes
                0x0000051e       0x31 spy/stm32f10x_pwr.o
 .ARM.attributes
                0x0000054f       0x31 spy/stm32f10x_rcc.o
 .ARM.attributes
                0x00000580       0x31 spy/stm32f10x_rtc.o
 .ARM.attributes
                0x000005b1       0x31 spy/stm32f10x_sdio.o
 .ARM.attributes
                0x000005e2       0x31 spy/stm32f10x_spi.o
 .ARM.attributes
                0x00000613       0x31 spy/stm32f10x_tim.o
 .ARM.attributes
                0x00000644       0x31 spy/stm32f10x_usart.o
 .ARM.attributes
                0x00000675       0x31 spy/stm32f10x_wwdg.o
 .ARM.attributes
                0x000006a6       0x31 ../../../../../ports/arm-cortex/qk/gnu/spy\libqk_cortex-m3.a(qk.o)
 .ARM.attributes
                0x000006d7       0x31 ../../../../../ports/arm-cortex/qk/gnu/spy\libqk_cortex-m3.a(qk_sched.o)
 .ARM.attributes
                0x00000708       0x31 ../../../../../ports/arm-cortex/qk/gnu/spy\libqk_cortex-m3.a(qk_mutex.o)
 .ARM.attributes
                0x00000739       0x21 ../../../../../ports/arm-cortex/qk/gnu/spy\libqk_cortex-m3.a(qk_port.o)
 .ARM.attributes
                0x0000075a       0x31 ../../../../../ports/arm-cortex/qk/gnu/spy\libqf_cortex-m3.a(qa_fifo.o)
 .ARM.attributes
                0x0000078b       0x31 ../../../../../ports/arm-cortex/qk/gnu/spy\libqf_cortex-m3.a(qa_get_.o)
 .ARM.attributes
                0x000007bc       0x31 ../../../../../ports/arm-cortex/qk/gnu/spy\libqf_cortex-m3.a(qa_sub.o)
 .ARM.attributes
                0x000007ed       0x31 ../../../../../ports/arm-cortex/qk/gnu/spy\libqf_cortex-m3.a(qeq_init.o)
 .ARM.attributes
                0x0000081e       0x31 ../../../../../ports/arm-cortex/qk/gnu/spy\libqf_cortex-m3.a(qf_act.o)
 .ARM.attributes
                0x0000084f       0x31 ../../../../../ports/arm-cortex/qk/gnu/spy\libqf_cortex-m3.a(qf_gc.o)
 .ARM.attributes
                0x00000880       0x31 ../../../../../ports/arm-cortex/qk/gnu/spy\libqf_cortex-m3.a(qf_log2.o)
 .ARM.attributes
                0x000008b1       0x31 ../../../../../ports/arm-cortex/qk/gnu/spy\libqf_cortex-m3.a(qf_new.o)
 .ARM.attributes
                0x000008e2       0x31 ../../../../../ports/arm-cortex/qk/gnu/spy\libqf_cortex-m3.a(qf_pool.o)
 .ARM.attributes
                0x00000913       0x31 ../../../../../ports/arm-cortex/qk/gnu/spy\libqf_cortex-m3.a(qf_psini.o)
 .ARM.attributes
                0x00000944       0x31 ../../../../../ports/arm-cortex/qk/gnu/spy\libqf_cortex-m3.a(qf_pspub.o)
 .ARM.attributes
                0x00000975       0x31 ../../../../../ports/arm-cortex/qk/gnu/spy\libqf_cortex-m3.a(qf_pwr2.o)
 .ARM.attributes
                0x000009a6       0x31 ../../../../../ports/arm-cortex/qk/gnu/spy\libqf_cortex-m3.a(qf_tick.o)
 .ARM.attributes
                0x000009d7       0x31 ../../../../../ports/arm-cortex/qk/gnu/spy\libqf_cortex-m3.a(qmp_get.o)
 .ARM.attributes
                0x00000a08       0x31 ../../../../../ports/arm-cortex/qk/gnu/spy\libqf_cortex-m3.a(qmp_init.o)
 .ARM.attributes
                0x00000a39       0x31 ../../../../../ports/arm-cortex/qk/gnu/spy\libqf_cortex-m3.a(qmp_put.o)
 .ARM.attributes
                0x00000a6a       0x31 ../../../../../ports/arm-cortex/qk/gnu/spy\libqf_cortex-m3.a(qte_ctor.o)
 .ARM.attributes
                0x00000a9b       0x31 ../../../../../ports/arm-cortex/qk/gnu/spy\libqf_cortex-m3.a(qte_arm.o)
 .ARM.attributes
                0x00000acc       0x31 ../../../../../ports/arm-cortex/qk/gnu/spy\libqep_cortex-m3.a(qhsm_ini.o)
 .ARM.attributes
                0x00000afd       0x31 ../../../../../ports/arm-cortex/qk/gnu/spy\libqep_cortex-m3.a(qhsm_dis.o)
 .ARM.attributes
                0x00000b2e       0x31 ../../../../../ports/arm-cortex/qk/gnu/spy\libqep_cortex-m3.a(qhsm_top.o)
 .ARM.attributes
                0x00000b5f       0x31 ../../../../../ports/arm-cortex/qk/gnu/spy\libqep_cortex-m3.a(qep.o)
 .ARM.attributes
                0x00000b90       0x31 ../../../../../ports/arm-cortex/qk/gnu/spy\libqs_cortex-m3.a(qs.o)
 .ARM.attributes
                0x00000bc1       0x31 ../../../../../ports/arm-cortex/qk/gnu/spy\libqs_cortex-m3.a(qs_.o)
 .ARM.attributes
                0x00000bf2       0x31 ../../../../../ports/arm-cortex/qk/gnu/spy\libqs_cortex-m3.a(qs_byte.o)
 .ARM.attributes
                0x00000c23       0x31 ../../../../../ports/arm-cortex/qk/gnu/spy\libqs_cortex-m3.a(qs_str.o)
 .ARM.attributes
                0x00000c54       0x27 c:/tools/devkitpro/devkitarm/bin/../lib/gcc/arm-eabi/4.4.2/../../../../arm-eabi/lib/thumb/thumb2\libc.a(lib_a-atexit.o)
 .ARM.attributes
                0x00000c7b       0x27 c:/tools/devkitpro/devkitarm/bin/../lib/gcc/arm-eabi/4.4.2/../../../../arm-eabi/lib/thumb/thumb2\libc.a(lib_a-exit.o)
 .ARM.attributes
                0x00000ca2       0x27 c:/tools/devkitpro/devkitarm/bin/../lib/gcc/arm-eabi/4.4.2/../../../../arm-eabi/lib/thumb/thumb2\libc.a(lib_a-impure.o)
 .ARM.attributes
                0x00000cc9       0x27 c:/tools/devkitpro/devkitarm/bin/../lib/gcc/arm-eabi/4.4.2/../../../../arm-eabi/lib/thumb/thumb2\libc.a(lib_a-init.o)
 .ARM.attributes
                0x00000cf0       0x27 c:/tools/devkitpro/devkitarm/bin/../lib/gcc/arm-eabi/4.4.2/../../../../arm-eabi/lib/thumb/thumb2\libc.a(lib_a-memset.o)
 .ARM.attributes
                0x00000d17       0x27 c:/tools/devkitpro/devkitarm/bin/../lib/gcc/arm-eabi/4.4.2/../../../../arm-eabi/lib/thumb/thumb2\libc.a(lib_a-__atexit.o)
 .ARM.attributes
                0x00000d3e       0x27 c:/tools/devkitpro/devkitarm/bin/../lib/gcc/arm-eabi/4.4.2/../../../../arm-eabi/lib/thumb/thumb2\libc.a(lib_a-__call_atexit.o)
 .ARM.attributes
                0x00000d65       0x27 c:/tools/devkitpro/devkitarm/bin/../lib/gcc/arm-eabi/4.4.2/../../../../arm-eabi/lib/thumb/thumb2\libc.a(lib_a-findfp.o)
 .ARM.attributes
                0x00000d8c       0x27 c:/tools/devkitpro/devkitarm/bin/../lib/gcc/arm-eabi/4.4.2/../../../../arm-eabi/lib/thumb/thumb2\libc.a(lib_a-fwalk.o)
 .ARM.attributes
                0x00000db3       0x27 c:/tools/devkitpro/devkitarm/bin/../lib/gcc/arm-eabi/4.4.2/../../../../arm-eabi/lib/thumb/thumb2\libc.a(lib_a-mallocr.o)
 .ARM.attributes
                0x00000dda       0x27 c:/tools/devkitpro/devkitarm/bin/../lib/gcc/arm-eabi/4.4.2/../../../../arm-eabi/lib/thumb/thumb2\libc.a(lib_a-mlock.o)
 .ARM.attributes
                0x00000e01       0x27 c:/tools/devkitpro/devkitarm/bin/../lib/gcc/arm-eabi/4.4.2/../../../../arm-eabi/lib/thumb/thumb2\libc.a(lib_a-stdio.o)
 .ARM.attributes
                0x00000e28       0x27 c:/tools/devkitpro/devkitarm/bin/../lib/gcc/arm-eabi/4.4.2/../../../../arm-eabi/lib/thumb/thumb2\libc.a(lib_a-fclose.o)
 .ARM.attributes
                0x00000e4f       0x27 c:/tools/devkitpro/devkitarm/bin/../lib/gcc/arm-eabi/4.4.2/../../../../arm-eabi/lib/thumb/thumb2\libc.a(lib_a-fflush.o)
 .ARM.attributes
                0x00000e76       0x27 c:/tools/devkitpro/devkitarm/bin/../lib/gcc/arm-eabi/4.4.2/../../../../arm-eabi/lib/thumb/thumb2\libc.a(lib_a-freer.o)
 .ARM.attributes
                0x00000e9d       0x27 c:/tools/devkitpro/devkitarm/bin/../lib/gcc/arm-eabi/4.4.2/../../../../arm-eabi/lib/thumb/thumb2\libsysbase.a(close.o)
 .ARM.attributes
                0x00000ec4       0x27 c:/tools/devkitpro/devkitarm/bin/../lib/gcc/arm-eabi/4.4.2/../../../../arm-eabi/lib/thumb/thumb2\libsysbase.a(lseek.o)
 .ARM.attributes
                0x00000eeb       0x27 c:/tools/devkitpro/devkitarm/bin/../lib/gcc/arm-eabi/4.4.2/../../../../arm-eabi/lib/thumb/thumb2\libsysbase.a(read.o)
 .ARM.attributes
                0x00000f12       0x27 c:/tools/devkitpro/devkitarm/bin/../lib/gcc/arm-eabi/4.4.2/../../../../arm-eabi/lib/thumb/thumb2\libsysbase.a(sbrk.o)
 .ARM.attributes
                0x00000f39       0x27 c:/tools/devkitpro/devkitarm/bin/../lib/gcc/arm-eabi/4.4.2/../../../../arm-eabi/lib/thumb/thumb2\libsysbase.a(write.o)
 .ARM.attributes
                0x00000f60       0x27 c:/tools/devkitpro/devkitarm/bin/../lib/gcc/arm-eabi/4.4.2/../../../../arm-eabi/lib/thumb/thumb2\libsysbase.a(_exit.o)
 .ARM.attributes
                0x00000f87       0x27 c:/tools/devkitpro/devkitarm/bin/../lib/gcc/arm-eabi/4.4.2/../../../../arm-eabi/lib/thumb/thumb2\libsysbase.a(malloc_vars.o)
 .ARM.attributes
                0x00000fae       0x27 c:/tools/devkitpro/devkitarm/bin/../lib/gcc/arm-eabi/4.4.2/../../../../arm-eabi/lib/thumb/thumb2\libsysbase.a(syscall_support.o)
 .ARM.attributes
                0x00000fd5       0x27 c:/tools/devkitpro/devkitarm/bin/../lib/gcc/arm-eabi/4.4.2/../../../../arm-eabi/lib/thumb/thumb2\libsysbase.a(handle_manager.o)
 .ARM.attributes
                0x00000ffc       0x27 c:/tools/devkitpro/devkitarm/bin/../lib/gcc/arm-eabi/4.4.2/../../../../arm-eabi/lib/thumb/thumb2\libsysbase.a(iosupport.o)
 .ARM.attributes
                0x00001023       0x27 c:/tools/devkitpro/devkitarm/bin/../lib/gcc/arm-eabi/4.4.2/../../../../arm-eabi/lib/thumb/thumb2\libc.a(lib_a-strchr.o)
 .ARM.attributes
                0x0000104a       0x27 c:/tools/devkitpro/devkitarm/bin/../lib/gcc/arm-eabi/4.4.2/../../../../arm-eabi/lib/thumb/thumb2\libc.a(lib_a-strcmp.o)
 .ARM.attributes
                0x00001071       0x27 c:/tools/devkitpro/devkitarm/bin/../lib/gcc/arm-eabi/4.4.2/../../../../arm-eabi/lib/thumb/thumb2\libc.a(lib_a-strlen.o)
 .ARM.attributes
                0x00001098       0x27 c:/tools/devkitpro/devkitarm/bin/../lib/gcc/arm-eabi/4.4.2/../../../../arm-eabi/lib/thumb/thumb2\libc.a(lib_a-strncmp.o)
 .ARM.attributes
                0x000010bf       0x27 c:/tools/devkitpro/devkitarm/bin/../lib/gcc/arm-eabi/4.4.2/thumb/thumb2/crtend.o
 .ARM.attributes
                0x000010e6       0x17 c:/tools/devkitpro/devkitarm/bin/../lib/gcc/arm-eabi/4.4.2/thumb/thumb2/crtn.o

.comment        0x00000000       0x22
 .comment       0x00000000       0x22 c:/tools/devkitpro/devkitarm/bin/../lib/gcc/arm-eabi/4.4.2/thumb/thumb2/crtbegin.o
                                 0x23 (size before relaxing)
 .comment       0x00000000       0x23 spy/bsp.o
 .comment       0x00000000       0x23 spy/main.o
 .comment       0x00000000       0x23 spy/no_heap.o
 .comment       0x00000000       0x23 spy/philo.o
 .comment       0x00000000       0x23 spy/table.o
 .comment       0x00000000       0x23 spy/startup_stm32f10x_cl.o
 .comment       0x00000000       0x23 spy/core_cm3.o
 .comment       0x00000000       0x23 spy/system_stm32f10x.o
 .comment       0x00000000       0x23 spy/stm32_eval.o
 .comment       0x00000000       0x23 spy/stm3210c_eval_lcd.o
 .comment       0x00000000       0x23 spy/stm3210c_eval_ioe.o
 .comment       0x00000000       0x23 spy/misc.o
 .comment       0x00000000       0x23 spy/stm32f10x_adc.o
 .comment       0x00000000       0x23 spy/stm32f10x_bkp.o
 .comment       0x00000000       0x23 spy/stm32f10x_can.o
 .comment       0x00000000       0x23 spy/stm32f10x_crc.o
 .comment       0x00000000       0x23 spy/stm32f10x_dac.o
 .comment       0x00000000       0x23 spy/stm32f10x_dbgmcu.o
 .comment       0x00000000       0x23 spy/stm32f10x_dma.o
 .comment       0x00000000       0x23 spy/stm32f10x_exti.o
 .comment       0x00000000       0x23 spy/stm32f10x_flash.o
 .comment       0x00000000       0x23 spy/stm32f10x_fsmc.o
 .comment       0x00000000       0x23 spy/stm32f10x_gpio.o
 .comment       0x00000000       0x23 spy/stm32f10x_i2c.o
 .comment       0x00000000       0x23 spy/stm32f10x_iwdg.o
 .comment       0x00000000       0x23 spy/stm32f10x_pwr.o
 .comment       0x00000000       0x23 spy/stm32f10x_rcc.o
 .comment       0x00000000       0x23 spy/stm32f10x_rtc.o
 .comment       0x00000000       0x23 spy/stm32f10x_sdio.o
 .comment       0x00000000       0x23 spy/stm32f10x_spi.o
 .comment       0x00000000       0x23 spy/stm32f10x_tim.o
 .comment       0x00000000       0x23 spy/stm32f10x_usart.o
 .comment       0x00000000       0x23 spy/stm32f10x_wwdg.o
 .comment       0x00000000       0x23 ../../../../../ports/arm-cortex/qk/gnu/spy\libqk_cortex-m3.a(qk.o)
 .comment       0x00000000       0x23 ../../../../../ports/arm-cortex/qk/gnu/spy\libqk_cortex-m3.a(qk_sched.o)
 .comment       0x00000000       0x23 ../../../../../ports/arm-cortex/qk/gnu/spy\libqk_cortex-m3.a(qk_mutex.o)
 .comment       0x00000000       0x23 ../../../../../ports/arm-cortex/qk/gnu/spy\libqf_cortex-m3.a(qa_fifo.o)
 .comment       0x00000000       0x23 ../../../../../ports/arm-cortex/qk/gnu/spy\libqf_cortex-m3.a(qa_get_.o)
 .comment       0x00000000       0x23 ../../../../../ports/arm-cortex/qk/gnu/spy\libqf_cortex-m3.a(qa_sub.o)
 .comment       0x00000000       0x23 ../../../../../ports/arm-cortex/qk/gnu/spy\libqf_cortex-m3.a(qeq_init.o)
 .comment       0x00000000       0x23 ../../../../../ports/arm-cortex/qk/gnu/spy\libqf_cortex-m3.a(qf_act.o)
 .comment       0x00000000       0x23 ../../../../../ports/arm-cortex/qk/gnu/spy\libqf_cortex-m3.a(qf_gc.o)
 .comment       0x00000000       0x23 ../../../../../ports/arm-cortex/qk/gnu/spy\libqf_cortex-m3.a(qf_log2.o)
 .comment       0x00000000       0x23 ../../../../../ports/arm-cortex/qk/gnu/spy\libqf_cortex-m3.a(qf_new.o)
 .comment       0x00000000       0x23 ../../../../../ports/arm-cortex/qk/gnu/spy\libqf_cortex-m3.a(qf_pool.o)
 .comment       0x00000000       0x23 ../../../../../ports/arm-cortex/qk/gnu/spy\libqf_cortex-m3.a(qf_psini.o)
 .comment       0x00000000       0x23 ../../../../../ports/arm-cortex/qk/gnu/spy\libqf_cortex-m3.a(qf_pspub.o)
 .comment       0x00000000       0x23 ../../../../../ports/arm-cortex/qk/gnu/spy\libqf_cortex-m3.a(qf_pwr2.o)
 .comment       0x00000000       0x23 ../../../../../ports/arm-cortex/qk/gnu/spy\libqf_cortex-m3.a(qf_tick.o)
 .comment       0x00000000       0x23 ../../../../../ports/arm-cortex/qk/gnu/spy\libqf_cortex-m3.a(qmp_get.o)
 .comment       0x00000000       0x23 ../../../../../ports/arm-cortex/qk/gnu/spy\libqf_cortex-m3.a(qmp_init.o)
 .comment       0x00000000       0x23 ../../../../../ports/arm-cortex/qk/gnu/spy\libqf_cortex-m3.a(qmp_put.o)
 .comment       0x00000000       0x23 ../../../../../ports/arm-cortex/qk/gnu/spy\libqf_cortex-m3.a(qte_ctor.o)
 .comment       0x00000000       0x23 ../../../../../ports/arm-cortex/qk/gnu/spy\libqf_cortex-m3.a(qte_arm.o)
 .comment       0x00000000       0x23 ../../../../../ports/arm-cortex/qk/gnu/spy\libqep_cortex-m3.a(qhsm_ini.o)
 .comment       0x00000000       0x23 ../../../../../ports/arm-cortex/qk/gnu/spy\libqep_cortex-m3.a(qhsm_dis.o)
 .comment       0x00000000       0x23 ../../../../../ports/arm-cortex/qk/gnu/spy\libqep_cortex-m3.a(qhsm_top.o)
 .comment       0x00000000       0x23 ../../../../../ports/arm-cortex/qk/gnu/spy\libqep_cortex-m3.a(qep.o)
 .comment       0x00000000       0x23 ../../../../../ports/arm-cortex/qk/gnu/spy\libqs_cortex-m3.a(qs.o)
 .comment       0x00000000       0x23 ../../../../../ports/arm-cortex/qk/gnu/spy\libqs_cortex-m3.a(qs_.o)
 .comment       0x00000000       0x23 ../../../../../ports/arm-cortex/qk/gnu/spy\libqs_cortex-m3.a(qs_byte.o)
 .comment       0x00000000       0x23 ../../../../../ports/arm-cortex/qk/gnu/spy\libqs_cortex-m3.a(qs_str.o)
 .comment       0x00000000       0x23 c:/tools/devkitpro/devkitarm/bin/../lib/gcc/arm-eabi/4.4.2/../../../../arm-eabi/lib/thumb/thumb2\libc.a(lib_a-atexit.o)
 .comment       0x00000000       0x23 c:/tools/devkitpro/devkitarm/bin/../lib/gcc/arm-eabi/4.4.2/../../../../arm-eabi/lib/thumb/thumb2\libc.a(lib_a-exit.o)
 .comment       0x00000000       0x23 c:/tools/devkitpro/devkitarm/bin/../lib/gcc/arm-eabi/4.4.2/../../../../arm-eabi/lib/thumb/thumb2\libc.a(lib_a-impure.o)
 .comment       0x00000000       0x23 c:/tools/devkitpro/devkitarm/bin/../lib/gcc/arm-eabi/4.4.2/../../../../arm-eabi/lib/thumb/thumb2\libc.a(lib_a-init.o)
 .comment       0x00000000       0x23 c:/tools/devkitpro/devkitarm/bin/../lib/gcc/arm-eabi/4.4.2/../../../../arm-eabi/lib/thumb/thumb2\libc.a(lib_a-memset.o)
 .comment       0x00000000       0x23 c:/tools/devkitpro/devkitarm/bin/../lib/gcc/arm-eabi/4.4.2/../../../../arm-eabi/lib/thumb/thumb2\libc.a(lib_a-__atexit.o)
 .comment       0x00000000       0x23 c:/tools/devkitpro/devkitarm/bin/../lib/gcc/arm-eabi/4.4.2/../../../../arm-eabi/lib/thumb/thumb2\libc.a(lib_a-__call_atexit.o)
 .comment       0x00000000       0x23 c:/tools/devkitpro/devkitarm/bin/../lib/gcc/arm-eabi/4.4.2/../../../../arm-eabi/lib/thumb/thumb2\libc.a(lib_a-findfp.o)
 .comment       0x00000000       0x23 c:/tools/devkitpro/devkitarm/bin/../lib/gcc/arm-eabi/4.4.2/../../../../arm-eabi/lib/thumb/thumb2\libc.a(lib_a-fwalk.o)
 .comment       0x00000000       0x23 c:/tools/devkitpro/devkitarm/bin/../lib/gcc/arm-eabi/4.4.2/../../../../arm-eabi/lib/thumb/thumb2\libc.a(lib_a-mallocr.o)
 .comment       0x00000000       0x23 c:/tools/devkitpro/devkitarm/bin/../lib/gcc/arm-eabi/4.4.2/../../../../arm-eabi/lib/thumb/thumb2\libc.a(lib_a-mlock.o)
 .comment       0x00000000       0x23 c:/tools/devkitpro/devkitarm/bin/../lib/gcc/arm-eabi/4.4.2/../../../../arm-eabi/lib/thumb/thumb2\libc.a(lib_a-stdio.o)
 .comment       0x00000000       0x23 c:/tools/devkitpro/devkitarm/bin/../lib/gcc/arm-eabi/4.4.2/../../../../arm-eabi/lib/thumb/thumb2\libc.a(lib_a-fclose.o)
 .comment       0x00000000       0x23 c:/tools/devkitpro/devkitarm/bin/../lib/gcc/arm-eabi/4.4.2/../../../../arm-eabi/lib/thumb/thumb2\libc.a(lib_a-fflush.o)
 .comment       0x00000000       0x23 c:/tools/devkitpro/devkitarm/bin/../lib/gcc/arm-eabi/4.4.2/../../../../arm-eabi/lib/thumb/thumb2\libc.a(lib_a-freer.o)
 .comment       0x00000000       0x23 c:/tools/devkitpro/devkitarm/bin/../lib/gcc/arm-eabi/4.4.2/../../../../arm-eabi/lib/thumb/thumb2\libsysbase.a(close.o)
 .comment       0x00000000       0x23 c:/tools/devkitpro/devkitarm/bin/../lib/gcc/arm-eabi/4.4.2/../../../../arm-eabi/lib/thumb/thumb2\libsysbase.a(lseek.o)
 .comment       0x00000000       0x23 c:/tools/devkitpro/devkitarm/bin/../lib/gcc/arm-eabi/4.4.2/../../../../arm-eabi/lib/thumb/thumb2\libsysbase.a(read.o)
 .comment       0x00000000       0x23 c:/tools/devkitpro/devkitarm/bin/../lib/gcc/arm-eabi/4.4.2/../../../../arm-eabi/lib/thumb/thumb2\libsysbase.a(sbrk.o)
 .comment       0x00000000       0x23 c:/tools/devkitpro/devkitarm/bin/../lib/gcc/arm-eabi/4.4.2/../../../../arm-eabi/lib/thumb/thumb2\libsysbase.a(write.o)
 .comment       0x00000000       0x23 c:/tools/devkitpro/devkitarm/bin/../lib/gcc/arm-eabi/4.4.2/../../../../arm-eabi/lib/thumb/thumb2\libsysbase.a(_exit.o)
 .comment       0x00000000       0x23 c:/tools/devkitpro/devkitarm/bin/../lib/gcc/arm-eabi/4.4.2/../../../../arm-eabi/lib/thumb/thumb2\libsysbase.a(malloc_vars.o)
 .comment       0x00000000       0x23 c:/tools/devkitpro/devkitarm/bin/../lib/gcc/arm-eabi/4.4.2/../../../../arm-eabi/lib/thumb/thumb2\libsysbase.a(syscall_support.o)
 .comment       0x00000000       0x23 c:/tools/devkitpro/devkitarm/bin/../lib/gcc/arm-eabi/4.4.2/../../../../arm-eabi/lib/thumb/thumb2\libsysbase.a(handle_manager.o)
 .comment       0x00000000       0x23 c:/tools/devkitpro/devkitarm/bin/../lib/gcc/arm-eabi/4.4.2/../../../../arm-eabi/lib/thumb/thumb2\libsysbase.a(iosupport.o)
 .comment       0x00000000       0x23 c:/tools/devkitpro/devkitarm/bin/../lib/gcc/arm-eabi/4.4.2/../../../../arm-eabi/lib/thumb/thumb2\libc.a(lib_a-strchr.o)
 .comment       0x00000000       0x23 c:/tools/devkitpro/devkitarm/bin/../lib/gcc/arm-eabi/4.4.2/../../../../arm-eabi/lib/thumb/thumb2\libc.a(lib_a-strcmp.o)
 .comment       0x00000000       0x23 c:/tools/devkitpro/devkitarm/bin/../lib/gcc/arm-eabi/4.4.2/../../../../arm-eabi/lib/thumb/thumb2\libc.a(lib_a-strlen.o)
 .comment       0x00000000       0x23 c:/tools/devkitpro/devkitarm/bin/../lib/gcc/arm-eabi/4.4.2/../../../../arm-eabi/lib/thumb/thumb2\libc.a(lib_a-strncmp.o)
 .comment       0x00000000       0x23 c:/tools/devkitpro/devkitarm/bin/../lib/gcc/arm-eabi/4.4.2/thumb/thumb2/crtend.o

.debug_abbrev   0x00000000     0x536c
 .debug_abbrev  0x00000000      0x30e spy/bsp.o
 .debug_abbrev  0x0000030e      0x19b spy/main.o
 .debug_abbrev  0x000004a9       0xbd spy/no_heap.o
 .debug_abbrev  0x00000566      0x1a5 spy/philo.o
 .debug_abbrev  0x0000070b      0x17a spy/table.o
 .debug_abbrev  0x00000885       0xfa spy/startup_stm32f10x_cl.o
 .debug_abbrev  0x0000097f       0xb2 spy/core_cm3.o
 .debug_abbrev  0x00000a31      0x117 spy/system_stm32f10x.o
 .debug_abbrev  0x00000b48      0x1b8 spy/stm32_eval.o
 .debug_abbrev  0x00000d00      0x221 spy/stm3210c_eval_lcd.o
 .debug_abbrev  0x00000f21      0x25d spy/stm3210c_eval_ioe.o
 .debug_abbrev  0x0000117e      0x133 spy/misc.o
 .debug_abbrev  0x000012b1      0x1f8 spy/stm32f10x_adc.o
 .debug_abbrev  0x000014a9      0x174 spy/stm32f10x_bkp.o
 .debug_abbrev  0x0000161d      0x1fd spy/stm32f10x_can.o
 .debug_abbrev  0x0000181a      0x104 spy/stm32f10x_crc.o
 .debug_abbrev  0x0000191e      0x1c7 spy/stm32f10x_dac.o
 .debug_abbrev  0x00001ae5       0xdf spy/stm32f10x_dbgmcu.o
 .debug_abbrev  0x00001bc4      0x177 spy/stm32f10x_dma.o
 .debug_abbrev  0x00001d3b      0x171 spy/stm32f10x_exti.o
 .debug_abbrev  0x00001eac      0x21c spy/stm32f10x_flash.o
 .debug_abbrev  0x000020c8      0x1db spy/stm32f10x_fsmc.o
 .debug_abbrev  0x000022a3      0x22d spy/stm32f10x_gpio.o
 .debug_abbrev  0x000024d0      0x1bd spy/stm32f10x_i2c.o
 .debug_abbrev  0x0000268d       0xfd spy/stm32f10x_iwdg.o
 .debug_abbrev  0x0000278a      0x150 spy/stm32f10x_pwr.o
 .debug_abbrev  0x000028da      0x1d5 spy/stm32f10x_rcc.o
 .debug_abbrev  0x00002aaf      0x1a4 spy/stm32f10x_rtc.o
 .debug_abbrev  0x00002c53      0x202 spy/stm32f10x_sdio.o
 .debug_abbrev  0x00002e55      0x1bb spy/stm32f10x_spi.o
 .debug_abbrev  0x00003010      0x22c spy/stm32f10x_tim.o
 .debug_abbrev  0x0000323c      0x1c8 spy/stm32f10x_usart.o
 .debug_abbrev  0x00003404      0x11c spy/stm32f10x_wwdg.o
 .debug_abbrev  0x00003520      0x150 ../../../../../ports/arm-cortex/qk/gnu/spy\libqk_cortex-m3.a(qk.o)
 .debug_abbrev  0x00003670      0x147 ../../../../../ports/arm-cortex/qk/gnu/spy\libqk_cortex-m3.a(qk_sched.o)
 .debug_abbrev  0x000037b7       0xe1 ../../../../../ports/arm-cortex/qk/gnu/spy\libqk_cortex-m3.a(qk_mutex.o)
 .debug_abbrev  0x00003898       0x12 ../../../../../ports/arm-cortex/qk/gnu/spy\libqk_cortex-m3.a(qk_port.o)
 .debug_abbrev  0x000038aa      0x123 ../../../../../ports/arm-cortex/qk/gnu/spy\libqf_cortex-m3.a(qa_fifo.o)
 .debug_abbrev  0x000039cd      0x155 ../../../../../ports/arm-cortex/qk/gnu/spy\libqf_cortex-m3.a(qa_get_.o)
 .debug_abbrev  0x00003b22      0x179 ../../../../../ports/arm-cortex/qk/gnu/spy\libqf_cortex-m3.a(qa_sub.o)
 .debug_abbrev  0x00003c9b       0xf2 ../../../../../ports/arm-cortex/qk/gnu/spy\libqf_cortex-m3.a(qeq_init.o)
 .debug_abbrev  0x00003d8d      0x144 ../../../../../ports/arm-cortex/qk/gnu/spy\libqf_cortex-m3.a(qf_act.o)
 .debug_abbrev  0x00003ed1      0x10c ../../../../../ports/arm-cortex/qk/gnu/spy\libqf_cortex-m3.a(qf_gc.o)
 .debug_abbrev  0x00003fdd       0x6a ../../../../../ports/arm-cortex/qk/gnu/spy\libqf_cortex-m3.a(qf_log2.o)
 .debug_abbrev  0x00004047      0x114 ../../../../../ports/arm-cortex/qk/gnu/spy\libqf_cortex-m3.a(qf_new.o)
 .debug_abbrev  0x0000415b       0xd3 ../../../../../ports/arm-cortex/qk/gnu/spy\libqf_cortex-m3.a(qf_pool.o)
 .debug_abbrev  0x0000422e       0xbd ../../../../../ports/arm-cortex/qk/gnu/spy\libqf_cortex-m3.a(qf_psini.o)
 .debug_abbrev  0x000042eb      0x175 ../../../../../ports/arm-cortex/qk/gnu/spy\libqf_cortex-m3.a(qf_pspub.o)
 .debug_abbrev  0x00004460       0x6a ../../../../../ports/arm-cortex/qk/gnu/spy\libqf_cortex-m3.a(qf_pwr2.o)
 .debug_abbrev  0x000044ca      0x153 ../../../../../ports/arm-cortex/qk/gnu/spy\libqf_cortex-m3.a(qf_tick.o)
 .debug_abbrev  0x0000461d      0x126 ../../../../../ports/arm-cortex/qk/gnu/spy\libqf_cortex-m3.a(qmp_get.o)
 .debug_abbrev  0x00004743      0x126 ../../../../../ports/arm-cortex/qk/gnu/spy\libqf_cortex-m3.a(qmp_init.o)
 .debug_abbrev  0x00004869       0xf9 ../../../../../ports/arm-cortex/qk/gnu/spy\libqf_cortex-m3.a(qmp_put.o)
 .debug_abbrev  0x00004962      0x12f ../../../../../ports/arm-cortex/qk/gnu/spy\libqf_cortex-m3.a(qte_ctor.o)
 .debug_abbrev  0x00004a91      0x174 ../../../../../ports/arm-cortex/qk/gnu/spy\libqf_cortex-m3.a(qte_arm.o)
 .debug_abbrev  0x00004c05      0x137 ../../../../../ports/arm-cortex/qk/gnu/spy\libqep_cortex-m3.a(qhsm_ini.o)
 .debug_abbrev  0x00004d3c      0x153 ../../../../../ports/arm-cortex/qk/gnu/spy\libqep_cortex-m3.a(qhsm_dis.o)
 .debug_abbrev  0x00004e8f       0xcd ../../../../../ports/arm-cortex/qk/gnu/spy\libqep_cortex-m3.a(qhsm_top.o)
 .debug_abbrev  0x00004f5c       0xef ../../../../../ports/arm-cortex/qk/gnu/spy\libqep_cortex-m3.a(qep.o)
 .debug_abbrev  0x0000504b      0x127 ../../../../../ports/arm-cortex/qk/gnu/spy\libqs_cortex-m3.a(qs.o)
 .debug_abbrev  0x00005172       0xca ../../../../../ports/arm-cortex/qk/gnu/spy\libqs_cortex-m3.a(qs_.o)
 .debug_abbrev  0x0000523c       0x82 ../../../../../ports/arm-cortex/qk/gnu/spy\libqs_cortex-m3.a(qs_byte.o)
 .debug_abbrev  0x000052be       0xae ../../../../../ports/arm-cortex/qk/gnu/spy\libqs_cortex-m3.a(qs_str.o)

.debug_info     0x00000000    0x15a97
 .debug_info    0x00000000     0x11c2 spy/bsp.o
 .debug_info    0x000011c2      0x702 spy/main.o
 .debug_info    0x000018c4      0x13b spy/no_heap.o
 .debug_info    0x000019ff      0x9b2 spy/philo.o
 .debug_info    0x000023b1      0x75c spy/table.o
 .debug_info    0x00002b0d      0x147 spy/startup_stm32f10x_cl.o
 .debug_info    0x00002c54      0x527 spy/core_cm3.o
 .debug_info    0x0000317b      0x2b6 spy/system_stm32f10x.o
 .debug_info    0x00003431      0x9f6 spy/stm32_eval.o
 .debug_info    0x00003e27      0xaaf spy/stm3210c_eval_lcd.o
 .debug_info    0x000048d6     0x10c7 spy/stm3210c_eval_ioe.o
 .debug_info    0x0000599d      0x4e3 spy/misc.o
 .debug_info    0x00005e80      0xb6d spy/stm32f10x_adc.o
 .debug_info    0x000069ed      0x82b spy/stm32f10x_bkp.o
 .debug_info    0x00007218      0xaab spy/stm32f10x_can.o
 .debug_info    0x00007cc3      0x1bd spy/stm32f10x_crc.o
 .debug_info    0x00007e80      0x48a spy/stm32f10x_dac.o
 .debug_info    0x0000830a      0x118 spy/stm32f10x_dbgmcu.o
 .debug_info    0x00008422      0x410 spy/stm32f10x_dma.o
 .debug_info    0x00008832      0x30c spy/stm32f10x_exti.o
 .debug_info    0x00008b3e      0x72e spy/stm32f10x_flash.o
 .debug_info    0x0000926c      0x8e5 spy/stm32f10x_fsmc.o
 .debug_info    0x00009b51      0x686 spy/stm32f10x_gpio.o
 .debug_info    0x0000a1d7      0xabc spy/stm32f10x_i2c.o
 .debug_info    0x0000ac93      0x1b3 spy/stm32f10x_iwdg.o
 .debug_info    0x0000ae46      0x29d spy/stm32f10x_pwr.o
 .debug_info    0x0000b0e3      0xa92 spy/stm32f10x_rcc.o
 .debug_info    0x0000bb75      0x410 spy/stm32f10x_rtc.o
 .debug_info    0x0000bf85      0x80c spy/stm32f10x_sdio.o
 .debug_info    0x0000c791      0x9c3 spy/stm32f10x_spi.o
 .debug_info    0x0000d154     0x1d38 spy/stm32f10x_tim.o
 .debug_info    0x0000ee8c      0x970 spy/stm32f10x_usart.o
 .debug_info    0x0000f7fc      0x1f7 spy/stm32f10x_wwdg.o
 .debug_info    0x0000f9f3      0x405 ../../../../../ports/arm-cortex/qk/gnu/spy\libqk_cortex-m3.a(qk.o)
 .debug_info    0x0000fdf8      0x54f ../../../../../ports/arm-cortex/qk/gnu/spy\libqk_cortex-m3.a(qk_sched.o)
 .debug_info    0x00010347      0x2cc ../../../../../ports/arm-cortex/qk/gnu/spy\libqk_cortex-m3.a(qk_mutex.o)
 .debug_info    0x00010613       0x58 ../../../../../ports/arm-cortex/qk/gnu/spy\libqk_cortex-m3.a(qk_port.o)
 .debug_info    0x0001066b      0x505 ../../../../../ports/arm-cortex/qk/gnu/spy\libqf_cortex-m3.a(qa_fifo.o)
 .debug_info    0x00010b70      0x551 ../../../../../ports/arm-cortex/qk/gnu/spy\libqf_cortex-m3.a(qa_get_.o)
 .debug_info    0x000110c1      0x534 ../../../../../ports/arm-cortex/qk/gnu/spy\libqf_cortex-m3.a(qa_sub.o)
 .debug_info    0x000115f5      0x37c ../../../../../ports/arm-cortex/qk/gnu/spy\libqf_cortex-m3.a(qeq_init.o)
 .debug_info    0x00011971      0x4ec ../../../../../ports/arm-cortex/qk/gnu/spy\libqf_cortex-m3.a(qf_act.o)
 .debug_info    0x00011e5d      0x3c5 ../../../../../ports/arm-cortex/qk/gnu/spy\libqf_cortex-m3.a(qf_gc.o)
 .debug_info    0x00012222       0x93 ../../../../../ports/arm-cortex/qk/gnu/spy\libqf_cortex-m3.a(qf_log2.o)
 .debug_info    0x000122b5      0x3e3 ../../../../../ports/arm-cortex/qk/gnu/spy\libqf_cortex-m3.a(qf_new.o)
 .debug_info    0x00012698      0x1c7 ../../../../../ports/arm-cortex/qk/gnu/spy\libqf_cortex-m3.a(qf_pool.o)
 .debug_info    0x0001285f      0x10c ../../../../../ports/arm-cortex/qk/gnu/spy\libqf_cortex-m3.a(qf_psini.o)
 .debug_info    0x0001296b      0x518 ../../../../../ports/arm-cortex/qk/gnu/spy\libqf_cortex-m3.a(qf_pspub.o)
 .debug_info    0x00012e83       0xc1 ../../../../../ports/arm-cortex/qk/gnu/spy\libqf_cortex-m3.a(qf_pwr2.o)
 .debug_info    0x00012f44      0x4ec ../../../../../ports/arm-cortex/qk/gnu/spy\libqf_cortex-m3.a(qf_tick.o)
 .debug_info    0x00013430      0x402 ../../../../../ports/arm-cortex/qk/gnu/spy\libqf_cortex-m3.a(qmp_get.o)
 .debug_info    0x00013832      0x3e9 ../../../../../ports/arm-cortex/qk/gnu/spy\libqf_cortex-m3.a(qmp_init.o)
 .debug_info    0x00013c1b      0x381 ../../../../../ports/arm-cortex/qk/gnu/spy\libqf_cortex-m3.a(qmp_put.o)
 .debug_info    0x00013f9c      0x311 ../../../../../ports/arm-cortex/qk/gnu/spy\libqf_cortex-m3.a(qte_ctor.o)
 .debug_info    0x000142ad      0x521 ../../../../../ports/arm-cortex/qk/gnu/spy\libqf_cortex-m3.a(qte_arm.o)
 .debug_info    0x000147ce      0x410 ../../../../../ports/arm-cortex/qk/gnu/spy\libqep_cortex-m3.a(qhsm_ini.o)
 .debug_info    0x00014bde      0x441 ../../../../../ports/arm-cortex/qk/gnu/spy\libqep_cortex-m3.a(qhsm_dis.o)
 .debug_info    0x0001501f      0x14a ../../../../../ports/arm-cortex/qk/gnu/spy\libqep_cortex-m3.a(qhsm_top.o)
 .debug_info    0x00015169      0x165 ../../../../../ports/arm-cortex/qk/gnu/spy\libqep_cortex-m3.a(qep.o)
 .debug_info    0x000152ce      0x307 ../../../../../ports/arm-cortex/qk/gnu/spy\libqs_cortex-m3.a(qs.o)
 .debug_info    0x000155d5      0x249 ../../../../../ports/arm-cortex/qk/gnu/spy\libqs_cortex-m3.a(qs_.o)
 .debug_info    0x0001581e       0xe7 ../../../../../ports/arm-cortex/qk/gnu/spy\libqs_cortex-m3.a(qs_byte.o)
 .debug_info    0x00015905      0x192 ../../../../../ports/arm-cortex/qk/gnu/spy\libqs_cortex-m3.a(qs_str.o)

.debug_line     0x00000000     0x52fd
 .debug_line    0x00000000      0x282 spy/bsp.o
 .debug_line    0x00000282      0x10e spy/main.o
 .debug_line    0x00000390       0xf8 spy/no_heap.o
 .debug_line    0x00000488      0x148 spy/philo.o
 .debug_line    0x000005d0      0x134 spy/table.o
 .debug_line    0x00000704       0x61 spy/startup_stm32f10x_cl.o
 .debug_line    0x00000765      0x110 spy/core_cm3.o
 .debug_line    0x00000875       0xe7 spy/system_stm32f10x.o
 .debug_line    0x0000095c      0x16f spy/stm32_eval.o
 .debug_line    0x00000acb      0x29a spy/stm3210c_eval_lcd.o
 .debug_line    0x00000d65      0x33e spy/stm3210c_eval_ioe.o
 .debug_line    0x000010a3      0x108 spy/misc.o
 .debug_line    0x000011ab      0x206 spy/stm32f10x_adc.o
 .debug_line    0x000013b1      0x106 spy/stm32f10x_bkp.o
 .debug_line    0x000014b7      0x226 spy/stm32f10x_can.o
 .debug_line    0x000016dd       0xde spy/stm32f10x_crc.o
 .debug_line    0x000017bb      0x146 spy/stm32f10x_dac.o
 .debug_line    0x00001901       0xd6 spy/stm32f10x_dbgmcu.o
 .debug_line    0x000019d7      0x158 spy/stm32f10x_dma.o
 .debug_line    0x00001b2f      0x127 spy/stm32f10x_exti.o
 .debug_line    0x00001c56      0x1f7 spy/stm32f10x_flash.o
 .debug_line    0x00001e4d      0x1e8 spy/stm32f10x_fsmc.o
 .debug_line    0x00002035      0x1a4 spy/stm32f10x_gpio.o
 .debug_line    0x000021d9      0x1f5 spy/stm32f10x_i2c.o
 .debug_line    0x000023ce       0xe3 spy/stm32f10x_iwdg.o
 .debug_line    0x000024b1      0x122 spy/stm32f10x_pwr.o
 .debug_line    0x000025d3      0x22a spy/stm32f10x_rcc.o
 .debug_line    0x000027fd      0x112 spy/stm32f10x_rtc.o
 .debug_line    0x0000290f      0x1a0 spy/stm32f10x_sdio.o
 .debug_line    0x00002aaf      0x1ce spy/stm32f10x_spi.o
 .debug_line    0x00002c7d      0x41c spy/stm32f10x_tim.o
 .debug_line    0x00003099      0x1e9 spy/stm32f10x_usart.o
 .debug_line    0x00003282       0xee spy/stm32f10x_wwdg.o
 .debug_line    0x00003370      0x11d ../../../../../ports/arm-cortex/qk/gnu/spy\libqk_cortex-m3.a(qk.o)
 .debug_line    0x0000348d      0x154 ../../../../../ports/arm-cortex/qk/gnu/spy\libqk_cortex-m3.a(qk_sched.o)
 .debug_line    0x000035e1       0xef ../../../../../ports/arm-cortex/qk/gnu/spy\libqk_cortex-m3.a(qk_mutex.o)
 .debug_line    0x000036d0       0x73 ../../../../../ports/arm-cortex/qk/gnu/spy\libqk_cortex-m3.a(qk_port.o)
 .debug_line    0x00003743      0x127 ../../../../../ports/arm-cortex/qk/gnu/spy\libqf_cortex-m3.a(qa_fifo.o)
 .debug_line    0x0000386a      0x133 ../../../../../ports/arm-cortex/qk/gnu/spy\libqf_cortex-m3.a(qa_get_.o)
 .debug_line    0x0000399d      0x12a ../../../../../ports/arm-cortex/qk/gnu/spy\libqf_cortex-m3.a(qa_sub.o)
 .debug_line    0x00003ac7       0xf6 ../../../../../ports/arm-cortex/qk/gnu/spy\libqf_cortex-m3.a(qeq_init.o)
 .debug_line    0x00003bbd      0x11a ../../../../../ports/arm-cortex/qk/gnu/spy\libqf_cortex-m3.a(qf_act.o)
 .debug_line    0x00003cd7      0x11c ../../../../../ports/arm-cortex/qk/gnu/spy\libqf_cortex-m3.a(qf_gc.o)
 .debug_line    0x00003df3       0xa4 ../../../../../ports/arm-cortex/qk/gnu/spy\libqf_cortex-m3.a(qf_log2.o)
 .debug_line    0x00003e97      0x122 ../../../../../ports/arm-cortex/qk/gnu/spy\libqf_cortex-m3.a(qf_new.o)
 .debug_line    0x00003fb9       0xe2 ../../../../../ports/arm-cortex/qk/gnu/spy\libqf_cortex-m3.a(qf_pool.o)
 .debug_line    0x0000409b       0xdf ../../../../../ports/arm-cortex/qk/gnu/spy\libqf_cortex-m3.a(qf_psini.o)
 .debug_line    0x0000417a      0x13f ../../../../../ports/arm-cortex/qk/gnu/spy\libqf_cortex-m3.a(qf_pspub.o)
 .debug_line    0x000042b9       0xa4 ../../../../../ports/arm-cortex/qk/gnu/spy\libqf_cortex-m3.a(qf_pwr2.o)
 .debug_line    0x0000435d      0x150 ../../../../../ports/arm-cortex/qk/gnu/spy\libqf_cortex-m3.a(qf_tick.o)
 .debug_line    0x000044ad      0x116 ../../../../../ports/arm-cortex/qk/gnu/spy\libqf_cortex-m3.a(qmp_get.o)
 .debug_line    0x000045c3      0x125 ../../../../../ports/arm-cortex/qk/gnu/spy\libqf_cortex-m3.a(qmp_init.o)
 .debug_line    0x000046e8      0x10c ../../../../../ports/arm-cortex/qk/gnu/spy\libqf_cortex-m3.a(qmp_put.o)
 .debug_line    0x000047f4       0xfb ../../../../../ports/arm-cortex/qk/gnu/spy\libqf_cortex-m3.a(qte_ctor.o)
 .debug_line    0x000048ef      0x10d ../../../../../ports/arm-cortex/qk/gnu/spy\libqf_cortex-m3.a(qte_arm.o)
 .debug_line    0x000049fc      0x131 ../../../../../ports/arm-cortex/qk/gnu/spy\libqep_cortex-m3.a(qhsm_ini.o)
 .debug_line    0x00004b2d      0x1b0 ../../../../../ports/arm-cortex/qk/gnu/spy\libqep_cortex-m3.a(qhsm_dis.o)
 .debug_line    0x00004cdd       0xdf ../../../../../ports/arm-cortex/qk/gnu/spy\libqep_cortex-m3.a(qhsm_top.o)
 .debug_line    0x00004dbc      0x100 ../../../../../ports/arm-cortex/qk/gnu/spy\libqep_cortex-m3.a(qep.o)
 .debug_line    0x00004ebc      0x128 ../../../../../ports/arm-cortex/qk/gnu/spy\libqs_cortex-m3.a(qs.o)
 .debug_line    0x00004fe4      0x12a ../../../../../ports/arm-cortex/qk/gnu/spy\libqs_cortex-m3.a(qs_.o)
 .debug_line    0x0000510e       0xdd ../../../../../ports/arm-cortex/qk/gnu/spy\libqs_cortex-m3.a(qs_byte.o)
 .debug_line    0x000051eb      0x112 ../../../../../ports/arm-cortex/qk/gnu/spy\libqs_cortex-m3.a(qs_str.o)

.debug_frame    0x00000000     0x3558
 .debug_frame   0x00000000      0x180 spy/bsp.o
 .debug_frame   0x00000180       0x3c spy/main.o
 .debug_frame   0x000001bc       0x64 spy/no_heap.o
 .debug_frame   0x00000220       0xb4 spy/philo.o
 .debug_frame   0x000002d4       0x64 spy/table.o
 .debug_frame   0x00000338       0x50 spy/startup_stm32f10x_cl.o
 .debug_frame   0x00000388      0x170 spy/core_cm3.o
 .debug_frame   0x000004f8       0x24 spy/system_stm32f10x.o
 .debug_frame   0x0000051c       0xcc spy/stm32_eval.o
 .debug_frame   0x000005e8      0x3cc spy/stm3210c_eval_lcd.o
 .debug_frame   0x000009b4      0x398 spy/stm3210c_eval_ioe.o
 .debug_frame   0x00000d4c       0x60 spy/misc.o
 .debug_frame   0x00000dac      0x27c spy/stm32f10x_adc.o
 .debug_frame   0x00001028       0xe4 spy/stm32f10x_bkp.o
 .debug_frame   0x0000110c      0x18c spy/stm32f10x_can.o
 .debug_frame   0x00001298       0x70 spy/stm32f10x_crc.o
 .debug_frame   0x00001308       0xf0 spy/stm32f10x_dac.o
 .debug_frame   0x000013f8       0x40 spy/stm32f10x_dbgmcu.o
 .debug_frame   0x00001438       0xb0 spy/stm32f10x_dma.o
 .debug_frame   0x000014e8       0x90 spy/stm32f10x_exti.o
 .debug_frame   0x00001578      0x210 spy/stm32f10x_flash.o
 .debug_frame   0x00001788      0x154 spy/stm32f10x_fsmc.o
 .debug_frame   0x000018dc      0x170 spy/stm32f10x_gpio.o
 .debug_frame   0x00001a4c      0x238 spy/stm32f10x_i2c.o
 .debug_frame   0x00001c84       0x70 spy/stm32f10x_iwdg.o
 .debug_frame   0x00001cf4       0xac spy/stm32f10x_pwr.o
 .debug_frame   0x00001da0      0x2b4 spy/stm32f10x_rcc.o
 .debug_frame   0x00002054      0x114 spy/stm32f10x_rtc.o
 .debug_frame   0x00002168      0x1f4 spy/stm32f10x_sdio.o
 .debug_frame   0x0000235c      0x1a4 spy/stm32f10x_spi.o
 .debug_frame   0x00002500      0x668 spy/stm32f10x_tim.o
 .debug_frame   0x00002b68      0x1dc spy/stm32f10x_usart.o
 .debug_frame   0x00002d44       0xa0 spy/stm32f10x_wwdg.o
 .debug_frame   0x00002de4       0xb8 ../../../../../ports/arm-cortex/qk/gnu/spy\libqk_cortex-m3.a(qk.o)
 .debug_frame   0x00002e9c       0x44 ../../../../../ports/arm-cortex/qk/gnu/spy\libqk_cortex-m3.a(qk_sched.o)
 .debug_frame   0x00002ee0       0x48 ../../../../../ports/arm-cortex/qk/gnu/spy\libqk_cortex-m3.a(qk_mutex.o)
 .debug_frame   0x00002f28       0x30 ../../../../../ports/arm-cortex/qk/gnu/spy\libqf_cortex-m3.a(qa_fifo.o)
 .debug_frame   0x00002f58       0x4c ../../../../../ports/arm-cortex/qk/gnu/spy\libqf_cortex-m3.a(qa_get_.o)
 .debug_frame   0x00002fa4       0x38 ../../../../../ports/arm-cortex/qk/gnu/spy\libqf_cortex-m3.a(qa_sub.o)
 .debug_frame   0x00002fdc       0x30 ../../../../../ports/arm-cortex/qk/gnu/spy\libqf_cortex-m3.a(qeq_init.o)
 .debug_frame   0x0000300c       0x60 ../../../../../ports/arm-cortex/qk/gnu/spy\libqf_cortex-m3.a(qf_act.o)
 .debug_frame   0x0000306c       0x30 ../../../../../ports/arm-cortex/qk/gnu/spy\libqf_cortex-m3.a(qf_gc.o)
 .debug_frame   0x0000309c       0x3c ../../../../../ports/arm-cortex/qk/gnu/spy\libqf_cortex-m3.a(qf_new.o)
 .debug_frame   0x000030d8       0x38 ../../../../../ports/arm-cortex/qk/gnu/spy\libqf_cortex-m3.a(qf_pool.o)
 .debug_frame   0x00003110       0x20 ../../../../../ports/arm-cortex/qk/gnu/spy\libqf_cortex-m3.a(qf_psini.o)
 .debug_frame   0x00003130       0x44 ../../../../../ports/arm-cortex/qk/gnu/spy\libqf_cortex-m3.a(qf_pspub.o)
 .debug_frame   0x00003174       0x3c ../../../../../ports/arm-cortex/qk/gnu/spy\libqf_cortex-m3.a(qf_tick.o)
 .debug_frame   0x000031b0       0x4c ../../../../../ports/arm-cortex/qk/gnu/spy\libqf_cortex-m3.a(qmp_get.o)
 .debug_frame   0x000031fc       0x3c ../../../../../ports/arm-cortex/qk/gnu/spy\libqf_cortex-m3.a(qmp_init.o)
 .debug_frame   0x00003238       0x30 ../../../../../ports/arm-cortex/qk/gnu/spy\libqf_cortex-m3.a(qmp_put.o)
 .debug_frame   0x00003268       0x30 ../../../../../ports/arm-cortex/qk/gnu/spy\libqf_cortex-m3.a(qte_ctor.o)
 .debug_frame   0x00003298       0x30 ../../../../../ports/arm-cortex/qk/gnu/spy\libqf_cortex-m3.a(qte_arm.o)
 .debug_frame   0x000032c8       0x44 ../../../../../ports/arm-cortex/qk/gnu/spy\libqep_cortex-m3.a(qhsm_ini.o)
 .debug_frame   0x0000330c       0x44 ../../../../../ports/arm-cortex/qk/gnu/spy\libqep_cortex-m3.a(qhsm_dis.o)
 .debug_frame   0x00003350       0x20 ../../../../../ports/arm-cortex/qk/gnu/spy\libqep_cortex-m3.a(qhsm_top.o)
 .debug_frame   0x00003370       0x20 ../../../../../ports/arm-cortex/qk/gnu/spy\libqep_cortex-m3.a(qep.o)
 .debug_frame   0x00003390       0xb8 ../../../../../ports/arm-cortex/qk/gnu/spy\libqs_cortex-m3.a(qs.o)
 .debug_frame   0x00003448       0x98 ../../../../../ports/arm-cortex/qk/gnu/spy\libqs_cortex-m3.a(qs_.o)
 .debug_frame   0x000034e0       0x20 ../../../../../ports/arm-cortex/qk/gnu/spy\libqs_cortex-m3.a(qs_byte.o)
 .debug_frame   0x00003500       0x58 ../../../../../ports/arm-cortex/qk/gnu/spy\libqs_cortex-m3.a(qs_str.o)

.debug_loc      0x00000000     0x6944
 .debug_loc     0x00000000      0x23e spy/bsp.o
 .debug_loc     0x0000023e       0x7a spy/main.o
 .debug_loc     0x000002b8       0xa9 spy/no_heap.o
 .debug_loc     0x00000361      0x267 spy/philo.o
 .debug_loc     0x000005c8      0x18c spy/table.o
 .debug_loc     0x00000754       0x51 spy/startup_stm32f10x_cl.o
 .debug_loc     0x000007a5      0x1ee spy/core_cm3.o
 .debug_loc     0x00000993       0x57 spy/system_stm32f10x.o
 .debug_loc     0x000009ea      0x149 spy/stm32_eval.o
 .debug_loc     0x00000b33      0x991 spy/stm3210c_eval_lcd.o
 .debug_loc     0x000014c4      0xc1f spy/stm3210c_eval_ioe.o
 .debug_loc     0x000020e3       0x9e spy/misc.o
 .debug_loc     0x00002181      0x504 spy/stm32f10x_adc.o
 .debug_loc     0x00002685       0xcd spy/stm32f10x_bkp.o
 .debug_loc     0x00002752      0x478 spy/stm32f10x_can.o
 .debug_loc     0x00002bca       0x39 spy/stm32f10x_crc.o
 .debug_loc     0x00002c03      0x2ad spy/stm32f10x_dac.o
 .debug_loc     0x00002eb0       0x1e spy/stm32f10x_dbgmcu.o
 .debug_loc     0x00002ece       0xa6 spy/stm32f10x_dma.o
 .debug_loc     0x00002f74       0x57 spy/stm32f10x_exti.o
 .debug_loc     0x00002fcb      0x649 spy/stm32f10x_flash.o
 .debug_loc     0x00003614      0x255 spy/stm32f10x_fsmc.o
 .debug_loc     0x00003869      0x24d spy/stm32f10x_gpio.o
 .debug_loc     0x00003ab6      0x348 spy/stm32f10x_i2c.o
 .debug_loc     0x00003dfe       0x13 spy/stm32f10x_iwdg.o
 .debug_loc     0x00003e11       0xa7 spy/stm32f10x_pwr.o
 .debug_loc     0x00003eb8      0x468 spy/stm32f10x_rcc.o
 .debug_loc     0x00004320      0x152 spy/stm32f10x_rtc.o
 .debug_loc     0x00004472      0x129 spy/stm32f10x_sdio.o
 .debug_loc     0x0000459b      0x304 spy/stm32f10x_spi.o
 .debug_loc     0x0000489f      0xbcc spy/stm32f10x_tim.o
 .debug_loc     0x0000546b      0x30e spy/stm32f10x_usart.o
 .debug_loc     0x00005779       0xde spy/stm32f10x_wwdg.o
 .debug_loc     0x00005857      0x15c ../../../../../ports/arm-cortex/qk/gnu/spy\libqk_cortex-m3.a(qk.o)
 .debug_loc     0x000059b3       0xb1 ../../../../../ports/arm-cortex/qk/gnu/spy\libqk_cortex-m3.a(qk_sched.o)
 .debug_loc     0x00005a64       0x7a ../../../../../ports/arm-cortex/qk/gnu/spy\libqk_cortex-m3.a(qk_mutex.o)
 .debug_loc     0x00005ade       0x5b ../../../../../ports/arm-cortex/qk/gnu/spy\libqf_cortex-m3.a(qa_fifo.o)
 .debug_loc     0x00005b39       0x7a ../../../../../ports/arm-cortex/qk/gnu/spy\libqf_cortex-m3.a(qa_get_.o)
 .debug_loc     0x00005bb3       0x79 ../../../../../ports/arm-cortex/qk/gnu/spy\libqf_cortex-m3.a(qa_sub.o)
 .debug_loc     0x00005c2c       0x79 ../../../../../ports/arm-cortex/qk/gnu/spy\libqf_cortex-m3.a(qeq_init.o)
 .debug_loc     0x00005ca5       0x7a ../../../../../ports/arm-cortex/qk/gnu/spy\libqf_cortex-m3.a(qf_act.o)
 .debug_loc     0x00005d1f       0x66 ../../../../../ports/arm-cortex/qk/gnu/spy\libqf_cortex-m3.a(qf_gc.o)
 .debug_loc     0x00005d85       0xa2 ../../../../../ports/arm-cortex/qk/gnu/spy\libqf_cortex-m3.a(qf_new.o)
 .debug_loc     0x00005e27       0x79 ../../../../../ports/arm-cortex/qk/gnu/spy\libqf_cortex-m3.a(qf_pool.o)
 .debug_loc     0x00005ea0       0x7a ../../../../../ports/arm-cortex/qk/gnu/spy\libqf_cortex-m3.a(qf_pspub.o)
 .debug_loc     0x00005f1a       0x1f ../../../../../ports/arm-cortex/qk/gnu/spy\libqf_cortex-m3.a(qf_tick.o)
 .debug_loc     0x00005f39       0x85 ../../../../../ports/arm-cortex/qk/gnu/spy\libqf_cortex-m3.a(qmp_get.o)
 .debug_loc     0x00005fbe      0x11d ../../../../../ports/arm-cortex/qk/gnu/spy\libqf_cortex-m3.a(qmp_init.o)
 .debug_loc     0x000060db       0x5b ../../../../../ports/arm-cortex/qk/gnu/spy\libqf_cortex-m3.a(qmp_put.o)
 .debug_loc     0x00006136       0x5b ../../../../../ports/arm-cortex/qk/gnu/spy\libqf_cortex-m3.a(qte_ctor.o)
 .debug_loc     0x00006191       0x8f ../../../../../ports/arm-cortex/qk/gnu/spy\libqf_cortex-m3.a(qte_arm.o)
 .debug_loc     0x00006220       0xe6 ../../../../../ports/arm-cortex/qk/gnu/spy\libqep_cortex-m3.a(qhsm_ini.o)
 .debug_loc     0x00006306      0x306 ../../../../../ports/arm-cortex/qk/gnu/spy\libqep_cortex-m3.a(qhsm_dis.o)
 .debug_loc     0x0000660c       0x13 ../../../../../ports/arm-cortex/qk/gnu/spy\libqep_cortex-m3.a(qhsm_top.o)
 .debug_loc     0x0000661f      0x160 ../../../../../ports/arm-cortex/qk/gnu/spy\libqs_cortex-m3.a(qs.o)
 .debug_loc     0x0000677f      0x11a ../../../../../ports/arm-cortex/qk/gnu/spy\libqs_cortex-m3.a(qs_.o)
 .debug_loc     0x00006899       0x13 ../../../../../ports/arm-cortex/qk/gnu/spy\libqs_cortex-m3.a(qs_byte.o)
 .debug_loc     0x000068ac       0x98 ../../../../../ports/arm-cortex/qk/gnu/spy\libqs_cortex-m3.a(qs_str.o)

.debug_pubnames
                0x00000000     0x39ce
 .debug_pubnames
                0x00000000      0x128 spy/bsp.o
 .debug_pubnames
                0x00000128       0x1b spy/main.o
 .debug_pubnames
                0x00000143       0x31 spy/no_heap.o
 .debug_pubnames
                0x00000174       0x2e spy/philo.o
 .debug_pubnames
                0x000001a2       0x2e spy/table.o
 .debug_pubnames
                0x000001d0       0x4a spy/startup_stm32f10x_cl.o
 .debug_pubnames
                0x0000021a      0x159 spy/core_cm3.o
 .debug_pubnames
                0x00000373       0xa3 spy/system_stm32f10x.o
 .debug_pubnames
                0x00000416      0x1a9 spy/stm32_eval.o
 .debug_pubnames
                0x000005bf      0x25c spy/stm3210c_eval_lcd.o
 .debug_pubnames
                0x0000081b      0x251 spy/stm3210c_eval_ioe.o
 .debug_pubnames
                0x00000a6c       0x89 spy/misc.o
 .debug_pubnames
                0x00000af5      0x401 spy/stm32f10x_adc.o
 .debug_pubnames
                0x00000ef6      0x128 spy/stm32f10x_bkp.o
 .debug_pubnames
                0x0000101e      0x17b spy/stm32f10x_can.o
 .debug_pubnames
                0x00001199       0x82 spy/stm32f10x_crc.o
 .debug_pubnames
                0x0000121b      0x116 spy/stm32f10x_dac.o
 .debug_pubnames
                0x00001331       0x4c spy/stm32f10x_dbgmcu.o
 .debug_pubnames
                0x0000137d       0xcf spy/stm32f10x_dma.o
 .debug_pubnames
                0x0000144c       0xbb spy/stm32f10x_exti.o
 .debug_pubnames
                0x00001507      0x26e spy/stm32f10x_flash.o
 .debug_pubnames
                0x00001775      0x1a3 spy/stm32f10x_fsmc.o
 .debug_pubnames
                0x00001918      0x19d spy/stm32f10x_gpio.o
 .debug_pubnames
                0x00001ab5      0x2b0 spy/stm32f10x_i2c.o
 .debug_pubnames
                0x00001d65       0x91 spy/stm32f10x_iwdg.o
 .debug_pubnames
                0x00001df6       0xcb spy/stm32f10x_pwr.o
 .debug_pubnames
                0x00001ec1      0x37e spy/stm32f10x_rcc.o
 .debug_pubnames
                0x0000223f      0x136 spy/stm32f10x_rtc.o
 .debug_pubnames
                0x00002375      0x2ac spy/stm32f10x_sdio.o
 .debug_pubnames
                0x00002621      0x1f6 spy/stm32f10x_spi.o
 .debug_pubnames
                0x00002817      0x7b0 spy/stm32f10x_tim.o
 .debug_pubnames
                0x00002fc7      0x25f spy/stm32f10x_usart.o
 .debug_pubnames
                0x00003226       0xb0 spy/stm32f10x_wwdg.o
 .debug_pubnames
                0x000032d6       0x9c ../../../../../ports/arm-cortex/qk/gnu/spy\libqk_cortex-m3.a(qk.o)
 .debug_pubnames
                0x00003372       0x23 ../../../../../ports/arm-cortex/qk/gnu/spy\libqk_cortex-m3.a(qk_sched.o)
 .debug_pubnames
                0x00003395       0x4a ../../../../../ports/arm-cortex/qk/gnu/spy\libqk_cortex-m3.a(qk_mutex.o)
 .debug_pubnames
                0x000033df       0x27 ../../../../../ports/arm-cortex/qk/gnu/spy\libqf_cortex-m3.a(qa_fifo.o)
 .debug_pubnames
                0x00003406       0x39 ../../../../../ports/arm-cortex/qk/gnu/spy\libqf_cortex-m3.a(qa_get_.o)
 .debug_pubnames
                0x0000343f       0x28 ../../../../../ports/arm-cortex/qk/gnu/spy\libqf_cortex-m3.a(qa_sub.o)
 .debug_pubnames
                0x00003467       0x23 ../../../../../ports/arm-cortex/qk/gnu/spy\libqf_cortex-m3.a(qeq_init.o)
 .debug_pubnames
                0x0000348a       0x62 ../../../../../ports/arm-cortex/qk/gnu/spy\libqf_cortex-m3.a(qf_act.o)
 .debug_pubnames
                0x000034ec       0x1c ../../../../../ports/arm-cortex/qk/gnu/spy\libqf_cortex-m3.a(qf_gc.o)
 .debug_pubnames
                0x00003508       0x22 ../../../../../ports/arm-cortex/qk/gnu/spy\libqf_cortex-m3.a(qf_log2.o)
 .debug_pubnames
                0x0000352a       0x1e ../../../../../ports/arm-cortex/qk/gnu/spy\libqf_cortex-m3.a(qf_new.o)
 .debug_pubnames
                0x00003548       0x3f ../../../../../ports/arm-cortex/qk/gnu/spy\libqf_cortex-m3.a(qf_pool.o)
 .debug_pubnames
                0x00003587       0x45 ../../../../../ports/arm-cortex/qk/gnu/spy\libqf_cortex-m3.a(qf_psini.o)
 .debug_pubnames
                0x000035cc       0x21 ../../../../../ports/arm-cortex/qk/gnu/spy\libqf_cortex-m3.a(qf_pspub.o)
 .debug_pubnames
                0x000035ed       0x45 ../../../../../ports/arm-cortex/qk/gnu/spy\libqf_cortex-m3.a(qf_pwr2.o)
 .debug_pubnames
                0x00003632       0x1e ../../../../../ports/arm-cortex/qk/gnu/spy\libqf_cortex-m3.a(qf_tick.o)
 .debug_pubnames
                0x00003650       0x36 ../../../../../ports/arm-cortex/qk/gnu/spy\libqf_cortex-m3.a(qmp_get.o)
 .debug_pubnames
                0x00003686       0x22 ../../../../../ports/arm-cortex/qk/gnu/spy\libqf_cortex-m3.a(qmp_init.o)
 .debug_pubnames
                0x000036a8       0x21 ../../../../../ports/arm-cortex/qk/gnu/spy\libqf_cortex-m3.a(qmp_put.o)
 .debug_pubnames
                0x000036c9       0x24 ../../../../../ports/arm-cortex/qk/gnu/spy\libqf_cortex-m3.a(qte_ctor.o)
 .debug_pubnames
                0x000036ed       0x3c ../../../../../ports/arm-cortex/qk/gnu/spy\libqf_cortex-m3.a(qte_arm.o)
 .debug_pubnames
                0x00003729       0x20 ../../../../../ports/arm-cortex/qk/gnu/spy\libqep_cortex-m3.a(qhsm_ini.o)
 .debug_pubnames
                0x00003749       0x24 ../../../../../ports/arm-cortex/qk/gnu/spy\libqep_cortex-m3.a(qhsm_dis.o)
 .debug_pubnames
                0x0000376d       0x1f ../../../../../ports/arm-cortex/qk/gnu/spy\libqep_cortex-m3.a(qhsm_top.o)
 .debug_pubnames
                0x0000378c       0x3a ../../../../../ports/arm-cortex/qk/gnu/spy\libqep_cortex-m3.a(qep.o)
 .debug_pubnames
                0x000037c6      0x106 ../../../../../ports/arm-cortex/qk/gnu/spy\libqs_cortex-m3.a(qs.o)
 .debug_pubnames
                0x000038cc       0xb5 ../../../../../ports/arm-cortex/qk/gnu/spy\libqs_cortex-m3.a(qs_.o)
 .debug_pubnames
                0x00003981       0x21 ../../../../../ports/arm-cortex/qk/gnu/spy\libqs_cortex-m3.a(qs_byte.o)
 .debug_pubnames
                0x000039a2       0x2c ../../../../../ports/arm-cortex/qk/gnu/spy\libqs_cortex-m3.a(qs_str.o)

.debug_aranges  0x00000000      0x7b0
 .debug_aranges
                0x00000000       0x20 spy/bsp.o
 .debug_aranges
                0x00000020       0x20 spy/main.o
 .debug_aranges
                0x00000040       0x20 spy/no_heap.o
 .debug_aranges
                0x00000060       0x20 spy/philo.o
 .debug_aranges
                0x00000080       0x20 spy/table.o
 .debug_aranges
                0x000000a0       0x20 spy/startup_stm32f10x_cl.o
 .debug_aranges
                0x000000c0       0x20 spy/core_cm3.o
 .debug_aranges
                0x000000e0       0x20 spy/system_stm32f10x.o
 .debug_aranges
                0x00000100       0x20 spy/stm32_eval.o
 .debug_aranges
                0x00000120       0x20 spy/stm3210c_eval_lcd.o
 .debug_aranges
                0x00000140       0x20 spy/stm3210c_eval_ioe.o
 .debug_aranges
                0x00000160       0x20 spy/misc.o
 .debug_aranges
                0x00000180       0x20 spy/stm32f10x_adc.o
 .debug_aranges
                0x000001a0       0x20 spy/stm32f10x_bkp.o
 .debug_aranges
                0x000001c0       0x20 spy/stm32f10x_can.o
 .debug_aranges
                0x000001e0       0x20 spy/stm32f10x_crc.o
 .debug_aranges
                0x00000200       0x20 spy/stm32f10x_dac.o
 .debug_aranges
                0x00000220       0x20 spy/stm32f10x_dbgmcu.o
 .debug_aranges
                0x00000240       0x20 spy/stm32f10x_dma.o
 .debug_aranges
                0x00000260       0x20 spy/stm32f10x_exti.o
 .debug_aranges
                0x00000280       0x20 spy/stm32f10x_flash.o
 .debug_aranges
                0x000002a0       0x20 spy/stm32f10x_fsmc.o
 .debug_aranges
                0x000002c0       0x20 spy/stm32f10x_gpio.o
 .debug_aranges
                0x000002e0       0x20 spy/stm32f10x_i2c.o
 .debug_aranges
                0x00000300       0x20 spy/stm32f10x_iwdg.o
 .debug_aranges
                0x00000320       0x20 spy/stm32f10x_pwr.o
 .debug_aranges
                0x00000340       0x20 spy/stm32f10x_rcc.o
 .debug_aranges
                0x00000360       0x20 spy/stm32f10x_rtc.o
 .debug_aranges
                0x00000380       0x20 spy/stm32f10x_sdio.o
 .debug_aranges
                0x000003a0       0x20 spy/stm32f10x_spi.o
 .debug_aranges
                0x000003c0       0x20 spy/stm32f10x_tim.o
 .debug_aranges
                0x000003e0       0x20 spy/stm32f10x_usart.o
 .debug_aranges
                0x00000400       0x20 spy/stm32f10x_wwdg.o
 .debug_aranges
                0x00000420       0x20 ../../../../../ports/arm-cortex/qk/gnu/spy\libqk_cortex-m3.a(qk.o)
 .debug_aranges
                0x00000440       0x20 ../../../../../ports/arm-cortex/qk/gnu/spy\libqk_cortex-m3.a(qk_sched.o)
 .debug_aranges
                0x00000460       0x20 ../../../../../ports/arm-cortex/qk/gnu/spy\libqk_cortex-m3.a(qk_mutex.o)
 .debug_aranges
                0x00000480       0x30 ../../../../../ports/arm-cortex/qk/gnu/spy\libqk_cortex-m3.a(qk_port.o)
 .debug_aranges
                0x000004b0       0x20 ../../../../../ports/arm-cortex/qk/gnu/spy\libqf_cortex-m3.a(qa_fifo.o)
 .debug_aranges
                0x000004d0       0x20 ../../../../../ports/arm-cortex/qk/gnu/spy\libqf_cortex-m3.a(qa_get_.o)
 .debug_aranges
                0x000004f0       0x20 ../../../../../ports/arm-cortex/qk/gnu/spy\libqf_cortex-m3.a(qa_sub.o)
 .debug_aranges
                0x00000510       0x20 ../../../../../ports/arm-cortex/qk/gnu/spy\libqf_cortex-m3.a(qeq_init.o)
 .debug_aranges
                0x00000530       0x20 ../../../../../ports/arm-cortex/qk/gnu/spy\libqf_cortex-m3.a(qf_act.o)
 .debug_aranges
                0x00000550       0x20 ../../../../../ports/arm-cortex/qk/gnu/spy\libqf_cortex-m3.a(qf_gc.o)
 .debug_aranges
                0x00000570       0x20 ../../../../../ports/arm-cortex/qk/gnu/spy\libqf_cortex-m3.a(qf_new.o)
 .debug_aranges
                0x00000590       0x20 ../../../../../ports/arm-cortex/qk/gnu/spy\libqf_cortex-m3.a(qf_pool.o)
 .debug_aranges
                0x000005b0       0x20 ../../../../../ports/arm-cortex/qk/gnu/spy\libqf_cortex-m3.a(qf_psini.o)
 .debug_aranges
                0x000005d0       0x20 ../../../../../ports/arm-cortex/qk/gnu/spy\libqf_cortex-m3.a(qf_pspub.o)
 .debug_aranges
                0x000005f0       0x20 ../../../../../ports/arm-cortex/qk/gnu/spy\libqf_cortex-m3.a(qf_tick.o)
 .debug_aranges
                0x00000610       0x20 ../../../../../ports/arm-cortex/qk/gnu/spy\libqf_cortex-m3.a(qmp_get.o)
 .debug_aranges
                0x00000630       0x20 ../../../../../ports/arm-cortex/qk/gnu/spy\libqf_cortex-m3.a(qmp_init.o)
 .debug_aranges