Archive member included because of file (symbol)

../../../../../ports/arm-cortex/vanilla/gnu/dbg\libqf_cortex-m3.a(qa_fifo.o)
                              dbg/philo.o (QActive_postFIFO)
../../../../../ports/arm-cortex/vanilla/gnu/dbg\libqf_cortex-m3.a(qa_sub.o)
                              dbg/philo.o (QActive_subscribe)
../../../../../ports/arm-cortex/vanilla/gnu/dbg\libqf_cortex-m3.a(qf_act.o)
                              dbg/bsp.o (QF_getVersion)
../../../../../ports/arm-cortex/vanilla/gnu/dbg\libqf_cortex-m3.a(qf_new.o)
                              dbg/philo.o (QF_new_)
../../../../../ports/arm-cortex/vanilla/gnu/dbg\libqf_cortex-m3.a(qf_pool.o)
                              dbg/main.o (QF_poolInit)
../../../../../ports/arm-cortex/vanilla/gnu/dbg\libqf_cortex-m3.a(qf_psini.o)
                              dbg/main.o (QF_psInit)
../../../../../ports/arm-cortex/vanilla/gnu/dbg\libqf_cortex-m3.a(qf_pspub.o)
                              dbg/philo.o (QF_publish)
../../../../../ports/arm-cortex/vanilla/gnu/dbg\libqf_cortex-m3.a(qf_pwr2.o)
                              ../../../../../ports/arm-cortex/vanilla/gnu/dbg\libqf_cortex-m3.a(qa_fifo.o) (QF_pwr2Lkup)
../../../../../ports/arm-cortex/vanilla/gnu/dbg\libqf_cortex-m3.a(qf_tick.o)
                              dbg/bsp.o (QF_tick)
../../../../../ports/arm-cortex/vanilla/gnu/dbg\libqf_cortex-m3.a(qmp_get.o)
                              ../../../../../ports/arm-cortex/vanilla/gnu/dbg\libqf_cortex-m3.a(qf_new.o) (QMPool_get)
../../../../../ports/arm-cortex/vanilla/gnu/dbg\libqf_cortex-m3.a(qmp_init.o)
                              ../../../../../ports/arm-cortex/vanilla/gnu/dbg\libqf_cortex-m3.a(qf_pool.o) (QMPool_init)
../../../../../ports/arm-cortex/vanilla/gnu/dbg\libqf_cortex-m3.a(qte_ctor.o)
                              dbg/philo.o (QTimeEvt_ctor)
../../../../../ports/arm-cortex/vanilla/gnu/dbg\libqf_cortex-m3.a(qte_arm.o)
                              dbg/philo.o (QTimeEvt_arm_)
../../../../../ports/arm-cortex/vanilla/gnu/dbg\libqf_cortex-m3.a(qvanilla.o)
                              dbg/main.o (QF_init)
../../../../../ports/arm-cortex/vanilla/gnu/dbg\libqf_cortex-m3.a(qa_get_.o)
                              ../../../../../ports/arm-cortex/vanilla/gnu/dbg\libqf_cortex-m3.a(qvanilla.o) (QActive_get_)
../../../../../ports/arm-cortex/vanilla/gnu/dbg\libqf_cortex-m3.a(qeq_init.o)
                              ../../../../../ports/arm-cortex/vanilla/gnu/dbg\libqf_cortex-m3.a(qvanilla.o) (QEQueue_init)
../../../../../ports/arm-cortex/vanilla/gnu/dbg\libqf_cortex-m3.a(qf_gc.o)
                              ../../../../../ports/arm-cortex/vanilla/gnu/dbg\libqf_cortex-m3.a(qf_pspub.o) (QF_gc)
../../../../../ports/arm-cortex/vanilla/gnu/dbg\libqf_cortex-m3.a(qf_log2.o)
                              ../../../../../ports/arm-cortex/vanilla/gnu/dbg\libqf_cortex-m3.a(qf_pspub.o) (QF_log2Lkup)
../../../../../ports/arm-cortex/vanilla/gnu/dbg\libqf_cortex-m3.a(qmp_put.o)
                              ../../../../../ports/arm-cortex/vanilla/gnu/dbg\libqf_cortex-m3.a(qf_gc.o) (QMPool_put)
../../../../../ports/arm-cortex/vanilla/gnu/dbg\libqep_cortex-m3.a(qhsm_ini.o)
                              ../../../../../ports/arm-cortex/vanilla/gnu/dbg\libqf_cortex-m3.a(qvanilla.o) (QHsm_init)
../../../../../ports/arm-cortex/vanilla/gnu/dbg\libqep_cortex-m3.a(qhsm_dis.o)
                              ../../../../../ports/arm-cortex/vanilla/gnu/dbg\libqf_cortex-m3.a(qvanilla.o) (QHsm_dispatch)
../../../../../ports/arm-cortex/vanilla/gnu/dbg\libqep_cortex-m3.a(qhsm_top.o)
                              dbg/philo.o (QHsm_top)
../../../../../ports/arm-cortex/vanilla/gnu/dbg\libqep_cortex-m3.a(qep.o)
                              ../../../../../ports/arm-cortex/vanilla/gnu/dbg\libqep_cortex-m3.a(qhsm_ini.o) (QEP_reservedEvt_)
c:/tools/devkitpro/devkitarm/bin/../lib/gcc/arm-eabi/4.4.2/../../../../arm-eabi/lib/thumb/thumb2\libc.a(lib_a-atexit.o)
                              c:/tools/devkitpro/devkitarm/bin/../lib/gcc/arm-eabi/4.4.2/../../../../arm-eabi/lib/thumb/thumb2/crt0.o (atexit)
c:/tools/devkitpro/devkitarm/bin/../lib/gcc/arm-eabi/4.4.2/../../../../arm-eabi/lib/thumb/thumb2\libc.a(lib_a-exit.o)
                              c:/tools/devkitpro/devkitarm/bin/../lib/gcc/arm-eabi/4.4.2/../../../../arm-eabi/lib/thumb/thumb2/crt0.o (exit)
c:/tools/devkitpro/devkitarm/bin/../lib/gcc/arm-eabi/4.4.2/../../../../arm-eabi/lib/thumb/thumb2\libc.a(lib_a-impure.o)
                              c:/tools/devkitpro/devkitarm/bin/../lib/gcc/arm-eabi/4.4.2/../../../../arm-eabi/lib/thumb/thumb2\libc.a(lib_a-exit.o) (_global_impure_ptr)
c:/tools/devkitpro/devkitarm/bin/../lib/gcc/arm-eabi/4.4.2/../../../../arm-eabi/lib/thumb/thumb2\libc.a(lib_a-init.o)
                              c:/tools/devkitpro/devkitarm/bin/../lib/gcc/arm-eabi/4.4.2/../../../../arm-eabi/lib/thumb/thumb2/crt0.o (__libc_fini_array)
[...]
Memory Configuration

Name             Origin             Length             Attributes
ROM              0x08000000         0x00040000         xr
RAM              0x20000000         0x00010000         xrw
*default*        0x00000000         0xffffffff

Linker script and memory map

LOAD c:/tools/devkitpro/devkitarm/bin/../lib/gcc/arm-eabi/4.4.2/thumb/thumb2/crti.o
LOAD c:/tools/devkitpro/devkitarm/bin/../lib/gcc/arm-eabi/4.4.2/thumb/thumb2/crtbegin.o
LOAD c:/tools/devkitpro/devkitarm/bin/../lib/gcc/arm-eabi/4.4.2/../../../../arm-eabi/lib/thumb/thumb2/crt0.o
LOAD dbg/bsp.o
LOAD dbg/main.o
LOAD dbg/no_heap.o
LOAD dbg/philo.o
LOAD dbg/table.o
LOAD dbg/startup_stm32f10x_cl.o
LOAD dbg/core_cm3.o
LOAD dbg/system_stm32f10x.o
LOAD dbg/stm32_eval.o
LOAD dbg/stm3210c_eval_lcd.o
LOAD dbg/stm3210c_eval_ioe.o
LOAD dbg/misc.o
LOAD dbg/stm32f10x_adc.o
LOAD dbg/stm32f10x_bkp.o
LOAD dbg/stm32f10x_can.o
LOAD dbg/stm32f10x_crc.o
LOAD dbg/stm32f10x_dac.o
LOAD dbg/stm32f10x_dbgmcu.o
LOAD dbg/stm32f10x_dma.o
LOAD dbg/stm32f10x_exti.o
LOAD dbg/stm32f10x_flash.o
LOAD dbg/stm32f10x_fsmc.o
LOAD dbg/stm32f10x_gpio.o
LOAD dbg/stm32f10x_i2c.o
LOAD dbg/stm32f10x_iwdg.o
LOAD dbg/stm32f10x_pwr.o
LOAD dbg/stm32f10x_rcc.o
LOAD dbg/stm32f10x_rtc.o
LOAD dbg/stm32f10x_sdio.o
LOAD dbg/stm32f10x_spi.o
LOAD dbg/stm32f10x_tim.o
LOAD dbg/stm32f10x_usart.o
LOAD dbg/stm32f10x_wwdg.o
LOAD ../../../../../ports/arm-cortex/vanilla/gnu/dbg\libqf_cortex-m3.a
LOAD ../../../../../ports/arm-cortex/vanilla/gnu/dbg\libqep_cortex-m3.a
START GROUP
LOAD c:/tools/devkitpro/devkitarm/bin/../lib/gcc/arm-eabi/4.4.2/thumb/thumb2\libgcc.a
LOAD c:/tools/devkitpro/devkitarm/bin/../lib/gcc/arm-eabi/4.4.2/../../../../arm-eabi/lib/thumb/thumb2\libc.a
LOAD c:/tools/devkitpro/devkitarm/bin/../lib/gcc/arm-eabi/4.4.2/../../../../arm-eabi/lib/thumb/thumb2\libsysbase.a
END GROUP
LOAD c:/tools/devkitpro/devkitarm/bin/../lib/gcc/arm-eabi/4.4.2/thumb/thumb2/crtend.o
LOAD c:/tools/devkitpro/devkitarm/bin/../lib/gcc/arm-eabi/4.4.2/thumb/thumb2/crtn.o
                0x00000400                STACK_SIZE = 0x400
                0x00000000                HEAP_SIZE = 0x0

.isr_vector     0x08000000      0x154
 *(.isr_vector)
 .isr_vector    0x08000000      0x154 dbg/startup_stm32f10x_cl.o
                0x08000000                g_pfnVectors
                0x08000154                . = ALIGN (0x4)

.eh_frame       0x08000154        0x0
 .eh_frame      0x08000154        0x0 c:/tools/devkitpro/devkitarm/bin/../lib/gcc/arm-eabi/4.4.2/thumb/thumb2/crtbegin.o

.text           0x08000154     0x4e04
                0x08000154                . = ALIGN (0x4)
 *(.text)
 .text          0x08000154       0x54 c:/tools/devkitpro/devkitarm/bin/../lib/gcc/arm-eabi/4.4.2/thumb/thumb2/crtbegin.o
 .text          0x080001a8      0x1cc dbg/bsp.o
                0x080001a8                QF_onStartup
                0x08000208                QF_onCleanup
                0x0800020c                Q_onAssert
                0x08000210                assert_failed
                0x08000218                BSP_busyDelay
                0x08000230                BSP_displyPhilStat
                0x08000250                QF_onIdle
                0x08000268                BSP_init
                0x0800035c                SysTick_Handler
 .text          0x08000374       0xa8 dbg/main.o
                0x08000374                main
 .text          0x0800041c      0x2b0 dbg/philo.o
                0x0800041c                Philo_ctor
 .text          0x080006cc      0x27c dbg/table.o
                0x080006cc                Table_ctor
 .text          0x08000948       0xb0 dbg/startup_stm32f10x_cl.o
                0x08000948                EXTI2_IRQHandler
                0x08000948                TIM8_TRG_COM_IRQHandler
                0x08000948                TIM8_CC_IRQHandler
                0x08000948                DebugMon_Handler
                0x08000948                TIM1_CC_IRQHandler
                0x08000948                TIM6_IRQHandler
                0x08000948                PVD_IRQHandler
                0x08000948                SDIO_IRQHandler
                0x08000948                PendSV_Handler
                0x08000948                NMI_Handler
                0x08000948                CAN2_RX1_IRQHandler
                0x08000948                EXTI3_IRQHandler
                0x08000948                EXTI0_IRQHandler
                0x08000948                I2C2_EV_IRQHandler
                0x08000948                UsageFault_Handler
                0x08000948                CAN2_SCE_IRQHandler
                0x08000948                ADC1_2_IRQHandler
                0x08000948                SPI1_IRQHandler
                0x08000948                TAMPER_IRQHandler
                0x08000948                CAN2_RX0_IRQHandler
                0x08000948                TIM8_UP_IRQHandler
                0x08000948                DMA2_Channel2_IRQHandler
                0x08000948                DMA1_Channel4_IRQHandler
                0x08000948                USART3_IRQHandler
                0x08000948                RTC_IRQHandler
                0x08000948                DMA1_Channel7_IRQHandler
                0x08000948                USBWakeUp_IRQHandler
                0x08000948                CAN1_RX1_IRQHandler
                0x08000948                UART5_IRQHandler
                0x08000948                ADC3_IRQHandler
                0x08000948                TIM4_IRQHandler
                0x08000948                DMA2_Channel1_IRQHandler
                0x08000948                I2C1_EV_IRQHandler
                0x08000948                DMA1_Channel6_IRQHandler
                0x08000948                UART4_IRQHandler
                0x08000948                TIM3_IRQHandler
                0x08000948                RCC_IRQHandler
                0x08000948                TIM1_TRG_COM_IRQHandler
                0x08000948                DMA1_Channel1_IRQHandler
                0x08000948                EXTI15_10_IRQHandler
                0x08000948                TIM7_IRQHandler
                0x08000948                CAN2_TX_IRQHandler
                0x08000948                TIM5_IRQHandler
                0x08000948                EXTI9_5_IRQHandler
                0x08000948                ETH_WKUP_IRQHandler
                0x08000948                SPI2_IRQHandler
                0x08000948                MemManage_Handler
                0x08000948                SVC_Handler
                0x08000948                DMA2_Channel5_IRQHandler
                0x08000948                DMA1_Channel5_IRQHandler
                0x08000948                EXTI4_IRQHandler
                0x08000948                USB_LP_CAN1_RX0_IRQHandler
                0x08000948                USB_HP_CAN1_TX_IRQHandler
                0x08000948                DMA1_Channel3_IRQHandler
                0x08000948                FSMC_IRQHandler
                0x08000948                ETH_IRQHandler
                0x08000948                TIM1_UP_IRQHandler
                0x08000948                WWDG_IRQHandler
                0x08000948                TIM2_IRQHandler
                0x08000948                TIM1_BRK_IRQHandler
                0x08000948                EXTI1_IRQHandler
                0x08000948                RTCAlarm_IRQHandler
                0x08000948                DMA2_Channel4_5_IRQHandler
                0x08000948                USART2_IRQHandler
                0x08000948                I2C2_ER_IRQHandler
                0x08000948                DMA1_Channel2_IRQHandler
                0x08000948                TIM8_BRK_IRQHandler
                0x08000948                CAN1_SCE_IRQHandler
                0x08000948                FLASH_IRQHandler
                0x08000948                BusFault_Handler
                0x08000948                USART1_IRQHandler
                0x08000948                Spurious_Handler
                0x08000948                OTG_FS_IRQHandler
                0x08000948                SPI3_IRQHandler
                0x08000948                I2C1_ER_IRQHandler
                0x08000948                DMA2_Channel3_IRQHandler
                0x08000964                Reset_Handler
 .text          0x080009f8      0x170 dbg/system_stm32f10x.o
                0x080009f8                SystemInit
 .text          0x08000b68      0x248 dbg/stm32_eval.o
                0x08000b68                STM_EVAL_LEDOn
                0x08000b84                STM_EVAL_LEDOff
                0x08000ba0                STM_EVAL_LEDToggle
                0x08000bc4                STM_EVAL_LEDInit
                0x08000c10                STM_EVAL_COMInit
                0x08000cbc                STM_EVAL_PBGetState
                0x08000ce4                STM_EVAL_PBInit
 .text          0x08000db0      0xc50 dbg/stm3210c_eval_lcd.o
                0x08000db0                LCD_SetTextColor
                0x08000dcc                LCD_SetBackColor
                0x08000e18                LCD_CtrlLinesConfig
                0x08000e54                LCD_SPIConfig
                0x08000efc                LCD_CtrlLinesWrite
                0x08000f04                LCD_WriteRAM
                0x08000f58                LCD_nCS_StartByte
                0x08000f98                LCD_WriteRegIndex
                0x08001008                LCD_WriteRAM_Prepare
                0x0800101c                LCD_WriteRAMWord
                0x08001040                LCD_WriteReg
                0x080010b4                LCD_DisplayOff
                0x080010c4                LCD_DisplayOn
                0x080010d4                LCD_PowerOn
                0x08001170                LCD_SetCursor
                0x0800118c                LCD_DrawCircle
                0x080012b8                LCD_DrawMonoPict
                0x08001338                LCD_DrawLine
                0x080013c4                LCD_DrawRect
                0x08001414                LCD_DrawChar
                0x08001498                LCD_DisplayChar
                0x080014c0                LCD_DisplayString
                0x08001514                LCD_ClearLine
                0x08001528                LCD_Clear
                0x08001568                LCD_SetDisplayWindow
                0x080015d8                LCD_WindowModeDisable
                0x080015fc                LCD_Setup
                0x080018b8                STM3210C_LCD_Init
                0x080018c0                LCD_ReadReg
 .text          0x08001a00      0x104 dbg/misc.o
                0x08001a00                NVIC_PriorityGroupConfig
                0x08001a14                NVIC_Init
                0x08001a98                NVIC_SetVectorTable
                0x08001ab0                NVIC_SystemLPConfig
                0x08001ad8                SysTick_CLKSourceConfig
 .text          0x08001b04      0x134 dbg/stm32f10x_exti.o
                0x08001b04                EXTI_DeInit
                0x08001b24                EXTI_Init
                0x08001bc4                EXTI_StructInit
                0x08001bd8                EXTI_GenerateSWInterrupt
                0x08001bec                EXTI_GetFlagStatus
                0x08001c00                EXTI_ClearFlag
                0x08001c0c                EXTI_GetITStatus
                0x08001c2c                EXTI_ClearITPendingBit
 .text          0x08001c38      0x34c dbg/stm32f10x_gpio.o
                0x08001c38                GPIO_Init
                0x08001d00                GPIO_StructInit
                0x08001d14                GPIO_ReadInputDataBit
                0x08001d20                GPIO_ReadInputData
                0x08001d28                GPIO_ReadOutputDataBit
                0x08001d34                GPIO_ReadOutputData
                0x08001d3c                GPIO_SetBits
                0x08001d40                GPIO_ResetBits
                0x08001d44                GPIO_WriteBit
                0x08001d50                GPIO_Write
                0x08001d54                GPIO_PinLockConfig
                0x08001d64                GPIO_EventOutputConfig
                0x08001d88                GPIO_EventOutputCmd
                0x08001d94                GPIO_PinRemapConfig
                0x08001e0c                GPIO_EXTILineConfig
                0x08001e50                GPIO_ETH_MediaInterfaceConfig
                0x08001e5c                GPIO_AFIODeInit
                0x08001e78                GPIO_DeInit
 .text          0x08001f84      0x5a4 dbg/stm32f10x_rcc.o
                0x08001f84                RCC_DeInit
                0x08001fd8                RCC_HSEConfig
                0x08002024                RCC_AdjustHSICalibrationValue
                0x0800203c                RCC_HSICmd
                0x08002048                RCC_PLLConfig
                0x08002064                RCC_PLLCmd
                0x08002070                RCC_PREDIV1Config
                0x08002090                RCC_PREDIV2Config
                0x080020a8                RCC_PLL2Config
                0x080020c0                RCC_PLL2Cmd
                0x080020cc                RCC_PLL3Config
                0x080020e4                RCC_PLL3Cmd
                0x080020f0                RCC_SYSCLKConfig
                0x08002108                RCC_GetSYSCLKSource
                0x08002118                RCC_HCLKConfig
                0x08002130                RCC_PCLK1Config
                0x08002148                RCC_PCLK2Config
                0x08002160                RCC_ITConfig
                0x08002188                RCC_OTGFSCLKConfig
                0x08002194                RCC_ADCCLKConfig
                0x080021ac                RCC_I2S2CLKConfig
                0x080021b8                RCC_I2S3CLKConfig
                0x080021c4                RCC_LSEConfig
                0x08002200                RCC_LSICmd
                0x0800220c                RCC_RTCCLKConfig
                0x08002220                RCC_RTCCLKCmd
                0x0800222c                RCC_GetClocksFreq
                0x08002360                RCC_AHBPeriphClockCmd
                0x08002388                RCC_APB2PeriphClockCmd
                0x080023b0                RCC_APB1PeriphClockCmd
                0x080023d8                RCC_AHBPeriphResetCmd
                0x08002400                RCC_APB2PeriphResetCmd
                0x08002428                RCC_APB1PeriphResetCmd
                0x08002450                RCC_BackupResetCmd
                0x0800245c                RCC_ClockSecuritySystemCmd
                0x08002468                RCC_MCOConfig
                0x08002474                RCC_GetFlagStatus
                0x080024b8                RCC_WaitForHSEStartUp
                0x080024f4                RCC_ClearFlag
                0x08002508                RCC_GetITStatus
                0x0800251c                RCC_ClearITPendingBit
 .text          0x08002528      0x410 dbg/stm32f10x_spi.o
                0x08002528                SPI_Init
                0x08002588                SPI_StructInit
                0x080025a4                I2S_StructInit
                0x080025bc                SPI_Cmd
                0x080025dc                I2S_Cmd
                0x080025fc                SPI_I2S_ITConfig
                0x08002624                SPI_I2S_DMACmd
                0x08002640                SPI_I2S_SendData
                0x08002644                SPI_I2S_ReceiveData
                0x0800264c                SPI_NSSInternalSoftwareConfig
                0x08002670                SPI_SSOutputCmd
                0x08002690                SPI_DataSizeConfig
                0x080026ac                SPI_TransmitCRC
                0x080026b8                SPI_CalculateCRC
                0x080026d8                SPI_GetCRC
                0x080026e8                SPI_GetCRCPolynomial
                0x080026f0                SPI_BiDirectionalLineConfig
                0x08002714                SPI_I2S_GetFlagStatus
                0x08002720                SPI_I2S_ClearFlag
                0x0800272c                SPI_I2S_GetITStatus
                0x08002764                SPI_I2S_ClearITPendingBit
                0x0800277c                I2S_Init
                0x080028c4                SPI_I2S_DeInit
 .text          0x08002938      0x44c dbg/stm32f10x_usart.o
                0x08002938                USART_StructInit
                0x08002954                USART_ClockInit
                0x08002984                USART_ClockStructInit
                0x08002994                USART_Cmd
                0x080029b4                USART_ITConfig
                0x080029ec                USART_DMACmd
                0x08002a08                USART_SetAddress
                0x08002a24                USART_WakeUpConfig
                0x08002a40                USART_ReceiverWakeUpCmd
                0x08002a60                USART_LINBreakDetectLengthConfig
                0x08002a7c                USART_LINCmd
                0x08002a9c                USART_SendData
                0x08002aa8                USART_ReceiveData
                0x08002ab4                USART_SendBreak
                0x08002ac0                USART_SetGuardTime
                0x08002ad4                USART_SetPrescaler
                0x08002ae8                USART_SmartCardCmd
                0x08002b08                USART_SmartCardNACKCmd
                0x08002b28                USART_HalfDuplexCmd
                0x08002b48                USART_IrDAConfig
                0x08002b64                USART_IrDACmd
                0x08002b84                USART_GetFlagStatus
                0x08002b90                USART_ClearFlag
                0x08002b9c                USART_GetITStatus
                0x08002bf4                USART_ClearITPendingBit
                0x08002c0c                USART_Init
                0x08002cc4                USART_DeInit
 .text          0x08002d84       0x98 ../../../../../ports/arm-cortex/vanilla/gnu/dbg\libqf_cortex-m3.a(qa_fifo.o)
                0x08002d84                QActive_postFIFO
 .text          0x08002e1c       0x7c ../../../../../ports/arm-cortex/vanilla/gnu/dbg\libqf_cortex-m3.a(qa_sub.o)
                0x08002e1c                QActive_subscribe
 .text          0x08002e98       0x90 ../../../../../ports/arm-cortex/vanilla/gnu/dbg\libqf_cortex-m3.a(qf_act.o)
                0x08002e98                QF_getVersion
                0x08002ea4                QF_remove_
                0x08002ee8                QF_add_
 .text          0x08002f28       0x88 ../../../../../ports/arm-cortex/vanilla/gnu/dbg\libqf_cortex-m3.a(qf_new.o)
                0x08002f28                QF_new_
 .text          0x08002fb0       0x90 ../../../../../ports/arm-cortex/vanilla/gnu/dbg\libqf_cortex-m3.a(qf_pool.o)
                0x08002fb0                QF_poolInit
 .text          0x08003040       0x18 ../../../../../ports/arm-cortex/vanilla/gnu/dbg\libqf_cortex-m3.a(qf_psini.o)
                0x08003040                QF_psInit
 .text          0x08003058       0xc8 ../../../../../ports/arm-cortex/vanilla/gnu/dbg\libqf_cortex-m3.a(qf_pspub.o)
                0x08003058                QF_publish
 .text          0x08003120       0x70 ../../../../../ports/arm-cortex/vanilla/gnu/dbg\libqf_cortex-m3.a(qf_tick.o)
                0x08003120                QF_tick
 .text          0x08003190       0x64 ../../../../../ports/arm-cortex/vanilla/gnu/dbg\libqf_cortex-m3.a(qmp_get.o)
                0x08003190                QMPool_get
                0x080031b4                QF_getPoolMargin
 .text          0x080031f4       0xd8 ../../../../../ports/arm-cortex/vanilla/gnu/dbg\libqf_cortex-m3.a(qmp_init.o)
                0x080031f4                QMPool_init
 .text          0x080032cc       0x30 ../../../../../ports/arm-cortex/vanilla/gnu/dbg\libqf_cortex-m3.a(qte_ctor.o)
                0x080032cc                QTimeEvt_ctor
 .text          0x080032fc       0x5c ../../../../../ports/arm-cortex/vanilla/gnu/dbg\libqf_cortex-m3.a(qte_arm.o)
                0x080032fc                QTimeEvt_arm_
 .text          0x08003358       0xe8 ../../../../../ports/arm-cortex/vanilla/gnu/dbg\libqf_cortex-m3.a(qvanilla.o)
                0x08003358                QF_getPortVersion
                0x08003364                QF_init
                0x08003368                QActive_stop
                0x08003370                QActive_start
                0x080033c8                QF_run
                0x08003438                QF_stop
 .text          0x08003440       0xe4 ../../../../../ports/arm-cortex/vanilla/gnu/dbg\libqf_cortex-m3.a(qa_get_.o)
                0x08003440                QF_getQueueMargin
                0x0800347c                QActive_get_
 .text          0x08003524       0x14 ../../../../../ports/arm-cortex/vanilla/gnu/dbg\libqf_cortex-m3.a(qeq_init.o)
                0x08003524                QEQueue_init
 .text          0x08003538       0x60 ../../../../../ports/arm-cortex/vanilla/gnu/dbg\libqf_cortex-m3.a(qf_gc.o)
                0x08003538                QF_gc
 .text          0x08003598       0x40 ../../../../../ports/arm-cortex/vanilla/gnu/dbg\libqf_cortex-m3.a(qmp_put.o)
                0x08003598                QMPool_put
 .text          0x080035d8       0xd8 ../../../../../ports/arm-cortex/vanilla/gnu/dbg\libqep_cortex-m3.a(qhsm_ini.o)
                0x080035d8                QHsm_init
 .text          0x080036b0      0x25c ../../../../../ports/arm-cortex/vanilla/gnu/dbg\libqep_cortex-m3.a(qhsm_dis.o)
                0x080036b0                QHsm_dispatch
 .text          0x0800390c        0x8 ../../../../../ports/arm-cortex/vanilla/gnu/dbg\libqep_cortex-m3.a(qhsm_top.o)
                0x0800390c                QHsm_top
 .text          0x08003914       0x70 c:/tools/devkitpro/devkitarm/bin/../lib/gcc/arm-eabi/4.4.2/../../../../arm-eabi/lib/thumb/thumb2\libc.a(lib_a-init.o)
                0x08003914                __libc_fini_array
                0x0800393c                __libc_init_array
 *(.text*)
 *(.rodata)
 .rodata        0x08003984       0x1c dbg/philo.o
                0x0800398c                AO_Philo
 .rodata        0x080039a0        0xc dbg/table.o
                0x080039a8                AO_Table
 .rodata        0x080039ac       0x14 dbg/system_stm32f10x.o
                0x080039ac                SystemFrequency
                0x080039b0                SystemFrequency_SysClk
                0x080039b4                SystemFrequency_AHBClk
                0x080039b8                SystemFrequency_APB1Clk
                0x080039bc                SystemFrequency_APB2Clk
 .rodata        0x080039c0       0x5c dbg/stm32_eval.o
                0x080039c0                GPIO_PIN
                0x080039c8                GPIO_CLK
                0x080039d8                COM_POR_CLK
                0x080039dc                COM_USART_CLK
                0x080039e0                COM_TX_PIN
                0x080039e4                COM_RX_PIN
                0x080039e8                BUTTON_PIN
                0x080039f0                BUTTON_CLK
                0x080039fc                BUTTON_PORT_SOURCE
                0x08003a04                BUTTON_PIN_SOURCE
                0x08003a0c                BUTTON_EXTI_LINE
                0x08003a14                BUTTON_IRQn
 .rodata        0x08003a1c     0x11d0 dbg/stm3210c_eval_lcd.o
                0x08003a1c                ASCII_Table
 .rodata        0x08004bec        0x8 ../../../../../ports/arm-cortex/vanilla/gnu/dbg\libqf_cortex-m3.a(qa_fifo.o)
 .rodata        0x08004bf4        0x8 ../../../../../ports/arm-cortex/vanilla/gnu/dbg\libqf_cortex-m3.a(qa_sub.o)
 .rodata        0x08004bfc       0x10 ../../../../../ports/arm-cortex/vanilla/gnu/dbg\libqf_cortex-m3.a(qf_act.o)
 .rodata        0x08004c0c        0x8 ../../../../../ports/arm-cortex/vanilla/gnu/dbg\libqf_cortex-m3.a(qf_new.o)
 .rodata        0x08004c14        0x8 ../../../../../ports/arm-cortex/vanilla/gnu/dbg\libqf_cortex-m3.a(qf_pool.o)
 .rodata        0x08004c1c        0xc ../../../../../ports/arm-cortex/vanilla/gnu/dbg\libqf_cortex-m3.a(qf_pspub.o)
 .rodata        0x08004c28       0xcc ../../../../../ports/arm-cortex/vanilla/gnu/dbg\libqf_cortex-m3.a(qf_pwr2.o)
                0x08004c28                QF_pwr2Lkup
                0x08004c6c                QF_invPwr2Lkup
                0x08004cb0                QF_div8Lkup
 .rodata        0x08004cf4        0x8 ../../../../../ports/arm-cortex/vanilla/gnu/dbg\libqf_cortex-m3.a(qmp_get.o)
 .rodata        0x08004cfc        0xc ../../../../../ports/arm-cortex/vanilla/gnu/dbg\libqf_cortex-m3.a(qmp_init.o)
 .rodata        0x08004d08        0xc ../../../../../ports/arm-cortex/vanilla/gnu/dbg\libqf_cortex-m3.a(qte_ctor.o)
 .rodata        0x08004d14        0x8 ../../../../../ports/arm-cortex/vanilla/gnu/dbg\libqf_cortex-m3.a(qte_arm.o)
 .rodata        0x08004d1c       0x14 ../../../../../ports/arm-cortex/vanilla/gnu/dbg\libqf_cortex-m3.a(qvanilla.o)
 .rodata        0x08004d30        0x8 ../../../../../ports/arm-cortex/vanilla/gnu/dbg\libqf_cortex-m3.a(qa_get_.o)
 .rodata        0x08004d38        0x8 ../../../../../ports/arm-cortex/vanilla/gnu/dbg\libqf_cortex-m3.a(qf_gc.o)
 .rodata        0x08004d40      0x100 ../../../../../ports/arm-cortex/vanilla/gnu/dbg\libqf_cortex-m3.a(qf_log2.o)
                0x08004d40                QF_log2Lkup
 .rodata        0x08004e40        0x8 ../../../../../ports/arm-cortex/vanilla/gnu/dbg\libqf_cortex-m3.a(qmp_put.o)
 .rodata        0x08004e48        0xc ../../../../../ports/arm-cortex/vanilla/gnu/dbg\libqep_cortex-m3.a(qhsm_ini.o)
 .rodata        0x08004e54        0xc ../../../../../ports/arm-cortex/vanilla/gnu/dbg\libqep_cortex-m3.a(qhsm_dis.o)
 .rodata        0x08004e60       0x10 ../../../../../ports/arm-cortex/vanilla/gnu/dbg\libqep_cortex-m3.a(qep.o)
                0x08004e68                QEP_reservedEvt_
 *(.rodata*)
 .rodata.str1.4
                0x08004e70       0x7a dbg/bsp.o
                                 0x7c (size before relaxing)
 *fill*         0x08004eea        0x2 00
 .rodata.str1.4
                0x08004eec       0x21 dbg/table.o
                                 0x24 (size before relaxing)
 *fill*         0x08004f0d        0x3 00
 .rodata.str1.4
                0x08004f10       0x15 dbg/startup_stm32f10x_cl.o
                                 0x18 (size before relaxing)
 *fill*         0x08004f25        0x3 00
 .rodata.str1.4
                0x08004f28       0x18 dbg/stm3210c_eval_lcd.o
 *(.init)
 .init          0x08004f40        0x4 c:/tools/devkitpro/devkitarm/bin/../lib/gcc/arm-eabi/4.4.2/thumb/thumb2/crti.o
                0x08004f40                _init
 .init          0x08004f44        0x8 c:/tools/devkitpro/devkitarm/bin/../lib/gcc/arm-eabi/4.4.2/thumb/thumb2/crtn.o
 *(.fini)
 .fini          0x08004f4c        0x4 c:/tools/devkitpro/devkitarm/bin/../lib/gcc/arm-eabi/4.4.2/thumb/thumb2/crti.o
                0x08004f4c                _fini
 .fini          0x08004f50        0x8 c:/tools/devkitpro/devkitarm/bin/../lib/gcc/arm-eabi/4.4.2/thumb/thumb2/crtn.o
                0x08004f58                . = ALIGN (0x4)
                0x08004f58                _etext = .

.glue_7         0x08004f58        0x0
 .glue_7        0x00000000        0x0 linker stubs

.glue_7t        0x08004f58        0x0
 .glue_7t       0x00000000        0x0 linker stubs

.vfp11_veneer   0x08004f58        0x0
 .vfp11_veneer  0x00000000        0x0 linker stubs

.v4_bx          0x08004f58        0x0
 .v4_bx         0x00000000        0x0 linker stubs

.preinit_array  0x08004f58        0x0
                0x08004f58                PROVIDE (__preinit_array_start, .)
 *(.preinit_array*)
                0x08004f58                PROVIDE (__preinit_array_end, .)

.init_array     0x08004f58        0x4
                0x08004f58                PROVIDE (__init_array_start, .)
 *(SORT(.init_array.*))
 *(.init_array*)
 .init_array    0x08004f58        0x4 c:/tools/devkitpro/devkitarm/bin/../lib/gcc/arm-eabi/4.4.2/thumb/thumb2/crtbegin.o
                0x08004f5c                PROVIDE (__init_array_end, .)

.fini_array     0x08004f5c        0x4
                0x08004f5c                PROVIDE (__fini_array_start, .)
 *(.fini_array*)
 .fini_array    0x08004f5c        0x4 c:/tools/devkitpro/devkitarm/bin/../lib/gcc/arm-eabi/4.4.2/thumb/thumb2/crtbegin.o
 *(SORT(.fini_array.*))
                0x08004f60                PROVIDE (__fini_array_end, .)

.data           0x20000000       0x3c load address 0x08004f60
                0x08004f60                __data_load = LOADADDR (.data)
                0x20000000                __data_start = .
 *(.data)
 .data          0x20000000       0x24 dbg/stm32_eval.o
                0x20000000                GPIO_PORT
                0x20000010                COM_PORT
                0x20000014                COM_USART
                0x20000018                BUTTON_PORT
 .data          0x20000024        0x2 dbg/stm3210c_eval_lcd.o
 *fill*         0x20000026        0x2 00
 .data          0x20000028       0x14 dbg/stm32f10x_rcc.o
 *(.data*)
                0x2000003c                . = ALIGN (0x4)
                0x2000003c                __data_end__ = .
                0x2000003c                _edata = __data_end__

.jcr            0x2000003c        0x0
 .jcr           0x2000003c        0x0 c:/tools/devkitpro/devkitarm/bin/../lib/gcc/arm-eabi/4.4.2/thumb/thumb2/crtbegin.o

.bss            0x2000003c      0x358 load address 0x08004f9c
                0x2000003c                __bss_start__ = .
 *(.bss)
 .bss           0x2000003c       0x1c c:/tools/devkitpro/devkitarm/bin/../lib/gcc/arm-eabi/4.4.2/thumb/thumb2/crtbegin.o
 .bss           0x20000058       0xd8 dbg/main.o
 .bss           0x20000130       0xe0 dbg/philo.o
 .bss           0x20000210       0x24 dbg/table.o
 .bss           0x20000234        0x2 dbg/stm3210c_eval_lcd.o
 .bss           0x20000236        0x1 ../../../../../ports/arm-cortex/vanilla/gnu/dbg\libqf_cortex-m3.a(qf_tick.o)
 *(.bss*)
 *(COMMON)
 *fill*         0x20000237        0x1 00
 COMMON         0x20000238      0x104 ../../../../../ports/arm-cortex/vanilla/gnu/dbg\libqf_cortex-m3.a(qf_act.o)
                0x20000238                QF_intLockNest_
                0x2000023c                QF_active_
 COMMON         0x2000033c       0x3d ../../../../../ports/arm-cortex/vanilla/gnu/dbg\libqf_cortex-m3.a(qf_pool.o)
                0x2000033c                QF_pool_
                0x20000378                QF_maxPool_
 *fill*         0x20000379        0x3 00
 COMMON         0x2000037c        0x8 ../../../../../ports/arm-cortex/vanilla/gnu/dbg\libqf_cortex-m3.a(qf_psini.o)
                0x2000037c                QF_maxSignal_
                0x20000380                QF_subscrList_
 COMMON         0x20000384        0x4 ../../../../../ports/arm-cortex/vanilla/gnu/dbg\libqf_cortex-m3.a(qte_arm.o)
                0x20000384                QF_timeEvtListHead_
 COMMON         0x20000388        0x9 ../../../../../ports/arm-cortex/vanilla/gnu/dbg\libqf_cortex-m3.a(qvanilla.o)
                0x20000388                QF_readySet_
                0x20000394                . = ALIGN (0x4)
 *fill*         0x20000391        0x3 00
                0x20000394                _ebss = .
                0x20000394                __bss_end__ = .
                0x20000394                PROVIDE (end, _ebss)
                0x20000394                PROVIDE (_end, _ebss)
                0x20000394                PROVIDE (__end__, _ebss)

.heap           0x20000394        0x0 load address 0x08004f9c
                0x20000394                __heap_start__ = .
                0x20000394                . = (. + HEAP_SIZE)
                0x20000394                . = ALIGN (0x4)
                0x20000394                __heap_end__ = .

.stack          0x20000394      0x400 load address 0x08004f9c
                0x20000394                __stack_start__ = .
                0x20000794                . = (. + STACK_SIZE)
 *fill*         0x20000394      0x400 00
                0x20000794                . = ALIGN (0x4)
                0x20000794                __c_stack_top__ = .
                0x20000794                __stack_end__ = .

/DISCARD/
 libc.a(*)
 libm.a(*)
 libgcc.a(*)
OUTPUT(dbg/dpp.elf elf32-littlearm)

.ARM.attributes
                0x00000000       0x25
 .ARM.attributes
                0x00000000       0x17 c:/tools/devkitpro/devkitarm/bin/../lib/gcc/arm-eabi/4.4.2/thumb/thumb2/crti.o
 .ARM.attributes
                0x00000017       0x27 c:/tools/devkitpro/devkitarm/bin/../lib/gcc/arm-eabi/4.4.2/thumb/thumb2/crtbegin.o
 .ARM.attributes
                0x0000003e       0x17 c:/tools/devkitpro/devkitarm/bin/../lib/gcc/arm-eabi/4.4.2/../../../../arm-eabi/lib/thumb/thumb2/crt0.o
 .ARM.attributes
                0x00000055       0x31 dbg/bsp.o
 .ARM.attributes
                0x00000086       0x31 dbg/main.o
 .ARM.attributes
                0x000000b7       0x31 dbg/no_heap.o
 .ARM.attributes
                0x000000e8       0x31 dbg/philo.o
 .ARM.attributes
                0x00000119       0x31 dbg/table.o
 .ARM.attributes
                0x0000014a       0x31 dbg/startup_stm32f10x_cl.o
 .ARM.attributes
                0x0000017b       0x31 dbg/core_cm3.o
 .ARM.attributes
                0x000001ac       0x31 dbg/system_stm32f10x.o
 .ARM.attributes
                0x000001dd       0x31 dbg/stm32_eval.o
 .ARM.attributes
                0x0000020e       0x31 dbg/stm3210c_eval_lcd.o
 .ARM.attributes
                0x0000023f       0x31 dbg/stm3210c_eval_ioe.o
 .ARM.attributes
                0x00000270       0x31 dbg/misc.o
 .ARM.attributes
                0x000002a1       0x31 dbg/stm32f10x_adc.o
 .ARM.attributes
                0x000002d2       0x31 dbg/stm32f10x_bkp.o
 .ARM.attributes
                0x00000303       0x31 dbg/stm32f10x_can.o
 .ARM.attributes
                0x00000334       0x31 dbg/stm32f10x_crc.o
 .ARM.attributes
                0x00000365       0x31 dbg/stm32f10x_dac.o
 .ARM.attributes
                0x00000396       0x31 dbg/stm32f10x_dbgmcu.o
 .ARM.attributes
                0x000003c7       0x31 dbg/stm32f10x_dma.o
 .ARM.attributes
                0x000003f8       0x31 dbg/stm32f10x_exti.o
 .ARM.attributes
                0x00000429       0x31 dbg/stm32f10x_flash.o
 .ARM.attributes
                0x0000045a       0x31 dbg/stm32f10x_fsmc.o
 .ARM.attributes
                0x0000048b       0x31 dbg/stm32f10x_gpio.o
 .ARM.attributes
                0x000004bc       0x31 dbg/stm32f10x_i2c.o
 .ARM.attributes
                0x000004ed       0x31 dbg/stm32f10x_iwdg.o
 .ARM.attributes
                0x0000051e       0x31 dbg/stm32f10x_pwr.o
 .ARM.attributes
                0x0000054f       0x31 dbg/stm32f10x_rcc.o
 .ARM.attributes
                0x00000580       0x31 dbg/stm32f10x_rtc.o
 .ARM.attributes
                0x000005b1       0x31 dbg/stm32f10x_sdio.o
 .ARM.attributes
                0x000005e2       0x31 dbg/stm32f10x_spi.o
 .ARM.attributes
                0x00000613       0x31 dbg/stm32f10x_tim.o
 .ARM.attributes
                0x00000644       0x31 dbg/stm32f10x_usart.o
 .ARM.attributes
                0x00000675       0x31 dbg/stm32f10x_wwdg.o
 .ARM.attributes
                0x000006a6       0x31 ../../../../../ports/arm-cortex/vanilla/gnu/dbg\libqf_cortex-m3.a(qa_fifo.o)
 .ARM.attributes
                0x000006d7       0x31 ../../../../../ports/arm-cortex/vanilla/gnu/dbg\libqf_cortex-m3.a(qa_sub.o)
 .ARM.attributes
                0x00000708       0x31 ../../../../../ports/arm-cortex/vanilla/gnu/dbg\libqf_cortex-m3.a(qf_act.o)
 .ARM.attributes
                0x00000739       0x31 ../../../../../ports/arm-cortex/vanilla/gnu/dbg\libqf_cortex-m3.a(qf_new.o)
 .ARM.attributes
                0x0000076a       0x31 ../../../../../ports/arm-cortex/vanilla/gnu/dbg\libqf_cortex-m3.a(qf_pool.o)
 .ARM.attributes
                0x0000079b       0x31 ../../../../../ports/arm-cortex/vanilla/gnu/dbg\libqf_cortex-m3.a(qf_psini.o)
 .ARM.attributes
                0x000007cc       0x31 ../../../../../ports/arm-cortex/vanilla/gnu/dbg\libqf_cortex-m3.a(qf_pspub.o)
 .ARM.attributes
                0x000007fd       0x31 ../../../../../ports/arm-cortex/vanilla/gnu/dbg\libqf_cortex-m3.a(qf_pwr2.o)
 .ARM.attributes
                0x0000082e       0x31 ../../../../../ports/arm-cortex/vanilla/gnu/dbg\libqf_cortex-m3.a(qf_tick.o)
 .ARM.attributes
                0x0000085f       0x31 ../../../../../ports/arm-cortex/vanilla/gnu/dbg\libqf_cortex-m3.a(qmp_get.o)
 .ARM.attributes
                0x00000890       0x31 ../../../../../ports/arm-cortex/vanilla/gnu/dbg\libqf_cortex-m3.a(qmp_init.o)
 .ARM.attributes
                0x000008c1       0x31 ../../../../../ports/arm-cortex/vanilla/gnu/dbg\libqf_cortex-m3.a(qte_ctor.o)
 .ARM.attributes
                0x000008f2       0x31 ../../../../../ports/arm-cortex/vanilla/gnu/dbg\libqf_cortex-m3.a(qte_arm.o)
 .ARM.attributes
                0x00000923       0x31 ../../../../../ports/arm-cortex/vanilla/gnu/dbg\libqf_cortex-m3.a(qvanilla.o)
 .ARM.attributes
                0x00000954       0x31 ../../../../../ports/arm-cortex/vanilla/gnu/dbg\libqf_cortex-m3.a(qa_get_.o)
 .ARM.attributes
                0x00000985       0x31 ../../../../../ports/arm-cortex/vanilla/gnu/dbg\libqf_cortex-m3.a(qeq_init.o)
 .ARM.attributes
                0x000009b6       0x31 ../../../../../ports/arm-cortex/vanilla/gnu/dbg\libqf_cortex-m3.a(qf_gc.o)
 .ARM.attributes
                0x000009e7       0x31 ../../../../../ports/arm-cortex/vanilla/gnu/dbg\libqf_cortex-m3.a(qf_log2.o)
 .ARM.attributes
                0x00000a18       0x31 ../../../../../ports/arm-cortex/vanilla/gnu/dbg\libqf_cortex-m3.a(qmp_put.o)
 .ARM.attributes
                0x00000a49       0x31 ../../../../../ports/arm-cortex/vanilla/gnu/dbg\libqep_cortex-m3.a(qhsm_ini.o)
 .ARM.attributes
                0x00000a7a       0x31 ../../../../../ports/arm-cortex/vanilla/gnu/dbg\libqep_cortex-m3.a(qhsm_dis.o)
 .ARM.attributes
                0x00000aab       0x31 ../../../../../ports/arm-cortex/vanilla/gnu/dbg\libqep_cortex-m3.a(qhsm_top.o)
 .ARM.attributes
                0x00000adc       0x31 ../../../../../ports/arm-cortex/vanilla/gnu/dbg\libqep_cortex-m3.a(qep.o)
 .ARM.attributes
                0x00000b0d       0x27 c:/tools/devkitpro/devkitarm/bin/../lib/gcc/arm-eabi/4.4.2/../../../../arm-eabi/lib/thumb/thumb2\libc.a(lib_a-atexit.o)
 .ARM.attributes
                0x00000b34       0x27 c:/tools/devkitpro/devkitarm/bin/../lib/gcc/arm-eabi/4.4.2/../../../../arm-eabi/lib/thumb/thumb2\libc.a(lib_a-exit.o)
 .ARM.attributes
                0x00000b5b       0x27 c:/tools/devkitpro/devkitarm/bin/../lib/gcc/arm-eabi/4.4.2/../../../../arm-eabi/lib/thumb/thumb2\libc.a(lib_a-impure.o)
 .ARM.attributes
                0x00000b82       0x27 c:/tools/devkitpro/devkitarm/bin/../lib/gcc/arm-eabi/4.4.2/../../../../arm-eabi/lib/thumb/thumb2\libc.a(lib_a-init.o)
 .ARM.attributes
                0x00000ba9       0x27 c:/tools/devkitpro/devkitarm/bin/../lib/gcc/arm-eabi/4.4.2/../../../../arm-eabi/lib/thumb/thumb2\libc.a(lib_a-memset.o)
 .ARM.attributes
                0x00000bd0       0x27 c:/tools/devkitpro/devkitarm/bin/../lib/gcc/arm-eabi/4.4.2/../../../../arm-eabi/lib/thumb/thumb2\libc.a(lib_a-__atexit.o)
 .ARM.attributes
                0x00000bf7       0x27 c:/tools/devkitpro/devkitarm/bin/../lib/gcc/arm-eabi/4.4.2/../../../../arm-eabi/lib/thumb/thumb2\libc.a(lib_a-__call_atexit.o)
 .ARM.attributes
                0x00000c1e       0x27 c:/tools/devkitpro/devkitarm/bin/../lib/gcc/arm-eabi/4.4.2/../../../../arm-eabi/lib/thumb/thumb2\libc.a(lib_a-findfp.o)
 .ARM.attributes
                0x00000c45       0x27 c:/tools/devkitpro/devkitarm/bin/../lib/gcc/arm-eabi/4.4.2/../../../../arm-eabi/lib/thumb/thumb2\libc.a(lib_a-fwalk.o)
 .ARM.attributes
                0x00000c6c       0x27 c:/tools/devkitpro/devkitarm/bin/../lib/gcc/arm-eabi/4.4.2/../../../../arm-eabi/lib/thumb/thumb2\libc.a(lib_a-mallocr.o)
 .ARM.attributes
                0x00000c93       0x27 c:/tools/devkitpro/devkitarm/bin/../lib/gcc/arm-eabi/4.4.2/../../../../arm-eabi/lib/thumb/thumb2\libc.a(lib_a-mlock.o)
 .ARM.attributes
                0x00000cba       0x27 c:/tools/devkitpro/devkitarm/bin/../lib/gcc/arm-eabi/4.4.2/../../../../arm-eabi/lib/thumb/thumb2\libc.a(lib_a-stdio.o)
 .ARM.attributes
                0x00000ce1       0x27 c:/tools/devkitpro/devkitarm/bin/../lib/gcc/arm-eabi/4.4.2/../../../../arm-eabi/lib/thumb/thumb2\libc.a(lib_a-fclose.o)
 .ARM.attributes
                0x00000d08       0x27 c:/tools/devkitpro/devkitarm/bin/../lib/gcc/arm-eabi/4.4.2/../../../../arm-eabi/lib/thumb/thumb2\libc.a(lib_a-fflush.o)
 .ARM.attributes
                0x00000d2f       0x27 c:/tools/devkitpro/devkitarm/bin/../lib/gcc/arm-eabi/4.4.2/../../../../arm-eabi/lib/thumb/thumb2\libc.a(lib_a-freer.o)
 .ARM.attributes
                0x00000d56       0x27 c:/tools/devkitpro/devkitarm/bin/../lib/gcc/arm-eabi/4.4.2/../../../../arm-eabi/lib/thumb/thumb2\libsysbase.a(close.o)
 .ARM.attributes
                0x00000d7d       0x27 c:/tools/devkitpro/devkitarm/bin/../lib/gcc/arm-eabi/4.4.2/../../../../arm-eabi/lib/thumb/thumb2\libsysbase.a(lseek.o)
 .ARM.attributes
                0x00000da4       0x27 c:/tools/devkitpro/devkitarm/bin/../lib/gcc/arm-eabi/4.4.2/../../../../arm-eabi/lib/thumb/thumb2\libsysbase.a(read.o)
 .ARM.attributes
                0x00000dcb       0x27 c:/tools/devkitpro/devkitarm/bin/../lib/gcc/arm-eabi/4.4.2/../../../../arm-eabi/lib/thumb/thumb2\libsysbase.a(sbrk.o)
 .ARM.attributes
                0x00000df2       0x27 c:/tools/devkitpro/devkitarm/bin/../lib/gcc/arm-eabi/4.4.2/../../../../arm-eabi/lib/thumb/thumb2\libsysbase.a(write.o)
 .ARM.attributes
                0x00000e19       0x27 c:/tools/devkitpro/devkitarm/bin/../lib/gcc/arm-eabi/4.4.2/../../../../arm-eabi/lib/thumb/thumb2\libsysbase.a(_exit.o)
 .ARM.attributes
                0x00000e40       0x27 c:/tools/devkitpro/devkitarm/bin/../lib/gcc/arm-eabi/4.4.2/../../../../arm-eabi/lib/thumb/thumb2\libsysbase.a(malloc_vars.o)
 .ARM.attributes
                0x00000e67       0x27 c:/tools/devkitpro/devkitarm/bin/../lib/gcc/arm-eabi/4.4.2/../../../../arm-eabi/lib/thumb/thumb2\libsysbase.a(syscall_support.o)
 .ARM.attributes
                0x00000e8e       0x27 c:/tools/devkitpro/devkitarm/bin/../lib/gcc/arm-eabi/4.4.2/../../../../arm-eabi/lib/thumb/thumb2\libsysbase.a(handle_manager.o)
 .ARM.attributes
                0x00000eb5       0x27 c:/tools/devkitpro/devkitarm/bin/../lib/gcc/arm-eabi/4.4.2/../../../../arm-eabi/lib/thumb/thumb2\libsysbase.a(iosupport.o)
 .ARM.attributes
                0x00000edc       0x27 c:/tools/devkitpro/devkitarm/bin/../lib/gcc/arm-eabi/4.4.2/../../../../arm-eabi/lib/thumb/thumb2\libc.a(lib_a-strchr.o)
 .ARM.attributes
                0x00000f03       0x27 c:/tools/devkitpro/devkitarm/bin/../lib/gcc/arm-eabi/4.4.2/../../../../arm-eabi/lib/thumb/thumb2\libc.a(lib_a-strcmp.o)
 .ARM.attributes
                0x00000f2a       0x27 c:/tools/devkitpro/devkitarm/bin/../lib/gcc/arm-eabi/4.4.2/../../../../arm-eabi/lib/thumb/thumb2\libc.a(lib_a-strlen.o)
 .ARM.attributes
                0x00000f51       0x27 c:/tools/devkitpro/devkitarm/bin/../lib/gcc/arm-eabi/4.4.2/../../../../arm-eabi/lib/thumb/thumb2\libc.a(lib_a-strncmp.o)
 .ARM.attributes
                0x00000f78       0x27 c:/tools/devkitpro/devkitarm/bin/../lib/gcc/arm-eabi/4.4.2/thumb/thumb2/crtend.o
 .ARM.attributes
                0x00000f9f       0x17 c:/tools/devkitpro/devkitarm/bin/../lib/gcc/arm-eabi/4.4.2/thumb/thumb2/crtn.o

.comment        0x00000000       0x22
 .comment       0x00000000       0x22 c:/tools/devkitpro/devkitarm/bin/../lib/gcc/arm-eabi/4.4.2/thumb/thumb2/crtbegin.o
                                 0x23 (size before relaxing)
 .comment       0x00000000       0x23 dbg/bsp.o
 .comment       0x00000000       0x23 dbg/main.o
 .comment       0x00000000       0x23 dbg/no_heap.o
 .comment       0x00000000       0x23 dbg/philo.o
 .comment       0x00000000       0x23 dbg/table.o
 .comment       0x00000000       0x23 dbg/startup_stm32f10x_cl.o
 .comment       0x00000000       0x23 dbg/core_cm3.o
 .comment       0x00000000       0x23 dbg/system_stm32f10x.o
 .comment       0x00000000       0x23 dbg/stm32_eval.o
 .comment       0x00000000       0x23 dbg/stm3210c_eval_lcd.o
 .comment       0x00000000       0x23 dbg/stm3210c_eval_ioe.o
 .comment       0x00000000       0x23 dbg/misc.o
 .comment       0x00000000       0x23 dbg/stm32f10x_adc.o
 .comment       0x00000000       0x23 dbg/stm32f10x_bkp.o
 .comment       0x00000000       0x23 dbg/stm32f10x_can.o
 .comment       0x00000000       0x23 dbg/stm32f10x_crc.o
 .comment       0x00000000       0x23 dbg/stm32f10x_dac.o
 .comment       0x00000000       0x23 dbg/stm32f10x_dbgmcu.o
 .comment       0x00000000       0x23 dbg/stm32f10x_dma.o
 .comment       0x00000000       0x23 dbg/stm32f10x_exti.o
 .comment       0x00000000       0x23 dbg/stm32f10x_flash.o
 .comment       0x00000000       0x23 dbg/stm32f10x_fsmc.o
 .comment       0x00000000       0x23 dbg/stm32f10x_gpio.o
 .comment       0x00000000       0x23 dbg/stm32f10x_i2c.o
 .comment       0x00000000       0x23 dbg/stm32f10x_iwdg.o
 .comment       0x00000000       0x23 dbg/stm32f10x_pwr.o
 .comment       0x00000000       0x23 dbg/stm32f10x_rcc.o
 .comment       0x00000000       0x23 dbg/stm32f10x_rtc.o
 .comment       0x00000000       0x23 dbg/stm32f10x_sdio.o
 .comment       0x00000000       0x23 dbg/stm32f10x_spi.o
 .comment       0x00000000       0x23 dbg/stm32f10x_tim.o
 .comment       0x00000000       0x23 dbg/stm32f10x_usart.o
 .comment       0x00000000       0x23 dbg/stm32f10x_wwdg.o
 .comment       0x00000000       0x23 ../../../../../ports/arm-cortex/vanilla/gnu/dbg\libqf_cortex-m3.a(qa_fifo.o)
 .comment       0x00000000       0x23 ../../../../../ports/arm-cortex/vanilla/gnu/dbg\libqf_cortex-m3.a(qa_sub.o)
 .comment       0x00000000       0x23 ../../../../../ports/arm-cortex/vanilla/gnu/dbg\libqf_cortex-m3.a(qf_act.o)
 .comment       0x00000000       0x23 ../../../../../ports/arm-cortex/vanilla/gnu/dbg\libqf_cortex-m3.a(qf_new.o)
 .comment       0x00000000       0x23 ../../../../../ports/arm-cortex/vanilla/gnu/dbg\libqf_cortex-m3.a(qf_pool.o)
 .comment       0x00000000       0x23 ../../../../../ports/arm-cortex/vanilla/gnu/dbg\libqf_cortex-m3.a(qf_psini.o)
 .comment       0x00000000       0x23 ../../../../../ports/arm-cortex/vanilla/gnu/dbg\libqf_cortex-m3.a(qf_pspub.o)
 .comment       0x00000000       0x23 ../../../../../ports/arm-cortex/vanilla/gnu/dbg\libqf_cortex-m3.a(qf_pwr2.o)
 .comment       0x00000000       0x23 ../../../../../ports/arm-cortex/vanilla/gnu/dbg\libqf_cortex-m3.a(qf_tick.o)
 .comment       0x00000000       0x23 ../../../../../ports/arm-cortex/vanilla/gnu/dbg\libqf_cortex-m3.a(qmp_get.o)
 .comment       0x00000000       0x23 ../../../../../ports/arm-cortex/vanilla/gnu/dbg\libqf_cortex-m3.a(qmp_init.o)
 .comment       0x00000000       0x23 ../../../../../ports/arm-cortex/vanilla/gnu/dbg\libqf_cortex-m3.a(qte_ctor.o)
 .comment       0x00000000       0x23 ../../../../../ports/arm-cortex/vanilla/gnu/dbg\libqf_cortex-m3.a(qte_arm.o)
 .comment       0x00000000       0x23 ../../../../../ports/arm-cortex/vanilla/gnu/dbg\libqf_cortex-m3.a(qvanilla.o)
 .comment       0x00000000       0x23 ../../../../../ports/arm-cortex/vanilla/gnu/dbg\libqf_cortex-m3.a(qa_get_.o)
 .comment       0x00000000       0x23 ../../../../../ports/arm-cortex/vanilla/gnu/dbg\libqf_cortex-m3.a(qeq_init.o)
 .comment       0x00000000       0x23 ../../../../../ports/arm-cortex/vanilla/gnu/dbg\libqf_cortex-m3.a(qf_gc.o)
 .comment       0x00000000       0x23 ../../../../../ports/arm-cortex/vanilla/gnu/dbg\libqf_cortex-m3.a(qf_log2.o)
 .comment       0x00000000       0x23 ../../../../../ports/arm-cortex/vanilla/gnu/dbg\libqf_cortex-m3.a(qmp_put.o)
 .comment       0x00000000       0x23 ../../../../../ports/arm-cortex/vanilla/gnu/dbg\libqep_cortex-m3.a(qhsm_ini.o)
 .comment       0x00000000       0x23 ../../../../../ports/arm-cortex/vanilla/gnu/dbg\libqep_cortex-m3.a(qhsm_dis.o)
 .comment       0x00000000       0x23 ../../../../../ports/arm-cortex/vanilla/gnu/dbg\libqep_cortex-m3.a(qhsm_top.o)
 .comment       0x00000000       0x23 ../../../../../ports/arm-cortex/vanilla/gnu/dbg\libqep_cortex-m3.a(qep.o)
 .comment       0x00000000       0x23 c:/tools/devkitpro/devkitarm/bin/../lib/gcc/arm-eabi/4.4.2/../../../../arm-eabi/lib/thumb/thumb2\libc.a(lib_a-atexit.o)
 .comment       0x00000000       0x23 c:/tools/devkitpro/devkitarm/bin/../lib/gcc/arm-eabi/4.4.2/../../../../arm-eabi/lib/thumb/thumb2\libc.a(lib_a-exit.o)
 .comment       0x00000000       0x23 c:/tools/devkitpro/devkitarm/bin/../lib/gcc/arm-eabi/4.4.2/../../../../arm-eabi/lib/thumb/thumb2\libc.a(lib_a-impure.o)
 .comment       0x00000000       0x23 c:/tools/devkitpro/devkitarm/bin/../lib/gcc/arm-eabi/4.4.2/../../../../arm-eabi/lib/thumb/thumb2\libc.a(lib_a-init.o)
 .comment       0x00000000       0x23 c:/tools/devkitpro/devkitarm/bin/../lib/gcc/arm-eabi/4.4.2/../../../../arm-eabi/lib/thumb/thumb2\libc.a(lib_a-memset.o)
 .comment       0x00000000       0x23 c:/tools/devkitpro/devkitarm/bin/../lib/gcc/arm-eabi/4.4.2/../../../../arm-eabi/lib/thumb/thumb2\libc.a(lib_a-__atexit.o)
 .comment       0x00000000       0x23 c:/tools/devkitpro/devkitarm/bin/../lib/gcc/arm-eabi/4.4.2/../../../../arm-eabi/lib/thumb/thumb2\libc.a(lib_a-__call_atexit.o)
 .comment       0x00000000       0x23 c:/tools/devkitpro/devkitarm/bin/../lib/gcc/arm-eabi/4.4.2/../../../../arm-eabi/lib/thumb/thumb2\libc.a(lib_a-findfp.o)
 .comment       0x00000000       0x23 c:/tools/devkitpro/devkitarm/bin/../lib/gcc/arm-eabi/4.4.2/../../../../arm-eabi/lib/thumb/thumb2\libc.a(lib_a-fwalk.o)
 .comment       0x00000000       0x23 c:/tools/devkitpro/devkitarm/bin/../lib/gcc/arm-eabi/4.4.2/../../../../arm-eabi/lib/thumb/thumb2\libc.a(lib_a-mallocr.o)
 .comment       0x00000000       0x23 c:/tools/devkitpro/devkitarm/bin/../lib/gcc/arm-eabi/4.4.2/../../../../arm-eabi/lib/thumb/thumb2\libc.a(lib_a-mlock.o)
 .comment       0x00000000       0x23 c:/tools/devkitpro/devkitarm/bin/../lib/gcc/arm-eabi/4.4.2/../../../../arm-eabi/lib/thumb/thumb2\libc.a(lib_a-stdio.o)
 .comment       0x00000000       0x23 c:/tools/devkitpro/devkitarm/bin/../lib/gcc/arm-eabi/4.4.2/../../../../arm-eabi/lib/thumb/thumb2\libc.a(lib_a-fclose.o)
 .comment       0x00000000       0x23 c:/tools/devkitpro/devkitarm/bin/../lib/gcc/arm-eabi/4.4.2/../../../../arm-eabi/lib/thumb/thumb2\libc.a(lib_a-fflush.o)
 .comment       0x00000000       0x23 c:/tools/devkitpro/devkitarm/bin/../lib/gcc/arm-eabi/4.4.2/../../../../arm-eabi/lib/thumb/thumb2\libc.a(lib_a-freer.o)
 .comment       0x00000000       0x23 c:/tools/devkitpro/devkitarm/bin/../lib/gcc/arm-eabi/4.4.2/../../../../arm-eabi/lib/thumb/thumb2\libsysbase.a(close.o)
 .comment       0x00000000       0x23 c:/tools/devkitpro/devkitarm/bin/../lib/gcc/arm-eabi/4.4.2/../../../../arm-eabi/lib/thumb/thumb2\libsysbase.a(lseek.o)
 .comment       0x00000000       0x23 c:/tools/devkitpro/devkitarm/bin/../lib/gcc/arm-eabi/4.4.2/../../../../arm-eabi/lib/thumb/thumb2\libsysbase.a(read.o)
 .comment       0x00000000       0x23 c:/tools/devkitpro/devkitarm/bin/../lib/gcc/arm-eabi/4.4.2/../../../../arm-eabi/lib/thumb/thumb2\libsysbase.a(sbrk.o)
 .comment       0x00000000       0x23 c:/tools/devkitpro/devkitarm/bin/../lib/gcc/arm-eabi/4.4.2/../../../../arm-eabi/lib/thumb/thumb2\libsysbase.a(write.o)
 .comment       0x00000000       0x23 c:/tools/devkitpro/devkitarm/bin/../lib/gcc/arm-eabi/4.4.2/../../../../arm-eabi/lib/thumb/thumb2\libsysbase.a(_exit.o)
 .comment       0x00000000       0x23 c:/tools/devkitpro/devkitarm/bin/../lib/gcc/arm-eabi/4.4.2/../../../../arm-eabi/lib/thumb/thumb2\libsysbase.a(malloc_vars.o)
 .comment       0x00000000       0x23 c:/tools/devkitpro/devkitarm/bin/../lib/gcc/arm-eabi/4.4.2/../../../../arm-eabi/lib/thumb/thumb2\libsysbase.a(syscall_support.o)
 .comment       0x00000000       0x23 c:/tools/devkitpro/devkitarm/bin/../lib/gcc/arm-eabi/4.4.2/../../../../arm-eabi/lib/thumb/thumb2\libsysbase.a(handle_manager.o)
 .comment       0x00000000       0x23 c:/tools/devkitpro/devkitarm/bin/../lib/gcc/arm-eabi/4.4.2/../../../../arm-eabi/lib/thumb/thumb2\libsysbase.a(iosupport.o)
 .comment       0x00000000       0x23 c:/tools/devkitpro/devkitarm/bin/../lib/gcc/arm-eabi/4.4.2/../../../../arm-eabi/lib/thumb/thumb2\libc.a(lib_a-strchr.o)
 .comment       0x00000000       0x23 c:/tools/devkitpro/devkitarm/bin/../lib/gcc/arm-eabi/4.4.2/../../../../arm-eabi/lib/thumb/thumb2\libc.a(lib_a-strcmp.o)
 .comment       0x00000000       0x23 c:/tools/devkitpro/devkitarm/bin/../lib/gcc/arm-eabi/4.4.2/../../../../arm-eabi/lib/thumb/thumb2\libc.a(lib_a-strlen.o)
 .comment       0x00000000       0x23 c:/tools/devkitpro/devkitarm/bin/../lib/gcc/arm-eabi/4.4.2/../../../../arm-eabi/lib/thumb/thumb2\libc.a(lib_a-strncmp.o)
 .comment       0x00000000       0x23 c:/tools/devkitpro/devkitarm/bin/../lib/gcc/arm-eabi/4.4.2/thumb/thumb2/crtend.o

.debug_abbrev   0x00000000     0x4b25
 .debug_abbrev  0x00000000      0x206 dbg/bsp.o
 .debug_abbrev  0x00000206      0x187 dbg/main.o
 .debug_abbrev  0x0000038d       0xbd dbg/no_heap.o
 .debug_abbrev  0x0000044a      0x19a dbg/philo.o
 .debug_abbrev  0x000005e4      0x155 dbg/table.o
 .debug_abbrev  0x00000739       0xfa dbg/startup_stm32f10x_cl.o
 .debug_abbrev  0x00000833       0xb2 dbg/core_cm3.o
 .debug_abbrev  0x000008e5      0x117 dbg/system_stm32f10x.o
 .debug_abbrev  0x000009fc      0x1b8 dbg/stm32_eval.o
 .debug_abbrev  0x00000bb4      0x221 dbg/stm3210c_eval_lcd.o
 .debug_abbrev  0x00000dd5      0x25d dbg/stm3210c_eval_ioe.o
 .debug_abbrev  0x00001032      0x133 dbg/misc.o
 .debug_abbrev  0x00001165      0x1f8 dbg/stm32f10x_adc.o
 .debug_abbrev  0x0000135d      0x174 dbg/stm32f10x_bkp.o
 .debug_abbrev  0x000014d1      0x1fd dbg/stm32f10x_can.o
 .debug_abbrev  0x000016ce      0x104 dbg/stm32f10x_crc.o
 .debug_abbrev  0x000017d2      0x1c7 dbg/stm32f10x_dac.o
 .debug_abbrev  0x00001999       0xdf dbg/stm32f10x_dbgmcu.o
 .debug_abbrev  0x00001a78      0x177 dbg/stm32f10x_dma.o
 .debug_abbrev  0x00001bef      0x171 dbg/stm32f10x_exti.o
 .debug_abbrev  0x00001d60      0x21c dbg/stm32f10x_flash.o
 .debug_abbrev  0x00001f7c      0x1db dbg/stm32f10x_fsmc.o
 .debug_abbrev  0x00002157      0x22d dbg/stm32f10x_gpio.o
 .debug_abbrev  0x00002384      0x1bd dbg/stm32f10x_i2c.o
 .debug_abbrev  0x00002541       0xfd dbg/stm32f10x_iwdg.o
 .debug_abbrev  0x0000263e      0x150 dbg/stm32f10x_pwr.o
 .debug_abbrev  0x0000278e      0x1d5 dbg/stm32f10x_rcc.o
 .debug_abbrev  0x00002963      0x1a4 dbg/stm32f10x_rtc.o
 .debug_abbrev  0x00002b07      0x202 dbg/stm32f10x_sdio.o
 .debug_abbrev  0x00002d09      0x1bb dbg/stm32f10x_spi.o
 .debug_abbrev  0x00002ec4      0x22c dbg/stm32f10x_tim.o
 .debug_abbrev  0x000030f0      0x1c8 dbg/stm32f10x_usart.o
 .debug_abbrev  0x000032b8      0x11c dbg/stm32f10x_wwdg.o
 .debug_abbrev  0x000033d4      0x106 ../../../../../ports/arm-cortex/vanilla/gnu/dbg\libqf_cortex-m3.a(qa_fifo.o)
 .debug_abbrev  0x000034da      0x165 ../../../../../ports/arm-cortex/vanilla/gnu/dbg\libqf_cortex-m3.a(qa_sub.o)
 .debug_abbrev  0x0000363f      0x116 ../../../../../ports/arm-cortex/vanilla/gnu/dbg\libqf_cortex-m3.a(qf_act.o)
 .debug_abbrev  0x00003755       0xfc ../../../../../ports/arm-cortex/vanilla/gnu/dbg\libqf_cortex-m3.a(qf_new.o)
 .debug_abbrev  0x00003851       0xd3 ../../../../../ports/arm-cortex/vanilla/gnu/dbg\libqf_cortex-m3.a(qf_pool.o)
 .debug_abbrev  0x00003924       0xbd ../../../../../ports/arm-cortex/vanilla/gnu/dbg\libqf_cortex-m3.a(qf_psini.o)
 .debug_abbrev  0x000039e1      0x15d ../../../../../ports/arm-cortex/vanilla/gnu/dbg\libqf_cortex-m3.a(qf_pspub.o)
 .debug_abbrev  0x00003b3e       0x6a ../../../../../ports/arm-cortex/vanilla/gnu/dbg\libqf_cortex-m3.a(qf_pwr2.o)
 .debug_abbrev  0x00003ba8      0x124 ../../../../../ports/arm-cortex/vanilla/gnu/dbg\libqf_cortex-m3.a(qf_tick.o)
 .debug_abbrev  0x00003ccc      0x122 ../../../../../ports/arm-cortex/vanilla/gnu/dbg\libqf_cortex-m3.a(qmp_get.o)
 .debug_abbrev  0x00003dee       0xf8 ../../../../../ports/arm-cortex/vanilla/gnu/dbg\libqf_cortex-m3.a(qmp_init.o)
 .debug_abbrev  0x00003ee6      0x12f ../../../../../ports/arm-cortex/vanilla/gnu/dbg\libqf_cortex-m3.a(qte_ctor.o)
 .debug_abbrev  0x00004015      0x14f ../../../../../ports/arm-cortex/vanilla/gnu/dbg\libqf_cortex-m3.a(qte_arm.o)
 .debug_abbrev  0x00004164      0x199 ../../../../../ports/arm-cortex/vanilla/gnu/dbg\libqf_cortex-m3.a(qvanilla.o)
 .debug_abbrev  0x000042fd      0x138 ../../../../../ports/arm-cortex/vanilla/gnu/dbg\libqf_cortex-m3.a(qa_get_.o)
 .debug_abbrev  0x00004435       0xb2 ../../../../../ports/arm-cortex/vanilla/gnu/dbg\libqf_cortex-m3.a(qeq_init.o)
 .debug_abbrev  0x000044e7       0xf4 ../../../../../ports/arm-cortex/vanilla/gnu/dbg\libqf_cortex-m3.a(qf_gc.o)
 .debug_abbrev  0x000045db       0x6a ../../../../../ports/arm-cortex/vanilla/gnu/dbg\libqf_cortex-m3.a(qf_log2.o)
 .debug_abbrev  0x00004645       0xcb ../../../../../ports/arm-cortex/vanilla/gnu/dbg\libqf_cortex-m3.a(qmp_put.o)
 .debug_abbrev  0x00004710      0x130 ../../../../../ports/arm-cortex/vanilla/gnu/dbg\libqep_cortex-m3.a(qhsm_ini.o)
 .debug_abbrev  0x00004840      0x132 ../../../../../ports/arm-cortex/vanilla/gnu/dbg\libqep_cortex-m3.a(qhsm_dis.o)
 .debug_abbrev  0x00004972       0xc4 ../../../../../ports/arm-cortex/vanilla/gnu/dbg\libqep_cortex-m3.a(qhsm_top.o)
 .debug_abbrev  0x00004a36       0xef ../../../../../ports/arm-cortex/vanilla/gnu/dbg\libqep_cortex-m3.a(qep.o)

.debug_info     0x00000000    0x11863
 .debug_info    0x00000000      0x77e dbg/bsp.o
 .debug_info    0x0000077e      0x3ff dbg/main.o
 .debug_info    0x00000b7d      0x13b dbg/no_heap.o
 .debug_info    0x00000cb8      0x53b dbg/philo.o
 .debug_info    0x000011f3      0x415 dbg/table.o
 .debug_info    0x00001608      0x147 dbg/startup_stm32f10x_cl.o
 .debug_info    0x0000174f      0x527 dbg/core_cm3.o
 .debug_info    0x00001c76      0x2b6 dbg/system_stm32f10x.o
 .debug_info    0x00001f2c      0x9f6 dbg/stm32_eval.o
 .debug_info    0x00002922      0xaaf dbg/stm3210c_eval_lcd.o
 .debug_info    0x000033d1     0x10c7 dbg/stm3210c_eval_ioe.o
 .debug_info    0x00004498      0x4e3 dbg/misc.o
 .debug_info    0x0000497b      0xb6d dbg/stm32f10x_adc.o
 .debug_info    0x000054e8      0x82b dbg/stm32f10x_bkp.o
 .debug_info    0x00005d13      0xaab dbg/stm32f10x_can.o
 .debug_info    0x000067be      0x1bd dbg/stm32f10x_crc.o
 .debug_info    0x0000697b      0x48a dbg/stm32f10x_dac.o
 .debug_info    0x00006e05      0x118 dbg/stm32f10x_dbgmcu.o
 .debug_info    0x00006f1d      0x410 dbg/stm32f10x_dma.o
 .debug_info    0x0000732d      0x30c dbg/stm32f10x_exti.o
 .debug_info    0x00007639      0x72e dbg/stm32f10x_flash.o
 .debug_info    0x00007d67      0x8e5 dbg/stm32f10x_fsmc.o
 .debug_info    0x0000864c      0x686 dbg/stm32f10x_gpio.o
 .debug_info    0x00008cd2      0xabc dbg/stm32f10x_i2c.o
 .debug_info    0x0000978e      0x1b3 dbg/stm32f10x_iwdg.o
 .debug_info    0x00009941      0x29d dbg/stm32f10x_pwr.o
 .debug_info    0x00009bde      0xa92 dbg/stm32f10x_rcc.o
 .debug_info    0x0000a670      0x410 dbg/stm32f10x_rtc.o
 .debug_info    0x0000aa80      0x80c dbg/stm32f10x_sdio.o
 .debug_info    0x0000b28c      0x9c3 dbg/stm32f10x_spi.o
 .debug_info    0x0000bc4f     0x1d38 dbg/stm32f10x_tim.o
 .debug_info    0x0000d987      0x970 dbg/stm32f10x_usart.o
 .debug_info    0x0000e2f7      0x1f7 dbg/stm32f10x_wwdg.o
 .debug_info    0x0000e4ee      0x304 ../../../../../ports/arm-cortex/vanilla/gnu/dbg\libqf_cortex-m3.a(qa_fifo.o)
 .debug_info    0x0000e7f2      0x345 ../../../../../ports/arm-cortex/vanilla/gnu/dbg\libqf_cortex-m3.a(qa_sub.o)
 .debug_info    0x0000eb37      0x2fd ../../../../../ports/arm-cortex/vanilla/gnu/dbg\libqf_cortex-m3.a(qf_act.o)
 .debug_info    0x0000ee34      0x208 ../../../../../ports/arm-cortex/vanilla/gnu/dbg\libqf_cortex-m3.a(qf_new.o)
 .debug_info    0x0000f03c      0x1c7 ../../../../../ports/arm-cortex/vanilla/gnu/dbg\libqf_cortex-m3.a(qf_pool.o)
 .debug_info    0x0000f203      0x10c ../../../../../ports/arm-cortex/vanilla/gnu/dbg\libqf_cortex-m3.a(qf_psini.o)
 .debug_info    0x0000f30f      0x33d ../../../../../ports/arm-cortex/vanilla/gnu/dbg\libqf_cortex-m3.a(qf_pspub.o)
 .debug_info    0x0000f64c       0xc1 ../../../../../ports/arm-cortex/vanilla/gnu/dbg\libqf_cortex-m3.a(qf_pwr2.o)
 .debug_info    0x0000f70d      0x2d5 ../../../../../ports/arm-cortex/vanilla/gnu/dbg\libqf_cortex-m3.a(qf_tick.o)
 .debug_info    0x0000f9e2      0x213 ../../../../../ports/arm-cortex/vanilla/gnu/dbg\libqf_cortex-m3.a(qmp_get.o)
 .debug_info    0x0000fbf5      0x1ef ../../../../../ports/arm-cortex/vanilla/gnu/dbg\libqf_cortex-m3.a(qmp_init.o)
 .debug_info    0x0000fde4      0x311 ../../../../../ports/arm-cortex/vanilla/gnu/dbg\libqf_cortex-m3.a(qte_ctor.o)
 .debug_info    0x000100f5      0x332 ../../../../../ports/arm-cortex/vanilla/gnu/dbg\libqf_cortex-m3.a(qte_arm.o)
 .debug_info    0x00010427      0x43d ../../../../../ports/arm-cortex/vanilla/gnu/dbg\libqf_cortex-m3.a(qvanilla.o)
 .debug_info    0x00010864      0x364 ../../../../../ports/arm-cortex/vanilla/gnu/dbg\libqf_cortex-m3.a(qa_get_.o)
 .debug_info    0x00010bc8      0x185 ../../../../../ports/arm-cortex/vanilla/gnu/dbg\libqf_cortex-m3.a(qeq_init.o)
 .debug_info    0x00010d4d      0x1ea ../../../../../ports/arm-cortex/vanilla/gnu/dbg\libqf_cortex-m3.a(qf_gc.o)
 .debug_info    0x00010f37       0x93 ../../../../../ports/arm-cortex/vanilla/gnu/dbg\libqf_cortex-m3.a(qf_log2.o)
 .debug_info    0x00010fca      0x187 ../../../../../ports/arm-cortex/vanilla/gnu/dbg\libqf_cortex-m3.a(qmp_put.o)
 .debug_info    0x00011151      0x21d ../../../../../ports/arm-cortex/vanilla/gnu/dbg\libqep_cortex-m3.a(qhsm_ini.o)
 .debug_info    0x0001136e      0x249 ../../../../../ports/arm-cortex/vanilla/gnu/dbg\libqep_cortex-m3.a(qhsm_dis.o)
 .debug_info    0x000115b7      0x147 ../../../../../ports/arm-cortex/vanilla/gnu/dbg\libqep_cortex-m3.a(qhsm_top.o)
 .debug_info    0x000116fe      0x165 ../../../../../ports/arm-cortex/vanilla/gnu/dbg\libqep_cortex-m3.a(qep.o)

.debug_line     0x00000000     0x4971
 .debug_line    0x00000000      0x149 dbg/bsp.o
 .debug_line    0x00000149       0xf3 dbg/main.o
 .debug_line    0x0000023c       0xf8 dbg/no_heap.o
 .debug_line    0x00000334      0x11b dbg/philo.o
 .debug_line    0x0000044f      0x11e dbg/table.o
 .debug_line    0x0000056d       0x61 dbg/startup_stm32f10x_cl.o
 .debug_line    0x000005ce      0x110 dbg/core_cm3.o
 .debug_line    0x000006de       0xe7 dbg/system_stm32f10x.o
 .debug_line    0x000007c5      0x16f dbg/stm32_eval.o
 .debug_line    0x00000934      0x29a dbg/stm3210c_eval_lcd.o
 .debug_line    0x00000bce      0x33e dbg/stm3210c_eval_ioe.o
 .debug_line    0x00000f0c      0x108 dbg/misc.o
 .debug_line    0x00001014      0x206 dbg/stm32f10x_adc.o
 .debug_line    0x0000121a      0x106 dbg/stm32f10x_bkp.o
 .debug_line    0x00001320      0x226 dbg/stm32f10x_can.o
 .debug_line    0x00001546       0xde dbg/stm32f10x_crc.o
 .debug_line    0x00001624      0x146 dbg/stm32f10x_dac.o
 .debug_line    0x0000176a       0xd6 dbg/stm32f10x_dbgmcu.o
 .debug_line    0x00001840      0x158 dbg/stm32f10x_dma.o
 .debug_line    0x00001998      0x127 dbg/stm32f10x_exti.o
 .debug_line    0x00001abf      0x1f7 dbg/stm32f10x_flash.o
 .debug_line    0x00001cb6      0x1e8 dbg/stm32f10x_fsmc.o
 .debug_line    0x00001e9e      0x1a4 dbg/stm32f10x_gpio.o
 .debug_line    0x00002042      0x1f5 dbg/stm32f10x_i2c.o
 .debug_line    0x00002237       0xe3 dbg/stm32f10x_iwdg.o
 .debug_line    0x0000231a      0x122 dbg/stm32f10x_pwr.o
 .debug_line    0x0000243c      0x22a dbg/stm32f10x_rcc.o
 .debug_line    0x00002666      0x112 dbg/stm32f10x_rtc.o
 .debug_line    0x00002778      0x1a0 dbg/stm32f10x_sdio.o
 .debug_line    0x00002918      0x1ce dbg/stm32f10x_spi.o
 .debug_line    0x00002ae6      0x41c dbg/stm32f10x_tim.o
 .debug_line    0x00002f02      0x1e9 dbg/stm32f10x_usart.o
 .debug_line    0x000030eb       0xee dbg/stm32f10x_wwdg.o
 .debug_line    0x000031d9      0x11d ../../../../../ports/arm-cortex/vanilla/gnu/dbg\libqf_cortex-m3.a(qa_fifo.o)
 .debug_line    0x000032f6      0x11c ../../../../../ports/arm-cortex/vanilla/gnu/dbg\libqf_cortex-m3.a(qa_sub.o)
 .debug_line    0x00003412      0x106 ../../../../../ports/arm-cortex/vanilla/gnu/dbg\libqf_cortex-m3.a(qf_act.o)
 .debug_line    0x00003518      0x117 ../../../../../ports/arm-cortex/vanilla/gnu/dbg\libqf_cortex-m3.a(qf_new.o)
 .debug_line    0x0000362f       0xe2 ../../../../../ports/arm-cortex/vanilla/gnu/dbg\libqf_cortex-m3.a(qf_pool.o)
 .debug_line    0x00003711       0xdf ../../../../../ports/arm-cortex/vanilla/gnu/dbg\libqf_cortex-m3.a(qf_psini.o)
 .debug_line    0x000037f0      0x132 ../../../../../ports/arm-cortex/vanilla/gnu/dbg\libqf_cortex-m3.a(qf_pspub.o)
 .debug_line    0x00003922       0xa4 ../../../../../ports/arm-cortex/vanilla/gnu/dbg\libqf_cortex-m3.a(qf_pwr2.o)
 .debug_line    0x000039c6      0x138 ../../../../../ports/arm-cortex/vanilla/gnu/dbg\libqf_cortex-m3.a(qf_tick.o)
 .debug_line    0x00003afe      0x106 ../../../../../ports/arm-cortex/vanilla/gnu/dbg\libqf_cortex-m3.a(qmp_get.o)
 .debug_line    0x00003c04      0x118 ../../../../../ports/arm-cortex/vanilla/gnu/dbg\libqf_cortex-m3.a(qmp_init.o)
 .debug_line    0x00003d1c       0xfb ../../../../../ports/arm-cortex/vanilla/gnu/dbg\libqf_cortex-m3.a(qte_ctor.o)
 .debug_line    0x00003e17       0xff ../../../../../ports/arm-cortex/vanilla/gnu/dbg\libqf_cortex-m3.a(qte_arm.o)
 .debug_line    0x00003f16      0x12a ../../../../../ports/arm-cortex/vanilla/gnu/dbg\libqf_cortex-m3.a(qvanilla.o)
 .debug_line    0x00004040      0x126 ../../../../../ports/arm-cortex/vanilla/gnu/dbg\libqf_cortex-m3.a(qa_get_.o)
 .debug_line    0x00004166       0xe9 ../../../../../ports/arm-cortex/vanilla/gnu/dbg\libqf_cortex-m3.a(qeq_init.o)
 .debug_line    0x0000424f      0x10c ../../../../../ports/arm-cortex/vanilla/gnu/dbg\libqf_cortex-m3.a(qf_gc.o)
 .debug_line    0x0000435b       0xa4 ../../../../../ports/arm-cortex/vanilla/gnu/dbg\libqf_cortex-m3.a(qf_log2.o)
 .debug_line    0x000043ff       0xfe ../../../../../ports/arm-cortex/vanilla/gnu/dbg\libqf_cortex-m3.a(qmp_put.o)
 .debug_line    0x000044fd      0x11d ../../../../../ports/arm-cortex/vanilla/gnu/dbg\libqep_cortex-m3.a(qhsm_ini.o)
 .debug_line    0x0000461a      0x178 ../../../../../ports/arm-cortex/vanilla/gnu/dbg\libqep_cortex-m3.a(qhsm_dis.o)
 .debug_line    0x00004792       0xdf ../../../../../ports/arm-cortex/vanilla/gnu/dbg\libqep_cortex-m3.a(qhsm_top.o)
 .debug_line    0x00004871      0x100 ../../../../../ports/arm-cortex/vanilla/gnu/dbg\libqep_cortex-m3.a(qep.o)

.debug_frame    0x00000000     0x3234
 .debug_frame   0x00000000       0xe4 dbg/bsp.o
 .debug_frame   0x000000e4       0x3c dbg/main.o
 .debug_frame   0x00000120       0x64 dbg/no_heap.o
 .debug_frame   0x00000184       0xb0 dbg/philo.o
 .debug_frame   0x00000234       0x64 dbg/table.o
 .debug_frame   0x00000298       0x50 dbg/startup_stm32f10x_cl.o
 .debug_frame   0x000002e8      0x170 dbg/core_cm3.o
 .debug_frame   0x00000458       0x24 dbg/system_stm32f10x.o
 .debug_frame   0x0000047c       0xcc dbg/stm32_eval.o
 .debug_frame   0x00000548      0x3cc dbg/stm3210c_eval_lcd.o
 .debug_frame   0x00000914      0x398 dbg/stm3210c_eval_ioe.o
 .debug_frame   0x00000cac       0x60 dbg/misc.o
 .debug_frame   0x00000d0c      0x27c dbg/stm32f10x_adc.o
 .debug_frame   0x00000f88       0xe4 dbg/stm32f10x_bkp.o
 .debug_frame   0x0000106c      0x18c dbg/stm32f10x_can.o
 .debug_frame   0x000011f8       0x70 dbg/stm32f10x_crc.o
 .debug_frame   0x00001268       0xf0 dbg/stm32f10x_dac.o
 .debug_frame   0x00001358       0x40 dbg/stm32f10x_dbgmcu.o
 .debug_frame   0x00001398       0xb0 dbg/stm32f10x_dma.o
 .debug_frame   0x00001448       0x90 dbg/stm32f10x_exti.o
 .debug_frame   0x000014d8      0x210 dbg/stm32f10x_flash.o
 .debug_frame   0x000016e8      0x154 dbg/stm32f10x_fsmc.o
 .debug_frame   0x0000183c      0x170 dbg/stm32f10x_gpio.o
 .debug_frame   0x000019ac      0x238 dbg/stm32f10x_i2c.o
 .debug_frame   0x00001be4       0x70 dbg/stm32f10x_iwdg.o
 .debug_frame   0x00001c54       0xac dbg/stm32f10x_pwr.o
 .debug_frame   0x00001d00      0x2b4 dbg/stm32f10x_rcc.o
 .debug_frame   0x00001fb4      0x114 dbg/stm32f10x_rtc.o
 .debug_frame   0x000020c8      0x1f4 dbg/stm32f10x_sdio.o
 .debug_frame   0x000022bc      0x1a4 dbg/stm32f10x_spi.o
 .debug_frame   0x00002460      0x668 dbg/stm32f10x_tim.o
 .debug_frame   0x00002ac8      0x1dc dbg/stm32f10x_usart.o
 .debug_frame   0x00002ca4       0xa0 dbg/stm32f10x_wwdg.o
 .debug_frame   0x00002d44       0x30 ../../../../../ports/arm-cortex/vanilla/gnu/dbg\libqf_cortex-m3.a(qa_fifo.o)
 .debug_frame   0x00002d74       0x30 ../../../../../ports/arm-cortex/vanilla/gnu/dbg\libqf_cortex-m3.a(qa_sub.o)
 .debug_frame   0x00002da4       0x5c ../../../../../ports/arm-cortex/vanilla/gnu/dbg\libqf_cortex-m3.a(qf_act.o)
 .debug_frame   0x00002e00       0x3c ../../../../../ports/arm-cortex/vanilla/gnu/dbg\libqf_cortex-m3.a(qf_new.o)
 .debug_frame   0x00002e3c       0x38 ../../../../../ports/arm-cortex/vanilla/gnu/dbg\libqf_cortex-m3.a(qf_pool.o)
 .debug_frame   0x00002e74       0x20 ../../../../../ports/arm-cortex/vanilla/gnu/dbg\libqf_cortex-m3.a(qf_psini.o)
 .debug_frame   0x00002e94       0x44 ../../../../../ports/arm-cortex/vanilla/gnu/dbg\libqf_cortex-m3.a(qf_pspub.o)
 .debug_frame   0x00002ed8       0x38 ../../../../../ports/arm-cortex/vanilla/gnu/dbg\libqf_cortex-m3.a(qf_tick.o)
 .debug_frame   0x00002f10       0x3c ../../../../../ports/arm-cortex/vanilla/gnu/dbg\libqf_cortex-m3.a(qmp_get.o)
 .debug_frame   0x00002f4c       0x3c ../../../../../ports/arm-cortex/vanilla/gnu/dbg\libqf_cortex-m3.a(qmp_init.o)
 .debug_frame   0x00002f88       0x30 ../../../../../ports/arm-cortex/vanilla/gnu/dbg\libqf_cortex-m3.a(qte_ctor.o)
 .debug_frame   0x00002fb8       0x30 ../../../../../ports/arm-cortex/vanilla/gnu/dbg\libqf_cortex-m3.a(qte_arm.o)
 .debug_frame   0x00002fe8       0xbc ../../../../../ports/arm-cortex/vanilla/gnu/dbg\libqf_cortex-m3.a(qvanilla.o)
 .debug_frame   0x000030a4       0x48 ../../../../../ports/arm-cortex/vanilla/gnu/dbg\libqf_cortex-m3.a(qa_get_.o)
 .debug_frame   0x000030ec       0x20 ../../../../../ports/arm-cortex/vanilla/gnu/dbg\libqf_cortex-m3.a(qeq_init.o)
 .debug_frame   0x0000310c       0x30 ../../../../../ports/arm-cortex/vanilla/gnu/dbg\libqf_cortex-m3.a(qf_gc.o)
 .debug_frame   0x0000313c       0x30 ../../../../../ports/arm-cortex/vanilla/gnu/dbg\libqf_cortex-m3.a(qmp_put.o)
 .debug_frame   0x0000316c       0x44 ../../../../../ports/arm-cortex/vanilla/gnu/dbg\libqep_cortex-m3.a(qhsm_ini.o)
 .debug_frame   0x000031b0       0x44 ../../../../../ports/arm-cortex/vanilla/gnu/dbg\libqep_cortex-m3.a(qhsm_dis.o)
 .debug_frame   0x000031f4       0x20 ../../../../../ports/arm-cortex/vanilla/gnu/dbg\libqep_cortex-m3.a(qhsm_top.o)
 .debug_frame   0x00003214       0x20 ../../../../../ports/arm-cortex/vanilla/gnu/dbg\libqep_cortex-m3.a(qep.o)

.debug_loc      0x00000000     0x633b
 .debug_loc     0x00000000      0x131 dbg/bsp.o
 .debug_loc     0x00000131       0x7a dbg/main.o
 .debug_loc     0x000001ab       0xa9 dbg/no_heap.o
 .debug_loc     0x00000254      0x23b dbg/philo.o
 .debug_loc     0x0000048f      0x16b dbg/table.o
 .debug_loc     0x000005fa       0x51 dbg/startup_stm32f10x_cl.o
 .debug_loc     0x0000064b      0x1ee dbg/core_cm3.o
 .debug_loc     0x00000839       0x57 dbg/system_stm32f10x.o
 .debug_loc     0x00000890      0x149 dbg/stm32_eval.o
 .debug_loc     0x000009d9      0x991 dbg/stm3210c_eval_lcd.o
 .debug_loc     0x0000136a      0xc1f dbg/stm3210c_eval_ioe.o
 .debug_loc     0x00001f89       0x9e dbg/misc.o
 .debug_loc     0x00002027      0x504 dbg/stm32f10x_adc.o
 .debug_loc     0x0000252b       0xcd dbg/stm32f10x_bkp.o
 .debug_loc     0x000025f8      0x478 dbg/stm32f10x_can.o
 .debug_loc     0x00002a70       0x39 dbg/stm32f10x_crc.o
 .debug_loc     0x00002aa9      0x2ad dbg/stm32f10x_dac.o
 .debug_loc     0x00002d56       0x1e dbg/stm32f10x_dbgmcu.o
 .debug_loc     0x00002d74       0xa6 dbg/stm32f10x_dma.o
 .debug_loc     0x00002e1a       0x57 dbg/stm32f10x_exti.o
 .debug_loc     0x00002e71      0x649 dbg/stm32f10x_flash.o
 .debug_loc     0x000034ba      0x255 dbg/stm32f10x_fsmc.o
 .debug_loc     0x0000370f      0x24d dbg/stm32f10x_gpio.o
 .debug_loc     0x0000395c      0x348 dbg/stm32f10x_i2c.o
 .debug_loc     0x00003ca4       0x13 dbg/stm32f10x_iwdg.o
 .debug_loc     0x00003cb7       0xa7 dbg/stm32f10x_pwr.o
 .debug_loc     0x00003d5e      0x468 dbg/stm32f10x_rcc.o
 .debug_loc     0x000041c6      0x152 dbg/stm32f10x_rtc.o
 .debug_loc     0x00004318      0x129 dbg/stm32f10x_sdio.o
 .debug_loc     0x00004441      0x304 dbg/stm32f10x_spi.o
 .debug_loc     0x00004745      0xbcc dbg/stm32f10x_tim.o
 .debug_loc     0x00005311      0x30e dbg/stm32f10x_usart.o
 .debug_loc     0x0000561f       0xde dbg/stm32f10x_wwdg.o
 .debug_loc     0x000056fd       0x71 ../../../../../ports/arm-cortex/vanilla/gnu/dbg\libqf_cortex-m3.a(qa_fifo.o)
 .debug_loc     0x0000576e       0x79 ../../../../../ports/arm-cortex/vanilla/gnu/dbg\libqf_cortex-m3.a(qa_sub.o)
 .debug_loc     0x000057e7       0x7a ../../../../../ports/arm-cortex/vanilla/gnu/dbg\libqf_cortex-m3.a(qf_act.o)
 .debug_loc     0x00005861       0xa2 ../../../../../ports/arm-cortex/vanilla/gnu/dbg\libqf_cortex-m3.a(qf_new.o)
 .debug_loc     0x00005903       0x79 ../../../../../ports/arm-cortex/vanilla/gnu/dbg\libqf_cortex-m3.a(qf_pool.o)
 .debug_loc     0x0000597c       0x7a ../../../../../ports/arm-cortex/vanilla/gnu/dbg\libqf_cortex-m3.a(qf_pspub.o)
 .debug_loc     0x000059f6       0x1f ../../../../../ports/arm-cortex/vanilla/gnu/dbg\libqf_cortex-m3.a(qf_tick.o)
 .debug_loc     0x00005a15       0x79 ../../../../../ports/arm-cortex/vanilla/gnu/dbg\libqf_cortex-m3.a(qmp_get.o)
 .debug_loc     0x00005a8e      0x11d ../../../../../ports/arm-cortex/vanilla/gnu/dbg\libqf_cortex-m3.a(qmp_init.o)
 .debug_loc     0x00005bab       0x5b ../../../../../ports/arm-cortex/vanilla/gnu/dbg\libqf_cortex-m3.a(qte_ctor.o)
 .debug_loc     0x00005c06       0x8f ../../../../../ports/arm-cortex/vanilla/gnu/dbg\libqf_cortex-m3.a(qte_arm.o)
 .debug_loc     0x00005c95      0x146 ../../../../../ports/arm-cortex/vanilla/gnu/dbg\libqf_cortex-m3.a(qvanilla.o)
 .debug_loc     0x00005ddb       0x98 ../../../../../ports/arm-cortex/vanilla/gnu/dbg\libqf_cortex-m3.a(qa_get_.o)
 .debug_loc     0x00005e73       0x50 ../../../../../ports/arm-cortex/vanilla/gnu/dbg\libqf_cortex-m3.a(qf_gc.o)
 .debug_loc     0x00005ec3       0x5b ../../../../../ports/arm-cortex/vanilla/gnu/dbg\libqf_cortex-m3.a(qmp_put.o)
 .debug_loc     0x00005f1e       0xf1 ../../../../../ports/arm-cortex/vanilla/gnu/dbg\libqep_cortex-m3.a(qhsm_ini.o)
 .debug_loc     0x0000600f      0x319 ../../../../../ports/arm-cortex/vanilla/gnu/dbg\libqep_cortex-m3.a(qhsm_dis.o)
 .debug_loc     0x00006328       0x13 ../../../../../ports/arm-cortex/vanilla/gnu/dbg\libqep_cortex-m3.a(qhsm_top.o)

.debug_pubnames
                0x00000000     0x36c1
 .debug_pubnames
                0x00000000       0xad dbg/bsp.o
 .debug_pubnames
                0x000000ad       0x1b dbg/main.o
 .debug_pubnames
                0x000000c8       0x31 dbg/no_heap.o
 .debug_pubnames
                0x000000f9       0x2e dbg/philo.o
 .debug_pubnames
                0x00000127       0x2e dbg/table.o
 .debug_pubnames
                0x00000155       0x4a dbg/startup_stm32f10x_cl.o
 .debug_pubnames
                0x0000019f      0x159 dbg/core_cm3.o
 .debug_pubnames
                0x000002f8       0xa3 dbg/system_stm32f10x.o
 .debug_pubnames
                0x0000039b      0x1a9 dbg/stm32_eval.o
 .debug_pubnames
                0x00000544      0x25c dbg/stm3210c_eval_lcd.o
 .debug_pubnames
                0x000007a0      0x251 dbg/stm3210c_eval_ioe.o
 .debug_pubnames
                0x000009f1       0x89 dbg/misc.o
 .debug_pubnames
                0x00000a7a      0x401 dbg/stm32f10x_adc.o
 .debug_pubnames
                0x00000e7b      0x128 dbg/stm32f10x_bkp.o
 .debug_pubnames
                0x00000fa3      0x17b dbg/stm32f10x_can.o
 .debug_pubnames
                0x0000111e       0x82 dbg/stm32f10x_crc.o
 .debug_pubnames
                0x000011a0      0x116 dbg/stm32f10x_dac.o
 .debug_pubnames
                0x000012b6       0x4c dbg/stm32f10x_dbgmcu.o
 .debug_pubnames
                0x00001302       0xcf dbg/stm32f10x_dma.o
 .debug_pubnames
                0x000013d1       0xbb dbg/stm32f10x_exti.o
 .debug_pubnames
                0x0000148c      0x26e dbg/stm32f10x_flash.o
 .debug_pubnames
                0x000016fa      0x1a3 dbg/stm32f10x_fsmc.o
 .debug_pubnames
                0x0000189d      0x19d dbg/stm32f10x_gpio.o
 .debug_pubnames
                0x00001a3a      0x2b0 dbg/stm32f10x_i2c.o
 .debug_pubnames
                0x00001cea       0x91 dbg/stm32f10x_iwdg.o
 .debug_pubnames
                0x00001d7b       0xcb dbg/stm32f10x_pwr.o
 .debug_pubnames
                0x00001e46      0x37e dbg/stm32f10x_rcc.o
 .debug_pubnames
                0x000021c4      0x136 dbg/stm32f10x_rtc.o
 .debug_pubnames
                0x000022fa      0x2ac dbg/stm32f10x_sdio.o
 .debug_pubnames
                0x000025a6      0x1f6 dbg/stm32f10x_spi.o
 .debug_pubnames
                0x0000279c      0x7b0 dbg/stm32f10x_tim.o
 .debug_pubnames
                0x00002f4c      0x25f dbg/stm32f10x_usart.o
 .debug_pubnames
                0x000031ab       0xb0 dbg/stm32f10x_wwdg.o
 .debug_pubnames
                0x0000325b       0x27 ../../../../../ports/arm-cortex/vanilla/gnu/dbg\libqf_cortex-m3.a(qa_fifo.o)
 .debug_pubnames
                0x00003282       0x28 ../../../../../ports/arm-cortex/vanilla/gnu/dbg\libqf_cortex-m3.a(qa_sub.o)
 .debug_pubnames
                0x000032aa       0x62 ../../../../../ports/arm-cortex/vanilla/gnu/dbg\libqf_cortex-m3.a(qf_act.o)
 .debug_pubnames
                0x0000330c       0x1e ../../../../../ports/arm-cortex/vanilla/gnu/dbg\libqf_cortex-m3.a(qf_new.o)
 .debug_pubnames
                0x0000332a       0x3f ../../../../../ports/arm-cortex/vanilla/gnu/dbg\libqf_cortex-m3.a(qf_pool.o)
 .debug_pubnames
                0x00003369       0x45 ../../../../../ports/arm-cortex/vanilla/gnu/dbg\libqf_cortex-m3.a(qf_psini.o)
 .debug_pubnames
                0x000033ae       0x21 ../../../../../ports/arm-cortex/vanilla/gnu/dbg\libqf_cortex-m3.a(qf_pspub.o)
 .debug_pubnames
                0x000033cf       0x45 ../../../../../ports/arm-cortex/vanilla/gnu/dbg\libqf_cortex-m3.a(qf_pwr2.o)
 .debug_pubnames
                0x00003414       0x1e ../../../../../ports/arm-cortex/vanilla/gnu/dbg\libqf_cortex-m3.a(qf_tick.o)
 .debug_pubnames
                0x00003432       0x36 ../../../../../ports/arm-cortex/vanilla/gnu/dbg\libqf_cortex-m3.a(qmp_get.o)
 .debug_pubnames
                0x00003468       0x22 ../../../../../ports/arm-cortex/vanilla/gnu/dbg\libqf_cortex-m3.a(qmp_init.o)
 .debug_pubnames
                0x0000348a       0x24 ../../../../../ports/arm-cortex/vanilla/gnu/dbg\libqf_cortex-m3.a(qte_ctor.o)
 .debug_pubnames
                0x000034ae       0x3c ../../../../../ports/arm-cortex/vanilla/gnu/dbg\libqf_cortex-m3.a(qte_arm.o)
 .debug_pubnames
                0x000034ea       0x7f ../../../../../ports/arm-cortex/vanilla/gnu/dbg\libqf_cortex-m3.a(qvanilla.o)
 .debug_pubnames
                0x00003569       0x39 ../../../../../ports/arm-cortex/vanilla/gnu/dbg\libqf_cortex-m3.a(qa_get_.o)
 .debug_pubnames
                0x000035a2       0x23 ../../../../../ports/arm-cortex/vanilla/gnu/dbg\libqf_cortex-m3.a(qeq_init.o)
 .debug_pubnames
                0x000035c5       0x1c ../../../../../ports/arm-cortex/vanilla/gnu/dbg\libqf_cortex-m3.a(qf_gc.o)
 .debug_pubnames
                0x000035e1       0x22 ../../../../../ports/arm-cortex/vanilla/gnu/dbg\libqf_cortex-m3.a(qf_log2.o)
 .debug_pubnames
                0x00003603       0x21 ../../../../../ports/arm-cortex/vanilla/gnu/dbg\libqf_cortex-m3.a(qmp_put.o)
 .debug_pubnames
                0x00003624       0x20 ../../../../../ports/arm-cortex/vanilla/gnu/dbg\libqep_cortex-m3.a(qhsm_ini.o)
 .debug_pubnames
                0x00003644       0x24 ../../../../../ports/arm-cortex/vanilla/gnu/dbg\libqep_cortex-m3.a(qhsm_dis.o)
 .debug_pubnames
                0x00003668       0x1f ../../../../../ports/arm-cortex/vanilla/gnu/dbg\libqep_cortex-m3.a(qhsm_top.o)
 .debug_pubnames
                0x00003687       0x3a ../../../../../ports/arm-cortex/vanilla/gnu/dbg\libqep_cortex-m3.a(qep.o)

.debug_aranges  0x00000000      0x6c0
 .debug_aranges
                0x00000000       0x20 dbg/bsp.o
 .debug_aranges
                0x00000020       0x20 dbg/main.o
 .debug_aranges
                0x00000040       0x20 dbg/no_heap.o
 .debug_aranges
                0x00000060       0x20 dbg/philo.o
 .debug_aranges
                0x00000080       0x20 dbg/table.o
 .debug_aranges
                0x000000a0       0x20 dbg/startup_stm32f10x_cl.o
 .debug_aranges
                0x000000c0       0x20 dbg/core_cm3.o
 .debug_aranges
                0x000000e0       0x20 dbg/system_stm32f10x.o
 .debug_aranges
                0x00000100       0x20 dbg/stm32_eval.o
 .debug_aranges
                0x00000120       0x20 dbg/stm3210c_eval_lcd.o
 .debug_aranges
                0x00000140       0x20 dbg/stm3210c_eval_ioe.o
 .debug_aranges
                0x00000160       0x20 dbg/misc.o
 .debug_aranges
                0x00000180       0x20 dbg/stm32f10x_adc.o
 .debug_aranges
                0x000001a0       0x20 dbg/stm32f10x_bkp.o
 .debug_aranges
                0x000001c0       0x20 dbg/stm32f10x_can.o
 .debug_aranges
                0x000001e0       0x20 dbg/stm32f10x_crc.o
 .debug_aranges
                0x00000200       0x20 dbg/stm32f10x_dac.o
 .debug_aranges
                0x00000220       0x20 dbg/stm32f10x_dbgmcu.o
 .debug_aranges
                0x00000240       0x20 dbg/stm32f10x_dma.o
 .debug_aranges
                0x00000260       0x20 dbg/stm32f10x_exti.o
 .debug_aranges
                0x00000280       0x20 dbg/stm32f10x_flash.o
 .debug_aranges
                0x000002a0       0x20 dbg/stm32f10x_fsmc.o
 .debug_aranges
                0x000002c0       0x20 dbg/stm32f10x_gpio.o
 .debug_aranges
                0x000002e0       0x20 dbg/stm32f10x_i2c.o
 .debug_aranges
                0x00000300       0x20 dbg/stm32f10x_iwdg.o
 .debug_aranges
                0x00000320       0x20 dbg/stm32f10x_pwr.o
 .debug_aranges
                0x00000340       0x20 dbg/stm32f10x_rcc.o
 .debug_aranges
                0x00000360       0x20 dbg/stm32f10x_rtc.o
 .debug_aranges
                0x00000380       0x20 dbg/stm32f10x_sdio.o
 .debug_aranges
                0x000003a0       0x20 dbg/stm32f10x_spi.o
 .debug_aranges
                0x000003c0       0x20 dbg/stm32f10x_tim.o
 .debug_aranges
                0x000003e0       0x20 dbg/stm32f10x_usart.o
 .debug_aranges
                0x00000400       0x20 dbg/stm32f10x_wwdg.o
 .debug_aranges
                0x00000420       0x20 ../../../../../ports/arm-cortex/vanilla/gnu/dbg\libqf_cortex-m3.a(qa_fifo.o)
 .debug_aranges
                0x00000440       0x20 ../../../../../ports/arm-cortex/vanilla/gnu/dbg\libqf_cortex-m3.a(qa_sub.o)
 .debug_aranges
                0x00000460       0x20 ../../../../../ports/arm-cortex/vanilla/gnu/dbg\libqf_cortex-m3.a(qf_act.o)
 .debug_aranges
                0x00000480       0x20 ../../../../../ports/arm-cortex/vanilla/gnu/dbg\libqf_cortex-m3.a(qf_new.o)
 .debug_aranges
                0x000004a0       0x20 ../../../../../ports/arm-cortex/vanilla/gnu/dbg\libqf_cortex-m3.a(qf_pool.o)
 .debug_aranges
                0x000004c0       0x20 ../../../../../ports/arm-cortex/vanilla/gnu/dbg\libqf_cortex-m3.a(qf_psini.o)
 .debug_aranges
                0x000004e0       0x20 ../../../../../ports/arm-cortex/vanilla/gnu/dbg\libqf_cortex-m3.a(qf_pspub.o)
 .debug_aranges
                0x00000500       0x20 ../../../../../ports/arm-cortex/vanilla/gnu/dbg\libqf_cortex-m3.a(qf_tick.o)
 .debug_aranges
                0x00000520       0x20 ../../../../../ports/arm-cortex/vanilla/gnu/dbg\libqf_cortex-m3.a(qmp_get.o)
 .debug_aranges
                0x00000540       0x20 ../../../../../ports/arm-cortex/vanilla/gnu/dbg\libqf_cortex-m3.a(qmp_init.o)
 .debug_aranges
                0x00000560       0x20 ../../../../../ports/arm-cortex/vanilla/gnu/dbg\libqf_cortex-m3.a(qte_ctor.o)
 .debug_aranges
                0x00000580       0x20 ../../../../../ports/arm-cortex/vanilla/gnu/dbg\libqf_cortex-m3.a(qte_arm.o)
 .debug_aranges
                0x000005a0       0x20 ../../../../../ports/arm-cortex/vanilla/gnu/dbg\libqf_cortex-m3.a(qvanilla.o)
 .debug_aranges
                0x000005c0       0x20 ../../../../../ports/arm-cortex/vanilla/gnu/dbg\libqf_cortex-m3.a(qa_get_.o)
 .debug_aranges
                0x000005e0       0x20 ../../../../../ports/arm-cortex/vanilla/gnu/dbg\libqf_cortex-m3.a(qeq_init.o)
 .debug_aranges
                0x00000600       0x20 ../../../../../ports/arm-cortex/vanilla/gnu/dbg\libqf_cortex-m3.a(qf_gc.o)
 .debug_aranges
                0x00000620       0x20 ../../../../../ports/arm-cortex/vanilla/gnu/dbg\libqf_cortex-m3.a(qmp_put.o)
 .debug_aranges
                0x00000640       0x20 ../../../../../ports/arm-cortex/vanilla/gnu/dbg\libqep_cortex-m3.a(qhsm_ini.o)
 .debug_aranges
                0x00000660       0x20 ../../../../../ports/arm-cortex/vanilla/gnu/dbg\libqep_cortex-m3.a(qhsm_dis.o)
 .debug_aranges
                0x00000680       0x20 ../../../../../ports/arm-cortex/vanilla/gnu/dbg\libqep_cortex-m3.a(qhsm_top.o)
 .debug_aranges
                0x000006a0       0x20 ../../../../../ports/arm-cortex/vanilla/gnu/dbg\libqep_cortex-m3.a(qep.o)

.debug_str      0x00000000     0x5e39
 .debug_str     0x00000000      0x61a dbg/bsp.o
                                0x650 (size before relaxing)
 .debug_str     0x0000061a      0x1f5 dbg/main.o
                                0x2be (size before relaxing)
 .debug_str     0x0000080f       0x3a dbg/no_heap.o
                                0x122 (size before relaxing)
 .debug_str     0x00000849       0xc7 dbg/philo.o
                                0x314 (size before relaxing)
 .debug_str     0x00000910       0x62 dbg/table.o
                                0x2a6 (size before relaxing)
 .debug_str     0x00000972       0xcb dbg/startup_stm32f10x_cl.o
                                0x126 (size before relaxing)
 .debug_str     0x00000a3d      0x14a dbg/core_cm3.o
                                0x22b (size before relaxing)
 .debug_str     0x00000b87      0x102 dbg/system_stm32f10x.o
                                0x1e9 (size before relaxing)
 .debug_str     0x00000c89      0x581 dbg/stm32_eval.o
                                0xa4d (size before relaxing)
 .debug_str     0x0000120a      0x35f dbg/stm3210c_eval_lcd.o
                                0x609 (size before relaxing)
 .debug_str     0x00001569      0x40b dbg/stm3210c_eval_ioe.o
                                0xbfd (size before relaxing)
 .debug_str     0x00001974       0xe1 dbg/misc.o
                                0x2f7 (size before relaxing)
 .debug_str     0x00001a55      0x51d dbg/stm32f10x_adc.o
                                0x64f (size before relaxing)
 .debug_str     0x00001f72      0x373 dbg/stm32f10x_bkp.o
                                0x4fd (size before relaxing)
 .debug_str     0x000022e5      0x454 dbg/stm32f10x_can.o
                                0x5c5 (size before relaxing)
 .debug_str     0x00002739       0x93 dbg/stm32f10x_crc.o
                                0x183 (size before relaxing)
 .debug_str     0x000027cc      0x1e9 dbg/stm32f10x_dac.o
                                0x2ef (size before relaxing)
 .debug_str     0x000029b5       0x64 dbg/stm32f10x_dbgmcu.o
                                0x14c (size before relaxing)
 .debug_str     0x00002a19      0x1c2 dbg/stm32f10x_dma.o
                                0x2de (size before relaxing)
 .debug_str     0x00002bdb       0xc8 dbg/stm32f10x_exti.o
                                0x2a5 (size before relaxing)
 .debug_str     0x00002ca3      0x35c dbg/stm32f10x_flash.o
                                0x4b2 (size before relaxing)
 .debug_str     0x00002fff      0x53a dbg/stm32f10x_fsmc.o
                                0x659 (size before relaxing)
 .debug_str     0x00003539      0x1fb dbg/stm32f10x_gpio.o
                                0x450 (size before relaxing)
 .debug_str     0x00003734      0x370 dbg/stm32f10x_i2c.o
                                0x592 (size before relaxing)
 .debug_str     0x00003aa4       0xb0 dbg/stm32f10x_iwdg.o
                                0x1a3 (size before relaxing)
 .debug_str     0x00003b54       0xf1 dbg/stm32f10x_pwr.o
                                0x203 (size before relaxing)
 .debug_str     0x00003c45      0x494 dbg/stm32f10x_rcc.o
                                0x6a1 (size before relaxing)
 .debug_str     0x000040d9      0x169 dbg/stm32f10x_rtc.o
                                0x2e2 (size before relaxing)
 .debug_str     0x00004242      0x444 dbg/stm32f10x_sdio.o
                                0x582 (size before relaxing)
 .debug_str     0x00004686      0x2a1 dbg/stm32f10x_spi.o
                                0x592 (size before relaxing)
 .debug_str     0x00004927      0xad7 dbg/stm32f10x_tim.o
                                0xd31 (size before relaxing)
 .debug_str     0x000053fe      0x341 dbg/stm32f10x_usart.o
                                0x5b7 (size before relaxing)
 .debug_str     0x0000573f       0xac dbg/stm32f10x_wwdg.o
                                0x1af (size before relaxing)
 .debug_str     0x000057eb       0xae ../../../../../ports/arm-cortex/vanilla/gnu/dbg\libqf_cortex-m3.a(qa_fifo.o)
                                0x1f9 (size before relaxing)
 .debug_str     0x00005899       0x59 ../../../../../ports/arm-cortex/vanilla/gnu/dbg\libqf_cortex-m3.a(qa_sub.o)
                                0x242 (size before relaxing)
 .debug_str     0x000058f2       0x58 ../../../../../ports/arm-cortex/vanilla/gnu/dbg\libqf_cortex-m3.a(qf_act.o)
                                0x1d6 (size before relaxing)
 .debug_str     0x0000594a       0x84 ../../../../../ports/arm-cortex/vanilla/gnu/dbg\libqf_cortex-m3.a(qf_new.o)
                                0x180 (size before relaxing)
 .debug_str     0x000059ce       0x3d ../../../../../ports/arm-cortex/vanilla/gnu/dbg\libqf_cortex-m3.a(qf_pool.o)
                                0x17d (size before relaxing)
 .debug_str     0x00005a0b       0x35 ../../../../../ports/arm-cortex/vanilla/gnu/dbg\libqf_cortex-m3.a(qf_psini.o)
                                0x12e (size before relaxing)
 .debug_str     0x00005a40       0x47 ../../../../../ports/arm-cortex/vanilla/gnu/dbg\libqf_cortex-m3.a(qf_pspub.o)
                                0x202 (size before relaxing)
 .debug_str     0x00005a87       0x20 ../../../../../ports/arm-cortex/vanilla/gnu/dbg\libqf_cortex-m3.a(qf_pwr2.o)
                                 0xf1 (size before relaxing)
 .debug_str     0x00005aa7       0x42 ../../../../../ports/arm-cortex/vanilla/gnu/dbg\libqf_cortex-m3.a(qf_tick.o)
                                0x1e1 (size before relaxing)
 .debug_str     0x00005ae9       0x63 ../../../../../ports/arm-cortex/vanilla/gnu/dbg\libqf_cortex-m3.a(qmp_get.o)
                                0x195 (size before relaxing)
 .debug_str     0x00005b4c       0x3a ../../../../../ports/arm-cortex/vanilla/gnu/dbg\libqf_cortex-m3.a(qmp_init.o)
                                0x179 (size before relaxing)
 .debug_str     0x00005b86       0x2f ../../../../../ports/arm-cortex/vanilla/gnu/dbg\libqf_cortex-m3.a(qte_ctor.o)
                                0x21d (size before relaxing)
 .debug_str     0x00005bb5       0x35 ../../../../../ports/arm-cortex/vanilla/gnu/dbg\libqf_cortex-m3.a(qte_arm.o)
                                0x237 (size before relaxing)
 .debug_str     0x00005bea       0x7e ../../../../../ports/arm-cortex/vanilla/gnu/dbg\libqf_cortex-m3.a(qvanilla.o)
                                0x256 (size before relaxing)
 .debug_str     0x00005c68       0x3f ../../../../../ports/arm-cortex/vanilla/gnu/dbg\libqf_cortex-m3.a(qa_get_.o)
                                0x225 (size before relaxing)
 .debug_str     0x00005ca7       0x2e ../../../../../ports/arm-cortex/vanilla/gnu/dbg\libqf_cortex-m3.a(qeq_init.o)
                                0x145 (size before relaxing)
 .debug_str     0x00005cd5       0x24 ../../../../../ports/arm-cortex/vanilla/gnu/dbg\libqf_cortex-m3.a(qf_gc.o)
                                0x16a (size before relaxing)
 .debug_str     0x00005cf9       0x20 ../../../../../ports/arm-cortex/vanilla/gnu/dbg\libqf_cortex-m3.a(qf_log2.o)
                                 0xd6 (size before relaxing)