Archive member included because of file (symbol)

c:/program files/atollic/truestudio stm32 lite 2.1.0/armtools/bin/../lib/gcc/arm-atollic-eabi/4.5.1/thumb/thumb2\libgcc.a(_arm_addsubdf3.o)
                              GGHC_SRC\src\DDS.o (__aeabi_f2d)
c:/program files/atollic/truestudio stm32 lite 2.1.0/armtools/bin/../lib/gcc/arm-atollic-eabi/4.5.1/thumb/thumb2\libgcc.a(_arm_muldivdf3.o)
                              GGHC_SRC\src\DDS.o (__aeabi_dmul)
c:/program files/atollic/truestudio stm32 lite 2.1.0/armtools/bin/../lib/gcc/arm-atollic-eabi/4.5.1/thumb/thumb2\libgcc.a(_arm_truncdfsf2.o)
                              GGHC_SRC\src\DDS.o (__aeabi_d2f)
c:/program files/atollic/truestudio stm32 lite 2.1.0/armtools/bin/../lib/gcc/arm-atollic-eabi/4.5.1/thumb/thumb2\libgcc.a(_arm_fixunssfsi.o)
                              GGHC_SRC\src\DDS.o (__aeabi_f2uiz)
c:/program files/atollic/truestudio stm32 lite 2.1.0/armtools/bin/../lib/gcc/arm-atollic-eabi/4.5.1/../../../../arm-atollic-eabi/lib/thumb/thumb2\libc.a(lib_a-init.o)
                              GGHC_SRC\Libraries\CMSIS\CM3\DeviceSupport\ST\STM32F10x\startup\TrueSTUDIO\startup_stm32f10x_xl.o (__libc_init_array)
c:/program files/atollic/truestudio stm32 lite 2.1.0/armtools/bin/../lib/gcc/arm-atollic-eabi/4.5.1/../../../../arm-atollic-eabi/lib/thumb/thumb2\libc.a(lib_a-memcpy.o)
                              GGHC_SRC\src\i2c.o (memcpy)

Allocating common symbols
Common symbol       size              file

AudioDataSize       0x2               GGHC_SRC\src\audio_class.o
AudioCN             0x1               GGHC_SRC\src\audio_class.o
AudioFeat1Vol       0x2               GGHC_SRC\src\audio_class.o
notes               0xa8              GGHC_SRC\src\audio.o
AudioId             0x1               GGHC_SRC\src\audio_class.o
SempCount           0x4               GGHC_SRC\src\audio_class.o
AudioSpkData        0x120             GGHC_SRC\src\audio_class.o
SempPerCurrHold     0x4               GGHC_SRC\src\audio_class.o
I2CDMA_InitStructure
                    0x2c              GGHC_SRC\src\I2CRoutines.o
pMicData            0x2               GGHC_SRC\src\audio_class.o
AudioFeat2Vol       0x2               GGHC_SRC\src\audio_class.o
AudioRequest        0x1               GGHC_SRC\src\audio_class.o
Delta               0x4               GGHC_SRC\src\audio_class.o
AudioMicVolMul      0x4               GGHC_SRC\src\audio_class.o
Address             0x1               GGHC_SRC\src\I2CRoutines.o
AudioFeat1Mute      0x1               GGHC_SRC\src\audio_class.o
AudioMicData2       0xc0              GGHC_SRC\src\audio_class.o
MicCurrBuffer       0x4               GGHC_SRC\src\audio_class.o
buttons             0x28              GGHC_SRC\src\buttons.o
AudioCS             0x1               GGHC_SRC\src\audio_class.o
systemTime          0x4               GGHC_SRC\src\bsp.o
MicEna              0x1               GGHC_SRC\src\audio_class.o
AudioMicData1       0xc0              GGHC_SRC\src\audio_class.o
pSpkData            0x4               GGHC_SRC\src\audio_class.o
DeltaPer            0x4               GGHC_SRC\src\audio_class.o
NumbOfBytes2        0x4               GGHC_SRC\src\I2CRoutines.o
NumbOfBytes1        0x4               GGHC_SRC\src\I2CRoutines.o
AudioFeat2Mute      0x1               GGHC_SRC\src\audio_class.o
AudioBuf            0x2               GGHC_SRC\src\audio_class.o
SempEna             0x1               GGHC_SRC\src\audio_class.o
SempPeriod          0x4               GGHC_SRC\src\audio_class.o
MicSempCount        0x4               GGHC_SRC\src\audio_class.o

Discarded input sections

 .text          0x00000000        0x0 c:/program files/atollic/truestudio stm32 lite 2.1.0/armtools/bin/../lib/gcc/arm-atollic-eabi/4.5.1/thumb/thumb2/crti.o
 .data          0x00000000        0x0 c:/program files/atollic/truestudio stm32 lite 2.1.0/armtools/bin/../lib/gcc/arm-atollic-eabi/4.5.1/thumb/thumb2/crti.o
 .bss           0x00000000        0x0 c:/program files/atollic/truestudio stm32 lite 2.1.0/armtools/bin/../lib/gcc/arm-atollic-eabi/4.5.1/thumb/thumb2/crti.o
 .data          0x00000000        0x4 c:/program files/atollic/truestudio stm32 lite 2.1.0/armtools/bin/../lib/gcc/arm-atollic-eabi/4.5.1/thumb/thumb2/crtbegin.o
 .text          0x00000000        0x0 GGHC_SRC\src\voices.o
 .data          0x00000000        0x0 GGHC_SRC\src\voices.o
 .bss           0x00000000        0x0 GGHC_SRC\src\voices.o
 .text          0x00000000        0x0 GGHC_SRC\src\timer.o
 .data          0x00000000        0x0 GGHC_SRC\src\timer.o
 .bss           0x00000000        0x0 GGHC_SRC\src\timer.o
 .text          0x00000000        0x0 GGHC_SRC\src\system_stm32f10x.o
 .data          0x00000000        0x0 GGHC_SRC\src\system_stm32f10x.o
 .bss           0x00000000        0x0 GGHC_SRC\src\system_stm32f10x.o
 .data.AHBPrescTable
                0x00000000       0x10 GGHC_SRC\src\system_stm32f10x.o
 .text.SystemCoreClockUpdate
[...]
Memory Configuration

Name             Origin             Length             Attributes
FLASH            0x08000000         0x00020000         xr
RAM              0x20000000         0x00002000         xrw
MEMORY_B1        0x60000000         0x00000000         xr
*default*        0x00000000         0xffffffff

Linker script and memory map

LOAD c:/program files/atollic/truestudio stm32 lite 2.1.0/armtools/bin/../lib/gcc/arm-atollic-eabi/4.5.1/thumb/thumb2/crti.o
LOAD c:/program files/atollic/truestudio stm32 lite 2.1.0/armtools/bin/../lib/gcc/arm-atollic-eabi/4.5.1/thumb/thumb2/crtbegin.o
LOAD GGHC_SRC\src\voices.o
LOAD GGHC_SRC\src\timer.o
LOAD GGHC_SRC\src\system_stm32f10x.o
LOAD GGHC_SRC\src\stm32f10x_it.o
LOAD GGHC_SRC\src\main.o
LOAD GGHC_SRC\src\i2c.o
LOAD GGHC_SRC\src\buttons.o
LOAD GGHC_SRC\src\bsp.o
LOAD GGHC_SRC\src\audio_class.o
LOAD GGHC_SRC\src\audio.o
LOAD GGHC_SRC\src\LED.o
LOAD GGHC_SRC\src\I2CRoutines.o
LOAD GGHC_SRC\src\DDS.o
LOAD GGHC_SRC\Libraries\STM32F10x_StdPeriph_Driver\src\stm32f10x_wwdg.o
LOAD GGHC_SRC\Libraries\STM32F10x_StdPeriph_Driver\src\stm32f10x_usart.o
LOAD GGHC_SRC\Libraries\STM32F10x_StdPeriph_Driver\src\stm32f10x_tim.o
LOAD GGHC_SRC\Libraries\STM32F10x_StdPeriph_Driver\src\stm32f10x_spi.o
LOAD GGHC_SRC\Libraries\STM32F10x_StdPeriph_Driver\src\stm32f10x_sdio.o
LOAD GGHC_SRC\Libraries\STM32F10x_StdPeriph_Driver\src\stm32f10x_rtc.o
LOAD GGHC_SRC\Libraries\STM32F10x_StdPeriph_Driver\src\stm32f10x_rcc.o
LOAD GGHC_SRC\Libraries\STM32F10x_StdPeriph_Driver\src\stm32f10x_pwr.o
LOAD GGHC_SRC\Libraries\STM32F10x_StdPeriph_Driver\src\stm32f10x_iwdg.o
LOAD GGHC_SRC\Libraries\STM32F10x_StdPeriph_Driver\src\stm32f10x_i2c.o
LOAD GGHC_SRC\Libraries\STM32F10x_StdPeriph_Driver\src\stm32f10x_gpio.o
LOAD GGHC_SRC\Libraries\STM32F10x_StdPeriph_Driver\src\stm32f10x_fsmc.o
LOAD GGHC_SRC\Libraries\STM32F10x_StdPeriph_Driver\src\stm32f10x_flash.o
LOAD GGHC_SRC\Libraries\STM32F10x_StdPeriph_Driver\src\stm32f10x_exti.o
LOAD GGHC_SRC\Libraries\STM32F10x_StdPeriph_Driver\src\stm32f10x_dma.o
LOAD GGHC_SRC\Libraries\STM32F10x_StdPeriph_Driver\src\stm32f10x_dbgmcu.o
LOAD GGHC_SRC\Libraries\STM32F10x_StdPeriph_Driver\src\stm32f10x_dac.o
LOAD GGHC_SRC\Libraries\STM32F10x_StdPeriph_Driver\src\stm32f10x_crc.o
LOAD GGHC_SRC\Libraries\STM32F10x_StdPeriph_Driver\src\stm32f10x_cec.o
LOAD GGHC_SRC\Libraries\STM32F10x_StdPeriph_Driver\src\stm32f10x_can.o
LOAD GGHC_SRC\Libraries\STM32F10x_StdPeriph_Driver\src\stm32f10x_bkp.o
LOAD GGHC_SRC\Libraries\STM32F10x_StdPeriph_Driver\src\stm32f10x_adc.o
LOAD GGHC_SRC\Libraries\STM32F10x_StdPeriph_Driver\src\misc.o
LOAD GGHC_SRC\Libraries\CMSIS\CM3\DeviceSupport\ST\STM32F10x\startup\TrueSTUDIO\startup_stm32f10x_xl.o
LOAD GGHC_SRC\Libraries\CMSIS\CM3\CoreSupport\core_cm3.o
LOAD .metadata\.plugins\org.eclipse.cdt.make.core\specs.o
LOAD X:\src\GGHC\firmware\Libraries\QP\ports\arm-cortex\vanilla\gnu\dbg\libqep_cortex-m3.a
LOAD X:\src\GGHC\firmware\Libraries\QP\ports\arm-cortex\vanilla\gnu\dbg\libqf_cortex-m3.a
                0x00001000                malloc_getpagesize_P = 0x1000
START GROUP
LOAD c:/program files/atollic/truestudio stm32 lite 2.1.0/armtools/bin/../lib/gcc/arm-atollic-eabi/4.5.1/thumb/thumb2\libgcc.a
LOAD c:/program files/atollic/truestudio stm32 lite 2.1.0/armtools/bin/../lib/gcc/arm-atollic-eabi/4.5.1/../../../../arm-atollic-eabi/lib/thumb/thumb2\libc.a
END GROUP
LOAD c:/program files/atollic/truestudio stm32 lite 2.1.0/armtools/bin/../lib/gcc/arm-atollic-eabi/4.5.1/thumb/thumb2/crtend.o
LOAD c:/program files/atollic/truestudio stm32 lite 2.1.0/armtools/bin/../lib/gcc/arm-atollic-eabi/4.5.1/thumb/thumb2/crtn.o
                0x20002000                _estack = 0x20002000
                0x00000000                _Min_Heap_Size = 0x0
                0x00000080                _Min_Stack_Size = 0x80

.isr_vector     0x08000000      0x1e4
                0x08000000                . = ALIGN (0x4)
 *(.isr_vector)
 .isr_vector    0x08000000      0x1e4 GGHC_SRC\Libraries\CMSIS\CM3\DeviceSupport\ST\STM32F10x\startup\TrueSTUDIO\startup_stm32f10x_xl.o
                0x08000000                g_pfnVectors
                0x080001e4                . = ALIGN (0x4)

.text           0x080001e4     0xca80
                0x080001e4                . = ALIGN (0x4)
 *(.text)
 .text          0x080001e4       0x30 c:/program files/atollic/truestudio stm32 lite 2.1.0/armtools/bin/../lib/gcc/arm-atollic-eabi/4.5.1/thumb/thumb2/crtbegin.o
 .text          0x08000214      0x370 c:/program files/atollic/truestudio stm32 lite 2.1.0/armtools/bin/../lib/gcc/arm-atollic-eabi/4.5.1/thumb/thumb2\libgcc.a(_arm_addsubdf3.o)
                0x08000214                __aeabi_drsub
                0x0800021c                __aeabi_dsub
                0x0800021c                __subdf3
                0x08000220                __aeabi_dadd
                0x08000220                __adddf3
                0x08000498                __floatunsidf
                0x08000498                __aeabi_ui2d
                0x080004b8                __floatsidf
                0x080004b8                __aeabi_i2d
                0x080004dc                __aeabi_f2d
                0x080004dc                __extendsfdf2
                0x08000518                __floatundidf
                0x08000518                __aeabi_ul2d
                0x08000528                __floatdidf
                0x08000528                __aeabi_l2d
 .text          0x08000584      0x424 c:/program files/atollic/truestudio stm32 lite 2.1.0/armtools/bin/../lib/gcc/arm-atollic-eabi/4.5.1/thumb/thumb2\libgcc.a(_arm_muldivdf3.o)
                0x08000584                __aeabi_dmul
                0x08000584                __muldf3
                0x080007d8                __divdf3
                0x080007d8                __aeabi_ddiv
 .text          0x080009a8       0xa0 c:/program files/atollic/truestudio stm32 lite 2.1.0/armtools/bin/../lib/gcc/arm-atollic-eabi/4.5.1/thumb/thumb2\libgcc.a(_arm_truncdfsf2.o)
                0x080009a8                __truncdfsf2
                0x080009a8                __aeabi_d2f
 .text          0x08000a48       0x40 c:/program files/atollic/truestudio stm32 lite 2.1.0/armtools/bin/../lib/gcc/arm-atollic-eabi/4.5.1/thumb/thumb2\libgcc.a(_arm_fixunssfsi.o)
                0x08000a48                __fixunssfsi
                0x08000a48                __aeabi_f2uiz
 *(.text*)
 .text.Init_AudioSampleTimer
                0x08000a88      0x154 GGHC_SRC\src\timer.o
                0x08000a88                Init_AudioSampleTimer
 .text.Init_AudioPWMTimer
                0x08000bdc       0xf8 GGHC_SRC\src\timer.o
                0x08000bdc                Init_AudioPWMTimer
 .text.Init_Timer3
                0x08000cd4       0xd8 GGHC_SRC\src\timer.o
                0x08000cd4                Init_Timer3
 .text.Init_Timer4
                0x08000dac       0xd8 GGHC_SRC\src\timer.o
                0x08000dac                Init_Timer4
 .text.Init_Timer12
                0x08000e84       0xd8 GGHC_SRC\src\timer.o
                0x08000e84                Init_Timer12
 .text.InitTimers
                0x08000f5c       0x1c GGHC_SRC\src\timer.o
                0x08000f5c                InitTimers
 .text.SystemInit
                0x08000f78       0xac GGHC_SRC\src\system_stm32f10x.o
                0x08000f78                SystemInit
 .text.SetSysClock
                0x08001024        0xc GGHC_SRC\src\system_stm32f10x.o
 .text.SetSysClockTo72
                0x08001030      0x1ac GGHC_SRC\src\system_stm32f10x.o
 .text.NMI_Handler
                0x080011dc        0xc GGHC_SRC\src\stm32f10x_it.o
                0x080011dc                NMI_Handler
 .text.HardFault_Handler
                0x080011e8        0x8 GGHC_SRC\src\stm32f10x_it.o
                0x080011e8                HardFault_Handler
 .text.MemManage_Handler
                0x080011f0        0x8 GGHC_SRC\src\stm32f10x_it.o
                0x080011f0                MemManage_Handler
 .text.BusFault_Handler
                0x080011f8        0x8 GGHC_SRC\src\stm32f10x_it.o
                0x080011f8                BusFault_Handler
 .text.UsageFault_Handler
                0x08001200        0x8 GGHC_SRC\src\stm32f10x_it.o
                0x08001200                UsageFault_Handler
 .text.SVC_Handler
                0x08001208        0xc GGHC_SRC\src\stm32f10x_it.o
                0x08001208                SVC_Handler
 .text.DebugMon_Handler
                0x08001214        0xc GGHC_SRC\src\stm32f10x_it.o
                0x08001214                DebugMon_Handler
 .text.PendSV_Handler
                0x08001220        0xc GGHC_SRC\src\stm32f10x_it.o
                0x08001220                PendSV_Handler
 .text.NVIC_SetPriority
                0x0800122c       0x5c GGHC_SRC\src\main.o
 .text.SysTick_Config
                0x08001288       0x64 GGHC_SRC\src\main.o
 .text.LEDsSet  0x080012ec       0x30 GGHC_SRC\src\main.o
                0x080012ec                LEDsSet
 .text.Initialize
                0x0800131c       0x6c GGHC_SRC\src\main.o
                0x0800131c                Initialize
 .text.delay    0x08001388       0x34 GGHC_SRC\src\main.o
                0x08001388                delay
 .text.main     0x080013bc       0x78 GGHC_SRC\src\main.o
                0x080013bc                main
 .text.NVIC_EnableIRQ
                0x08001434       0x38 GGHC_SRC\src\i2c.o
 .text.NVIC_SetPriority
                0x0800146c       0x5c GGHC_SRC\src\i2c.o
 .text.NVIC_Configuration
                0x080014c8       0x60 GGHC_SRC\src\i2c.o
 .text.readAccelerometerRegister
                0x08001528       0x70 GGHC_SRC\src\i2c.o
                0x08001528                readAccelerometerRegister
 .text.writeAccelerometerRegister
                0x08001598       0x60 GGHC_SRC\src\i2c.o
                0x08001598                writeAccelerometerRegister
 .text.Init_Accelerometer
                0x080015f8       0xa8 GGHC_SRC\src\i2c.o
                0x080015f8                Init_Accelerometer
 .text.readAccelerometer
                0x080016a0       0x24 GGHC_SRC\src\i2c.o
                0x080016a0                readAccelerometer
 .text.ButtonsInit
                0x080016c4       0x88 GGHC_SRC\src\buttons.o
                0x080016c4                ButtonsInit
 .text.SysTick_Handler
                0x0800174c       0x24 GGHC_SRC\src\bsp.o
                0x0800174c                SysTick_Handler
 .text.TIM2_IRQHandler
                0x08001770      0x1e8 GGHC_SRC\src\audio_class.o
                0x08001770                TIM2_IRQHandler
 .text.InitAudioDevice
                0x08001958      0x244 GGHC_SRC\src\audio.o
                0x08001958                InitAudioDevice
 .text.LEDInit  0x08001b9c       0x34 GGHC_SRC\src\LED.o
                0x08001b9c                LEDInit
 .text.Single_LED_On
                0x08001bd0       0xac GGHC_SRC\src\LED.o
                0x08001bd0                Single_LED_On
 .text.RGB_LED_On
                0x08001c7c       0xa4 GGHC_SRC\src\LED.o
                0x08001c7c                RGB_LED_On
 .text.__enable_irq
                0x08001d20        0xc GGHC_SRC\src\I2CRoutines.o
 .text.__disable_irq
                0x08001d2c        0xc GGHC_SRC\src\I2CRoutines.o
 .text.I2C_Master_BufferRead
                0x08001d38      0x640 GGHC_SRC\src\I2CRoutines.o
                0x08001d38                I2C_Master_BufferRead
 .text.I2C_Master_BufferWrite
                0x08002378      0x370 GGHC_SRC\src\I2CRoutines.o
                0x08002378                I2C_Master_BufferWrite
 .text.I2C_LowLevel_Init
                0x080026e8      0x318 GGHC_SRC\src\I2CRoutines.o
                0x080026e8                I2C_LowLevel_Init
 .text.I2C_DMAConfig
                0x08002a00      0x1a4 GGHC_SRC\src\I2CRoutines.o
                0x08002a00                I2C_DMAConfig
 .text.I2C1_EV_IRQHandler
                0x08002ba4      0x404 GGHC_SRC\src\I2CRoutines.o
                0x08002ba4                I2C1_EV_IRQHandler
 .text.I2C2_EV_IRQHandler
                0x08002fa8      0x404 GGHC_SRC\src\I2CRoutines.o
                0x08002fa8                I2C2_EV_IRQHandler
 .text.I2C2_ER_IRQHandler
                0x080033ac       0xd4 GGHC_SRC\src\I2CRoutines.o
                0x080033ac                I2C2_ER_IRQHandler
 .text.I2C1_ER_IRQHandler
                0x08003480       0xd4 GGHC_SRC\src\I2CRoutines.o
                0x08003480                I2C1_ER_IRQHandler
 .text.DDS_initializeContext
                0x08003554       0x40 GGHC_SRC\src\DDS.o
                0x08003554                DDS_initializeContext
 .text.DDS_setFrequency
                0x08003594       0x6c GGHC_SRC\src\DDS.o
                0x08003594                DDS_setFrequency
 .text.TIM_DeInit
                0x08003600      0x2b0 GGHC_SRC\Libraries\STM32F10x_StdPeriph_Driver\src\stm32f10x_tim.o
                0x08003600                TIM_DeInit
 .text.TIM_TimeBaseInit
                0x080038b0      0x120 GGHC_SRC\Libraries\STM32F10x_StdPeriph_Driver\src\stm32f10x_tim.o
                0x080038b0                TIM_TimeBaseInit
 .text.TIM_OC1Init
                0x080039d0      0x134 GGHC_SRC\Libraries\STM32F10x_StdPeriph_Driver\src\stm32f10x_tim.o
                0x080039d0                TIM_OC1Init
 .text.TIM_OC2Init
                0x08003b04      0x134 GGHC_SRC\Libraries\STM32F10x_StdPeriph_Driver\src\stm32f10x_tim.o
                0x08003b04                TIM_OC2Init
 .text.TIM_OC3Init
                0x08003c38      0x130 GGHC_SRC\Libraries\STM32F10x_StdPeriph_Driver\src\stm32f10x_tim.o
                0x08003c38                TIM_OC3Init
 .text.TIM_OC4Init
                0x08003d68       0xe8 GGHC_SRC\Libraries\STM32F10x_StdPeriph_Driver\src\stm32f10x_tim.o
                0x08003d68                TIM_OC4Init
 .text.TIM_Cmd  0x08003e50       0x40 GGHC_SRC\Libraries\STM32F10x_StdPeriph_Driver\src\stm32f10x_tim.o
                0x08003e50                TIM_Cmd
 .text.TIM_CtrlPWMOutputs
                0x08003e90       0x50 GGHC_SRC\Libraries\STM32F10x_StdPeriph_Driver\src\stm32f10x_tim.o
                0x08003e90                TIM_CtrlPWMOutputs
 .text.TIM_ITConfig
                0x08003ee0       0x4c GGHC_SRC\Libraries\STM32F10x_StdPeriph_Driver\src\stm32f10x_tim.o
                0x08003ee0                TIM_ITConfig
 .text.TIM_ARRPreloadConfig
                0x08003f2c       0x40 GGHC_SRC\Libraries\STM32F10x_StdPeriph_Driver\src\stm32f10x_tim.o
                0x08003f2c                TIM_ARRPreloadConfig
 .text.TIM_SetCompare1
                0x08003f6c       0x1c GGHC_SRC\Libraries\STM32F10x_StdPeriph_Driver\src\stm32f10x_tim.o
                0x08003f6c                TIM_SetCompare1
 .text.TIM_SetCompare2
                0x08003f88       0x1c GGHC_SRC\Libraries\STM32F10x_StdPeriph_Driver\src\stm32f10x_tim.o
                0x08003f88                TIM_SetCompare2
 .text.TIM_SetCompare3
                0x08003fa4       0x1c GGHC_SRC\Libraries\STM32F10x_StdPeriph_Driver\src\stm32f10x_tim.o
                0x08003fa4                TIM_SetCompare3
 .text.TIM_SetCompare4
                0x08003fc0       0x20 GGHC_SRC\Libraries\STM32F10x_StdPeriph_Driver\src\stm32f10x_tim.o
                0x08003fc0                TIM_SetCompare4
 .text.TIM_ClearITPendingBit
                0x08003fe0       0x24 GGHC_SRC\Libraries\STM32F10x_StdPeriph_Driver\src\stm32f10x_tim.o
                0x08003fe0                TIM_ClearITPendingBit
 .text.RCC_GetClocksFreq
                0x08004004      0x1d4 GGHC_SRC\Libraries\STM32F10x_StdPeriph_Driver\src\stm32f10x_rcc.o
                0x08004004                RCC_GetClocksFreq
 .text.RCC_AHBPeriphClockCmd
                0x080041d8       0x5c GGHC_SRC\Libraries\STM32F10x_StdPeriph_Driver\src\stm32f10x_rcc.o
                0x080041d8                RCC_AHBPeriphClockCmd
 .text.RCC_APB2PeriphClockCmd
                0x08004234       0x5c GGHC_SRC\Libraries\STM32F10x_StdPeriph_Driver\src\stm32f10x_rcc.o
                0x08004234                RCC_APB2PeriphClockCmd
 .text.RCC_APB1PeriphClockCmd
                0x08004290       0x5c GGHC_SRC\Libraries\STM32F10x_StdPeriph_Driver\src\stm32f10x_rcc.o
                0x08004290                RCC_APB1PeriphClockCmd
 .text.RCC_APB2PeriphResetCmd
                0x080042ec       0x5c GGHC_SRC\Libraries\STM32F10x_StdPeriph_Driver\src\stm32f10x_rcc.o
                0x080042ec                RCC_APB2PeriphResetCmd
 .text.RCC_APB1PeriphResetCmd
                0x08004348       0x5c GGHC_SRC\Libraries\STM32F10x_StdPeriph_Driver\src\stm32f10x_rcc.o
                0x08004348                RCC_APB1PeriphResetCmd
 .text.I2C_Init
                0x080043a4      0x1b8 GGHC_SRC\Libraries\STM32F10x_StdPeriph_Driver\src\stm32f10x_i2c.o
                0x080043a4                I2C_Init
 .text.I2C_GenerateSTOP
                0x0800455c       0x40 GGHC_SRC\Libraries\STM32F10x_StdPeriph_Driver\src\stm32f10x_i2c.o
                0x0800455c                I2C_GenerateSTOP
 .text.GPIO_Init
                0x0800459c      0x1c0 GGHC_SRC\Libraries\STM32F10x_StdPeriph_Driver\src\stm32f10x_gpio.o
                0x0800459c                GPIO_Init
 .text.GPIO_WriteBit
                0x0800475c       0x30 GGHC_SRC\Libraries\STM32F10x_StdPeriph_Driver\src\stm32f10x_gpio.o
                0x0800475c                GPIO_WriteBit
 .text.DMA_DeInit
                0x0800478c      0x224 GGHC_SRC\Libraries\STM32F10x_StdPeriph_Driver\src\stm32f10x_dma.o
                0x0800478c                DMA_DeInit
 .text.DMA_Init
                0x080049b0       0x84 GGHC_SRC\Libraries\STM32F10x_StdPeriph_Driver\src\stm32f10x_dma.o
                0x080049b0                DMA_Init
 .text.DMA_Cmd  0x08004a34       0x3c GGHC_SRC\Libraries\STM32F10x_StdPeriph_Driver\src\stm32f10x_dma.o
                0x08004a34                DMA_Cmd
 .text.DMA_GetFlagStatus
                0x08004a70       0x60 GGHC_SRC\Libraries\STM32F10x_StdPeriph_Driver\src\stm32f10x_dma.o
                0x08004a70                DMA_GetFlagStatus
 .text.DMA_ClearFlag
                0x08004ad0       0x38 GGHC_SRC\Libraries\STM32F10x_StdPeriph_Driver\src\stm32f10x_dma.o
                0x08004ad0                DMA_ClearFlag
 .text.NVIC_PriorityGroupConfig
                0x08004b08       0x28 GGHC_SRC\Libraries\STM32F10x_StdPeriph_Driver\src\misc.o
                0x08004b08                NVIC_PriorityGroupConfig
 .text.Reset_Handler
                0x08004b30       0x48 GGHC_SRC\Libraries\CMSIS\CM3\DeviceSupport\ST\STM32F10x\startup\TrueSTUDIO\startup_stm32f10x_xl.o
                0x08004b30                Reset_Handler
 .text.Default_Handler
                0x08004b78        0x2 GGHC_SRC\Libraries\CMSIS\CM3\DeviceSupport\ST\STM32F10x\startup\TrueSTUDIO\startup_stm32f10x_xl.o
                0x08004b78                EXTI2_IRQHandler
                0x08004b78                TIM8_CC_IRQHandler
                0x08004b78                TIM1_CC_IRQHandler
                0x08004b78                TIM6_IRQHandler
                0x08004b78                PVD_IRQHandler
                0x08004b78                SDIO_IRQHandler
                0x08004b78                EXTI3_IRQHandler
                0x08004b78                TIM8_TRG_COM_TIM14_IRQHandler
                0x08004b78                TIM1_UP_TIM10_IRQHandler
                0x08004b78                TIM8_UP_TIM13_IRQHandler
                0x08004b78                EXTI0_IRQHandler
                0x08004b78                ADC1_2_IRQHandler
                0x08004b78                SPI1_IRQHandler
                0x08004b78                TAMPER_IRQHandler
                0x08004b78                TIM1_BRK_TIM9_IRQHandler
                0x08004b78                DMA2_Channel2_IRQHandler
                0x08004b78                DMA1_Channel4_IRQHandler
                0x08004b78                USART3_IRQHandler
                0x08004b78                RTC_IRQHandler
                0x08004b78                DMA1_Channel7_IRQHandler
                0x08004b78                CAN1_RX1_IRQHandler
                0x08004b78                UART5_IRQHandler
                0x08004b78                ADC3_IRQHandler
                0x08004b78                TIM4_IRQHandler
                0x08004b78                DMA2_Channel1_IRQHandler
                0x08004b78                DMA1_Channel6_IRQHandler
                0x08004b78                UART4_IRQHandler
                0x08004b78                TIM3_IRQHandler
                0x08004b78                RCC_IRQHandler
                0x08004b78                TIM8_BRK_TIM12_IRQHandler
                0x08004b78                DMA1_Channel1_IRQHandler
                0x08004b78                Default_Handler
                0x08004b78                EXTI15_10_IRQHandler
                0x08004b78                TIM7_IRQHandler
                0x08004b78                TIM5_IRQHandler
                0x08004b78                EXTI9_5_IRQHandler
                0x08004b78                SPI2_IRQHandler
                0x08004b78                DMA1_Channel5_IRQHandler
                0x08004b78                EXTI4_IRQHandler
                0x08004b78                USB_LP_CAN1_RX0_IRQHandler
                0x08004b78                USB_HP_CAN1_TX_IRQHandler
                0x08004b78                DMA1_Channel3_IRQHandler
                0x08004b78                FSMC_IRQHandler
                0x08004b78                WWDG_IRQHandler
                0x08004b78                TIM1_TRG_COM_TIM11_IRQHandler
                0x08004b78                EXTI1_IRQHandler
                0x08004b78                RTCAlarm_IRQHandler
                0x08004b78                DMA2_Channel4_5_IRQHandler
                0x08004b78                USART2_IRQHandler
                0x08004b78                DMA1_Channel2_IRQHandler
                0x08004b78                CAN1_SCE_IRQHandler
                0x08004b78                FLASH_IRQHandler
                0x08004b78                USART1_IRQHandler
                0x08004b78                SPI3_IRQHandler
                0x08004b78                USBWakeUp_IRQHandler
                0x08004b78                DMA2_Channel3_IRQHandler
 *fill*         0x08004b7a        0x2 00
 .text.__libc_init_array
                0x08004b7c       0x48 c:/program files/atollic/truestudio stm32 lite 2.1.0/armtools/bin/../lib/gcc/arm-atollic-eabi/4.5.1/../../../../arm-atollic-eabi/lib/thumb/thumb2\libc.a(lib_a-init.o)
                0x08004b7c                __libc_init_array
 .text.memcpy   0x08004bc4       0x16 c:/program files/atollic/truestudio stm32 lite 2.1.0/armtools/bin/../lib/gcc/arm-atollic-eabi/4.5.1/../../../../arm-atollic-eabi/lib/thumb/thumb2\libc.a(lib_a-memcpy.o)
                0x08004bc4                memcpy
 *(.rodata)
 *(.rodata*)
 *fill*         0x08004bda        0x2 00
 .rodata.voice1
                0x08004bdc     0x8000 GGHC_SRC\src\voices.o
                0x08004bdc                voice1
 .rodata.C.0.6635
                0x0800cbdc        0x4 GGHC_SRC\src\timer.o
 .rodata.C.1.6636
                0x0800cbe0       0x10 GGHC_SRC\src\timer.o
 .rodata.C.2.6637
                0x0800cbf0        0x4 GGHC_SRC\src\timer.o
 .rodata.C.3.6638
                0x0800cbf4       0x10 GGHC_SRC\src\timer.o
 .rodata.C.4.6639
                0x0800cc04        0x4 GGHC_SRC\src\timer.o
 .rodata.C.5.6640
                0x0800cc08       0x10 GGHC_SRC\src\timer.o
 .rodata.C.6.6641
                0x0800cc18        0x4 GGHC_SRC\src\timer.o
 .rodata.C.7.6642
                0x0800cc1c       0x10 GGHC_SRC\src\timer.o
 .rodata.C.12.6651
                0x0800cc2c        0x4 GGHC_SRC\src\timer.o
 .rodata.C.13.6652
                0x0800cc30       0x10 GGHC_SRC\src\timer.o
 .rodata.BUTTON_PINS
                0x0800cc40        0xc GGHC_SRC\src\buttons.o
                0x0800cc40                BUTTON_PINS
 *(.glue_7)
 .glue_7        0x00000000        0x0 linker stubs
 *(.glue_7t)
 .glue_7t       0x00000000        0x0 linker stubs
 *(.eh_frame)
 *(.init)
 .init          0x0800cc4c        0x4 c:/program files/atollic/truestudio stm32 lite 2.1.0/armtools/bin/../lib/gcc/arm-atollic-eabi/4.5.1/thumb/thumb2/crti.o
                0x0800cc4c                _init
 .init          0x0800cc50        0x8 c:/program files/atollic/truestudio stm32 lite 2.1.0/armtools/bin/../lib/gcc/arm-atollic-eabi/4.5.1/thumb/thumb2/crtn.o
 *(.fini)
 .fini          0x0800cc58        0x4 c:/program files/atollic/truestudio stm32 lite 2.1.0/armtools/bin/../lib/gcc/arm-atollic-eabi/4.5.1/thumb/thumb2/crti.o
                0x0800cc58                _fini
 .fini          0x0800cc5c        0x8 c:/program files/atollic/truestudio stm32 lite 2.1.0/armtools/bin/../lib/gcc/arm-atollic-eabi/4.5.1/thumb/thumb2/crtn.o
                0x0800cc64                . = ALIGN (0x4)
                0x0800cc64                _etext = .

.vfp11_veneer   0x0800cc64        0x0
 .vfp11_veneer  0x00000000        0x0 linker stubs

.v4_bx          0x0800cc64        0x0
 .v4_bx         0x00000000        0x0 linker stubs

.ARM.extab
 *(.ARM.extab* .gnu.linkonce.armextab.*)

.ARM            0x0800cc64        0x0
                0x0800cc64                __exidx_start = .
 *(.ARM.exidx*)
                0x0800cc64                __exidx_end = .

.preinit_array  0x0800cc64        0x0
                0x0800cc64                PROVIDE (__preinit_array_start, .)
 *(.preinit_array*)
                0x0800cc64                PROVIDE (__preinit_array_end, .)

.init_array     0x0800cc64        0x4
                0x0800cc64                PROVIDE (__init_array_start, .)
 *(SORT(.init_array.*))
 *(.init_array*)
 .init_array    0x0800cc64        0x4 c:/program files/atollic/truestudio stm32 lite 2.1.0/armtools/bin/../lib/gcc/arm-atollic-eabi/4.5.1/thumb/thumb2/crtbegin.o
                0x0800cc68                PROVIDE (__init_array_end, .)

.fini_array     0x0800cc68        0x4
                0x0800cc68                PROVIDE (__fini_array_start, .)
 *(.fini_array*)
 .fini_array    0x0800cc68        0x4 c:/program files/atollic/truestudio stm32 lite 2.1.0/armtools/bin/../lib/gcc/arm-atollic-eabi/4.5.1/thumb/thumb2/crtbegin.o
 *(SORT(.fini_array.*))
                0x0800cc6c                PROVIDE (__fini_array_end, .)
                0x0800cc6c                _sidata = .

.data           0x20000000      0x2dc load address 0x0800cc6c
                0x20000000                . = ALIGN (0x4)
                0x20000000                _sdata = .
 *(.data)
 *(.data*)
 .data.SystemCoreClock
                0x20000000        0x4 GGHC_SRC\src\system_stm32f10x.o
                0x20000000                SystemCoreClock
 .data.BUTTON_PORTS
                0x20000004       0x14 GGHC_SRC\src\buttons.o
                0x20000004                BUTTON_PORTS
 .data.Val      0x20000018        0x4 GGHC_SRC\src\audio_class.o
 .data.AudioSpkVolMul
                0x2000001c        0x4 GGHC_SRC\src\audio_class.o
                0x2000001c                AudioSpkVolMul
 .data.metronomeVoice
                0x20000020       0x60 GGHC_SRC\src\audio.o
                0x20000020                metronomeVoice
 .data.Single_LED_map
                0x20000080       0x48 GGHC_SRC\src\LED.o
 .data.Buffer_Tx1
                0x200000c8      0x100 GGHC_SRC\src\I2CRoutines.o
 .data.Buffer_Tx2
                0x200001c8      0x100 GGHC_SRC\src\I2CRoutines.o
 .data.APBAHBPrescTable
                0x200002c8       0x10 GGHC_SRC\Libraries\STM32F10x_StdPeriph_Driver\src\stm32f10x_rcc.o
 .data.ADCPrescTable
                0x200002d8        0x4 GGHC_SRC\Libraries\STM32F10x_StdPeriph_Driver\src\stm32f10x_rcc.o
                0x200002dc                . = ALIGN (0x4)
                0x200002dc                _edata = .

.jcr            0x200002dc        0x0 load address 0x0800cf48
 .jcr           0x200002dc        0x0 c:/program files/atollic/truestudio stm32 lite 2.1.0/armtools/bin/../lib/gcc/arm-atollic-eabi/4.5.1/thumb/thumb2/crtbegin.o
                0x200002dc                . = ALIGN (0x4)

.bss            0x200002dc      0x600 load address 0x0800cf48
                0x200002dc                _sbss = .
                0x200002dc                __bss_start__ = _sbss
 *(.bss)
 .bss           0x200002dc        0x1 c:/program files/atollic/truestudio stm32 lite 2.1.0/armtools/bin/../lib/gcc/arm-atollic-eabi/4.5.1/thumb/thumb2/crtbegin.o
 *(.bss*)
 .bss.LedState  0x200002dd        0x1 GGHC_SRC\src\main.o
                0x200002dd                LedState
 .bss.playNextFrame
                0x200002de        0x1 GGHC_SRC\src\audio_class.o
                0x200002de                playNextFrame
 *fill*         0x200002df        0x1 00
 .bss.metronomePeriod
                0x200002e0        0x4 GGHC_SRC\src\audio.o
 .bss.Buffer_Rx1
                0x200002e4      0x100 GGHC_SRC\src\I2CRoutines.o
 .bss.Buffer_Rx2
                0x200003e4      0x100 GGHC_SRC\src\I2CRoutines.o
 .bss.Tx_Idx1   0x200004e4        0x1 GGHC_SRC\src\I2CRoutines.o
 .bss.Rx_Idx1   0x200004e5        0x1 GGHC_SRC\src\I2CRoutines.o
 .bss.Tx_Idx2   0x200004e6        0x1 GGHC_SRC\src\I2CRoutines.o
 .bss.Rx_Idx2   0x200004e7        0x1 GGHC_SRC\src\I2CRoutines.o
 .bss.I2CDirection
                0x200004e8        0x4 GGHC_SRC\src\I2CRoutines.o
                0x200004e8                I2CDirection
 *(COMMON)
 COMMON         0x200004ec       0x28 GGHC_SRC\src\buttons.o
                0x200004ec                buttons
 COMMON         0x20000514        0x4 GGHC_SRC\src\bsp.o
                0x20000514                systemTime
 COMMON         0x20000518      0x2e4 GGHC_SRC\src\audio_class.o
                0x20000518                AudioDataSize
                0x2000051a                AudioCN
                0x2000051c                AudioFeat1Vol
                0x2000051e                AudioId
                0x20000520                SempCount
                0x20000524                AudioSpkData
                0x20000644                SempPerCurrHold
                0x20000648                pMicData
                0x2000064a                AudioFeat2Vol
                0x2000064c                AudioRequest
                0x20000650                Delta
                0x20000654                AudioMicVolMul
                0x20000658                AudioFeat1Mute
                0x2000065c                AudioMicData2
                0x2000071c                MicCurrBuffer
                0x20000720                AudioCS
                0x20000721                MicEna
                0x20000724                AudioMicData1
                0x200007e4                pSpkData
                0x200007e8                DeltaPer
                0x200007ec                AudioFeat2Mute
                0x200007f0                AudioBuf
                0x200007f2                SempEna
                0x200007f4                SempPeriod
                0x200007f8                MicSempCount
 COMMON         0x200007fc       0xa8 GGHC_SRC\src\audio.o
                0x200007fc                notes
 COMMON         0x200008a4       0x38 GGHC_SRC\src\I2CRoutines.o
                0x200008a4                I2CDMA_InitStructure
                0x200008d0                Address
                0x200008d4                NumbOfBytes2
                0x200008d8                NumbOfBytes1
                0x200008dc                . = ALIGN (0x4)
                0x200008dc                _ebss = .
                0x200008dc                __bss_end__ = _ebss

._user_heap_stack
                0x200008dc       0x80 load address 0x0800d548
                0x200008dc                . = ALIGN (0x4)
                0x200008dc                PROVIDE (end, .)
                0x200008dc                PROVIDE (_end, .)
                0x200008dc                . = (. + _Min_Heap_Size)
                0x2000095c                . = (. + _Min_Stack_Size)
 *fill*         0x200008dc       0x80 00
                0x2000095c                . = ALIGN (0x4)

.memory_b1_text
 *(.mb1text)
 *(.mb1text*)
 *(.mb1rodata)
 *(.mb1rodata*)

/DISCARD/
 libc.a(*)
 libm.a(*)
 libgcc.a(*)

.ARM.attributes
                0x00000000       0x25
 *(.ARM.attributes)
 .ARM.attributes
                0x00000000       0x19 c:/program files/atollic/truestudio stm32 lite 2.1.0/armtools/bin/../lib/gcc/arm-atollic-eabi/4.5.1/thumb/thumb2/crti.o
 .ARM.attributes
                0x00000019       0x29 c:/program files/atollic/truestudio stm32 lite 2.1.0/armtools/bin/../lib/gcc/arm-atollic-eabi/4.5.1/thumb/thumb2/crtbegin.o
 .ARM.attributes
                0x00000042       0x31 GGHC_SRC\src\voices.o
 .ARM.attributes
                0x00000073       0x31 GGHC_SRC\src\timer.o
 .ARM.attributes
                0x000000a4       0x31 GGHC_SRC\src\system_stm32f10x.o
 .ARM.attributes
                0x000000d5       0x31 GGHC_SRC\src\stm32f10x_it.o
 .ARM.attributes
                0x00000106       0x31 GGHC_SRC\src\main.o
 .ARM.attributes
                0x00000137       0x31 GGHC_SRC\src\i2c.o
 .ARM.attributes
                0x00000168       0x31 GGHC_SRC\src\buttons.o
 .ARM.attributes
                0x00000199       0x31 GGHC_SRC\src\bsp.o
 .ARM.attributes
                0x000001ca       0x31 GGHC_SRC\src\audio_class.o
 .ARM.attributes
                0x000001fb       0x31 GGHC_SRC\src\audio.o
 .ARM.attributes
                0x0000022c       0x31 GGHC_SRC\src\LED.o
 .ARM.attributes
                0x0000025d       0x31 GGHC_SRC\src\I2CRoutines.o
 .ARM.attributes
                0x0000028e       0x31 GGHC_SRC\src\DDS.o
 .ARM.attributes
                0x000002bf       0x31 GGHC_SRC\Libraries\STM32F10x_StdPeriph_Driver\src\stm32f10x_wwdg.o
 .ARM.attributes
                0x000002f0       0x31 GGHC_SRC\Libraries\STM32F10x_StdPeriph_Driver\src\stm32f10x_usart.o
 .ARM.attributes
                0x00000321       0x31 GGHC_SRC\Libraries\STM32F10x_StdPeriph_Driver\src\stm32f10x_tim.o
 .ARM.attributes
                0x00000352       0x31 GGHC_SRC\Libraries\STM32F10x_StdPeriph_Driver\src\stm32f10x_spi.o
 .ARM.attributes
                0x00000383       0x31 GGHC_SRC\Libraries\STM32F10x_StdPeriph_Driver\src\stm32f10x_sdio.o
 .ARM.attributes
                0x000003b4       0x31 GGHC_SRC\Libraries\STM32F10x_StdPeriph_Driver\src\stm32f10x_rtc.o
 .ARM.attributes
                0x000003e5       0x31 GGHC_SRC\Libraries\STM32F10x_StdPeriph_Driver\src\stm32f10x_rcc.o
 .ARM.attributes
                0x00000416       0x31 GGHC_SRC\Libraries\STM32F10x_StdPeriph_Driver\src\stm32f10x_pwr.o
 .ARM.attributes
                0x00000447       0x31 GGHC_SRC\Libraries\STM32F10x_StdPeriph_Driver\src\stm32f10x_iwdg.o
 .ARM.attributes
                0x00000478       0x31 GGHC_SRC\Libraries\STM32F10x_StdPeriph_Driver\src\stm32f10x_i2c.o
 .ARM.attributes
                0x000004a9       0x31 GGHC_SRC\Libraries\STM32F10x_StdPeriph_Driver\src\stm32f10x_gpio.o
 .ARM.attributes
                0x000004da       0x31 GGHC_SRC\Libraries\STM32F10x_StdPeriph_Driver\src\stm32f10x_fsmc.o
 .ARM.attributes
                0x0000050b       0x31 GGHC_SRC\Libraries\STM32F10x_StdPeriph_Driver\src\stm32f10x_flash.o
 .ARM.attributes
                0x0000053c       0x31 GGHC_SRC\Libraries\STM32F10x_StdPeriph_Driver\src\stm32f10x_exti.o
 .ARM.attributes
                0x0000056d       0x31 GGHC_SRC\Libraries\STM32F10x_StdPeriph_Driver\src\stm32f10x_dma.o
 .ARM.attributes
                0x0000059e       0x31 GGHC_SRC\Libraries\STM32F10x_StdPeriph_Driver\src\stm32f10x_dbgmcu.o
 .ARM.attributes
                0x000005cf       0x31 GGHC_SRC\Libraries\STM32F10x_StdPeriph_Driver\src\stm32f10x_dac.o
 .ARM.attributes
                0x00000600       0x31 GGHC_SRC\Libraries\STM32F10x_StdPeriph_Driver\src\stm32f10x_crc.o
 .ARM.attributes
                0x00000631       0x31 GGHC_SRC\Libraries\STM32F10x_StdPeriph_Driver\src\stm32f10x_cec.o
 .ARM.attributes
                0x00000662       0x31 GGHC_SRC\Libraries\STM32F10x_StdPeriph_Driver\src\stm32f10x_can.o
 .ARM.attributes
                0x00000693       0x31 GGHC_SRC\Libraries\STM32F10x_StdPeriph_Driver\src\stm32f10x_bkp.o
 .ARM.attributes
                0x000006c4       0x31 GGHC_SRC\Libraries\STM32F10x_StdPeriph_Driver\src\stm32f10x_adc.o
 .ARM.attributes
                0x000006f5       0x31 GGHC_SRC\Libraries\STM32F10x_StdPeriph_Driver\src\misc.o
 .ARM.attributes
                0x00000726       0x21 GGHC_SRC\Libraries\CMSIS\CM3\DeviceSupport\ST\STM32F10x\startup\TrueSTUDIO\startup_stm32f10x_xl.o
 .ARM.attributes
                0x00000747       0x31 GGHC_SRC\Libraries\CMSIS\CM3\CoreSupport\core_cm3.o
 .ARM.attributes
                0x00000778       0x31 .metadata\.plugins\org.eclipse.cdt.make.core\specs.o
 .ARM.attributes
                0x000007a9       0x1b c:/program files/atollic/truestudio stm32 lite 2.1.0/armtools/bin/../lib/gcc/arm-atollic-eabi/4.5.1/thumb/thumb2\libgcc.a(_arm_addsubdf3.o)
 .ARM.attributes
                0x000007c4       0x1b c:/program files/atollic/truestudio stm32 lite 2.1.0/armtools/bin/../lib/gcc/arm-atollic-eabi/4.5.1/thumb/thumb2\libgcc.a(_arm_muldivdf3.o)
 .ARM.attributes
                0x000007df       0x1b c:/program files/atollic/truestudio stm32 lite 2.1.0/armtools/bin/../lib/gcc/arm-atollic-eabi/4.5.1/thumb/thumb2\libgcc.a(_arm_truncdfsf2.o)
 .ARM.attributes
                0x000007fa       0x1b c:/program files/atollic/truestudio stm32 lite 2.1.0/armtools/bin/../lib/gcc/arm-atollic-eabi/4.5.1/thumb/thumb2\libgcc.a(_arm_fixunssfsi.o)
 .ARM.attributes
                0x00000815       0x29 c:/program files/atollic/truestudio stm32 lite 2.1.0/armtools/bin/../lib/gcc/arm-atollic-eabi/4.5.1/../../../../arm-atollic-eabi/lib/thumb/thumb2\libc.a(lib_a-init.o)
 .ARM.attributes
                0x0000083e       0x29 c:/program files/atollic/truestudio stm32 lite 2.1.0/armtools/bin/../lib/gcc/arm-atollic-eabi/4.5.1/../../../../arm-atollic-eabi/lib/thumb/thumb2\libc.a(lib_a-memcpy.o)
 .ARM.attributes
                0x00000867       0x29 c:/program files/atollic/truestudio stm32 lite 2.1.0/armtools/bin/../lib/gcc/arm-atollic-eabi/4.5.1/thumb/thumb2/crtend.o
 .ARM.attributes
                0x00000890       0x19 c:/program files/atollic/truestudio stm32 lite 2.1.0/armtools/bin/../lib/gcc/arm-atollic-eabi/4.5.1/thumb/thumb2/crtn.o
OUTPUT(Jigbox.elf elf32-littlearm)

.debug_line     0x00000000     0x7f5d
 .debug_line    0x00000000       0x6d c:/program files/atollic/truestudio stm32 lite 2.1.0/armtools/bin/../lib/gcc/arm-atollic-eabi/4.5.1/thumb/thumb2/crti.o
 .debug_line    0x0000006d      0x16d GGHC_SRC\src\voices.o
 .debug_line    0x000001da      0x2d0 GGHC_SRC\src\timer.o
 .debug_line    0x000004aa      0x232 GGHC_SRC\src\system_stm32f10x.o
 .debug_line    0x000006dc      0x11e GGHC_SRC\src\stm32f10x_it.o
 .debug_line    0x000007fa      0x30d GGHC_SRC\src\main.o
 .debug_line    0x00000b07      0x23b GGHC_SRC\src\i2c.o
 .debug_line    0x00000d42      0x27d GGHC_SRC\src\buttons.o
 .debug_line    0x00000fbf      0x27a GGHC_SRC\src\bsp.o
 .debug_line    0x00001239      0x200 GGHC_SRC\src\audio_class.o
 .debug_line    0x00001439      0x277 GGHC_SRC\src\audio.o
 .debug_line    0x000016b0      0x21a GGHC_SRC\src\LED.o
 .debug_line    0x000018ca      0x59c GGHC_SRC\src\I2CRoutines.o
 .debug_line    0x00001e66      0x14d GGHC_SRC\src\DDS.o
 .debug_line    0x00001fb3      0x22e GGHC_SRC\Libraries\STM32F10x_StdPeriph_Driver\src\stm32f10x_wwdg.o
 .debug_line    0x000021e1      0x498 GGHC_SRC\Libraries\STM32F10x_StdPeriph_Driver\src\stm32f10x_usart.o
 .debug_line    0x00002679      0xa92 GGHC_SRC\Libraries\STM32F10x_StdPeriph_Driver\src\stm32f10x_tim.o
 .debug_line    0x0000310b      0x41f GGHC_SRC\Libraries\STM32F10x_StdPeriph_Driver\src\stm32f10x_spi.o
 .debug_line    0x0000352a      0x448 GGHC_SRC\Libraries\STM32F10x_StdPeriph_Driver\src\stm32f10x_sdio.o
 .debug_line    0x00003972      0x2c4 GGHC_SRC\Libraries\STM32F10x_StdPeriph_Driver\src\stm32f10x_rtc.o
 .debug_line    0x00003c36      0x4c3 GGHC_SRC\Libraries\STM32F10x_StdPeriph_Driver\src\stm32f10x_rcc.o
 .debug_line    0x000040f9      0x281 GGHC_SRC\Libraries\STM32F10x_StdPeriph_Driver\src\stm32f10x_pwr.o
 .debug_line    0x0000437a      0x207 GGHC_SRC\Libraries\STM32F10x_StdPeriph_Driver\src\stm32f10x_iwdg.o
 .debug_line    0x00004581      0x4c0 GGHC_SRC\Libraries\STM32F10x_StdPeriph_Driver\src\stm32f10x_i2c.o
 .debug_line    0x00004a41      0x3ac GGHC_SRC\Libraries\STM32F10x_StdPeriph_Driver\src\stm32f10x_gpio.o
 .debug_line    0x00004ded      0x45d GGHC_SRC\Libraries\STM32F10x_StdPeriph_Driver\src\stm32f10x_fsmc.o
 .debug_line    0x0000524a      0x5af GGHC_SRC\Libraries\STM32F10x_StdPeriph_Driver\src\stm32f10x_flash.o
 .debug_line    0x000057f9      0x2a5 GGHC_SRC\Libraries\STM32F10x_StdPeriph_Driver\src\stm32f10x_exti.o
 .debug_line    0x00005a9e      0x300 GGHC_SRC\Libraries\STM32F10x_StdPeriph_Driver\src\stm32f10x_dma.o
 .debug_line    0x00005d9e      0x1d1 GGHC_SRC\Libraries\STM32F10x_StdPeriph_Driver\src\stm32f10x_dbgmcu.o
 .debug_line    0x00005f6f      0x2ed GGHC_SRC\Libraries\STM32F10x_StdPeriph_Driver\src\stm32f10x_dac.o
 .debug_line    0x0000625c      0x216 GGHC_SRC\Libraries\STM32F10x_StdPeriph_Driver\src\stm32f10x_crc.o
 .debug_line    0x00006472      0x310 GGHC_SRC\Libraries\STM32F10x_StdPeriph_Driver\src\stm32f10x_cec.o
 .debug_line    0x00006782      0x4bf GGHC_SRC\Libraries\STM32F10x_StdPeriph_Driver\src\stm32f10x_can.o
 .debug_line    0x00006c41      0x27d GGHC_SRC\Libraries\STM32F10x_StdPeriph_Driver\src\stm32f10x_bkp.o
 .debug_line    0x00006ebe      0x520 GGHC_SRC\Libraries\STM32F10x_StdPeriph_Driver\src\stm32f10x_adc.o
 .debug_line    0x000073de      0x241 GGHC_SRC\Libraries\STM32F10x_StdPeriph_Driver\src\misc.o
 .debug_line    0x0000761f       0xc0 GGHC_SRC\Libraries\CMSIS\CM3\DeviceSupport\ST\STM32F10x\startup\TrueSTUDIO\startup_stm32f10x_xl.o
 .debug_line    0x000076df      0x2a2 GGHC_SRC\Libraries\CMSIS\CM3\CoreSupport\core_cm3.o
 .debug_line    0x00007981        0x0 .metadata\.plugins\org.eclipse.cdt.make.core\specs.o
 .debug_line    0x00007981      0x213 c:/program files/atollic/truestudio stm32 lite 2.1.0/armtools/bin/../lib/gcc/arm-atollic-eabi/4.5.1/thumb/thumb2\libgcc.a(_arm_addsubdf3.o)
 .debug_line    0x00007b94      0x22f c:/program files/atollic/truestudio stm32 lite 2.1.0/armtools/bin/../lib/gcc/arm-atollic-eabi/4.5.1/thumb/thumb2\libgcc.a(_arm_muldivdf3.o)
 .debug_line    0x00007dc3       0xa1 c:/program files/atollic/truestudio stm32 lite 2.1.0/armtools/bin/../lib/gcc/arm-atollic-eabi/4.5.1/thumb/thumb2\libgcc.a(_arm_truncdfsf2.o)
 .debug_line    0x00007e64       0x89 c:/program files/atollic/truestudio stm32 lite 2.1.0/armtools/bin/../lib/gcc/arm-atollic-eabi/4.5.1/thumb/thumb2\libgcc.a(_arm_fixunssfsi.o)
 .debug_line    0x00007eed       0x70 c:/program files/atollic/truestudio stm32 lite 2.1.0/armtools/bin/../lib/gcc/arm-atollic-eabi/4.5.1/thumb/thumb2/crtn.o

.debug_info     0x00000000    0x10131
 .debug_info    0x00000000       0x7e c:/program files/atollic/truestudio stm32 lite 2.1.0/armtools/bin/../lib/gcc/arm-atollic-eabi/4.5.1/thumb/thumb2/crti.o
 .debug_info    0x0000007e      0x106 GGHC_SRC\src\voices.o
 .debug_info    0x00000184      0x761 GGHC_SRC\src\timer.o
 .debug_info    0x000008e5      0x50a GGHC_SRC\src\system_stm32f10x.o
 .debug_info    0x00000def      0x139 GGHC_SRC\src\stm32f10x_it.o
 .debug_info    0x00000f28      0xa4b GGHC_SRC\src\main.o
 .debug_info    0x00001973      0x838 GGHC_SRC\src\i2c.o
 .debug_info    0x000021ab      0x386 GGHC_SRC\src\buttons.o
 .debug_info    0x00002531      0x748 GGHC_SRC\src\bsp.o
 .debug_info    0x00002c79      0x6b1 GGHC_SRC\src\audio_class.o
 .debug_info    0x0000332a      0x47a GGHC_SRC\src\audio.o
 .debug_info    0x000037a4      0x50a GGHC_SRC\src\LED.o
 .debug_info    0x00003cae      0x8dd GGHC_SRC\src\I2CRoutines.o
 .debug_info    0x0000458b      0x282 GGHC_SRC\src\DDS.o
 .debug_info    0x0000480d      0x239 GGHC_SRC\Libraries\STM32F10x_StdPeriph_Driver\src\stm32f10x_wwdg.o
 .debug_info    0x00004a46      0xa70 GGHC_SRC\Libraries\STM32F10x_StdPeriph_Driver\src\stm32f10x_usart.o
 .debug_info    0x000054b6     0x1e1c GGHC_SRC\Libraries\STM32F10x_StdPeriph_Driver\src\stm32f10x_tim.o
 .debug_info    0x000072d2      0x975 GGHC_SRC\Libraries\STM32F10x_StdPeriph_Driver\src\stm32f10x_spi.o
 .debug_info    0x00007c47      0x893 GGHC_SRC\Libraries\STM32F10x_StdPeriph_Driver\src\stm32f10x_sdio.o
 .debug_info    0x000084da      0x46e GGHC_SRC\Libraries\STM32F10x_StdPeriph_Driver\src\stm32f10x_rtc.o
 .debug_info    0x00008948      0x905 GGHC_SRC\Libraries\STM32F10x_StdPeriph_Driver\src\stm32f10x_rcc.o
 .debug_info    0x0000924d      0x45f GGHC_SRC\Libraries\STM32F10x_StdPeriph_Driver\src\stm32f10x_pwr.o
 .debug_info    0x000096ac      0x204 GGHC_SRC\Libraries\STM32F10x_StdPeriph_Driver\src\stm32f10x_iwdg.o
 .debug_info    0x000098b0      0xb5f GGHC_SRC\Libraries\STM32F10x_StdPeriph_Driver\src\stm32f10x_i2c.o
 .debug_info    0x0000a40f      0x727 GGHC_SRC\Libraries\STM32F10x_StdPeriph_Driver\src\stm32f10x_gpio.o
 .debug_info    0x0000ab36      0x99d GGHC_SRC\Libraries\STM32F10x_StdPeriph_Driver\src\stm32f10x_fsmc.o
 .debug_info    0x0000b4d3      0x988 GGHC_SRC\Libraries\STM32F10x_StdPeriph_Driver\src\stm32f10x_flash.o
 .debug_info    0x0000be5b      0x365 GGHC_SRC\Libraries\STM32F10x_StdPeriph_Driver\src\stm32f10x_exti.o
 .debug_info    0x0000c1c0      0x4a6 GGHC_SRC\Libraries\STM32F10x_StdPeriph_Driver\src\stm32f10x_dma.o
 .debug_info    0x0000c666      0x15e GGHC_SRC\Libraries\STM32F10x_StdPeriph_Driver\src\stm32f10x_dbgmcu.o
 .debug_info    0x0000c7c4      0x4dc GGHC_SRC\Libraries\STM32F10x_StdPeriph_Driver\src\stm32f10x_dac.o
 .debug_info    0x0000cca0      0x204 GGHC_SRC\Libraries\STM32F10x_StdPeriph_Driver\src\stm32f10x_crc.o
 .debug_info    0x0000cea4      0x440 GGHC_SRC\Libraries\STM32F10x_StdPeriph_Driver\src\stm32f10x_cec.o
 .debug_info    0x0000d2e4      0xb10 GGHC_SRC\Libraries\STM32F10x_StdPeriph_Driver\src\stm32f10x_can.o
 .debug_info    0x0000ddf4      0x87d GGHC_SRC\Libraries\STM32F10x_StdPeriph_Driver\src\stm32f10x_bkp.o
 .debug_info    0x0000e671      0xc12 GGHC_SRC\Libraries\STM32F10x_StdPeriph_Driver\src\stm32f10x_adc.o
 .debug_info    0x0000f283      0x54a GGHC_SRC\Libraries\STM32F10x_StdPeriph_Driver\src\misc.o
 .debug_info    0x0000f7cd       0xb2 GGHC_SRC\Libraries\CMSIS\CM3\DeviceSupport\ST\STM32F10x\startup\TrueSTUDIO\startup_stm32f10x_xl.o
 .debug_info    0x0000f87f      0x54c GGHC_SRC\Libraries\CMSIS\CM3\CoreSupport\core_cm3.o
 .debug_info    0x0000fdcb        0x0 .metadata\.plugins\org.eclipse.cdt.make.core\specs.o
 .debug_info    0x0000fdcb       0xba c:/program files/atollic/truestudio stm32 lite 2.1.0/armtools/bin/../lib/gcc/arm-atollic-eabi/4.5.1/thumb/thumb2\libgcc.a(_arm_addsubdf3.o)
 .debug_info    0x0000fe85       0xba c:/program files/atollic/truestudio stm32 lite 2.1.0/armtools/bin/../lib/gcc/arm-atollic-eabi/4.5.1/thumb/thumb2\libgcc.a(_arm_muldivdf3.o)
 .debug_info    0x0000ff3f       0xba c:/program files/atollic/truestudio stm32 lite 2.1.0/armtools/bin/../lib/gcc/arm-atollic-eabi/4.5.1/thumb/thumb2\libgcc.a(_arm_truncdfsf2.o)
 .debug_info    0x0000fff9       0xba c:/program files/atollic/truestudio stm32 lite 2.1.0/armtools/bin/../lib/gcc/arm-atollic-eabi/4.5.1/thumb/thumb2\libgcc.a(_arm_fixunssfsi.o)
 .debug_info    0x000100b3       0x7e c:/program files/atollic/truestudio stm32 lite 2.1.0/armtools/bin/../lib/gcc/arm-atollic-eabi/4.5.1/thumb/thumb2/crtn.o

.debug_abbrev   0x00000000     0x3194
 .debug_abbrev  0x00000000       0x12 c:/program files/atollic/truestudio stm32 lite 2.1.0/armtools/bin/../lib/gcc/arm-atollic-eabi/4.5.1/thumb/thumb2/crti.o
 .debug_abbrev  0x00000012       0x91 GGHC_SRC\src\voices.o
 .debug_abbrev  0x000000a3      0x114 GGHC_SRC\src\timer.o
 .debug_abbrev  0x000001b7      0x18f GGHC_SRC\src\system_stm32f10x.o
 .debug_abbrev  0x00000346       0x59 GGHC_SRC\src\stm32f10x_it.o
 .debug_abbrev  0x0000039f      0x219 GGHC_SRC\src\main.o
 .debug_abbrev  0x000005b8      0x197 GGHC_SRC\src\i2c.o
 .debug_abbrev  0x0000074f      0x152 GGHC_SRC\src\buttons.o
 .debug_abbrev  0x000008a1      0x1ba GGHC_SRC\src\bsp.o
 .debug_abbrev  0x00000a5b      0x148 GGHC_SRC\src\audio_class.o
 .debug_abbrev  0x00000ba3      0x15d GGHC_SRC\src\audio.o
 .debug_abbrev  0x00000d00      0x158 GGHC_SRC\src\LED.o
 .debug_abbrev  0x00000e58      0x1a4 GGHC_SRC\src\I2CRoutines.o
 .debug_abbrev  0x00000ffc       0xe2 GGHC_SRC\src\DDS.o
 .debug_abbrev  0x000010de       0xfa GGHC_SRC\Libraries\STM32F10x_StdPeriph_Driver\src\stm32f10x_wwdg.o
 .debug_abbrev  0x000011d8      0x15d GGHC_SRC\Libraries\STM32F10x_StdPeriph_Driver\src\stm32f10x_usart.o
 .debug_abbrev  0x00001335      0x174 GGHC_SRC\Libraries\STM32F10x_StdPeriph_Driver\src\stm32f10x_tim.o
 .debug_abbrev  0x000014a9      0x15f GGHC_SRC\Libraries\STM32F10x_StdPeriph_Driver\src\stm32f10x_spi.o
 .debug_abbrev  0x00001608      0x1a4 GGHC_SRC\Libraries\STM32F10x_StdPeriph_Driver\src\stm32f10x_sdio.o
 .debug_abbrev  0x000017ac      0x168 GGHC_SRC\Libraries\STM32F10x_StdPeriph_Driver\src\stm32f10x_rtc.o
 .debug_abbrev  0x00001914      0x193 GGHC_SRC\Libraries\STM32F10x_StdPeriph_Driver\src\stm32f10x_rcc.o
 .debug_abbrev  0x00001aa7      0x186 GGHC_SRC\Libraries\STM32F10x_StdPeriph_Driver\src\stm32f10x_pwr.o
 .debug_abbrev  0x00001c2d       0xfc GGHC_SRC\Libraries\STM32F10x_StdPeriph_Driver\src\stm32f10x_iwdg.o
 .debug_abbrev  0x00001d29      0x15f GGHC_SRC\Libraries\STM32F10x_StdPeriph_Driver\src\stm32f10x_i2c.o
 .debug_abbrev  0x00001e88      0x1a6 GGHC_SRC\Libraries\STM32F10x_StdPeriph_Driver\src\stm32f10x_gpio.o
 .debug_abbrev  0x0000202e      0x168 GGHC_SRC\Libraries\STM32F10x_StdPeriph_Driver\src\stm32f10x_fsmc.o
 .debug_abbrev  0x00002196      0x185 GGHC_SRC\Libraries\STM32F10x_StdPeriph_Driver\src\stm32f10x_flash.o
 .debug_abbrev  0x0000231b      0x14c GGHC_SRC\Libraries\STM32F10x_StdPeriph_Driver\src\stm32f10x_exti.o
 .debug_abbrev  0x00002467      0x150 GGHC_SRC\Libraries\STM32F10x_StdPeriph_Driver\src\stm32f10x_dma.o
 .debug_abbrev  0x000025b7       0xdc GGHC_SRC\Libraries\STM32F10x_StdPeriph_Driver\src\stm32f10x_dbgmcu.o
 .debug_abbrev  0x00002693      0x16b GGHC_SRC\Libraries\STM32F10x_StdPeriph_Driver\src\stm32f10x_dac.o
 .debug_abbrev  0x000027fe      0x10c GGHC_SRC\Libraries\STM32F10x_StdPeriph_Driver\src\stm32f10x_crc.o
 .debug_abbrev  0x0000290a      0x18b GGHC_SRC\Libraries\STM32F10x_StdPeriph_Driver\src\stm32f10x_cec.o
 .debug_abbrev  0x00002a95      0x1ae GGHC_SRC\Libraries\STM32F10x_StdPeriph_Driver\src\stm32f10x_can.o
 .debug_abbrev  0x00002c43      0x158 GGHC_SRC\Libraries\STM32F10x_StdPeriph_Driver\src\stm32f10x_bkp.o
 .debug_abbrev  0x00002d9b      0x176 GGHC_SRC\Libraries\STM32F10x_StdPeriph_Driver\src\stm32f10x_adc.o
 .debug_abbrev  0x00002f11      0x137 GGHC_SRC\Libraries\STM32F10x_StdPeriph_Driver\src\misc.o
 .debug_abbrev  0x00003048       0x12 GGHC_SRC\Libraries\CMSIS\CM3\DeviceSupport\ST\STM32F10x\startup\TrueSTUDIO\startup_stm32f10x_xl.o
 .debug_abbrev  0x0000305a       0xd7 GGHC_SRC\Libraries\CMSIS\CM3\CoreSupport\core_cm3.o
 .debug_abbrev  0x00003131        0x1 .metadata\.plugins\org.eclipse.cdt.make.core\specs.o
 .debug_abbrev  0x00003132       0x14 c:/program files/atollic/truestudio stm32 lite 2.1.0/armtools/bin/../lib/gcc/arm-atollic-eabi/4.5.1/thumb/thumb2\libgcc.a(_arm_addsubdf3.o)
 .debug_abbrev  0x00003146       0x14 c:/program files/atollic/truestudio stm32 lite 2.1.0/armtools/bin/../lib/gcc/arm-atollic-eabi/4.5.1/thumb/thumb2\libgcc.a(_arm_muldivdf3.o)
 .debug_abbrev  0x0000315a       0x14 c:/program files/atollic/truestudio stm32 lite 2.1.0/armtools/bin/../lib/gcc/arm-atollic-eabi/4.5.1/thumb/thumb2\libgcc.a(_arm_truncdfsf2.o)
 .debug_abbrev  0x0000316e       0x14 c:/program files/atollic/truestudio stm32 lite 2.1.0/armtools/bin/../lib/gcc/arm-atollic-eabi/4.5.1/thumb/thumb2\libgcc.a(_arm_fixunssfsi.o)
 .debug_abbrev  0x00003182       0x12 c:/program files/atollic/truestudio stm32 lite 2.1.0/armtools/bin/../lib/gcc/arm-atollic-eabi/4.5.1/thumb/thumb2/crtn.o

.debug_aranges  0x00000000     0x15e8
 .debug_aranges
                0x00000000       0x28 c:/program files/atollic/truestudio stm32 lite 2.1.0/armtools/bin/../lib/gcc/arm-atollic-eabi/4.5.1/thumb/thumb2/crti.o
 .debug_aranges
                0x00000028       0x48 GGHC_SRC\src\timer.o
 .debug_aranges
                0x00000070       0x38 GGHC_SRC\src\system_stm32f10x.o
 .debug_aranges
                0x000000a8       0x58 GGHC_SRC\src\stm32f10x_it.o
 .debug_aranges
                0x00000100       0x48 GGHC_SRC\src\main.o
 .debug_aranges
                0x00000148       0x50 GGHC_SRC\src\i2c.o
 .debug_aranges
                0x00000198       0x28 GGHC_SRC\src\buttons.o
 .debug_aranges
                0x000001c0       0x58 GGHC_SRC\src\bsp.o
 .debug_aranges
                0x00000218       0x20 GGHC_SRC\src\audio_class.o
 .debug_aranges
                0x00000238       0x48 GGHC_SRC\src\audio.o
 .debug_aranges
                0x00000280       0x30 GGHC_SRC\src\LED.o
 .debug_aranges
                0x000002b0       0x70 GGHC_SRC\src\I2CRoutines.o
 .debug_aranges
                0x00000320       0x38 GGHC_SRC\src\DDS.o
 .debug_aranges
                0x00000358       0x58 GGHC_SRC\Libraries\STM32F10x_StdPeriph_Driver\src\stm32f10x_wwdg.o
 .debug_aranges
                0x000003b0      0x100 GGHC_SRC\Libraries\STM32F10x_StdPeriph_Driver\src\stm32f10x_usart.o
 .debug_aranges
                0x000004b0      0x2f0 GGHC_SRC\Libraries\STM32F10x_StdPeriph_Driver\src\stm32f10x_tim.o
 .debug_aranges
                0x000007a0       0xd0 GGHC_SRC\Libraries\STM32F10x_StdPeriph_Driver\src\stm32f10x_spi.o
 .debug_aranges
                0x00000870      0x108 GGHC_SRC\Libraries\STM32F10x_StdPeriph_Driver\src\stm32f10x_sdio.o
 .debug_aranges
                0x00000978       0x88 GGHC_SRC\Libraries\STM32F10x_StdPeriph_Driver\src\stm32f10x_rtc.o
 .debug_aranges
                0x00000a00      0x118 GGHC_SRC\Libraries\STM32F10x_StdPeriph_Driver\src\stm32f10x_rcc.o
 .debug_aranges
                0x00000b18       0x70 GGHC_SRC\Libraries\STM32F10x_StdPeriph_Driver\src\stm32f10x_pwr.o
 .debug_aranges
                0x00000b88       0x48 GGHC_SRC\Libraries\STM32F10x_StdPeriph_Driver\src\stm32f10x_iwdg.o
 .debug_aranges
                0x00000bd0      0x118 GGHC_SRC\Libraries\STM32F10x_StdPeriph_Driver\src\stm32f10x_i2c.o
 .debug_aranges
                0x00000ce8       0xa8 GGHC_SRC\Libraries\STM32F10x_StdPeriph_Driver\src\stm32f10x_gpio.o
 .debug_aranges
                0x00000d90       0xb0 GGHC_SRC\Libraries\STM32F10x_StdPeriph_Driver\src\stm32f10x_fsmc.o
 .debug_aranges
                0x00000e40      0x128 GGHC_SRC\Libraries\STM32F10x_StdPeriph_Driver\src\stm32f10x_flash.o
 .debug_aranges
                0x00000f68       0x58 GGHC_SRC\Libraries\STM32F10x_StdPeriph_Driver\src\stm32f10x_exti.o
 .debug_aranges
                0x00000fc0       0x70 GGHC_SRC\Libraries\STM32F10x_StdPeriph_Driver\src\stm32f10x_dma.o
 .debug_aranges
                0x00001030       0x30 GGHC_SRC\Libraries\STM32F10x_StdPeriph_Driver\src\stm32f10x_dbgmcu.o
 .debug_aranges
                0x00001060       0x78 GGHC_SRC\Libraries\STM32F10x_StdPeriph_Driver\src\stm32f10x_dac.o
 .debug_aranges
                0x000010d8       0x48 GGHC_SRC\Libraries\STM32F10x_StdPeriph_Driver\src\stm32f10x_crc.o
 .debug_aranges
                0x00001120       0x88 GGHC_SRC\Libraries\STM32F10x_StdPeriph_Driver\src\stm32f10x_cec.o
 .debug_aranges
                0x000011a8       0xb8 GGHC_SRC\Libraries\STM32F10x_StdPeriph_Driver\src\stm32f10x_can.o
 .debug_aranges
                0x00001260       0x78 GGHC_SRC\Libraries\STM32F10x_StdPeriph_Driver\src\stm32f10x_bkp.o
 .debug_aranges
                0x000012d8      0x138 GGHC_SRC\Libraries\STM32F10x_StdPeriph_Driver\src\stm32f10x_adc.o
 .debug_aranges
                0x00001410       0x40 GGHC_SRC\Libraries\STM32F10x_StdPeriph_Driver\src\misc.o
 .debug_aranges
                0x00001450       0x28 GGHC_SRC\Libraries\CMSIS\CM3\DeviceSupport\ST\STM32F10x\startup\TrueSTUDIO\startup_stm32f10x_xl.o
 .debug_aranges
                0x00001478       0xc8 GGHC_SRC\Libraries\CMSIS\CM3\CoreSupport\core_cm3.o
 .debug_aranges
                0x00001540       0x20 c:/program files/atollic/truestudio stm32 lite 2.1.0/armtools/bin/../lib/gcc/arm-atollic-eabi/4.5.1/thumb/thumb2\libgcc.a(_arm_addsubdf3.o)
 .debug_aranges
                0x00001560       0x20 c:/program files/atollic/truestudio stm32 lite 2.1.0/armtools/bin/../lib/gcc/arm-atollic-eabi/4.5.1/thumb/thumb2\libgcc.a(_arm_muldivdf3.o)
 .debug_aranges
                0x00001580       0x20 c:/program files/atollic/truestudio stm32 lite 2.1.0/armtools/bin/../lib/gcc/arm-atollic-eabi/4.5.1/thumb/thumb2\libgcc.a(_arm_truncdfsf2.o)
 .debug_aranges
                0x000015a0       0x20 c:/program files/atollic/truestudio stm32 lite 2.1.0/armtools/bin/../lib/gcc/arm-atollic-eabi/4.5.1/thumb/thumb2\libgcc.a(_arm_fixunssfsi.o)
 .debug_aranges
                0x000015c0       0x28 c:/program files/atollic/truestudio stm32 lite 2.1.0/armtools/bin/../lib/gcc/arm-atollic-eabi/4.5.1/thumb/thumb2/crtn.o

.debug_ranges   0x00000000     0x1310
 .debug_ranges  0x00000000       0x20 c:/program files/atollic/truestudio stm32 lite 2.1.0/armtools/bin/../lib/gcc/arm-atollic-eabi/4.5.1/thumb/thumb2/crti.o
 .debug_ranges  0x00000020       0x38 GGHC_SRC\src\timer.o
 .debug_ranges  0x00000058       0x28 GGHC_SRC\src\system_stm32f10x.o
 .debug_ranges  0x00000080       0x48 GGHC_SRC\src\stm32f10x_it.o
 .debug_ranges  0x000000c8       0x38 GGHC_SRC\src\main.o
 .debug_ranges  0x00000100       0x40 GGHC_SRC\src\i2c.o
 .debug_ranges  0x00000140       0x18 GGHC_SRC\src\buttons.o
 .debug_ranges  0x00000158       0x48 GGHC_SRC\src\bsp.o
 .debug_ranges  0x000001a0       0x10 GGHC_SRC\src\audio_class.o
 .debug_ranges  0x000001b0       0x38 GGHC_SRC\src\audio.o
 .debug_ranges  0x000001e8       0x20 GGHC_SRC\src\LED.o
 .debug_ranges  0x00000208       0x60 GGHC_SRC\src\I2CRoutines.o
 .debug_ranges  0x00000268       0x28 GGHC_SRC\src\DDS.o
 .debug_ranges  0x00000290       0x48 GGHC_SRC\Libraries\STM32F10x_StdPeriph_Driver\src\stm32f10x_wwdg.o
 .debug_ranges  0x000002d8       0xf0 GGHC_SRC\Libraries\STM32F10x_StdPeriph_Driver\src\stm32f10x_usart.o
 .debug_ranges  0x000003c8      0x2e0 GGHC_SRC\Libraries\STM32F10x_StdPeriph_Driver\src\stm32f10x_tim.o
 .debug_ranges  0x000006a8       0xc0 GGHC_SRC\Libraries\STM32F10x_StdPeriph_Driver\src\stm32f10x_spi.o
 .debug_ranges  0x00000768       0xf8 GGHC_SRC\Libraries\STM32F10x_StdPeriph_Driver\src\stm32f10x_sdio.o
 .debug_ranges  0x00000860       0x78 GGHC_SRC\Libraries\STM32F10x_StdPeriph_Driver\src\stm32f10x_rtc.o
 .debug_ranges  0x000008d8      0x108 GGHC_SRC\Libraries\STM32F10x_StdPeriph_Driver\src\stm32f10x_rcc.o
 .debug_ranges  0x000009e0       0x60 GGHC_SRC\Libraries\STM32F10x_StdPeriph_Driver\src\stm32f10x_pwr.o
 .debug_ranges  0x00000a40       0x38 GGHC_SRC\Libraries\STM32F10x_StdPeriph_Driver\src\stm32f10x_iwdg.o
 .debug_ranges  0x00000a78      0x108 GGHC_SRC\Libraries\STM32F10x_StdPeriph_Driver\src\stm32f10x_i2c.o
 .debug_ranges  0x00000b80       0x98 GGHC_SRC\Libraries\STM32F10x_StdPeriph_Driver\src\stm32f10x_gpio.o
 .debug_ranges  0x00000c18       0xa0 GGHC_SRC\Libraries\STM32F10x_StdPeriph_Driver\src\stm32f10x_fsmc.o
 .debug_ranges  0x00000cb8      0x118 GGHC_SRC\Libraries\STM32F10x_StdPeriph_Driver\src\stm32f10x_flash.o
 .debug_ranges  0x00000dd0       0x48 GGHC_SRC\Libraries\STM32F10x_StdPeriph_Driver\src\stm32f10x_exti.o
 .debug_ranges  0x00000e18       0x60 GGHC_SRC\Libraries\STM32F10x_StdPeriph_Driver\src\stm32f10x_dma.o
 .debug_ranges  0x00000e78       0x20 GGHC_SRC\Libraries\STM32F10x_StdPeriph_Driver\src\stm32f10x_dbgmcu.o
 .debug_ranges  0x00000e98       0x68 GGHC_SRC\Libraries\STM32F10x_StdPeriph_Driver\src\stm32f10x_dac.o
 .debug_ranges  0x00000f00       0x38 GGHC_SRC\Libraries\STM32F10x_StdPeriph_Driver\src\stm32f10x_crc.o
 .debug_ranges  0x00000f38       0x78 GGHC_SRC\Libraries\STM32F10x_StdPeriph_Driver\src\stm32f10x_cec.o
 .debug_ranges  0x00000fb0       0xa8 GGHC_SRC\Libraries\STM32F10x_StdPeriph_Driver\src\stm32f10x_can.o
 .debug_ranges  0x00001058       0x68 GGHC_SRC\Libraries\STM32F10x_StdPeriph_Driver\src\stm32f10x_bkp.o
 .debug_ranges  0x000010c0      0x128 GGHC_SRC\Libraries\STM32F10x_StdPeriph_Driver\src\stm32f10x_adc.o
 .debug_ranges  0x000011e8       0x30 GGHC_SRC\Libraries\STM32F10x_StdPeriph_Driver\src\misc.o
 .debug_ranges  0x00001218       0x20 GGHC_SRC\Libraries\CMSIS\CM3\DeviceSupport\ST\STM32F10x\startup\TrueSTUDIO\startup_stm32f10x_xl.o
 .debug_ranges  0x00001238       0xb8 GGHC_SRC\Libraries\CMSIS\CM3\CoreSupport\core_cm3.o
 .debug_ranges  0x000012f0       0x20 c:/program files/atollic/truestudio stm32 lite 2.1.0/armtools/bin/../lib/gcc/arm-atollic-eabi/4.5.1/thumb/thumb2/crtn.o

.comment        0x00000000       0xc2
 .comment       0x00000000       0x61 c:/program files/atollic/truestudio stm32 lite 2.1.0/armtools/bin/../lib/gcc/arm-atollic-eabi/4.5.1/thumb/thumb2/crtbegin.o
                                 0x62 (size before relaxing)
 .comment       0x00000061       0x61 GGHC_SRC\src\voices.o
                                 0x62 (size before relaxing)
 .comment       0x00000000       0x62 GGHC_SRC\src\timer.o
 .comment       0x00000000       0x62 GGHC_SRC\src\system_stm32f10x.o
 .comment       0x00000000       0x62 GGHC_SRC\src\stm32f10x_it.o
 .comment       0x00000000       0x62 GGHC_SRC\src\main.o
 .comment       0x00000000       0x62 GGHC_SRC\src\i2c.o
 .comment       0x00000000       0x62 GGHC_SRC\src\buttons.o
 .comment       0x00000000       0x62 GGHC_SRC\src\bsp.o
 .comment       0x00000000       0x62 GGHC_SRC\src\audio_class.o
 .comment       0x00000000       0x62 GGHC_SRC\src\audio.o
 .comment       0x00000000       0x62 GGHC_SRC\src\LED.o
 .comment       0x00000000       0x62 GGHC_SRC\src\I2CRoutines.o
 .comment       0x00000000       0x62 GGHC_SRC\src\DDS.o
 .comment       0x00000000       0x62 GGHC_SRC\Libraries\STM32F10x_StdPeriph_Driver\src\stm32f10x_wwdg.o
 .comment       0x00000000       0x62 GGHC_SRC\Libraries\STM32F10x_StdPeriph_Driver\src\stm32f10x_usart.o
 .comment       0x00000000       0x62 GGHC_SRC\Libraries\STM32F10x_StdPeriph_Driver\src\stm32f10x_tim.o
 .comment       0x00000000       0x62 GGHC_SRC\Libraries\STM32F10x_StdPeriph_Driver\src\stm32f10x_spi.o
 .comment       0x00000000       0x62 GGHC_SRC\Libraries\STM32F10x_StdPeriph_Driver\src\stm32f10x_sdio.o
 .comment       0x00000000       0x62 GGHC_SRC\Libraries\STM32F10x_StdPeriph_Driver\src\stm32f10x_rtc.o
 .comment       0x00000000       0x62 GGHC_SRC\Libraries\STM32F10x_StdPeriph_Driver\src\stm32f10x_rcc.o
 .comment       0x00000000       0x62 GGHC_SRC\Libraries\STM32F10x_StdPeriph_Driver\src\stm32f10x_pwr.o
 .comment       0x00000000       0x62 GGHC_SRC\Libraries\STM32F10x_StdPeriph_Driver\src\stm32f10x_iwdg.o
 .comment       0x00000000       0x62 GGHC_SRC\Libraries\STM32F10x_StdPeriph_Driver\src\stm32f10x_i2c.o
 .comment       0x00000000       0x62 GGHC_SRC\Libraries\STM32F10x_StdPeriph_Driver\src\stm32f10x_gpio.o
 .comment       0x00000000       0x62 GGHC_SRC\Libraries\STM32F10x_StdPeriph_Driver\src\stm32f10x_fsmc.o
 .comment       0x00000000       0x62 GGHC_SRC\Libraries\STM32F10x_StdPeriph_Driver\src\stm32f10x_flash.o
 .comment       0x00000000       0x62 GGHC_SRC\Libraries\STM32F10x_StdPeriph_Driver\src\stm32f10x_exti.o
 .comment       0x00000000       0x62 GGHC_SRC\Libraries\STM32F10x_StdPeriph_Driver\src\stm32f10x_dma.o
 .comment       0x00000000       0x62 GGHC_SRC\Libraries\STM32F10x_StdPeriph_Driver\src\stm32f10x_dbgmcu.o
 .comment       0x00000000       0x62 GGHC_SRC\Libraries\STM32F10x_StdPeriph_Driver\src\stm32f10x_dac.o
 .comment       0x00000000       0x62 GGHC_SRC\Libraries\STM32F10x_StdPeriph_Driver\src\stm32f10x_crc.o
 .comment       0x00000000       0x62 GGHC_SRC\Libraries\STM32F10x_StdPeriph_Driver\src\stm32f10x_cec.o
 .comment       0x00000000       0x62 GGHC_SRC\Libraries\STM32F10x_StdPeriph_Driver\src\stm32f10x_can.o
 .comment       0x00000000       0x62 GGHC_SRC\Libraries\STM32F10x_StdPeriph_Driver\src\stm32f10x_bkp.o
 .comment       0x00000000       0x62 GGHC_SRC\Libraries\STM32F10x_StdPeriph_Driver\src\stm32f10x_adc.o
 .comment       0x00000000       0x62 GGHC_SRC\Libraries\STM32F10x_StdPeriph_Driver\src\misc.o
 .comment       0x00000000       0x62 GGHC_SRC\Libraries\CMSIS\CM3\CoreSupport\core_cm3.o
 .comment       0x00000000       0x62 .metadata\.plugins\org.eclipse.cdt.make.core\specs.o
 .comment       0x00000000       0x62 c:/program files/atollic/truestudio stm32 lite 2.1.0/armtools/bin/../lib/gcc/arm-atollic-eabi/4.5.1/../../../../arm-atollic-eabi/lib/thumb/thumb2\libc.a(lib_a-init.o)
 .comment       0x00000000       0x62 c:/program files/atollic/truestudio stm32 lite 2.1.0/armtools/bin/../lib/gcc/arm-atollic-eabi/4.5.1/../../../../arm-atollic-eabi/lib/thumb/thumb2\libc.a(lib_a-memcpy.o)
 .comment       0x00000000       0x62 c:/program files/atollic/truestudio stm32 lite 2.1.0/armtools/bin/../lib/gcc/arm-atollic-eabi/4.5.1/thumb/thumb2/crtend.o

.debug_pubnames
                0x00000000     0x3389
 .debug_pubnames
                0x00000000       0x1d GGHC_SRC\src\voices.o
 .debug_pubnames
                0x0000001d       0x83 GGHC_SRC\src\timer.o
 .debug_pubnames
                0x000000a0       0x61 GGHC_SRC\src\system_stm32f10x.o
 .debug_pubnames
                0x00000101       0xb2 GGHC_SRC\src\stm32f10x_it.o
 .debug_pubnames
                0x000001b3       0x4d GGHC_SRC\src\main.o
 .debug_pubnames
                0x00000200       0x7c GGHC_SRC\src\i2c.o
 .debug_pubnames
                0x0000027c       0x76 GGHC_SRC\src\buttons.o
 .debug_pubnames
                0x000002f2       0x86 GGHC_SRC\src\bsp.o
 .debug_pubnames
                0x00000378      0x1db GGHC_SRC\src\audio_class.o
 .debug_pubnames
                0x00000553       0xb1 GGHC_SRC\src\audio.o
 .debug_pubnames
                0x00000604       0x3f GGHC_SRC\src\LED.o
 .debug_pubnames
                0x00000643      0x141 GGHC_SRC\src\I2CRoutines.o
 .debug_pubnames
                0x00000784       0x64 GGHC_SRC\src\DDS.o
 .debug_pubnames
                0x000007e8       0xb0 GGHC_SRC\Libraries\STM32F10x_StdPeriph_Driver\src\stm32f10x_wwdg.o
 .debug_pubnames
                0x00000898      0x294 GGHC_SRC\Libraries\STM32F10x_StdPeriph_Driver\src\stm32f10x_usart.o
 .debug_pubnames
                0x00000b2c      0x7b0 GGHC_SRC\Libraries\STM32F10x_StdPeriph_Driver\src\stm32f10x_tim.o
 .debug_pubnames
                0x000012dc      0x1f6 GGHC_SRC\Libraries\STM32F10x_StdPeriph_Driver\src\stm32f10x_spi.o
 .debug_pubnames
                0x000014d2      0x2ac GGHC_SRC\Libraries\STM32F10x_StdPeriph_Driver\src\stm32f10x_sdio.o
 .debug_pubnames
                0x0000177e      0x136 GGHC_SRC\Libraries\STM32F10x_StdPeriph_Driver\src\stm32f10x_rtc.o
 .debug_pubnames
                0x000018b4      0x2c4 GGHC_SRC\Libraries\STM32F10x_StdPeriph_Driver\src\stm32f10x_rcc.o
 .debug_pubnames
                0x00001b78       0xcb GGHC_SRC\Libraries\STM32F10x_StdPeriph_Driver\src\stm32f10x_pwr.o
 .debug_pubnames
                0x00001c43       0x91 GGHC_SRC\Libraries\STM32F10x_StdPeriph_Driver\src\stm32f10x_iwdg.o
 .debug_pubnames
                0x00001cd4      0x2b0 GGHC_SRC\Libraries\STM32F10x_StdPeriph_Driver\src\stm32f10x_i2c.o
 .debug_pubnames
                0x00001f84      0x19d GGHC_SRC\Libraries\STM32F10x_StdPeriph_Driver\src\stm32f10x_gpio.o
 .debug_pubnames
                0x00002121      0x1a3 GGHC_SRC\Libraries\STM32F10x_StdPeriph_Driver\src\stm32f10x_fsmc.o
 .debug_pubnames
                0x000022c4      0x38b GGHC_SRC\Libraries\STM32F10x_StdPeriph_Driver\src\stm32f10x_flash.o
 .debug_pubnames
                0x0000264f       0xbb GGHC_SRC\Libraries\STM32F10x_StdPeriph_Driver\src\stm32f10x_exti.o
 .debug_pubnames
                0x0000270a       0xea GGHC_SRC\Libraries\STM32F10x_StdPeriph_Driver\src\stm32f10x_dma.o
 .debug_pubnames
                0x000027f4       0x4c GGHC_SRC\Libraries\STM32F10x_StdPeriph_Driver\src\stm32f10x_dbgmcu.o
 .debug_pubnames
                0x00002840      0x116 GGHC_SRC\Libraries\STM32F10x_StdPeriph_Driver\src\stm32f10x_dac.o
 .debug_pubnames
                0x00002956       0x82 GGHC_SRC\Libraries\STM32F10x_StdPeriph_Driver\src\stm32f10x_crc.o
 .debug_pubnames
                0x000029d8      0x12b GGHC_SRC\Libraries\STM32F10x_StdPeriph_Driver\src\stm32f10x_cec.o
 .debug_pubnames
                0x00002b03      0x17b GGHC_SRC\Libraries\STM32F10x_StdPeriph_Driver\src\stm32f10x_can.o
 .debug_pubnames
                0x00002c7e      0x128 GGHC_SRC\Libraries\STM32F10x_StdPeriph_Driver\src\stm32f10x_bkp.o
 .debug_pubnames
                0x00002da6      0x401 GGHC_SRC\Libraries\STM32F10x_StdPeriph_Driver\src\stm32f10x_adc.o
 .debug_pubnames
                0x000031a7       0x89 GGHC_SRC\Libraries\STM32F10x_StdPeriph_Driver\src\misc.o
 .debug_pubnames
                0x00003230      0x159 GGHC_SRC\Libraries\CMSIS\CM3\CoreSupport\core_cm3.o

.debug_pubtypes
                0x00000000     0x1645
 .debug_pubtypes
                0x00000000       0x42 GGHC_SRC\src\voices.o
 .debug_pubtypes
                0x00000042       0xe1 GGHC_SRC\src\timer.o
 .debug_pubtypes
                0x00000123       0x67 GGHC_SRC\src\system_stm32f10x.o
 .debug_pubtypes
                0x0000018a       0x12 GGHC_SRC\src\stm32f10x_it.o
 .debug_pubtypes
                0x0000019c      0x17d GGHC_SRC\src\main.o
 .debug_pubtypes
                0x00000319       0x93 GGHC_SRC\src\i2c.o
 .debug_pubtypes
                0x000003ac       0xaa GGHC_SRC\src\buttons.o
 .debug_pubtypes
                0x00000456       0x83 GGHC_SRC\src\bsp.o
 .debug_pubtypes
                0x000004d9       0x7e GGHC_SRC\src\audio_class.o
 .debug_pubtypes
                0x00000557       0x94 GGHC_SRC\src\audio.o
 .debug_pubtypes
                0x000005eb       0xa2 GGHC_SRC\src\LED.o
 .debug_pubtypes
                0x0000068d       0xfd GGHC_SRC\src\I2CRoutines.o
 .debug_pubtypes
                0x0000078a       0x6a GGHC_SRC\src\DDS.o
 .debug_pubtypes
                0x000007f4       0x4b GGHC_SRC\Libraries\STM32F10x_StdPeriph_Driver\src\stm32f10x_wwdg.o
 .debug_pubtypes
                0x0000083f       0xc9 GGHC_SRC\Libraries\STM32F10x_StdPeriph_Driver\src\stm32f10x_usart.o
 .debug_pubtypes
                0x00000908       0xd8 GGHC_SRC\Libraries\STM32F10x_StdPeriph_Driver\src\stm32f10x_tim.o
 .debug_pubtypes
                0x000009e0       0xb6 GGHC_SRC\Libraries\STM32F10x_StdPeriph_Driver\src\stm32f10x_spi.o
 .debug_pubtypes
                0x00000a96       0xb2 GGHC_SRC\Libraries\STM32F10x_StdPeriph_Driver\src\stm32f10x_sdio.o
 .debug_pubtypes
                0x00000b48       0x78 GGHC_SRC\Libraries\STM32F10x_StdPeriph_Driver\src\stm32f10x_rtc.o
 .debug_pubtypes
                0x00000bc0       0x9e GGHC_SRC\Libraries\STM32F10x_StdPeriph_Driver\src\stm32f10x_rcc.o
 .debug_pubtypes
                0x00000c5e       0x78 GGHC_SRC\Libraries\STM32F10x_StdPeriph_Driver\src\stm32f10x_pwr.o
 .debug_pubtypes
                0x00000cd6       0x58 GGHC_SRC\Libraries\STM32F10x_StdPeriph_Driver\src\stm32f10x_iwdg.o
 .debug_pubtypes
                0x00000d2e       0xb2 GGHC_SRC\Libraries\STM32F10x_StdPeriph_Driver\src\stm32f10x_i2c.o
 .debug_pubtypes
                0x00000de0       0xc3 GGHC_SRC\Libraries\STM32F10x_StdPeriph_Driver\src\stm32f10x_gpio.o
 .debug_pubtypes
                0x00000ea3      0x168 GGHC_SRC\Libraries\STM32F10x_StdPeriph_Driver\src\stm32f10x_fsmc.o
 .debug_pubtypes
                0x0000100b       0x8d GGHC_SRC\Libraries\STM32F10x_StdPeriph_Driver\src\stm32f10x_flash.o
 .debug_pubtypes
                0x00001098       0xa2 GGHC_SRC\Libraries\STM32F10x_StdPeriph_Driver\src\stm32f10x_exti.o
 .debug_pubtypes
                0x0000113a       0x98 GGHC_SRC\Libraries\STM32F10x_StdPeriph_Driver\src\stm32f10x_dma.o
 .debug_pubtypes
                0x000011d2       0x46 GGHC_SRC\Libraries\STM32F10x_StdPeriph_Driver\src\stm32f10x_dbgmcu.o
 .debug_pubtypes
                0x00001218       0x70 GGHC_SRC\Libraries\STM32F10x_StdPeriph_Driver\src\stm32f10x_dac.o
 .debug_pubtypes
                0x00001288       0x48 GGHC_SRC\Libraries\STM32F10x_StdPeriph_Driver\src\stm32f10x_crc.o
 .debug_pubtypes
                0x000012d0       0x8c GGHC_SRC\Libraries\STM32F10x_StdPeriph_Driver\src\stm32f10x_cec.o
 .debug_pubtypes
                0x0000135c      0x115 GGHC_SRC\Libraries\STM32F10x_StdPeriph_Driver\src\stm32f10x_can.o
 .debug_pubtypes
                0x00001471       0x78 GGHC_SRC\Libraries\STM32F10x_StdPeriph_Driver\src\stm32f10x_bkp.o
 .debug_pubtypes
                0x000014e9       0x8c GGHC_SRC\Libraries\STM32F10x_StdPeriph_Driver\src\stm32f10x_adc.o
 .debug_pubtypes
                0x00001575       0x80 GGHC_SRC\Libraries\STM32F10x_StdPeriph_Driver\src\misc.o
 .debug_pubtypes
                0x000015f5       0x50 GGHC_SRC\Libraries\CMSIS\CM3\CoreSupport\core_cm3.o

.debug_str      0x00000000     0x5e72
 .debug_str     0x00000000      0x106 GGHC_SRC\src\voices.o
                                0x147 (size before relaxing)
 .debug_str     0x00000106      0x47a GGHC_SRC\src\timer.o
                                0x554 (size before relaxing)
 .debug_str     0x00000580      0x153 GGHC_SRC\src\system_stm32f10x.o
                                0x25e (size before relaxing)
 .debug_str     0x000006d3       0xa5 GGHC_SRC\src\stm32f10x_it.o
                                0x164 (size before relaxing)
 .debug_str     0x00000778      0x641 GGHC_SRC\src\main.o
                                0x958 (size before relaxing)
 .debug_str     0x00000db9       0xe2 GGHC_SRC\src\i2c.o
                                0x6c1 (size before relaxing)
 .debug_str     0x00000e9b       0x91 GGHC_SRC\src\buttons.o
                                0x2ec (size before relaxing)
 .debug_str     0x00000f2c       0x7a GGHC_SRC\src\bsp.o
                                0x691 (size before relaxing)
 .debug_str     0x00000fa6      0x16e GGHC_SRC\src\audio_class.o
                                0x3e0 (size before relaxing)
 .debug_str     0x00001114      0x1ee GGHC_SRC\src\audio.o
                                0x33f (size before relaxing)
 .debug_str     0x00001302      0x112 GGHC_SRC\src\LED.o
                                0x37a (size before relaxing)
 .debug_str     0x00001414      0x340 GGHC_SRC\src\I2CRoutines.o
                                0x617 (size before relaxing)
 .debug_str     0x00001754       0xc0 GGHC_SRC\src\DDS.o
                                0x224 (size before relaxing)
 .debug_str     0x00001814       0xed GGHC_SRC\Libraries\STM32F10x_StdPeriph_Driver\src\stm32f10x_wwdg.o
                                0x1f1 (size before relaxing)
 .debug_str     0x00001901      0x452 GGHC_SRC\Libraries\STM32F10x_StdPeriph_Driver\src\stm32f10x_usart.o
                                0x619 (size before relaxing)
 .debug_str     0x00001d53      0x9e6 GGHC_SRC\Libraries\STM32F10x_StdPeriph_Driver\src\stm32f10x_tim.o
                                0xd66 (size before relaxing)
 .debug_str     0x00002739      0x380 GGHC_SRC\Libraries\STM32F10x_StdPeriph_Driver\src\stm32f10x_spi.o
                                0x586 (size before relaxing)
 .debug_str     0x00002ab9      0x483 GGHC_SRC\Libraries\STM32F10x_StdPeriph_Driver\src\stm32f10x_sdio.o
                                0x5c4 (size before relaxing)
 .debug_str     0x00002f3c      0x1a2 GGHC_SRC\Libraries\STM32F10x_StdPeriph_Driver\src\stm32f10x_rtc.o
                                0x32b (size before relaxing)
 .debug_str     0x000030de      0x384 GGHC_SRC\Libraries\STM32F10x_StdPeriph_Driver\src\stm32f10x_rcc.o
                                0x5a3 (size before relaxing)
 .debug_str     0x00003462      0x12a GGHC_SRC\Libraries\STM32F10x_StdPeriph_Driver\src\stm32f10x_pwr.o
                                0x29b (size before relaxing)
 .debug_str     0x0000358c       0xea GGHC_SRC\Libraries\STM32F10x_StdPeriph_Driver\src\stm32f10x_iwdg.o
                                0x1e5 (size before relaxing)
 .debug_str     0x00003676      0x31c GGHC_SRC\Libraries\STM32F10x_StdPeriph_Driver\src\stm32f10x_i2c.o
                                0x5c7 (size before relaxing)
 .debug_str     0x00003992      0x252 GGHC_SRC\Libraries\STM32F10x_StdPeriph_Driver\src\stm32f10x_gpio.o
                                0x4a2 (size before relaxing)
 .debug_str     0x00003be4      0x5d4 GGHC_SRC\Libraries\STM32F10x_StdPeriph_Driver\src\stm32f10x_fsmc.o
                                0x70d (size before relaxing)
 .debug_str     0x000041b8      0x48f GGHC_SRC\Libraries\STM32F10x_StdPeriph_Driver\src\stm32f10x_flash.o
                                0x617 (size before relaxing)
 .debug_str     0x00004647      0x1cf GGHC_SRC\Libraries\STM32F10x_StdPeriph_Driver\src\stm32f10x_exti.o
                                0x2e7 (size before relaxing)
 .debug_str     0x00004816      0x140 GGHC_SRC\Libraries\STM32F10x_StdPeriph_Driver\src\stm32f10x_dma.o
                                0x341 (size before relaxing)
 .debug_str     0x00004956       0xa0 GGHC_SRC\Libraries\STM32F10x_StdPeriph_Driver\src\stm32f10x_dbgmcu.o
                                0x190 (size before relaxing)
 .debug_str     0x000049f6      0x226 GGHC_SRC\Libraries\STM32F10x_StdPeriph_Driver\src\stm32f10x_dac.o
                                0x338 (size before relaxing)
 .debug_str     0x00004c1c       0xca GGHC_SRC\Libraries\STM32F10x_StdPeriph_Driver\src\stm32f10x_crc.o
                                0x1c4 (size before relaxing)
 .debug_str     0x00004ce6      0x1bc GGHC_SRC\Libraries\STM32F10x_StdPeriph_Driver\src\stm32f10x_cec.o
                                0x2ff (size before relaxing)
 .debug_str     0x00004ea2      0x48f GGHC_SRC\Libraries\STM32F10x_StdPeriph_Driver\src\stm32f10x_can.o
                                0x60b (size before relaxing)
 .debug_str     0x00005331      0x334 GGHC_SRC\Libraries\STM32F10x_StdPeriph_Driver\src\stm32f10x_bkp.o
                                0x53e (size before relaxing)
 .debug_str     0x00005665      0x51f GGHC_SRC\Libraries\STM32F10x_StdPeriph_Driver\src\stm32f10x_adc.o
                                0x684 (size before relaxing)
 .debug_str     0x00005b84      0x17f GGHC_SRC\Libraries\STM32F10x_StdPeriph_Driver\src\misc.o
                                0x34c (size before relaxing)
 .debug_str     0x00005d03      0x16f GGHC_SRC\Libraries\CMSIS\CM3\CoreSupport\core_cm3.o
                                0x252 (size before relaxing)

.debug_loc      0x00000000     0x76d8
 .debug_loc     0x00000000      0x146 GGHC_SRC\src\timer.o
 .debug_loc     0x00000146       0xc8 GGHC_SRC\src\system_stm32f10x.o
 .debug_loc     0x0000020e      0x160 GGHC_SRC\src\stm32f10x_it.o
 .debug_loc     0x0000036e      0x150 GGHC_SRC\src\main.o
 .debug_loc     0x000004be      0x17c GGHC_SRC\src\i2c.o
 .debug_loc     0x0000063a       0x70 GGHC_SRC\src\buttons.o
 .debug_loc     0x000006aa      0x190 GGHC_SRC\src\bsp.o
 .debug_loc     0x0000083a       0x2c GGHC_SRC\src\audio_class.o
 .debug_loc     0x00000866      0x146 GGHC_SRC\src\audio.o
 .debug_loc     0x000009ac       0xa8 GGHC_SRC\src\LED.o
 .debug_loc     0x00000a54      0x250 GGHC_SRC\src\I2CRoutines.o
 .debug_loc     0x00000ca4       0xe0 GGHC_SRC\src\DDS.o
 .debug_loc     0x00000d84      0x190 GGHC_SRC\Libraries\STM32F10x_StdPeriph_Driver\src\stm32f10x_wwdg.o
 .debug_loc     0x00000f14      0x658 GGHC_SRC\Libraries\STM32F10x_StdPeriph_Driver\src\stm32f10x_usart.o
 .debug_loc     0x0000156c     0x13e8 GGHC_SRC\Libraries\STM32F10x_StdPeriph_Driver\src\stm32f10x_tim.o
 .debug_loc     0x00002954      0x508 GGHC_SRC\Libraries\STM32F10x_StdPeriph_Driver\src\stm32f10x_spi.o
 .debug_loc     0x00002e5c      0x648 GGHC_SRC\Libraries\STM32F10x_StdPeriph_Driver\src\stm32f10x_sdio.o
 .debug_loc     0x000034a4      0x2e0 GGHC_SRC\Libraries\STM32F10x_StdPeriph_Driver\src\stm32f10x_rtc.o
 .debug_loc     0x00003784      0x6dc GGHC_SRC\Libraries\STM32F10x_StdPeriph_Driver\src\stm32f10x_rcc.o
 .debug_loc     0x00003e60      0x238 GGHC_SRC\Libraries\STM32F10x_StdPeriph_Driver\src\stm32f10x_pwr.o
 .debug_loc     0x00004098      0x138 GGHC_SRC\Libraries\STM32F10x_StdPeriph_Driver\src\stm32f10x_iwdg.o
 .debug_loc     0x000041d0      0x700 GGHC_SRC\Libraries\STM32F10x_StdPeriph_Driver\src\stm32f10x_i2c.o
 .debug_loc     0x000048d0      0x3e4 GGHC_SRC\Libraries\STM32F10x_StdPeriph_Driver\src\stm32f10x_gpio.o
 .debug_loc     0x00004cb4      0x41c GGHC_SRC\Libraries\STM32F10x_StdPeriph_Driver\src\stm32f10x_fsmc.o
 .debug_loc     0x000050d0      0x710 GGHC_SRC\Libraries\STM32F10x_StdPeriph_Driver\src\stm32f10x_flash.o
 .debug_loc     0x000057e0      0x1b4 GGHC_SRC\Libraries\STM32F10x_StdPeriph_Driver\src\stm32f10x_exti.o
 .debug_loc     0x00005994      0x268 GGHC_SRC\Libraries\STM32F10x_StdPeriph_Driver\src\stm32f10x_dma.o
 .debug_loc     0x00005bfc       0x90 GGHC_SRC\Libraries\STM32F10x_StdPeriph_Driver\src\stm32f10x_dbgmcu.o
 .debug_loc     0x00005c8c      0x294 GGHC_SRC\Libraries\STM32F10x_StdPeriph_Driver\src\stm32f10x_dac.o
 .debug_loc     0x00005f20      0x12c GGHC_SRC\Libraries\STM32F10x_StdPeriph_Driver\src\stm32f10x_crc.o
 .debug_loc     0x0000604c      0x2ec GGHC_SRC\Libraries\STM32F10x_StdPeriph_Driver\src\stm32f10x_cec.o
 .debug_loc     0x00006338      0x460 GGHC_SRC\Libraries\STM32F10x_StdPeriph_Driver\src\stm32f10x_can.o
 .debug_loc     0x00006798      0x264 GGHC_SRC\Libraries\STM32F10x_StdPeriph_Driver\src\stm32f10x_bkp.o
 .debug_loc     0x000069fc      0x7d4 GGHC_SRC\Libraries\STM32F10x_StdPeriph_Driver\src\stm32f10x_adc.o
 .debug_loc     0x000071d0      0x118 GGHC_SRC\Libraries\STM32F10x_StdPeriph_Driver\src\misc.o
 .debug_loc     0x000072e8      0x3f0 GGHC_SRC\Libraries\CMSIS\CM3\CoreSupport\core_cm3.o

.debug_frame    0x00000000     0x3fec
 .debug_frame   0x00000000       0xcc GGHC_SRC\src\timer.o
 .debug_frame   0x000000cc       0x80 GGHC_SRC\src\system_stm32f10x.o
 .debug_frame   0x0000014c       0xd0 GGHC_SRC\src\stm32f10x_it.o
 .debug_frame   0x0000021c       0xc8 GGHC_SRC\src\main.o
 .debug_frame   0x000002e4       0xe4 GGHC_SRC\src\i2c.o
 .debug_frame   0x000003c8       0x50 GGHC_SRC\src\buttons.o
 .debug_frame   0x00000418       0xec GGHC_SRC\src\bsp.o
 .debug_frame   0x00000504       0x28 GGHC_SRC\src\audio_class.o
 .debug_frame   0x0000052c       0xc0 GGHC_SRC\src\audio.o
 .debug_frame   0x000005ec       0x70 GGHC_SRC\src\LED.o
 .debug_frame   0x0000065c      0x14c GGHC_SRC\src\I2CRoutines.o
 .debug_frame   0x000007a8       0x88 GGHC_SRC\src\DDS.o
 .debug_frame   0x00000830       0xe4 GGHC_SRC\Libraries\STM32F10x_StdPeriph_Driver\src\stm32f10x_wwdg.o
 .debug_frame   0x00000914      0x344 GGHC_SRC\Libraries\STM32F10x_StdPeriph_Driver\src\stm32f10x_usart.o
 .debug_frame   0x00000c58      0xa20 GGHC_SRC\Libraries\STM32F10x_StdPeriph_Driver\src\stm32f10x_tim.o
 .debug_frame   0x00001678      0x29c GGHC_SRC\Libraries\STM32F10x_StdPeriph_Driver\src\stm32f10x_spi.o
 .debug_frame   0x00001914      0x340 GGHC_SRC\Libraries\STM32F10x_StdPeriph_Driver\src\stm32f10x_sdio.o
 .debug_frame   0x00001c54      0x194 GGHC_SRC\Libraries\STM32F10x_StdPeriph_Driver\src\stm32f10x_rtc.o
 .debug_frame   0x00001de8      0x388 GGHC_SRC\Libraries\STM32F10x_StdPeriph_Driver\src\stm32f10x_rcc.o
 .debug_frame   0x00002170      0x140 GGHC_SRC\Libraries\STM32F10x_StdPeriph_Driver\src\stm32f10x_pwr.o
 .debug_frame   0x000022b0       0xb0 GGHC_SRC\Libraries\STM32F10x_StdPeriph_Driver\src\stm32f10x_iwdg.o
 .debug_frame   0x00002360      0x398 GGHC_SRC\Libraries\STM32F10x_StdPeriph_Driver\src\stm32f10x_i2c.o
 .debug_frame   0x000026f8      0x210 GGHC_SRC\Libraries\STM32F10x_StdPeriph_Driver\src\stm32f10x_gpio.o
 .debug_frame   0x00002908      0x220 GGHC_SRC\Libraries\STM32F10x_StdPeriph_Driver\src\stm32f10x_fsmc.o
 .debug_frame   0x00002b28      0x3e4 GGHC_SRC\Libraries\STM32F10x_StdPeriph_Driver\src\stm32f10x_flash.o
 .debug_frame   0x00002f0c       0xec GGHC_SRC\Libraries\STM32F10x_StdPeriph_Driver\src\stm32f10x_exti.o
 .debug_frame   0x00002ff8      0x144 GGHC_SRC\Libraries\STM32F10x_StdPeriph_Driver\src\stm32f10x_dma.o
 .debug_frame   0x0000313c       0x5c GGHC_SRC\Libraries\STM32F10x_StdPeriph_Driver\src\stm32f10x_dbgmcu.o
 .debug_frame   0x00003198      0x160 GGHC_SRC\Libraries\STM32F10x_StdPeriph_Driver\src\stm32f10x_dac.o
 .debug_frame   0x000032f8       0xac GGHC_SRC\Libraries\STM32F10x_StdPeriph_Driver\src\stm32f10x_crc.o
 .debug_frame   0x000033a4      0x190 GGHC_SRC\Libraries\STM32F10x_StdPeriph_Driver\src\stm32f10x_cec.o
 .debug_frame   0x00003534      0x24c GGHC_SRC\Libraries\STM32F10x_StdPeriph_Driver\src\stm32f10x_can.o
 .debug_frame   0x00003780      0x150 GGHC_SRC\Libraries\STM32F10x_StdPeriph_Driver\src\stm32f10x_bkp.o
 .debug_frame   0x000038d0      0x400 GGHC_SRC\Libraries\STM32F10x_StdPeriph_Driver\src\stm32f10x_adc.o
 .debug_frame   0x00003cd0       0x9c GGHC_SRC\Libraries\STM32F10x_StdPeriph_Driver\src\misc.o
 .debug_frame   0x00003d6c      0x280 GGHC_SRC\Libraries\CMSIS\CM3\CoreSupport\core_cm3.o

Cross Reference Table

Symbol                                            File
ADC1_2_IRQHandler                                 GGHC_SRC\Libraries\CMSIS\CM3\DeviceSupport\ST\STM32F10x\startup\TrueSTUDIO\startup_stm32f10x_xl.o
ADC3_IRQHandler                                   GGHC_SRC\Libraries\CMSIS\CM3\DeviceSupport\ST\STM32F10x\startup\TrueSTUDIO\startup_stm32f10x_xl.o
ADC_AnalogWatchdogCmd                             GGHC_SRC\Libraries\STM32F10x_StdPeriph_Driver\src\stm32f10x_adc.o
ADC_AnalogWatchdogSingleChannelConfig             GGHC_SRC\Libraries\STM32F10x_StdPeriph_Driver\src\stm32f10x_adc.o
ADC_AnalogWatchdogThresholdsConfig                GGHC_SRC\Libraries\STM32F10x_StdPeriph_Driver\src\stm32f10x_adc.o
ADC_AutoInjectedConvCmd                           GGHC_SRC\Libraries\STM32F10x_StdPeriph_Driver\src\stm32f10x_adc.o
ADC_ClearFlag                                     GGHC_SRC\Libraries\STM32F10x_StdPeriph_Driver\src\stm32f10x_adc.o
ADC_ClearITPendingBit                             GGHC_SRC\Libraries\STM32F10x_StdPeriph_Driver\src\stm32f10x_adc.o
ADC_Cmd                                           GGHC_SRC\Libraries\STM32F10x_StdPeriph_Driver\src\stm32f10x_adc.o
ADC_DMACmd                                        GGHC_SRC\Libraries\STM32F10x_StdPeriph_Driver\src\stm32f10x_adc.o
ADC_DeInit                                        GGHC_SRC\Libraries\STM32F10x_StdPeriph_Driver\src\stm32f10x_adc.o
ADC_DiscModeChannelCountConfig                    GGHC_SRC\Libraries\STM32F10x_StdPeriph_Driver\src\stm32f10x_adc.o
ADC_DiscModeCmd                                   GGHC_SRC\Libraries\STM32F10x_StdPeriph_Driver\src\stm32f10x_adc.o
ADC_ExternalTrigConvCmd                           GGHC_SRC\Libraries\STM32F10x_StdPeriph_Driver\src\stm32f10x_adc.o
ADC_ExternalTrigInjectedConvCmd                   GGHC_SRC\Libraries\STM32F10x_StdPeriph_Driver\src\stm32f10x_adc.o
ADC_ExternalTrigInjectedConvConfig                GGHC_SRC\Libraries\STM32F10x_StdPeriph_Driver\src\stm32f10x_adc.o
ADC_GetCalibrationStatus                          GGHC_SRC\Libraries\STM32F10x_StdPeriph_Driver\src\stm32f10x_adc.o
ADC_GetConversionValue                            GGHC_SRC\Libraries\STM32F10x_StdPeriph_Driver\src\stm32f10x_adc.o
ADC_GetDualModeConversionValue                    GGHC_SRC\Libraries\STM32F10x_StdPeriph_Driver\src\stm32f10x_adc.o
ADC_GetFlagStatus                                 GGHC_SRC\Libraries\STM32F10x_StdPeriph_Driver\src\stm32f10x_adc.o
ADC_GetITStatus                                   GGHC_SRC\Libraries\STM32F10x_StdPeriph_Driver\src\stm32f10x_adc.o
ADC_GetInjectedConversionValue                    GGHC_SRC\Libraries\STM32F10x_StdPeriph_Driver\src\stm32f10x_adc.o
ADC_GetResetCalibrationStatus                     GGHC_SRC\Libraries\STM32F10x_StdPeriph_Driver\src\stm32f10x_adc.o
ADC_GetSoftwareStartConvStatus                    GGHC_SRC\Libraries\STM32F10x_StdPeriph_Driver\src\stm32f10x_adc.o
ADC_GetSoftwareStartInjectedConvCmdStatus         GGHC_SRC\Libraries\STM32F10x_StdPeriph_Driver\src\stm32f10x_adc.o
ADC_ITConfig                                      GGHC_SRC\Libraries\STM32F10x_StdPeriph_Driver\src\stm32f10x_adc.o
ADC_Init                                          GGHC_SRC\Libraries\STM32F10x_StdPeriph_Driver\src\stm32f10x_adc.o
ADC_InjectedChannelConfig                         GGHC_SRC\Libraries\STM32F10x_StdPeriph_Driver\src\stm32f10x_adc.o
ADC_InjectedDiscModeCmd                           GGHC_SRC\Libraries\STM32F10x_StdPeriph_Driver\src\stm32f10x_adc.o
ADC_InjectedSequencerLengthConfig                 GGHC_SRC\Libraries\STM32F10x_StdPeriph_Driver\src\stm32f10x_adc.o
ADC_RegularChannelConfig                          GGHC_SRC\Libraries\STM32F10x_StdPeriph_Driver\src\stm32f10x_adc.o
ADC_ResetCalibration                              GGHC_SRC\Libraries\STM32F10x_StdPeriph_Driver\src\stm32f10x_adc.o
ADC_SetInjectedOffset                             GGHC_SRC\Libraries\STM32F10x_StdPeriph_Driver\src\stm32f10x_adc.o
ADC_SoftwareStartConvCmd                          GGHC_SRC\Libraries\STM32F10x_StdPeriph_Driver\src\stm32f10x_adc.o
ADC_SoftwareStartInjectedConvCmd                  GGHC_SRC\Libraries\STM32F10x_StdPeriph_Driver\src\stm32f10x_adc.o
ADC_StartCalibration                              GGHC_SRC\Libraries\STM32F10x_StdPeriph_Driver\src\stm32f10x_adc.o
ADC_StructInit                                    GGHC_SRC\Libraries\STM32F10x_StdPeriph_Driver\src\stm32f10x_adc.o
ADC_TempSensorVrefintCmd                          GGHC_SRC\Libraries\STM32F10x_StdPeriph_Driver\src\stm32f10x_adc.o
AHBPrescTable                                     GGHC_SRC\src\system_stm32f10x.o
Address                                           GGHC_SRC\src\I2CRoutines.o
AudioBuf                                          GGHC_SRC\src\audio_class.o
AudioCN                                           GGHC_SRC\src\audio_class.o
AudioCS                                           GGHC_SRC\src\audio_class.o
AudioDataSize                                     GGHC_SRC\src\audio_class.o
AudioFeat1Mute                                    GGHC_SRC\src\audio_class.o
AudioFeat1Vol                                     GGHC_SRC\src\audio_class.o
AudioFeat2Mute                                    GGHC_SRC\src\audio_class.o
AudioFeat2Vol                                     GGHC_SRC\src\audio_class.o
AudioId                                           GGHC_SRC\src\audio_class.o
AudioMemoryBufPlay                                GGHC_SRC\src\audio.o
AudioMicData1                                     GGHC_SRC\src\audio_class.o
AudioMicData2                                     GGHC_SRC\src\audio_class.o
AudioMicVolMul                                    GGHC_SRC\src\audio_class.o
AudioRequest                                      GGHC_SRC\src\audio_class.o
AudioSpkData                                      GGHC_SRC\src\audio_class.o
AudioSpkVolMul                                    GGHC_SRC\src\audio_class.o
BKP_ClearFlag                                     GGHC_SRC\Libraries\STM32F10x_StdPeriph_Driver\src\stm32f10x_bkp.o
BKP_ClearITPendingBit                             GGHC_SRC\Libraries\STM32F10x_StdPeriph_Driver\src\stm32f10x_bkp.o
BKP_DeInit                                        GGHC_SRC\Libraries\STM32F10x_StdPeriph_Driver\src\stm32f10x_bkp.o
BKP_GetFlagStatus                                 GGHC_SRC\Libraries\STM32F10x_StdPeriph_Driver\src\stm32f10x_bkp.o
BKP_GetITStatus                                   GGHC_SRC\Libraries\STM32F10x_StdPeriph_Driver\src\stm32f10x_bkp.o
BKP_ITConfig                                      GGHC_SRC\Libraries\STM32F10x_StdPeriph_Driver\src\stm32f10x_bkp.o
BKP_RTCOutputConfig                               GGHC_SRC\Libraries\STM32F10x_StdPeriph_Driver\src\stm32f10x_bkp.o
BKP_ReadBackupRegister                            GGHC_SRC\Libraries\STM32F10x_StdPeriph_Driver\src\stm32f10x_bkp.o
BKP_SetRTCCalibrationValue                        GGHC_SRC\Libraries\STM32F10x_StdPeriph_Driver\src\stm32f10x_bkp.o
BKP_TamperPinCmd                                  GGHC_SRC\Libraries\STM32F10x_StdPeriph_Driver\src\stm32f10x_bkp.o
BKP_TamperPinLevelConfig                          GGHC_SRC\Libraries\STM32F10x_StdPeriph_Driver\src\stm32f10x_bkp.o
BKP_WriteBackupRegister                           GGHC_SRC\Libraries\STM32F10x_StdPeriph_Driver\src\stm32f10x_bkp.o
BUTTON_PINS                                       GGHC_SRC\src\buttons.o
BUTTON_PORTS                                      GGHC_SRC\src\buttons.o
BusFault_Handler                                  GGHC_SRC\src\stm32f10x_it.o
ButtonsInit                                       GGHC_SRC\src\buttons.o
                                                  GGHC_SRC\src\main.o
ButtonsRead                                       GGHC_SRC\src\buttons.o
CAN1_RX1_IRQHandler                               GGHC_SRC\Libraries\CMSIS\CM3\DeviceSupport\ST\STM32F10x\startup\TrueSTUDIO\startup_stm32f10x_xl.o
CAN1_SCE_IRQHandler                               GGHC_SRC\Libraries\CMSIS\CM3\DeviceSupport\ST\STM32F10x\startup\TrueSTUDIO\startup_stm32f10x_xl.o
CAN_CancelTransmit                                GGHC_SRC\Libraries\STM32F10x_StdPeriph_Driver\src\stm32f10x_can.o