Archive member included because of file (symbol)

c:/program files/atollic/truestudio stm32 lite 2.1.0/armtools/bin/../lib/gcc/arm-atollic-eabi/4.5.1/thumb/thumb2\libgcc.a(_arm_addsubdf3.o)
                              GGHC_SRC\src\DDS.o (__aeabi_f2d)
c:/program files/atollic/truestudio stm32 lite 2.1.0/armtools/bin/../lib/gcc/arm-atollic-eabi/4.5.1/thumb/thumb2\libgcc.a(_arm_muldivdf3.o)
                              GGHC_SRC\src\DDS.o (__aeabi_dmul)
c:/program files/atollic/truestudio stm32 lite 2.1.0/armtools/bin/../lib/gcc/arm-atollic-eabi/4.5.1/thumb/thumb2\libgcc.a(_arm_truncdfsf2.o)
                              GGHC_SRC\src\DDS.o (__aeabi_d2f)
c:/program files/atollic/truestudio stm32 lite 2.1.0/armtools/bin/../lib/gcc/arm-atollic-eabi/4.5.1/thumb/thumb2\libgcc.a(_arm_fixunssfsi.o)
                              GGHC_SRC\src\DDS.o (__aeabi_f2uiz)
c:/program files/atollic/truestudio stm32 lite 2.1.0/armtools/bin/../lib/gcc/arm-atollic-eabi/4.5.1/../../../../arm-atollic-eabi/lib/thumb/thumb2\libc.a(lib_a-init.o)
                              GGHC_SRC\Libraries\CMSIS\CM3\DeviceSupport\ST\STM32F10x\startup\TrueSTUDIO\startup_stm32f10x_xl.o (__libc_init_array)
c:/program files/atollic/truestudio stm32 lite 2.1.0/armtools/bin/../lib/gcc/arm-atollic-eabi/4.5.1/../../../../arm-atollic-eabi/lib/thumb/thumb2\libc.a(lib_a-memcpy.o)
                              GGHC_SRC\src\i2c.o (memcpy)
c:/program files/atollic/truestudio stm32 lite 2.1.0/armtools/bin/../lib/gcc/arm-atollic-eabi/4.5.1/../../../../arm-atollic-eabi/lib/thumb/thumb2\libc.a(lib_a-vsnprintf.o)
                              GGHC_SRC\src\UART.o (vsnprintf)
c:/program files/atollic/truestudio stm32 lite 2.1.0/armtools/bin/../lib/gcc/arm-atollic-eabi/4.5.1/../../../../arm-atollic-eabi/lib/thumb/thumb2\libc.a(lib_a-impure.o)
                              c:/program files/atollic/truestudio stm32 lite 2.1.0/armtools/bin/../lib/gcc/arm-atollic-eabi/4.5.1/../../../../arm-atollic-eabi/lib/thumb/thumb2\libc.a(lib_a-vsnprintf.o) (_impure_ptr)
c:/program files/atollic/truestudio stm32 lite 2.1.0/armtools/bin/../lib/gcc/arm-atollic-eabi/4.5.1/../../../../arm-atollic-eabi/lib/thumb/thumb2\libc.a(lib_a-svfprintf.o)
                              c:/program files/atollic/truestudio stm32 lite 2.1.0/armtools/bin/../lib/gcc/arm-atollic-eabi/4.5.1/../../../../arm-atollic-eabi/lib/thumb/thumb2\libc.a(lib_a-vsnprintf.o) (_svfprintf_r)
c:/program files/atollic/truestudio stm32 lite 2.1.0/armtools/bin/../lib/gcc/arm-atollic-eabi/4.5.1/../../../../arm-atollic-eabi/lib/thumb/thumb2\libc.a(lib_a-dtoa.o)
                              c:/program files/atollic/truestudio stm32 lite 2.1.0/armtools/bin/../lib/gcc/arm-atollic-eabi/4.5.1/../../../../arm-atollic-eabi/lib/thumb/thumb2\libc.a(lib_a-svfprintf.o) (_dtoa_r)
c:/program files/atollic/truestudio stm32 lite 2.1.0/armtools/bin/../lib/gcc/arm-atollic-eabi/4.5.1/../../../../arm-atollic-eabi/lib/thumb/thumb2\libc.a(lib_a-locale.o)
                              c:/program files/atollic/truestudio stm32 lite 2.1.0/armtools/bin/../lib/gcc/arm-atollic-eabi/4.5.1/../../../../arm-atollic-eabi/lib/thumb/thumb2\libc.a(lib_a-svfprintf.o) (_localeconv_r)
c:/program files/atollic/truestudio stm32 lite 2.1.0/armtools/bin/../lib/gcc/arm-atollic-eabi/4.5.1/../../../../arm-atollic-eabi/lib/thumb/thumb2\libc.a(lib_a-malloc.o)
                              c:/program files/atollic/truestudio stm32 lite 2.1.0/armtools/bin/../lib/gcc/arm-atollic-eabi/4.5.1/../../../../arm-atollic-eabi/lib/thumb/thumb2\libc.a(lib_a-dtoa.o) (malloc)
c:/program files/atollic/truestudio stm32 lite 2.1.0/armtools/bin/../lib/gcc/arm-atollic-eabi/4.5.1/../../../../arm-atollic-eabi/lib/thumb/thumb2\libc.a(lib_a-mallocr.o)
                              c:/program files/atollic/truestudio stm32 lite 2.1.0/armtools/bin/../lib/gcc/arm-atollic-eabi/4.5.1/../../../../arm-atollic-eabi/lib/thumb/thumb2\libc.a(lib_a-svfprintf.o) (_malloc_r)
c:/program files/atollic/truestudio stm32 lite 2.1.0/armtools/bin/../lib/gcc/arm-atollic-eabi/4.5.1/../../../../arm-atollic-eabi/lib/thumb/thumb2\libc.a(lib_a-memchr.o)
                              c:/program files/atollic/truestudio stm32 lite 2.1.0/armtools/bin/../lib/gcc/arm-atollic-eabi/4.5.1/../../../../arm-atollic-eabi/lib/thumb/thumb2\libc.a(lib_a-svfprintf.o) (memchr)
c:/program files/atollic/truestudio stm32 lite 2.1.0/armtools/bin/../lib/gcc/arm-atollic-eabi/4.5.1/../../../../arm-atollic-eabi/lib/thumb/thumb2\libc.a(lib_a-mlock.o)
                              c:/program files/atollic/truestudio stm32 lite 2.1.0/armtools/bin/../lib/gcc/arm-atollic-eabi/4.5.1/../../../../arm-atollic-eabi/lib/thumb/thumb2\libc.a(lib_a-mallocr.o) (__malloc_lock)
c:/program files/atollic/truestudio stm32 lite 2.1.0/armtools/bin/../lib/gcc/arm-atollic-eabi/4.5.1/../../../../arm-atollic-eabi/lib/thumb/thumb2\libc.a(lib_a-mprec.o)
[...]
Memory Configuration

Name             Origin             Length             Attributes
FLASH            0x08000000         0x00020000         xr
RAM              0x20000000         0x00002000         xrw
MEMORY_B1        0x60000000         0x00000000         xr
*default*        0x00000000         0xffffffff

Linker script and memory map

LOAD c:/program files/atollic/truestudio stm32 lite 2.1.0/armtools/bin/../lib/gcc/arm-atollic-eabi/4.5.1/thumb/thumb2/crti.o
LOAD c:/program files/atollic/truestudio stm32 lite 2.1.0/armtools/bin/../lib/gcc/arm-atollic-eabi/4.5.1/thumb/thumb2/crtbegin.o
LOAD GGHC_SRC\src\voices.o
LOAD GGHC_SRC\src\timer.o
LOAD GGHC_SRC\src\system_stm32f10x.o
LOAD GGHC_SRC\src\stm32f10x_it.o
LOAD GGHC_SRC\src\main.o
LOAD GGHC_SRC\src\i2c.o
LOAD GGHC_SRC\src\buttons.o
LOAD GGHC_SRC\src\bsp.o
LOAD GGHC_SRC\src\audio_class.o
LOAD GGHC_SRC\src\audio.o
LOAD GGHC_SRC\src\UART.o
LOAD GGHC_SRC\src\LED.o
LOAD GGHC_SRC\src\I2CRoutines.o
LOAD GGHC_SRC\src\DDS.o
LOAD GGHC_SRC\Libraries\STM32F10x_StdPeriph_Driver\src\stm32f10x_wwdg.o
LOAD GGHC_SRC\Libraries\STM32F10x_StdPeriph_Driver\src\stm32f10x_usart.o
LOAD GGHC_SRC\Libraries\STM32F10x_StdPeriph_Driver\src\stm32f10x_tim.o
LOAD GGHC_SRC\Libraries\STM32F10x_StdPeriph_Driver\src\stm32f10x_spi.o
LOAD GGHC_SRC\Libraries\STM32F10x_StdPeriph_Driver\src\stm32f10x_sdio.o
LOAD GGHC_SRC\Libraries\STM32F10x_StdPeriph_Driver\src\stm32f10x_rtc.o
LOAD GGHC_SRC\Libraries\STM32F10x_StdPeriph_Driver\src\stm32f10x_rcc.o
LOAD GGHC_SRC\Libraries\STM32F10x_StdPeriph_Driver\src\stm32f10x_pwr.o
LOAD GGHC_SRC\Libraries\STM32F10x_StdPeriph_Driver\src\stm32f10x_iwdg.o
LOAD GGHC_SRC\Libraries\STM32F10x_StdPeriph_Driver\src\stm32f10x_i2c.o
LOAD GGHC_SRC\Libraries\STM32F10x_StdPeriph_Driver\src\stm32f10x_gpio.o
LOAD GGHC_SRC\Libraries\STM32F10x_StdPeriph_Driver\src\stm32f10x_fsmc.o
LOAD GGHC_SRC\Libraries\STM32F10x_StdPeriph_Driver\src\stm32f10x_flash.o
LOAD GGHC_SRC\Libraries\STM32F10x_StdPeriph_Driver\src\stm32f10x_exti.o
LOAD GGHC_SRC\Libraries\STM32F10x_StdPeriph_Driver\src\stm32f10x_dma.o
LOAD GGHC_SRC\Libraries\STM32F10x_StdPeriph_Driver\src\stm32f10x_dbgmcu.o
LOAD GGHC_SRC\Libraries\STM32F10x_StdPeriph_Driver\src\stm32f10x_dac.o
LOAD GGHC_SRC\Libraries\STM32F10x_StdPeriph_Driver\src\stm32f10x_crc.o
LOAD GGHC_SRC\Libraries\STM32F10x_StdPeriph_Driver\src\stm32f10x_cec.o
LOAD GGHC_SRC\Libraries\STM32F10x_StdPeriph_Driver\src\stm32f10x_can.o
LOAD GGHC_SRC\Libraries\STM32F10x_StdPeriph_Driver\src\stm32f10x_bkp.o
LOAD GGHC_SRC\Libraries\STM32F10x_StdPeriph_Driver\src\stm32f10x_adc.o
LOAD GGHC_SRC\Libraries\STM32F10x_StdPeriph_Driver\src\misc.o
LOAD GGHC_SRC\Libraries\CMSIS\CM3\DeviceSupport\ST\STM32F10x\startup\TrueSTUDIO\startup_stm32f10x_xl.o
LOAD GGHC_SRC\Libraries\CMSIS\CM3\CoreSupport\core_cm3.o
LOAD .metadata\.plugins\org.eclipse.cdt.make.core\specs.o
LOAD X:\src\GGHC\firmware\Libraries\QP\ports\arm-cortex\vanilla\gnu\dbg\libqep_cortex-m3.a
LOAD X:\src\GGHC\firmware\Libraries\QP\ports\arm-cortex\vanilla\gnu\dbg\libqf_cortex-m3.a
                0x00001000                malloc_getpagesize_P = 0x1000
START GROUP
LOAD c:/program files/atollic/truestudio stm32 lite 2.1.0/armtools/bin/../lib/gcc/arm-atollic-eabi/4.5.1/thumb/thumb2\libgcc.a
LOAD c:/program files/atollic/truestudio stm32 lite 2.1.0/armtools/bin/../lib/gcc/arm-atollic-eabi/4.5.1/../../../../arm-atollic-eabi/lib/thumb/thumb2\libc.a
END GROUP
LOAD c:/program files/atollic/truestudio stm32 lite 2.1.0/armtools/bin/../lib/gcc/arm-atollic-eabi/4.5.1/thumb/thumb2/crtend.o
LOAD c:/program files/atollic/truestudio stm32 lite 2.1.0/armtools/bin/../lib/gcc/arm-atollic-eabi/4.5.1/thumb/thumb2/crtn.o
                0x20002000                _estack = 0x20002000
                0x00000000                _Min_Heap_Size = 0x0
                0x00000080                _Min_Stack_Size = 0x80

.isr_vector     0x08000000      0x1e4
                0x08000000                . = ALIGN (0x4)
 *(.isr_vector)
 .isr_vector    0x08000000      0x1e4 GGHC_SRC\Libraries\CMSIS\CM3\DeviceSupport\ST\STM32F10x\startup\TrueSTUDIO\startup_stm32f10x_xl.o
                0x08000000                g_pfnVectors
                0x080001e4                . = ALIGN (0x4)

.text           0x080001e8    0x11128
                0x080001e8                . = ALIGN (0x4)
 *(.text)
 .text          0x080001e8       0x30 c:/program files/atollic/truestudio stm32 lite 2.1.0/armtools/bin/../lib/gcc/arm-atollic-eabi/4.5.1/thumb/thumb2/crtbegin.o
 .text          0x08000218      0x370 c:/program files/atollic/truestudio stm32 lite 2.1.0/armtools/bin/../lib/gcc/arm-atollic-eabi/4.5.1/thumb/thumb2\libgcc.a(_arm_addsubdf3.o)
                0x08000218                __aeabi_drsub
                0x08000220                __aeabi_dsub
                0x08000220                __subdf3
                0x08000224                __aeabi_dadd
                0x08000224                __adddf3
                0x0800049c                __floatunsidf
                0x0800049c                __aeabi_ui2d
                0x080004bc                __floatsidf
                0x080004bc                __aeabi_i2d
                0x080004e0                __aeabi_f2d
                0x080004e0                __extendsfdf2
                0x0800051c                __floatundidf
                0x0800051c                __aeabi_ul2d
                0x0800052c                __floatdidf
                0x0800052c                __aeabi_l2d
 .text          0x08000588      0x424 c:/program files/atollic/truestudio stm32 lite 2.1.0/armtools/bin/../lib/gcc/arm-atollic-eabi/4.5.1/thumb/thumb2\libgcc.a(_arm_muldivdf3.o)
                0x08000588                __aeabi_dmul
                0x08000588                __muldf3
                0x080007dc                __divdf3
                0x080007dc                __aeabi_ddiv
 .text          0x080009ac       0xa0 c:/program files/atollic/truestudio stm32 lite 2.1.0/armtools/bin/../lib/gcc/arm-atollic-eabi/4.5.1/thumb/thumb2\libgcc.a(_arm_truncdfsf2.o)
                0x080009ac                __truncdfsf2
                0x080009ac                __aeabi_d2f
 .text          0x08000a4c       0x40 c:/program files/atollic/truestudio stm32 lite 2.1.0/armtools/bin/../lib/gcc/arm-atollic-eabi/4.5.1/thumb/thumb2\libgcc.a(_arm_fixunssfsi.o)
                0x08000a4c                __fixunssfsi
                0x08000a4c                __aeabi_f2uiz
 *fill*         0x08000a8c        0x4 00
 .text          0x08000a90      0x278 c:/program files/atollic/truestudio stm32 lite 2.1.0/armtools/bin/../lib/gcc/arm-atollic-eabi/4.5.1/thumb/thumb2\libgcc.a(_udivsi3.o)
                0x08000a90                __aeabi_uidiv
                0x08000a90                __udivsi3
                0x08000cec                __aeabi_uidivmod
 .text          0x08000d08      0x2b0 c:/program files/atollic/truestudio stm32 lite 2.1.0/armtools/bin/../lib/gcc/arm-atollic-eabi/4.5.1/thumb/thumb2\libgcc.a(_divsi3.o)
                0x08000d08                __divsi3
                0x08000d08                __aeabi_idiv
                0x08000f9c                __aeabi_idivmod
 .text          0x08000fb8        0x4 c:/program files/atollic/truestudio stm32 lite 2.1.0/armtools/bin/../lib/gcc/arm-atollic-eabi/4.5.1/thumb/thumb2\libgcc.a(_dvmd_tls.o)
                0x08000fb8                __aeabi_idiv0
                0x08000fb8                __aeabi_ldiv0
 .text          0x08000fbc      0x110 c:/program files/atollic/truestudio stm32 lite 2.1.0/armtools/bin/../lib/gcc/arm-atollic-eabi/4.5.1/thumb/thumb2\libgcc.a(_arm_cmpdf2.o)
                0x08000fbc                __gtdf2
                0x08000fbc                __gedf2
                0x08000fc4                __ltdf2
                0x08000fc4                __ledf2
                0x08000fcc                __nedf2
                0x08000fcc                __eqdf2
                0x08000fcc                __cmpdf2
                0x08001048                __aeabi_cdrcmple
                0x08001058                __aeabi_cdcmpeq
                0x08001058                __aeabi_cdcmple
                0x08001068                __aeabi_dcmpeq
                0x0800107c                __aeabi_dcmplt
                0x08001090                __aeabi_dcmple
                0x080010a4                __aeabi_dcmpge
                0x080010b8                __aeabi_dcmpgt
 .text          0x080010cc       0x50 c:/program files/atollic/truestudio stm32 lite 2.1.0/armtools/bin/../lib/gcc/arm-atollic-eabi/4.5.1/thumb/thumb2\libgcc.a(_arm_fixdfsi.o)
                0x080010cc                __aeabi_d2iz
                0x080010cc                __fixdfsi
 .text          0x0800111c       0x2c c:/program files/atollic/truestudio stm32 lite 2.1.0/armtools/bin/../lib/gcc/arm-atollic-eabi/4.5.1/thumb/thumb2\libgcc.a(_aeabi_uldivmod.o)
                0x0800111c                __aeabi_uldivmod
 .text          0x08001148       0x60 c:/program files/atollic/truestudio stm32 lite 2.1.0/armtools/bin/../lib/gcc/arm-atollic-eabi/4.5.1/thumb/thumb2\libgcc.a(bpabi.o)
                0x08001148                __gnu_ldivmod_helper
                0x08001178                __gnu_uldivmod_helper
 .text          0x080011a8      0x364 c:/program files/atollic/truestudio stm32 lite 2.1.0/armtools/bin/../lib/gcc/arm-atollic-eabi/4.5.1/thumb/thumb2\libgcc.a(_divdi3.o)
                0x080011a8                __divdi3
 .text          0x0800150c      0x314 c:/program files/atollic/truestudio stm32 lite 2.1.0/armtools/bin/../lib/gcc/arm-atollic-eabi/4.5.1/thumb/thumb2\libgcc.a(_udivdi3.o)
                0x0800150c                __udivdi3
 *(.text*)
 .text.GPIOSetup
                0x08001820       0x44 GGHC_SRC\src\timer.o
 .text.EnableTimers
                0x08001864       0x70 GGHC_SRC\src\timer.o
 .text.InitTimerClocks
                0x080018d4       0xa8 GGHC_SRC\src\timer.o
 .text.InitTimerOutputCompare
                0x0800197c       0xc4 GGHC_SRC\src\timer.o
 .text.Init_AudioSampleTimer
                0x08001a40       0x3c GGHC_SRC\src\timer.o
 .text.Init_AudioPWMTimer
                0x08001a7c       0x38 GGHC_SRC\src\timer.o
 .text.Init_Timer3
                0x08001ab4       0x28 GGHC_SRC\src\timer.o
 .text.Init_Timer4
                0x08001adc       0x28 GGHC_SRC\src\timer.o
 .text.Init_Timer12
                0x08001b04       0x28 GGHC_SRC\src\timer.o
 .text.InitTimers
                0x08001b2c       0x2c GGHC_SRC\src\timer.o
                0x08001b2c                InitTimers
 .text.SystemInit
                0x08001b58       0xac GGHC_SRC\src\system_stm32f10x.o
                0x08001b58                SystemInit
 .text.SetSysClock
                0x08001c04        0xc GGHC_SRC\src\system_stm32f10x.o
 .text.SetSysClockTo72
                0x08001c10      0x1ac GGHC_SRC\src\system_stm32f10x.o
 .text.NMI_Handler
                0x08001dbc        0xc GGHC_SRC\src\stm32f10x_it.o
                0x08001dbc                NMI_Handler
 .text.HardFault_Handler
                0x08001dc8        0x8 GGHC_SRC\src\stm32f10x_it.o
                0x08001dc8                HardFault_Handler
 .text.MemManage_Handler
                0x08001dd0        0x8 GGHC_SRC\src\stm32f10x_it.o
                0x08001dd0                MemManage_Handler
 .text.BusFault_Handler
                0x08001dd8        0x8 GGHC_SRC\src\stm32f10x_it.o
                0x08001dd8                BusFault_Handler
 .text.UsageFault_Handler
                0x08001de0        0x8 GGHC_SRC\src\stm32f10x_it.o
                0x08001de0                UsageFault_Handler
 .text.SVC_Handler
                0x08001de8        0xc GGHC_SRC\src\stm32f10x_it.o
                0x08001de8                SVC_Handler
 .text.DebugMon_Handler
                0x08001df4        0xc GGHC_SRC\src\stm32f10x_it.o
                0x08001df4                DebugMon_Handler
 .text.PendSV_Handler
                0x08001e00        0xc GGHC_SRC\src\stm32f10x_it.o
                0x08001e00                PendSV_Handler
 .text.NVIC_SetPriority
                0x08001e0c       0x5c GGHC_SRC\src\main.o
 .text.SysTick_Config
                0x08001e68       0x64 GGHC_SRC\src\main.o
 .text.Initialize
                0x08001ecc       0x60 GGHC_SRC\src\main.o
                0x08001ecc                Initialize
 .text.delay    0x08001f2c       0x34 GGHC_SRC\src\main.o
                0x08001f2c                delay
 .text.main     0x08001f60       0xa4 GGHC_SRC\src\main.o
                0x08001f60                main
 .text.NVIC_EnableIRQ
                0x08002004       0x38 GGHC_SRC\src\i2c.o
 .text.NVIC_SetPriority
                0x0800203c       0x5c GGHC_SRC\src\i2c.o
 .text.NVIC_Configuration
                0x08002098       0x60 GGHC_SRC\src\i2c.o
 .text.readAccelerometerRegister
                0x080020f8       0x74 GGHC_SRC\src\i2c.o
                0x080020f8                readAccelerometerRegister
 .text.writeAccelerometerRegisterSingle
                0x0800216c       0x54 GGHC_SRC\src\i2c.o
                0x0800216c                writeAccelerometerRegisterSingle
 .text.Init_Accelerometer
                0x080021c0      0x180 GGHC_SRC\src\i2c.o
                0x080021c0                Init_Accelerometer
 .text.EXTI3_IRQHandler
                0x08002340       0x1c GGHC_SRC\src\i2c.o
                0x08002340                EXTI3_IRQHandler
 .text.readAccelerometer
                0x0800235c       0x24 GGHC_SRC\src\i2c.o
                0x0800235c                readAccelerometer
 .text.ButtonsInit
                0x08002380       0x88 GGHC_SRC\src\buttons.o
                0x08002380                ButtonsInit
 .text.SysTick_Handler
                0x08002408       0x24 GGHC_SRC\src\bsp.o
                0x08002408                SysTick_Handler
 .text.TIM2_IRQHandler
                0x0800242c      0x1ac GGHC_SRC\src\audio_class.o
                0x0800242c                TIM2_IRQHandler
 .text.InitAudioDevice
                0x080025d8      0x244 GGHC_SRC\src\audio.o
                0x080025d8                InitAudioDevice
 .text.UART5_IRQHandler
                0x0800281c       0xdc GGHC_SRC\src\UART.o
                0x0800281c                UART5_IRQHandler
 .text.UART_Init
                0x080028f8       0xc4 GGHC_SRC\src\UART.o
                0x080028f8                UART_Init
 .text.UART_transmitByte
                0x080029bc       0x44 GGHC_SRC\src\UART.o
                0x080029bc                UART_transmitByte
 .text.UART_printString
                0x08002a00       0x30 GGHC_SRC\src\UART.o
                0x08002a00                UART_printString
 .text.UART_printf
                0x08002a30       0x44 GGHC_SRC\src\UART.o
                0x08002a30                UART_printf
 .text.LEDInit  0x08002a74       0x60 GGHC_SRC\src\LED.o
                0x08002a74                LEDInit
 .text.Single_LED_On
                0x08002ad4       0xdc GGHC_SRC\src\LED.o
                0x08002ad4                Single_LED_On
 .text.RGB_LED_On
                0x08002bb0       0xa4 GGHC_SRC\src\LED.o
                0x08002bb0                RGB_LED_On
 .text.__enable_irq
                0x08002c54        0xc GGHC_SRC\src\I2CRoutines.o
 .text.__disable_irq
                0x08002c60        0xc GGHC_SRC\src\I2CRoutines.o
 .text.I2C_Master_BufferRead
                0x08002c6c      0x640 GGHC_SRC\src\I2CRoutines.o
                0x08002c6c                I2C_Master_BufferRead
 .text.I2C_Master_BufferWrite
                0x080032ac      0x390 GGHC_SRC\src\I2CRoutines.o
                0x080032ac                I2C_Master_BufferWrite
 .text.I2C_LowLevel_Init
                0x0800363c      0x318 GGHC_SRC\src\I2CRoutines.o
                0x0800363c                I2C_LowLevel_Init
 .text.I2C_DMAConfig
                0x08003954      0x1a4 GGHC_SRC\src\I2CRoutines.o
                0x08003954                I2C_DMAConfig
 .text.I2C1_EV_IRQHandler
                0x08003af8      0x404 GGHC_SRC\src\I2CRoutines.o
                0x08003af8                I2C1_EV_IRQHandler
 .text.I2C2_EV_IRQHandler
                0x08003efc      0x404 GGHC_SRC\src\I2CRoutines.o
                0x08003efc                I2C2_EV_IRQHandler
 .text.I2C2_ER_IRQHandler
                0x08004300       0xd4 GGHC_SRC\src\I2CRoutines.o
                0x08004300                I2C2_ER_IRQHandler
 .text.I2C1_ER_IRQHandler
                0x080043d4       0xd4 GGHC_SRC\src\I2CRoutines.o
                0x080043d4                I2C1_ER_IRQHandler
 .text.DDS_initializeContext
                0x080044a8       0x40 GGHC_SRC\src\DDS.o
                0x080044a8                DDS_initializeContext
 .text.DDS_setFrequency
                0x080044e8       0x6c GGHC_SRC\src\DDS.o
                0x080044e8                DDS_setFrequency
 .text.USART_Init
                0x08004554      0x1c0 GGHC_SRC\Libraries\STM32F10x_StdPeriph_Driver\src\stm32f10x_usart.o
                0x08004554                USART_Init
 .text.USART_Cmd
                0x08004714       0x40 GGHC_SRC\Libraries\STM32F10x_StdPeriph_Driver\src\stm32f10x_usart.o
                0x08004714                USART_Cmd
 .text.USART_ITConfig
                0x08004754       0xa8 GGHC_SRC\Libraries\STM32F10x_StdPeriph_Driver\src\stm32f10x_usart.o
                0x08004754                USART_ITConfig
 .text.USART_SendData
                0x080047fc       0x28 GGHC_SRC\Libraries\STM32F10x_StdPeriph_Driver\src\stm32f10x_usart.o
                0x080047fc                USART_SendData
 .text.USART_ReceiveData
                0x08004824       0x24 GGHC_SRC\Libraries\STM32F10x_StdPeriph_Driver\src\stm32f10x_usart.o
                0x08004824                USART_ReceiveData
 .text.USART_GetFlagStatus
                0x08004848       0x40 GGHC_SRC\Libraries\STM32F10x_StdPeriph_Driver\src\stm32f10x_usart.o
                0x08004848                USART_GetFlagStatus
 .text.USART_GetITStatus
                0x08004888       0xcc GGHC_SRC\Libraries\STM32F10x_StdPeriph_Driver\src\stm32f10x_usart.o
                0x08004888                USART_GetITStatus
 .text.TIM_DeInit
                0x08004954      0x2b0 GGHC_SRC\Libraries\STM32F10x_StdPeriph_Driver\src\stm32f10x_tim.o
                0x08004954                TIM_DeInit
 .text.TIM_TimeBaseInit
                0x08004c04      0x120 GGHC_SRC\Libraries\STM32F10x_StdPeriph_Driver\src\stm32f10x_tim.o
                0x08004c04                TIM_TimeBaseInit
 .text.TIM_OC1Init
                0x08004d24      0x134 GGHC_SRC\Libraries\STM32F10x_StdPeriph_Driver\src\stm32f10x_tim.o
                0x08004d24                TIM_OC1Init
 .text.TIM_OC2Init
                0x08004e58      0x134 GGHC_SRC\Libraries\STM32F10x_StdPeriph_Driver\src\stm32f10x_tim.o
                0x08004e58                TIM_OC2Init
 .text.TIM_OC3Init
                0x08004f8c      0x130 GGHC_SRC\Libraries\STM32F10x_StdPeriph_Driver\src\stm32f10x_tim.o
                0x08004f8c                TIM_OC3Init
 .text.TIM_OC4Init
                0x080050bc       0xe8 GGHC_SRC\Libraries\STM32F10x_StdPeriph_Driver\src\stm32f10x_tim.o
                0x080050bc                TIM_OC4Init
 .text.TIM_Cmd  0x080051a4       0x40 GGHC_SRC\Libraries\STM32F10x_StdPeriph_Driver\src\stm32f10x_tim.o
                0x080051a4                TIM_Cmd
 .text.TIM_CtrlPWMOutputs
                0x080051e4       0x50 GGHC_SRC\Libraries\STM32F10x_StdPeriph_Driver\src\stm32f10x_tim.o
                0x080051e4                TIM_CtrlPWMOutputs
 .text.TIM_ITConfig
                0x08005234       0x4c GGHC_SRC\Libraries\STM32F10x_StdPeriph_Driver\src\stm32f10x_tim.o
                0x08005234                TIM_ITConfig
 .text.TIM_ARRPreloadConfig
                0x08005280       0x40 GGHC_SRC\Libraries\STM32F10x_StdPeriph_Driver\src\stm32f10x_tim.o
                0x08005280                TIM_ARRPreloadConfig
 .text.TIM_SetCompare1
                0x080052c0       0x1c GGHC_SRC\Libraries\STM32F10x_StdPeriph_Driver\src\stm32f10x_tim.o
                0x080052c0                TIM_SetCompare1
 .text.TIM_SetCompare2
                0x080052dc       0x1c GGHC_SRC\Libraries\STM32F10x_StdPeriph_Driver\src\stm32f10x_tim.o
                0x080052dc                TIM_SetCompare2
 .text.TIM_SetCompare3
                0x080052f8       0x1c GGHC_SRC\Libraries\STM32F10x_StdPeriph_Driver\src\stm32f10x_tim.o
                0x080052f8                TIM_SetCompare3
 .text.TIM_SetCompare4
                0x08005314       0x20 GGHC_SRC\Libraries\STM32F10x_StdPeriph_Driver\src\stm32f10x_tim.o
                0x08005314                TIM_SetCompare4
 .text.TIM_ClearITPendingBit
                0x08005334       0x24 GGHC_SRC\Libraries\STM32F10x_StdPeriph_Driver\src\stm32f10x_tim.o
                0x08005334                TIM_ClearITPendingBit
 .text.RCC_GetClocksFreq
                0x08005358      0x1d4 GGHC_SRC\Libraries\STM32F10x_StdPeriph_Driver\src\stm32f10x_rcc.o
                0x08005358                RCC_GetClocksFreq
 .text.RCC_AHBPeriphClockCmd
                0x0800552c       0x5c GGHC_SRC\Libraries\STM32F10x_StdPeriph_Driver\src\stm32f10x_rcc.o
                0x0800552c                RCC_AHBPeriphClockCmd
 .text.RCC_APB2PeriphClockCmd
                0x08005588       0x5c GGHC_SRC\Libraries\STM32F10x_StdPeriph_Driver\src\stm32f10x_rcc.o
                0x08005588                RCC_APB2PeriphClockCmd
 .text.RCC_APB1PeriphClockCmd
                0x080055e4       0x5c GGHC_SRC\Libraries\STM32F10x_StdPeriph_Driver\src\stm32f10x_rcc.o
                0x080055e4                RCC_APB1PeriphClockCmd
 .text.RCC_APB2PeriphResetCmd
                0x08005640       0x5c GGHC_SRC\Libraries\STM32F10x_StdPeriph_Driver\src\stm32f10x_rcc.o
                0x08005640                RCC_APB2PeriphResetCmd
 .text.RCC_APB1PeriphResetCmd
                0x0800569c       0x5c GGHC_SRC\Libraries\STM32F10x_StdPeriph_Driver\src\stm32f10x_rcc.o
                0x0800569c                RCC_APB1PeriphResetCmd
 .text.I2C_Init
                0x080056f8      0x1b8 GGHC_SRC\Libraries\STM32F10x_StdPeriph_Driver\src\stm32f10x_i2c.o
                0x080056f8                I2C_Init
 .text.I2C_GenerateSTOP
                0x080058b0       0x40 GGHC_SRC\Libraries\STM32F10x_StdPeriph_Driver\src\stm32f10x_i2c.o
                0x080058b0                I2C_GenerateSTOP
 .text.GPIO_Init
                0x080058f0      0x1c0 GGHC_SRC\Libraries\STM32F10x_StdPeriph_Driver\src\stm32f10x_gpio.o
                0x080058f0                GPIO_Init
 .text.EXTI_Init
                0x08005ab0      0x158 GGHC_SRC\Libraries\STM32F10x_StdPeriph_Driver\src\stm32f10x_exti.o
                0x08005ab0                EXTI_Init
 .text.EXTI_GetITStatus
                0x08005c08       0x60 GGHC_SRC\Libraries\STM32F10x_StdPeriph_Driver\src\stm32f10x_exti.o
                0x08005c08                EXTI_GetITStatus
 .text.EXTI_ClearITPendingBit
                0x08005c68       0x20 GGHC_SRC\Libraries\STM32F10x_StdPeriph_Driver\src\stm32f10x_exti.o
                0x08005c68                EXTI_ClearITPendingBit
 .text.DMA_DeInit
                0x08005c88      0x224 GGHC_SRC\Libraries\STM32F10x_StdPeriph_Driver\src\stm32f10x_dma.o
                0x08005c88                DMA_DeInit
 .text.DMA_Init
                0x08005eac       0x84 GGHC_SRC\Libraries\STM32F10x_StdPeriph_Driver\src\stm32f10x_dma.o
                0x08005eac                DMA_Init
 .text.DMA_Cmd  0x08005f30       0x3c GGHC_SRC\Libraries\STM32F10x_StdPeriph_Driver\src\stm32f10x_dma.o
                0x08005f30                DMA_Cmd
 .text.DMA_GetFlagStatus
                0x08005f6c       0x60 GGHC_SRC\Libraries\STM32F10x_StdPeriph_Driver\src\stm32f10x_dma.o
                0x08005f6c                DMA_GetFlagStatus
 .text.DMA_ClearFlag
                0x08005fcc       0x38 GGHC_SRC\Libraries\STM32F10x_StdPeriph_Driver\src\stm32f10x_dma.o
                0x08005fcc                DMA_ClearFlag
 .text.NVIC_PriorityGroupConfig
                0x08006004       0x28 GGHC_SRC\Libraries\STM32F10x_StdPeriph_Driver\src\misc.o
                0x08006004                NVIC_PriorityGroupConfig
 .text.Reset_Handler
                0x0800602c       0x48 GGHC_SRC\Libraries\CMSIS\CM3\DeviceSupport\ST\STM32F10x\startup\TrueSTUDIO\startup_stm32f10x_xl.o
                0x0800602c                Reset_Handler
 .text.Default_Handler
                0x08006074        0x2 GGHC_SRC\Libraries\CMSIS\CM3\DeviceSupport\ST\STM32F10x\startup\TrueSTUDIO\startup_stm32f10x_xl.o
                0x08006074                EXTI2_IRQHandler
                0x08006074                TIM8_CC_IRQHandler
                0x08006074                TIM1_CC_IRQHandler
                0x08006074                TIM6_IRQHandler
                0x08006074                PVD_IRQHandler
                0x08006074                SDIO_IRQHandler
                0x08006074                TIM8_TRG_COM_TIM14_IRQHandler
                0x08006074                TIM1_UP_TIM10_IRQHandler
                0x08006074                TIM8_UP_TIM13_IRQHandler
                0x08006074                EXTI0_IRQHandler
                0x08006074                ADC1_2_IRQHandler
                0x08006074                SPI1_IRQHandler
                0x08006074                TAMPER_IRQHandler
                0x08006074                TIM1_BRK_TIM9_IRQHandler
                0x08006074                DMA2_Channel2_IRQHandler
                0x08006074                DMA1_Channel4_IRQHandler
                0x08006074                USART3_IRQHandler
                0x08006074                RTC_IRQHandler
                0x08006074                DMA1_Channel7_IRQHandler
                0x08006074                CAN1_RX1_IRQHandler
                0x08006074                ADC3_IRQHandler
                0x08006074                TIM4_IRQHandler
                0x08006074                DMA2_Channel1_IRQHandler
                0x08006074                DMA1_Channel6_IRQHandler
                0x08006074                UART4_IRQHandler
                0x08006074                TIM3_IRQHandler
                0x08006074                RCC_IRQHandler
                0x08006074                TIM8_BRK_TIM12_IRQHandler
                0x08006074                DMA1_Channel1_IRQHandler
                0x08006074                Default_Handler
                0x08006074                EXTI15_10_IRQHandler
                0x08006074                TIM7_IRQHandler
                0x08006074                TIM5_IRQHandler
                0x08006074                EXTI9_5_IRQHandler
                0x08006074                SPI2_IRQHandler
                0x08006074                DMA1_Channel5_IRQHandler
                0x08006074                EXTI4_IRQHandler
                0x08006074                USB_LP_CAN1_RX0_IRQHandler
                0x08006074                USB_HP_CAN1_TX_IRQHandler
                0x08006074                DMA1_Channel3_IRQHandler
                0x08006074                FSMC_IRQHandler
                0x08006074                WWDG_IRQHandler
                0x08006074                TIM1_TRG_COM_TIM11_IRQHandler
                0x08006074                EXTI1_IRQHandler
                0x08006074                RTCAlarm_IRQHandler
                0x08006074                DMA2_Channel4_5_IRQHandler
                0x08006074                USART2_IRQHandler
                0x08006074                DMA1_Channel2_IRQHandler
                0x08006074                CAN1_SCE_IRQHandler
                0x08006074                FLASH_IRQHandler
                0x08006074                USART1_IRQHandler
                0x08006074                SPI3_IRQHandler
                0x08006074                USBWakeUp_IRQHandler
                0x08006074                DMA2_Channel3_IRQHandler
 *fill*         0x08006076        0x2 00
 .text.__libc_init_array
                0x08006078       0x48 c:/program files/atollic/truestudio stm32 lite 2.1.0/armtools/bin/../lib/gcc/arm-atollic-eabi/4.5.1/../../../../arm-atollic-eabi/lib/thumb/thumb2\libc.a(lib_a-init.o)
                0x08006078                __libc_init_array
 .text.memcpy   0x080060c0       0x16 c:/program files/atollic/truestudio stm32 lite 2.1.0/armtools/bin/../lib/gcc/arm-atollic-eabi/4.5.1/../../../../arm-atollic-eabi/lib/thumb/thumb2\libc.a(lib_a-memcpy.o)
                0x080060c0                memcpy
 .text._vsnprintf_r
                0x080060d6       0x56 c:/program files/atollic/truestudio stm32 lite 2.1.0/armtools/bin/../lib/gcc/arm-atollic-eabi/4.5.1/../../../../arm-atollic-eabi/lib/thumb/thumb2\libc.a(lib_a-vsnprintf.o)
                0x080060d6                _vsnprintf_r
 .text.vsnprintf
                0x0800612c       0x20 c:/program files/atollic/truestudio stm32 lite 2.1.0/armtools/bin/../lib/gcc/arm-atollic-eabi/4.5.1/../../../../arm-atollic-eabi/lib/thumb/thumb2\libc.a(lib_a-vsnprintf.o)
                0x0800612c                vsnprintf
 .text._svfprintf_r
                0x0800614c     0x10f8 c:/program files/atollic/truestudio stm32 lite 2.1.0/armtools/bin/../lib/gcc/arm-atollic-eabi/4.5.1/../../../../arm-atollic-eabi/lib/thumb/thumb2\libc.a(lib_a-svfprintf.o)
                0x0800614c                _svfprintf_r
 .text.quorem   0x08007244      0x124 c:/program files/atollic/truestudio stm32 lite 2.1.0/armtools/bin/../lib/gcc/arm-atollic-eabi/4.5.1/../../../../arm-atollic-eabi/lib/thumb/thumb2\libc.a(lib_a-dtoa.o)
 .text._dtoa_r  0x08007368      0xc08 c:/program files/atollic/truestudio stm32 lite 2.1.0/armtools/bin/../lib/gcc/arm-atollic-eabi/4.5.1/../../../../arm-atollic-eabi/lib/thumb/thumb2\libc.a(lib_a-dtoa.o)
                0x08007368                _dtoa_r
 .text._localeconv_r
                0x08007f70        0x8 c:/program files/atollic/truestudio stm32 lite 2.1.0/armtools/bin/../lib/gcc/arm-atollic-eabi/4.5.1/../../../../arm-atollic-eabi/lib/thumb/thumb2\libc.a(lib_a-locale.o)
                0x08007f70                _localeconv_r
 .text.malloc   0x08007f78       0x10 c:/program files/atollic/truestudio stm32 lite 2.1.0/armtools/bin/../lib/gcc/arm-atollic-eabi/4.5.1/../../../../arm-atollic-eabi/lib/thumb/thumb2\libc.a(lib_a-malloc.o)
                0x08007f78                malloc
 .text._malloc_r
                0x08007f88      0x424 c:/program files/atollic/truestudio stm32 lite 2.1.0/armtools/bin/../lib/gcc/arm-atollic-eabi/4.5.1/../../../../arm-atollic-eabi/lib/thumb/thumb2\libc.a(lib_a-mallocr.o)
                0x08007f88                _malloc_r
 .text.memchr   0x080083ac       0x1e c:/program files/atollic/truestudio stm32 lite 2.1.0/armtools/bin/../lib/gcc/arm-atollic-eabi/4.5.1/../../../../arm-atollic-eabi/lib/thumb/thumb2\libc.a(lib_a-memchr.o)
                0x080083ac                memchr
 .text.__malloc_lock
                0x080083ca        0x2 c:/program files/atollic/truestudio stm32 lite 2.1.0/armtools/bin/../lib/gcc/arm-atollic-eabi/4.5.1/../../../../arm-atollic-eabi/lib/thumb/thumb2\libc.a(lib_a-mlock.o)
                0x080083ca                __malloc_lock
 .text.__malloc_unlock
                0x080083cc        0x2 c:/program files/atollic/truestudio stm32 lite 2.1.0/armtools/bin/../lib/gcc/arm-atollic-eabi/4.5.1/../../../../arm-atollic-eabi/lib/thumb/thumb2\libc.a(lib_a-mlock.o)
                0x080083cc                __malloc_unlock
 .text._Balloc  0x080083ce       0x62 c:/program files/atollic/truestudio stm32 lite 2.1.0/armtools/bin/../lib/gcc/arm-atollic-eabi/4.5.1/../../../../arm-atollic-eabi/lib/thumb/thumb2\libc.a(lib_a-mprec.o)
                0x080083ce                _Balloc
 .text._Bfree   0x08008430       0x2e c:/program files/atollic/truestudio stm32 lite 2.1.0/armtools/bin/../lib/gcc/arm-atollic-eabi/4.5.1/../../../../arm-atollic-eabi/lib/thumb/thumb2\libc.a(lib_a-mprec.o)
                0x08008430                _Bfree
 .text.__multadd
                0x0800845e       0x7c c:/program files/atollic/truestudio stm32 lite 2.1.0/armtools/bin/../lib/gcc/arm-atollic-eabi/4.5.1/../../../../arm-atollic-eabi/lib/thumb/thumb2\libc.a(lib_a-mprec.o)
                0x0800845e                __multadd
 .text.__hi0bits
                0x080084da       0x40 c:/program files/atollic/truestudio stm32 lite 2.1.0/armtools/bin/../lib/gcc/arm-atollic-eabi/4.5.1/../../../../arm-atollic-eabi/lib/thumb/thumb2\libc.a(lib_a-mprec.o)
                0x080084da                __hi0bits
 .text.__lo0bits
                0x0800851a       0x64 c:/program files/atollic/truestudio stm32 lite 2.1.0/armtools/bin/../lib/gcc/arm-atollic-eabi/4.5.1/../../../../arm-atollic-eabi/lib/thumb/thumb2\libc.a(lib_a-mprec.o)
                0x0800851a                __lo0bits
 .text.__i2b    0x0800857e       0x12 c:/program files/atollic/truestudio stm32 lite 2.1.0/armtools/bin/../lib/gcc/arm-atollic-eabi/4.5.1/../../../../arm-atollic-eabi/lib/thumb/thumb2\libc.a(lib_a-mprec.o)
                0x0800857e                __i2b
 .text.__multiply
                0x08008590      0x124 c:/program files/atollic/truestudio stm32 lite 2.1.0/armtools/bin/../lib/gcc/arm-atollic-eabi/4.5.1/../../../../arm-atollic-eabi/lib/thumb/thumb2\libc.a(lib_a-mprec.o)
                0x08008590                __multiply
 .text.__pow5mult
                0x080086b4       0xa4 c:/program files/atollic/truestudio stm32 lite 2.1.0/armtools/bin/../lib/gcc/arm-atollic-eabi/4.5.1/../../../../arm-atollic-eabi/lib/thumb/thumb2\libc.a(lib_a-mprec.o)
                0x080086b4                __pow5mult
 .text.__lshift
                0x08008758       0x98 c:/program files/atollic/truestudio stm32 lite 2.1.0/armtools/bin/../lib/gcc/arm-atollic-eabi/4.5.1/../../../../arm-atollic-eabi/lib/thumb/thumb2\libc.a(lib_a-mprec.o)
                0x08008758                __lshift
 .text.__mcmp   0x080087f0       0x3a c:/program files/atollic/truestudio stm32 lite 2.1.0/armtools/bin/../lib/gcc/arm-atollic-eabi/4.5.1/../../../../arm-atollic-eabi/lib/thumb/thumb2\libc.a(lib_a-mprec.o)
                0x080087f0                __mcmp
 .text.__mdiff  0x0800882a       0xc6 c:/program files/atollic/truestudio stm32 lite 2.1.0/armtools/bin/../lib/gcc/arm-atollic-eabi/4.5.1/../../../../arm-atollic-eabi/lib/thumb/thumb2\libc.a(lib_a-mprec.o)
                0x0800882a                __mdiff
 .text.__d2b    0x080088f0       0xbc c:/program files/atollic/truestudio stm32 lite 2.1.0/armtools/bin/../lib/gcc/arm-atollic-eabi/4.5.1/../../../../arm-atollic-eabi/lib/thumb/thumb2\libc.a(lib_a-mprec.o)
                0x080088f0                __d2b
 .text._sbrk_r  0x080089ac       0x24 c:/program files/atollic/truestudio stm32 lite 2.1.0/armtools/bin/../lib/gcc/arm-atollic-eabi/4.5.1/../../../../arm-atollic-eabi/lib/thumb/thumb2\libc.a(lib_a-sbrkr.o)
                0x080089ac                _sbrk_r
 .text.__fpclassifyd
                0x080089d0       0x64 c:/program files/atollic/truestudio stm32 lite 2.1.0/armtools/bin/../lib/gcc/arm-atollic-eabi/4.5.1/../../../../arm-atollic-eabi/lib/thumb/thumb2\libc.a(lib_a-s_fpclassify.o)
                0x080089d0                __fpclassifyd
 .text.strlen   0x08008a34       0x10 c:/program files/atollic/truestudio stm32 lite 2.1.0/armtools/bin/../lib/gcc/arm-atollic-eabi/4.5.1/../../../../arm-atollic-eabi/lib/thumb/thumb2\libc.a(lib_a-strlen.o)
                0x08008a34                strlen
 .text.__ssprint_r
                0x08008a44       0xf6 c:/program files/atollic/truestudio stm32 lite 2.1.0/armtools/bin/../lib/gcc/arm-atollic-eabi/4.5.1/../../../../arm-atollic-eabi/lib/thumb/thumb2\libc.a(lib_a-svfiprintf.o)
                0x08008a44                __ssprint_r
 *fill*         0x08008b3a        0x2 00
 .text._sbrk    0x08008b3c       0x34 c:/program files/atollic/truestudio stm32 lite 2.1.0/armtools/bin/../lib/gcc/arm-atollic-eabi/4.5.1/../../../../arm-atollic-eabi/lib/thumb/thumb2\libc.a(lib_a-syscalls.o)
                0x08008b3c                _sbrk
 .text._calloc_r
                0x08008b70       0x58 c:/program files/atollic/truestudio stm32 lite 2.1.0/armtools/bin/../lib/gcc/arm-atollic-eabi/4.5.1/../../../../arm-atollic-eabi/lib/thumb/thumb2\libc.a(lib_a-callocr.o)
                0x08008b70                _calloc_r
 .text._malloc_trim_r
                0x08008bc8       0xac c:/program files/atollic/truestudio stm32 lite 2.1.0/armtools/bin/../lib/gcc/arm-atollic-eabi/4.5.1/../../../../arm-atollic-eabi/lib/thumb/thumb2\libc.a(lib_a-freer.o)
                0x08008bc8                _malloc_trim_r
 .text._free_r  0x08008c74      0x180 c:/program files/atollic/truestudio stm32 lite 2.1.0/armtools/bin/../lib/gcc/arm-atollic-eabi/4.5.1/../../../../arm-atollic-eabi/lib/thumb/thumb2\libc.a(lib_a-freer.o)
                0x08008c74                _free_r
 .text.memmove  0x08008df4       0x34 c:/program files/atollic/truestudio stm32 lite 2.1.0/armtools/bin/../lib/gcc/arm-atollic-eabi/4.5.1/../../../../arm-atollic-eabi/lib/thumb/thumb2\libc.a(lib_a-memmove.o)
                0x08008df4                memmove
 .text.memset   0x08008e28       0x12 c:/program files/atollic/truestudio stm32 lite 2.1.0/armtools/bin/../lib/gcc/arm-atollic-eabi/4.5.1/../../../../arm-atollic-eabi/lib/thumb/thumb2\libc.a(lib_a-memset.o)
                0x08008e28                memset
 *fill*         0x08008e3a        0x2 00
 .text._realloc_r
                0x08008e3c      0x2f8 c:/program files/atollic/truestudio stm32 lite 2.1.0/armtools/bin/../lib/gcc/arm-atollic-eabi/4.5.1/../../../../arm-atollic-eabi/lib/thumb/thumb2\libc.a(lib_a-reallocr.o)
                0x08008e3c                _realloc_r
 *(.rodata)
 .rodata        0x08009134       0x30 GGHC_SRC\src\main.o
 *(.rodata*)
 .rodata.voice1
                0x08009164     0x8000 GGHC_SRC\src\voices.o
                0x08009164                voice1
 .rodata.C.0.6688
                0x08011164       0x10 GGHC_SRC\src\timer.o
 .rodata.C.1.6693
                0x08011174        0x4 GGHC_SRC\src\timer.o
 .rodata.C.1.6720
                0x08011178        0x8 GGHC_SRC\src\i2c.o
 .rodata.BUTTON_PINS
                0x08011180        0xc GGHC_SRC\src\buttons.o
                0x08011180                BUTTON_PINS
 .rodata.str1.1
                0x0801118c        0x2 c:/program files/atollic/truestudio stm32 lite 2.1.0/armtools/bin/../lib/gcc/arm-atollic-eabi/4.5.1/../../../../arm-atollic-eabi/lib/thumb/thumb2\libc.a(lib_a-impure.o)
 .rodata.str1.1
                0x0801118e       0x34 c:/program files/atollic/truestudio stm32 lite 2.1.0/armtools/bin/../lib/gcc/arm-atollic-eabi/4.5.1/../../../../arm-atollic-eabi/lib/thumb/thumb2\libc.a(lib_a-svfprintf.o)
 .rodata.zeroes.3939
                0x080111c2       0x10 c:/program files/atollic/truestudio stm32 lite 2.1.0/armtools/bin/../lib/gcc/arm-atollic-eabi/4.5.1/../../../../arm-atollic-eabi/lib/thumb/thumb2\libc.a(lib_a-svfprintf.o)
 .rodata.blanks.3938
                0x080111d2       0x10 c:/program files/atollic/truestudio stm32 lite 2.1.0/armtools/bin/../lib/gcc/arm-atollic-eabi/4.5.1/../../../../arm-atollic-eabi/lib/thumb/thumb2\libc.a(lib_a-svfprintf.o)
 .rodata.str1.1
                0x080111e2        0xd c:/program files/atollic/truestudio stm32 lite 2.1.0/armtools/bin/../lib/gcc/arm-atollic-eabi/4.5.1/../../../../arm-atollic-eabi/lib/thumb/thumb2\libc.a(lib_a-dtoa.o)
                                  0xf (size before relaxing)
 .rodata.str1.1
                0x080111ef        0x8 c:/program files/atollic/truestudio stm32 lite 2.1.0/armtools/bin/../lib/gcc/arm-atollic-eabi/4.5.1/../../../../arm-atollic-eabi/lib/thumb/thumb2\libc.a(lib_a-locale.o)
                                  0xb (size before relaxing)
 *fill*         0x080111f7        0x1 00
 .rodata.p05.2464
                0x080111f8        0xc c:/program files/atollic/truestudio stm32 lite 2.1.0/armtools/bin/../lib/gcc/arm-atollic-eabi/4.5.1/../../../../arm-atollic-eabi/lib/thumb/thumb2\libc.a(lib_a-mprec.o)
 *fill*         0x08011204        0x4 00
 .rodata.__mprec_tens
                0x08011208       0xc8 c:/program files/atollic/truestudio stm32 lite 2.1.0/armtools/bin/../lib/gcc/arm-atollic-eabi/4.5.1/../../../../arm-atollic-eabi/lib/thumb/thumb2\libc.a(lib_a-mprec.o)
                0x08011208                __mprec_tens
 .rodata.__mprec_bigtens
                0x080112d0       0x28 c:/program files/atollic/truestudio stm32 lite 2.1.0/armtools/bin/../lib/gcc/arm-atollic-eabi/4.5.1/../../../../arm-atollic-eabi/lib/thumb/thumb2\libc.a(lib_a-mprec.o)
                0x080112d0                __mprec_bigtens
 *(.glue_7)
 .glue_7        0x00000000        0x0 linker stubs
 *(.glue_7t)
 .glue_7t       0x00000000        0x0 linker stubs
 *(.eh_frame)
 *(.init)
 .init          0x080112f8        0x4 c:/program files/atollic/truestudio stm32 lite 2.1.0/armtools/bin/../lib/gcc/arm-atollic-eabi/4.5.1/thumb/thumb2/crti.o
                0x080112f8                _init
 .init          0x080112fc        0x8 c:/program files/atollic/truestudio stm32 lite 2.1.0/armtools/bin/../lib/gcc/arm-atollic-eabi/4.5.1/thumb/thumb2/crtn.o
 *(.fini)
 .fini          0x08011304        0x4 c:/program files/atollic/truestudio stm32 lite 2.1.0/armtools/bin/../lib/gcc/arm-atollic-eabi/4.5.1/thumb/thumb2/crti.o
                0x08011304                _fini
 .fini          0x08011308        0x8 c:/program files/atollic/truestudio stm32 lite 2.1.0/armtools/bin/../lib/gcc/arm-atollic-eabi/4.5.1/thumb/thumb2/crtn.o
                0x08011310                . = ALIGN (0x4)
                0x08011310                _etext = .

.vfp11_veneer   0x08011310        0x0
 .vfp11_veneer  0x00000000        0x0 linker stubs

.v4_bx          0x08011310        0x0
 .v4_bx         0x00000000        0x0 linker stubs

.ARM.extab
 *(.ARM.extab* .gnu.linkonce.armextab.*)

.ARM            0x08011310        0x8
                0x08011310                __exidx_start = .
 *(.ARM.exidx*)
 .ARM.exidx     0x08011310        0x8 c:/program files/atollic/truestudio stm32 lite 2.1.0/armtools/bin/../lib/gcc/arm-atollic-eabi/4.5.1/thumb/thumb2\libgcc.a(_divdi3.o)
 .ARM.exidx     0x08011318        0x0 c:/program files/atollic/truestudio stm32 lite 2.1.0/armtools/bin/../lib/gcc/arm-atollic-eabi/4.5.1/thumb/thumb2\libgcc.a(_udivdi3.o)
                                  0x8 (size before relaxing)
                0x08011318                __exidx_end = .

.preinit_array  0x08011318        0x0
                0x08011318                PROVIDE (__preinit_array_start, .)
 *(.preinit_array*)
                0x08011318                PROVIDE (__preinit_array_end, .)

.init_array     0x08011318        0x4
                0x08011318                PROVIDE (__init_array_start, .)
 *(SORT(.init_array.*))
 *(.init_array*)
 .init_array    0x08011318        0x4 c:/program files/atollic/truestudio stm32 lite 2.1.0/armtools/bin/../lib/gcc/arm-atollic-eabi/4.5.1/thumb/thumb2/crtbegin.o
                0x0801131c                PROVIDE (__init_array_end, .)

.fini_array     0x0801131c        0x4
                0x0801131c                PROVIDE (__fini_array_start, .)
 *(.fini_array*)
 .fini_array    0x0801131c        0x4 c:/program files/atollic/truestudio stm32 lite 2.1.0/armtools/bin/../lib/gcc/arm-atollic-eabi/4.5.1/thumb/thumb2/crtbegin.o
 *(SORT(.fini_array.*))
                0x08011320                PROVIDE (__fini_array_end, .)
                0x08011320                _sidata = .

.data           0x20000000      0x83c load address 0x08011320
                0x20000000                . = ALIGN (0x4)
                0x20000000                _sdata = .
 *(.data)
 *(.data*)
 .data.SystemCoreClock
                0x20000000        0x4 GGHC_SRC\src\system_stm32f10x.o
                0x20000000                SystemCoreClock
 .data.BUTTON_PORTS
                0x20000004       0x14 GGHC_SRC\src\buttons.o
                0x20000004                BUTTON_PORTS
 .data.Val      0x20000018        0x4 GGHC_SRC\src\audio_class.o
 .data.AudioSpkVolMul
                0x2000001c        0x4 GGHC_SRC\src\audio_class.o
                0x2000001c                AudioSpkVolMul
 .data.metronomeVoice
                0x20000020       0x60 GGHC_SRC\src\audio.o
                0x20000020                metronomeVoice
 .data.Single_LED_map
                0x20000080       0x6c GGHC_SRC\src\LED.o
 .data.Buffer_Tx1
                0x200000ec      0x100 GGHC_SRC\src\I2CRoutines.o
 .data.Buffer_Tx2
                0x200001ec      0x100 GGHC_SRC\src\I2CRoutines.o
 .data.APBAHBPrescTable
                0x200002ec       0x10 GGHC_SRC\Libraries\STM32F10x_StdPeriph_Driver\src\stm32f10x_rcc.o
 .data.ADCPrescTable
                0x200002fc        0x4 GGHC_SRC\Libraries\STM32F10x_StdPeriph_Driver\src\stm32f10x_rcc.o
 .data.impure_data
                0x20000300       0xf0 c:/program files/atollic/truestudio stm32 lite 2.1.0/armtools/bin/../lib/gcc/arm-atollic-eabi/4.5.1/../../../../arm-atollic-eabi/lib/thumb/thumb2\libc.a(lib_a-impure.o)
 .data._impure_ptr
                0x200003f0        0x4 c:/program files/atollic/truestudio stm32 lite 2.1.0/armtools/bin/../lib/gcc/arm-atollic-eabi/4.5.1/../../../../arm-atollic-eabi/lib/thumb/thumb2\libc.a(lib_a-impure.o)
                0x200003f0                _impure_ptr
 .data.lconv    0x200003f4       0x38 c:/program files/atollic/truestudio stm32 lite 2.1.0/armtools/bin/../lib/gcc/arm-atollic-eabi/4.5.1/../../../../arm-atollic-eabi/lib/thumb/thumb2\libc.a(lib_a-locale.o)
 .data.__malloc_av_
                0x2000042c      0x408 c:/program files/atollic/truestudio stm32 lite 2.1.0/armtools/bin/../lib/gcc/arm-atollic-eabi/4.5.1/../../../../arm-atollic-eabi/lib/thumb/thumb2\libc.a(lib_a-mallocr.o)
                0x2000042c                __malloc_av_
 .data.__malloc_trim_threshold
                0x20000834        0x4 c:/program files/atollic/truestudio stm32 lite 2.1.0/armtools/bin/../lib/gcc/arm-atollic-eabi/4.5.1/../../../../arm-atollic-eabi/lib/thumb/thumb2\libc.a(lib_a-mallocr.o)
                0x20000834                __malloc_trim_threshold
 .data.__malloc_sbrk_base
                0x20000838        0x4 c:/program files/atollic/truestudio stm32 lite 2.1.0/armtools/bin/../lib/gcc/arm-atollic-eabi/4.5.1/../../../../arm-atollic-eabi/lib/thumb/thumb2\libc.a(lib_a-mallocr.o)
                0x20000838                __malloc_sbrk_base
                0x2000083c                . = ALIGN (0x4)
                0x2000083c                _edata = .

.jcr            0x2000083c        0x0 load address 0x08011b5c
 .jcr           0x2000083c        0x0 c:/program files/atollic/truestudio stm32 lite 2.1.0/armtools/bin/../lib/gcc/arm-atollic-eabi/4.5.1/thumb/thumb2/crtbegin.o
                0x2000083c                . = ALIGN (0x4)

.bss            0x2000083c      0x794 load address 0x08011b5c
                0x2000083c                _sbss = .
                0x2000083c                __bss_start__ = _sbss
 *(.bss)
 .bss           0x2000083c        0x1 c:/program files/atollic/truestudio stm32 lite 2.1.0/armtools/bin/../lib/gcc/arm-atollic-eabi/4.5.1/thumb/thumb2/crtbegin.o
 *(.bss*)
 .bss.playNextFrame
                0x2000083d        0x1 GGHC_SRC\src\audio_class.o
                0x2000083d                playNextFrame
 *fill*         0x2000083e        0x2 00
 .bss.metronomePeriod
                0x20000840        0x4 GGHC_SRC\src\audio.o
 .bss.rxBuffer  0x20000844       0x80 GGHC_SRC\src\UART.o
 .bss.rxBufferIn
                0x200008c4        0x1 GGHC_SRC\src\UART.o
 *fill*         0x200008c5        0x3 00
 .bss.txBuffer  0x200008c8       0x80 GGHC_SRC\src\UART.o
 .bss.txBufferOut
                0x20000948        0x1 GGHC_SRC\src\UART.o
 .bss.txBufferIn
                0x20000949        0x1 GGHC_SRC\src\UART.o
 *fill*         0x2000094a        0x2 00
 .bss.buffer.5139
                0x2000094c       0x5c GGHC_SRC\src\UART.o
 .bss.Buffer_Rx1
                0x200009a8      0x100 GGHC_SRC\src\I2CRoutines.o
 .bss.Buffer_Rx2
                0x20000aa8      0x100 GGHC_SRC\src\I2CRoutines.o
 .bss.Tx_Idx1   0x20000ba8        0x1 GGHC_SRC\src\I2CRoutines.o
 .bss.Rx_Idx1   0x20000ba9        0x1 GGHC_SRC\src\I2CRoutines.o
 .bss.Tx_Idx2   0x20000baa        0x1 GGHC_SRC\src\I2CRoutines.o
 .bss.Rx_Idx2   0x20000bab        0x1 GGHC_SRC\src\I2CRoutines.o
 .bss.I2CDirection
                0x20000bac        0x4 GGHC_SRC\src\I2CRoutines.o
                0x20000bac                I2CDirection
 .bss.__malloc_max_total_mem
                0x20000bb0        0x4 c:/program files/atollic/truestudio stm32 lite 2.1.0/armtools/bin/../lib/gcc/arm-atollic-eabi/4.5.1/../../../../arm-atollic-eabi/lib/thumb/thumb2\libc.a(lib_a-mallocr.o)
                0x20000bb0                __malloc_max_total_mem
 .bss.__malloc_max_sbrked_mem
                0x20000bb4        0x4 c:/program files/atollic/truestudio stm32 lite 2.1.0/armtools/bin/../lib/gcc/arm-atollic-eabi/4.5.1/../../../../arm-atollic-eabi/lib/thumb/thumb2\libc.a(lib_a-mallocr.o)
                0x20000bb4                __malloc_max_sbrked_mem
 .bss.__malloc_top_pad
                0x20000bb8        0x4 c:/program files/atollic/truestudio stm32 lite 2.1.0/armtools/bin/../lib/gcc/arm-atollic-eabi/4.5.1/../../../../arm-atollic-eabi/lib/thumb/thumb2\libc.a(lib_a-mallocr.o)
                0x20000bb8                __malloc_top_pad
 .bss.__malloc_current_mallinfo
                0x20000bbc       0x28 c:/program files/atollic/truestudio stm32 lite 2.1.0/armtools/bin/../lib/gcc/arm-atollic-eabi/4.5.1/../../../../arm-atollic-eabi/lib/thumb/thumb2\libc.a(lib_a-mallocr.o)
                0x20000bbc                __malloc_current_mallinfo
 .bss.heap_end.2323
                0x20000be4        0x4 c:/program files/atollic/truestudio stm32 lite 2.1.0/armtools/bin/../lib/gcc/arm-atollic-eabi/4.5.1/../../../../arm-atollic-eabi/lib/thumb/thumb2\libc.a(lib_a-syscalls.o)
 *(COMMON)
 COMMON         0x20000be8       0x28 GGHC_SRC\src\buttons.o
                0x20000be8                buttons
 COMMON         0x20000c10        0x4 GGHC_SRC\src\bsp.o
                0x20000c10                systemTime
 COMMON         0x20000c14      0x2d8 GGHC_SRC\src\audio_class.o
                0x20000c14                AudioDataSize
                0x20000c16                AudioCN
                0x20000c18                AudioFeat1Vol
                0x20000c1a                AudioId
                0x20000c1c                SempCount
                0x20000c20                AudioSpkData
                0x20000d40                pMicData
                0x20000d42                AudioFeat2Vol
                0x20000d44                AudioRequest
                0x20000d48                Delta
                0x20000d4c                AudioMicVolMul
                0x20000d50                AudioFeat1Mute
                0x20000d54                AudioMicData2
                0x20000e14                MicCurrBuffer
                0x20000e18                AudioCS
                0x20000e19                MicEna
                0x20000e1c                AudioMicData1
                0x20000edc                pSpkData
                0x20000ee0                AudioFeat2Mute
                0x20000ee4                AudioBuf
                0x20000ee6                SempEna
                0x20000ee8                MicSempCount
 COMMON         0x20000eec       0xa8 GGHC_SRC\src\audio.o
                0x20000eec                notes
 COMMON         0x20000f94       0x38 GGHC_SRC\src\I2CRoutines.o
                0x20000f94                I2CDMA_InitStructure
                0x20000fc0                Address
                0x20000fc4                NumbOfBytes2
                0x20000fc8                NumbOfBytes1
 COMMON         0x20000fcc        0x4 c:/program files/atollic/truestudio stm32 lite 2.1.0/armtools/bin/../lib/gcc/arm-atollic-eabi/4.5.1/../../../../arm-atollic-eabi/lib/thumb/thumb2\libc.a(lib_a-reent.o)
                0x20000fcc                errno
                0x20000fd0                . = ALIGN (0x4)
                0x20000fd0                _ebss = .
                0x20000fd0                __bss_end__ = _ebss

._user_heap_stack
                0x20000fd0       0x80 load address 0x080122f0
                0x20000fd0                . = ALIGN (0x4)
                0x20000fd0                PROVIDE (end, .)
                0x20000fd0                PROVIDE (_end, .)
                0x20000fd0                . = (. + _Min_Heap_Size)
                0x20001050                . = (. + _Min_Stack_Size)
 *fill*         0x20000fd0       0x80 00
                0x20001050                . = ALIGN (0x4)

.memory_b1_text
 *(.mb1text)
 *(.mb1text*)
 *(.mb1rodata)
 *(.mb1rodata*)

/DISCARD/
 libc.a(*)
 libm.a(*)
 libgcc.a(*)

.ARM.attributes
                0x00000000       0x25
 *(.ARM.attributes)
 .ARM.attributes
                0x00000000       0x19 c:/program files/atollic/truestudio stm32 lite 2.1.0/armtools/bin/../lib/gcc/arm-atollic-eabi/4.5.1/thumb/thumb2/crti.o
 .ARM.attributes
                0x00000019       0x29 c:/program files/atollic/truestudio stm32 lite 2.1.0/armtools/bin/../lib/gcc/arm-atollic-eabi/4.5.1/thumb/thumb2/crtbegin.o
 .ARM.attributes
                0x00000042       0x31 GGHC_SRC\src\voices.o
 .ARM.attributes
                0x00000073       0x31 GGHC_SRC\src\timer.o
 .ARM.attributes
                0x000000a4       0x31 GGHC_SRC\src\system_stm32f10x.o
 .ARM.attributes
                0x000000d5       0x31 GGHC_SRC\src\stm32f10x_it.o
 .ARM.attributes
                0x00000106       0x31 GGHC_SRC\src\main.o
 .ARM.attributes
                0x00000137       0x31 GGHC_SRC\src\i2c.o
 .ARM.attributes
                0x00000168       0x31 GGHC_SRC\src\buttons.o
 .ARM.attributes
                0x00000199       0x31 GGHC_SRC\src\bsp.o
 .ARM.attributes
                0x000001ca       0x31 GGHC_SRC\src\audio_class.o
 .ARM.attributes
                0x000001fb       0x31 GGHC_SRC\src\audio.o
 .ARM.attributes
                0x0000022c       0x31 GGHC_SRC\src\UART.o
 .ARM.attributes
                0x0000025d       0x31 GGHC_SRC\src\LED.o
 .ARM.attributes
                0x0000028e       0x31 GGHC_SRC\src\I2CRoutines.o
 .ARM.attributes
                0x000002bf       0x31 GGHC_SRC\src\DDS.o
 .ARM.attributes
                0x000002f0       0x31 GGHC_SRC\Libraries\STM32F10x_StdPeriph_Driver\src\stm32f10x_wwdg.o
 .ARM.attributes
                0x00000321       0x31 GGHC_SRC\Libraries\STM32F10x_StdPeriph_Driver\src\stm32f10x_usart.o
 .ARM.attributes
                0x00000352       0x31 GGHC_SRC\Libraries\STM32F10x_StdPeriph_Driver\src\stm32f10x_tim.o
 .ARM.attributes
                0x00000383       0x31 GGHC_SRC\Libraries\STM32F10x_StdPeriph_Driver\src\stm32f10x_spi.o
 .ARM.attributes
                0x000003b4       0x31 GGHC_SRC\Libraries\STM32F10x_StdPeriph_Driver\src\stm32f10x_sdio.o
 .ARM.attributes
                0x000003e5       0x31 GGHC_SRC\Libraries\STM32F10x_StdPeriph_Driver\src\stm32f10x_rtc.o
 .ARM.attributes
                0x00000416       0x31 GGHC_SRC\Libraries\STM32F10x_StdPeriph_Driver\src\stm32f10x_rcc.o
 .ARM.attributes
                0x00000447       0x31 GGHC_SRC\Libraries\STM32F10x_StdPeriph_Driver\src\stm32f10x_pwr.o
 .ARM.attributes
                0x00000478       0x31 GGHC_SRC\Libraries\STM32F10x_StdPeriph_Driver\src\stm32f10x_iwdg.o
 .ARM.attributes
                0x000004a9       0x31 GGHC_SRC\Libraries\STM32F10x_StdPeriph_Driver\src\stm32f10x_i2c.o
 .ARM.attributes
                0x000004da       0x31 GGHC_SRC\Libraries\STM32F10x_StdPeriph_Driver\src\stm32f10x_gpio.o
 .ARM.attributes
                0x0000050b       0x31 GGHC_SRC\Libraries\STM32F10x_StdPeriph_Driver\src\stm32f10x_fsmc.o
 .ARM.attributes
                0x0000053c       0x31 GGHC_SRC\Libraries\STM32F10x_StdPeriph_Driver\src\stm32f10x_flash.o
 .ARM.attributes
                0x0000056d       0x31 GGHC_SRC\Libraries\STM32F10x_StdPeriph_Driver\src\stm32f10x_exti.o
 .ARM.attributes
                0x0000059e       0x31 GGHC_SRC\Libraries\STM32F10x_StdPeriph_Driver\src\stm32f10x_dma.o
 .ARM.attributes
                0x000005cf       0x31 GGHC_SRC\Libraries\STM32F10x_StdPeriph_Driver\src\stm32f10x_dbgmcu.o
 .ARM.attributes
                0x00000600       0x31 GGHC_SRC\Libraries\STM32F10x_StdPeriph_Driver\src\stm32f10x_dac.o
 .ARM.attributes
                0x00000631       0x31 GGHC_SRC\Libraries\STM32F10x_StdPeriph_Driver\src\stm32f10x_crc.o
 .ARM.attributes
                0x00000662       0x31 GGHC_SRC\Libraries\STM32F10x_StdPeriph_Driver\src\stm32f10x_cec.o
 .ARM.attributes
                0x00000693       0x31 GGHC_SRC\Libraries\STM32F10x_StdPeriph_Driver\src\stm32f10x_can.o
 .ARM.attributes
                0x000006c4       0x31 GGHC_SRC\Libraries\STM32F10x_StdPeriph_Driver\src\stm32f10x_bkp.o
 .ARM.attributes
                0x000006f5       0x31 GGHC_SRC\Libraries\STM32F10x_StdPeriph_Driver\src\stm32f10x_adc.o
 .ARM.attributes
                0x00000726       0x31 GGHC_SRC\Libraries\STM32F10x_StdPeriph_Driver\src\misc.o
 .ARM.attributes
                0x00000757       0x21 GGHC_SRC\Libraries\CMSIS\CM3\DeviceSupport\ST\STM32F10x\startup\TrueSTUDIO\startup_stm32f10x_xl.o
 .ARM.attributes
                0x00000778       0x31 GGHC_SRC\Libraries\CMSIS\CM3\CoreSupport\core_cm3.o
 .ARM.attributes
                0x000007a9       0x31 .metadata\.plugins\org.eclipse.cdt.make.core\specs.o
 .ARM.attributes
                0x000007da       0x1b c:/program files/atollic/truestudio stm32 lite 2.1.0/armtools/bin/../lib/gcc/arm-atollic-eabi/4.5.1/thumb/thumb2\libgcc.a(_arm_addsubdf3.o)
 .ARM.attributes
                0x000007f5       0x1b c:/program files/atollic/truestudio stm32 lite 2.1.0/armtools/bin/../lib/gcc/arm-atollic-eabi/4.5.1/thumb/thumb2\libgcc.a(_arm_muldivdf3.o)
 .ARM.attributes
                0x00000810       0x1b c:/program files/atollic/truestudio stm32 lite 2.1.0/armtools/bin/../lib/gcc/arm-atollic-eabi/4.5.1/thumb/thumb2\libgcc.a(_arm_truncdfsf2.o)
 .ARM.attributes
                0x0000082b       0x1b c:/program files/atollic/truestudio stm32 lite 2.1.0/armtools/bin/../lib/gcc/arm-atollic-eabi/4.5.1/thumb/thumb2\libgcc.a(_arm_fixunssfsi.o)
 .ARM.attributes
                0x00000846       0x29 c:/program files/atollic/truestudio stm32 lite 2.1.0/armtools/bin/../lib/gcc/arm-atollic-eabi/4.5.1/../../../../arm-atollic-eabi/lib/thumb/thumb2\libc.a(lib_a-init.o)
 .ARM.attributes
                0x0000086f       0x29 c:/program files/atollic/truestudio stm32 lite 2.1.0/armtools/bin/../lib/gcc/arm-atollic-eabi/4.5.1/../../../../arm-atollic-eabi/lib/thumb/thumb2\libc.a(lib_a-memcpy.o)
 .ARM.attributes
                0x00000898       0x29 c:/program files/atollic/truestudio stm32 lite 2.1.0/armtools/bin/../lib/gcc/arm-atollic-eabi/4.5.1/../../../../arm-atollic-eabi/lib/thumb/thumb2\libc.a(lib_a-vsnprintf.o)
 .ARM.attributes
                0x000008c1       0x29 c:/program files/atollic/truestudio stm32 lite 2.1.0/armtools/bin/../lib/gcc/arm-atollic-eabi/4.5.1/../../../../arm-atollic-eabi/lib/thumb/thumb2\libc.a(lib_a-impure.o)
 .ARM.attributes
                0x000008ea       0x29 c:/program files/atollic/truestudio stm32 lite 2.1.0/armtools/bin/../lib/gcc/arm-atollic-eabi/4.5.1/../../../../arm-atollic-eabi/lib/thumb/thumb2\libc.a(lib_a-svfprintf.o)
 .ARM.attributes
                0x00000913       0x29 c:/program files/atollic/truestudio stm32 lite 2.1.0/armtools/bin/../lib/gcc/arm-atollic-eabi/4.5.1/../../../../arm-atollic-eabi/lib/thumb/thumb2\libc.a(lib_a-dtoa.o)
 .ARM.attributes
                0x0000093c       0x29 c:/program files/atollic/truestudio stm32 lite 2.1.0/armtools/bin/../lib/gcc/arm-atollic-eabi/4.5.1/../../../../arm-atollic-eabi/lib/thumb/thumb2\libc.a(lib_a-locale.o)
 .ARM.attributes
                0x00000965       0x29 c:/program files/atollic/truestudio stm32 lite 2.1.0/armtools/bin/../lib/gcc/arm-atollic-eabi/4.5.1/../../../../arm-atollic-eabi/lib/thumb/thumb2\libc.a(lib_a-malloc.o)
 .ARM.attributes
                0x0000098e       0x29 c:/program files/atollic/truestudio stm32 lite 2.1.0/armtools/bin/../lib/gcc/arm-atollic-eabi/4.5.1/../../../../arm-atollic-eabi/lib/thumb/thumb2\libc.a(lib_a-mallocr.o)
 .ARM.attributes
                0x000009b7       0x29 c:/program files/atollic/truestudio stm32 lite 2.1.0/armtools/bin/../lib/gcc/arm-atollic-eabi/4.5.1/../../../../arm-atollic-eabi/lib/thumb/thumb2\libc.a(lib_a-memchr.o)
 .ARM.attributes
                0x000009e0       0x29 c:/program files/atollic/truestudio stm32 lite 2.1.0/armtools/bin/../lib/gcc/arm-atollic-eabi/4.5.1/../../../../arm-atollic-eabi/lib/thumb/thumb2\libc.a(lib_a-mlock.o)
 .ARM.attributes
                0x00000a09       0x29 c:/program files/atollic/truestudio stm32 lite 2.1.0/armtools/bin/../lib/gcc/arm-atollic-eabi/4.5.1/../../../../arm-atollic-eabi/lib/thumb/thumb2\libc.a(lib_a-mprec.o)
 .ARM.attributes
                0x00000a32       0x29 c:/program files/atollic/truestudio stm32 lite 2.1.0/armtools/bin/../lib/gcc/arm-atollic-eabi/4.5.1/../../../../arm-atollic-eabi/lib/thumb/thumb2\libc.a(lib_a-sbrkr.o)
 .ARM.attributes
                0x00000a5b       0x29 c:/program files/atollic/truestudio stm32 lite 2.1.0/armtools/bin/../lib/gcc/arm-atollic-eabi/4.5.1/../../../../arm-atollic-eabi/lib/thumb/thumb2\libc.a(lib_a-s_fpclassify.o)
 .ARM.attributes
                0x00000a84       0x29 c:/program files/atollic/truestudio stm32 lite 2.1.0/armtools/bin/../lib/gcc/arm-atollic-eabi/4.5.1/../../../../arm-atollic-eabi/lib/thumb/thumb2\libc.a(lib_a-strcmp.o)
 .ARM.attributes
                0x00000aad       0x29 c:/program files/atollic/truestudio stm32 lite 2.1.0/armtools/bin/../lib/gcc/arm-atollic-eabi/4.5.1/../../../../arm-atollic-eabi/lib/thumb/thumb2\libc.a(lib_a-strlen.o)
 .ARM.attributes
                0x00000ad6       0x29 c:/program files/atollic/truestudio stm32 lite 2.1.0/armtools/bin/../lib/gcc/arm-atollic-eabi/4.5.1/../../../../arm-atollic-eabi/lib/thumb/thumb2\libc.a(lib_a-svfiprintf.o)
 .ARM.attributes
                0x00000aff       0x29 c:/program files/atollic/truestudio stm32 lite 2.1.0/armtools/bin/../lib/gcc/arm-atollic-eabi/4.5.1/../../../../arm-atollic-eabi/lib/thumb/thumb2\libc.a(lib_a-syscalls.o)
 .ARM.attributes
                0x00000b28       0x29 c:/program files/atollic/truestudio stm32 lite 2.1.0/armtools/bin/../lib/gcc/arm-atollic-eabi/4.5.1/../../../../arm-atollic-eabi/lib/thumb/thumb2\libc.a(lib_a-callocr.o)
 .ARM.attributes
                0x00000b51       0x29 c:/program files/atollic/truestudio stm32 lite 2.1.0/armtools/bin/../lib/gcc/arm-atollic-eabi/4.5.1/../../../../arm-atollic-eabi/lib/thumb/thumb2\libc.a(lib_a-freer.o)
 .ARM.attributes
                0x00000b7a       0x29 c:/program files/atollic/truestudio stm32 lite 2.1.0/armtools/bin/../lib/gcc/arm-atollic-eabi/4.5.1/../../../../arm-atollic-eabi/lib/thumb/thumb2\libc.a(lib_a-memmove.o)
 .ARM.attributes
                0x00000ba3       0x29 c:/program files/atollic/truestudio stm32 lite 2.1.0/armtools/bin/../lib/gcc/arm-atollic-eabi/4.5.1/../../../../arm-atollic-eabi/lib/thumb/thumb2\libc.a(lib_a-memset.o)
 .ARM.attributes
                0x00000bcc       0x29 c:/program files/atollic/truestudio stm32 lite 2.1.0/armtools/bin/../lib/gcc/arm-atollic-eabi/4.5.1/../../../../arm-atollic-eabi/lib/thumb/thumb2\libc.a(lib_a-reallocr.o)
 .ARM.attributes
                0x00000bf5       0x29 c:/program files/atollic/truestudio stm32 lite 2.1.0/armtools/bin/../lib/gcc/arm-atollic-eabi/4.5.1/../../../../arm-atollic-eabi/lib/thumb/thumb2\libc.a(lib_a-reent.o)
 .ARM.attributes
                0x00000c1e       0x1b c:/program files/atollic/truestudio stm32 lite 2.1.0/armtools/bin/../lib/gcc/arm-atollic-eabi/4.5.1/thumb/thumb2\libgcc.a(_udivsi3.o)
 .ARM.attributes
                0x00000c39       0x1b c:/program files/atollic/truestudio stm32 lite 2.1.0/armtools/bin/../lib/gcc/arm-atollic-eabi/4.5.1/thumb/thumb2\libgcc.a(_divsi3.o)
 .ARM.attributes
                0x00000c54       0x1b c:/program files/atollic/truestudio stm32 lite 2.1.0/armtools/bin/../lib/gcc/arm-atollic-eabi/4.5.1/thumb/thumb2\libgcc.a(_dvmd_tls.o)
 .ARM.attributes
                0x00000c6f       0x1b c:/program files/atollic/truestudio stm32 lite 2.1.0/armtools/bin/../lib/gcc/arm-atollic-eabi/4.5.1/thumb/thumb2\libgcc.a(_arm_cmpdf2.o)
 .ARM.attributes
                0x00000c8a       0x1b c:/program files/atollic/truestudio stm32 lite 2.1.0/armtools/bin/../lib/gcc/arm-atollic-eabi/4.5.1/thumb/thumb2\libgcc.a(_arm_fixdfsi.o)
 .ARM.attributes
                0x00000ca5       0x1b c:/program files/atollic/truestudio stm32 lite 2.1.0/armtools/bin/../lib/gcc/arm-atollic-eabi/4.5.1/thumb/thumb2\libgcc.a(_aeabi_uldivmod.o)
 .ARM.attributes
                0x00000cc0       0x29 c:/program files/atollic/truestudio stm32 lite 2.1.0/armtools/bin/../lib/gcc/arm-atollic-eabi/4.5.1/thumb/thumb2\libgcc.a(bpabi.o)
 .ARM.attributes
                0x00000ce9       0x29 c:/program files/atollic/truestudio stm32 lite 2.1.0/armtools/bin/../lib/gcc/arm-atollic-eabi/4.5.1/thumb/thumb2\libgcc.a(_divdi3.o)
 .ARM.attributes
                0x00000d12       0x29 c:/program files/atollic/truestudio stm32 lite 2.1.0/armtools/bin/../lib/gcc/arm-atollic-eabi/4.5.1/thumb/thumb2\libgcc.a(_udivdi3.o)
 .ARM.attributes
                0x00000d3b       0x29 c:/program files/atollic/truestudio stm32 lite 2.1.0/armtools/bin/../lib/gcc/arm-atollic-eabi/4.5.1/thumb/thumb2/crtend.o
 .ARM.attributes
                0x00000d64       0x19 c:/program files/atollic/truestudio stm32 lite 2.1.0/armtools/bin/../lib/gcc/arm-atollic-eabi/4.5.1/thumb/thumb2/crtn.o
OUTPUT(Jigbox.elf elf32-littlearm)

.debug_line     0x00000000     0x8a2e
 .debug_line    0x00000000       0x6d c:/program files/atollic/truestudio stm32 lite 2.1.0/armtools/bin/../lib/gcc/arm-atollic-eabi/4.5.1/thumb/thumb2/crti.o
 .debug_line    0x0000006d      0x16d GGHC_SRC\src\voices.o
 .debug_line    0x000001da      0x2c7 GGHC_SRC\src\timer.o
 .debug_line    0x000004a1      0x232 GGHC_SRC\src\system_stm32f10x.o
 .debug_line    0x000006d3      0x11e GGHC_SRC\src\stm32f10x_it.o
 .debug_line    0x000007f1      0x302 GGHC_SRC\src\main.o
 .debug_line    0x00000af3      0x337 GGHC_SRC\src\i2c.o
 .debug_line    0x00000e2a      0x27d GGHC_SRC\src\buttons.o
 .debug_line    0x000010a7      0x27a GGHC_SRC\src\bsp.o
 .debug_line    0x00001321      0x1db GGHC_SRC\src\audio_class.o
 .debug_line    0x000014fc      0x277 GGHC_SRC\src\audio.o
 .debug_line    0x00001773      0x3e5 GGHC_SRC\src\UART.o
 .debug_line    0x00001b58      0x226 GGHC_SRC\src\LED.o
 .debug_line    0x00001d7e      0x59e GGHC_SRC\src\I2CRoutines.o
 .debug_line    0x0000231c      0x14d GGHC_SRC\src\DDS.o
 .debug_line    0x00002469      0x22e GGHC_SRC\Libraries\STM32F10x_StdPeriph_Driver\src\stm32f10x_wwdg.o
 .debug_line    0x00002697      0x498 GGHC_SRC\Libraries\STM32F10x_StdPeriph_Driver\src\stm32f10x_usart.o
 .debug_line    0x00002b2f      0xa92 GGHC_SRC\Libraries\STM32F10x_StdPeriph_Driver\src\stm32f10x_tim.o
 .debug_line    0x000035c1      0x41f GGHC_SRC\Libraries\STM32F10x_StdPeriph_Driver\src\stm32f10x_spi.o
 .debug_line    0x000039e0      0x448 GGHC_SRC\Libraries\STM32F10x_StdPeriph_Driver\src\stm32f10x_sdio.o
 .debug_line    0x00003e28      0x2c4 GGHC_SRC\Libraries\STM32F10x_StdPeriph_Driver\src\stm32f10x_rtc.o
 .debug_line    0x000040ec      0x4c3 GGHC_SRC\Libraries\STM32F10x_StdPeriph_Driver\src\stm32f10x_rcc.o
 .debug_line    0x000045af      0x281 GGHC_SRC\Libraries\STM32F10x_StdPeriph_Driver\src\stm32f10x_pwr.o
 .debug_line    0x00004830      0x207 GGHC_SRC\Libraries\STM32F10x_StdPeriph_Driver\src\stm32f10x_iwdg.o
 .debug_line    0x00004a37      0x4c0 GGHC_SRC\Libraries\STM32F10x_StdPeriph_Driver\src\stm32f10x_i2c.o
 .debug_line    0x00004ef7      0x3ac GGHC_SRC\Libraries\STM32F10x_StdPeriph_Driver\src\stm32f10x_gpio.o
 .debug_line    0x000052a3      0x45d GGHC_SRC\Libraries\STM32F10x_StdPeriph_Driver\src\stm32f10x_fsmc.o
 .debug_line    0x00005700      0x5af GGHC_SRC\Libraries\STM32F10x_StdPeriph_Driver\src\stm32f10x_flash.o
 .debug_line    0x00005caf      0x2a5 GGHC_SRC\Libraries\STM32F10x_StdPeriph_Driver\src\stm32f10x_exti.o
 .debug_line    0x00005f54      0x300 GGHC_SRC\Libraries\STM32F10x_StdPeriph_Driver\src\stm32f10x_dma.o
 .debug_line    0x00006254      0x1d1 GGHC_SRC\Libraries\STM32F10x_StdPeriph_Driver\src\stm32f10x_dbgmcu.o
 .debug_line    0x00006425      0x2ed GGHC_SRC\Libraries\STM32F10x_StdPeriph_Driver\src\stm32f10x_dac.o
 .debug_line    0x00006712      0x216 GGHC_SRC\Libraries\STM32F10x_StdPeriph_Driver\src\stm32f10x_crc.o
 .debug_line    0x00006928      0x310 GGHC_SRC\Libraries\STM32F10x_StdPeriph_Driver\src\stm32f10x_cec.o
 .debug_line    0x00006c38      0x4bf GGHC_SRC\Libraries\STM32F10x_StdPeriph_Driver\src\stm32f10x_can.o
 .debug_line    0x000070f7      0x27d GGHC_SRC\Libraries\STM32F10x_StdPeriph_Driver\src\stm32f10x_bkp.o
 .debug_line    0x00007374      0x520 GGHC_SRC\Libraries\STM32F10x_StdPeriph_Driver\src\stm32f10x_adc.o
 .debug_line    0x00007894      0x241 GGHC_SRC\Libraries\STM32F10x_StdPeriph_Driver\src\misc.o
 .debug_line    0x00007ad5       0xc0 GGHC_SRC\Libraries\CMSIS\CM3\DeviceSupport\ST\STM32F10x\startup\TrueSTUDIO\startup_stm32f10x_xl.o
 .debug_line    0x00007b95      0x2a2 GGHC_SRC\Libraries\CMSIS\CM3\CoreSupport\core_cm3.o
 .debug_line    0x00007e37        0x0 .metadata\.plugins\org.eclipse.cdt.make.core\specs.o
 .debug_line    0x00007e37      0x213 c:/program files/atollic/truestudio stm32 lite 2.1.0/armtools/bin/../lib/gcc/arm-atollic-eabi/4.5.1/thumb/thumb2\libgcc.a(_arm_addsubdf3.o)
 .debug_line    0x0000804a      0x22f c:/program files/atollic/truestudio stm32 lite 2.1.0/armtools/bin/../lib/gcc/arm-atollic-eabi/4.5.1/thumb/thumb2\libgcc.a(_arm_muldivdf3.o)
 .debug_line    0x00008279       0xa1 c:/program files/atollic/truestudio stm32 lite 2.1.0/armtools/bin/../lib/gcc/arm-atollic-eabi/4.5.1/thumb/thumb2\libgcc.a(_arm_truncdfsf2.o)
 .debug_line    0x0000831a       0x89 c:/program files/atollic/truestudio stm32 lite 2.1.0/armtools/bin/../lib/gcc/arm-atollic-eabi/4.5.1/thumb/thumb2\libgcc.a(_arm_fixunssfsi.o)
 .debug_line    0x000083a3       0x99 c:/program files/atollic/truestudio stm32 lite 2.1.0/armtools/bin/../lib/gcc/arm-atollic-eabi/4.5.1/thumb/thumb2\libgcc.a(_udivsi3.o)
 .debug_line    0x0000843c       0xaa c:/program files/atollic/truestudio stm32 lite 2.1.0/armtools/bin/../lib/gcc/arm-atollic-eabi/4.5.1/thumb/thumb2\libgcc.a(_divsi3.o)
 .debug_line    0x000084e6       0x76 c:/program files/atollic/truestudio stm32 lite 2.1.0/armtools/bin/../lib/gcc/arm-atollic-eabi/4.5.1/thumb/thumb2\libgcc.a(_dvmd_tls.o)
 .debug_line    0x0000855c      0x115 c:/program files/atollic/truestudio stm32 lite 2.1.0/armtools/bin/../lib/gcc/arm-atollic-eabi/4.5.1/thumb/thumb2\libgcc.a(_arm_cmpdf2.o)
 .debug_line    0x00008671       0x8d c:/program files/atollic/truestudio stm32 lite 2.1.0/armtools/bin/../lib/gcc/arm-atollic-eabi/4.5.1/thumb/thumb2\libgcc.a(_arm_fixdfsi.o)
 .debug_line    0x000086fe       0x78 c:/program files/atollic/truestudio stm32 lite 2.1.0/armtools/bin/../lib/gcc/arm-atollic-eabi/4.5.1/thumb/thumb2\libgcc.a(_aeabi_uldivmod.o)
 .debug_line    0x00008776       0x78 c:/program files/atollic/truestudio stm32 lite 2.1.0/armtools/bin/../lib/gcc/arm-atollic-eabi/4.5.1/thumb/thumb2\libgcc.a(bpabi.o)
 .debug_line    0x000087ee       0xed c:/program files/atollic/truestudio stm32 lite 2.1.0/armtools/bin/../lib/gcc/arm-atollic-eabi/4.5.1/thumb/thumb2\libgcc.a(_divdi3.o)
 .debug_line    0x000088db       0xe3 c:/program files/atollic/truestudio stm32 lite 2.1.0/armtools/bin/../lib/gcc/arm-atollic-eabi/4.5.1/thumb/thumb2\libgcc.a(_udivdi3.o)
 .debug_line    0x000089be       0x70 c:/program files/atollic/truestudio stm32 lite 2.1.0/armtools/bin/../lib/gcc/arm-atollic-eabi/4.5.1/thumb/thumb2/crtn.o

.debug_info     0x00000000    0x11c5e
 .debug_info    0x00000000       0x7e c:/program files/atollic/truestudio stm32 lite 2.1.0/armtools/bin/../lib/gcc/arm-atollic-eabi/4.5.1/thumb/thumb2/crti.o
 .debug_info    0x0000007e      0x106 GGHC_SRC\src\voices.o
 .debug_info    0x00000184      0x6c4 GGHC_SRC\src\timer.o
 .debug_info    0x00000848      0x50a GGHC_SRC\src\system_stm32f10x.o
 .debug_info    0x00000d52      0x139 GGHC_SRC\src\stm32f10x_it.o
 .debug_info    0x00000e8b      0xa06 GGHC_SRC\src\main.o
 .debug_info    0x00001891      0xb6d GGHC_SRC\src\i2c.o
 .debug_info    0x000023fe      0x386 GGHC_SRC\src\buttons.o
 .debug_info    0x00002784      0x748 GGHC_SRC\src\bsp.o
 .debug_info    0x00002ecc      0x661 GGHC_SRC\src\audio_class.o
 .debug_info    0x0000352d      0x47a GGHC_SRC\src\audio.o
 .debug_info    0x000039a7      0x6bd GGHC_SRC\src\UART.o
 .debug_info    0x00004064      0x540 GGHC_SRC\src\LED.o
 .debug_info    0x000045a4      0x8f3 GGHC_SRC\src\I2CRoutines.o
 .debug_info    0x00004e97      0x282 GGHC_SRC\src\DDS.o
 .debug_info    0x00005119      0x239 GGHC_SRC\Libraries\STM32F10x_StdPeriph_Driver\src\stm32f10x_wwdg.o
 .debug_info    0x00005352      0xa70 GGHC_SRC\Libraries\STM32F10x_StdPeriph_Driver\src\stm32f10x_usart.o
 .debug_info    0x00005dc2     0x1e1c GGHC_SRC\Libraries\STM32F10x_StdPeriph_Driver\src\stm32f10x_tim.o
 .debug_info    0x00007bde      0x975 GGHC_SRC\Libraries\STM32F10x_StdPeriph_Driver\src\stm32f10x_spi.o
 .debug_info    0x00008553      0x893 GGHC_SRC\Libraries\STM32F10x_StdPeriph_Driver\src\stm32f10x_sdio.o
 .debug_info    0x00008de6      0x46e GGHC_SRC\Libraries\STM32F10x_StdPeriph_Driver\src\stm32f10x_rtc.o
 .debug_info    0x00009254      0x905 GGHC_SRC\Libraries\STM32F10x_StdPeriph_Driver\src\stm32f10x_rcc.o
 .debug_info    0x00009b59      0x45f GGHC_SRC\Libraries\STM32F10x_StdPeriph_Driver\src\stm32f10x_pwr.o
 .debug_info    0x00009fb8      0x204 GGHC_SRC\Libraries\STM32F10x_StdPeriph_Driver\src\stm32f10x_iwdg.o
 .debug_info    0x0000a1bc      0xb5f GGHC_SRC\Libraries\STM32F10x_StdPeriph_Driver\src\stm32f10x_i2c.o
 .debug_info    0x0000ad1b      0x727 GGHC_SRC\Libraries\STM32F10x_StdPeriph_Driver\src\stm32f10x_gpio.o
 .debug_info    0x0000b442      0x99d GGHC_SRC\Libraries\STM32F10x_StdPeriph_Driver\src\stm32f10x_fsmc.o
 .debug_info    0x0000bddf      0x988 GGHC_SRC\Libraries\STM32F10x_StdPeriph_Driver\src\stm32f10x_flash.o
 .debug_info    0x0000c767      0x365 GGHC_SRC\Libraries\STM32F10x_StdPeriph_Driver\src\stm32f10x_exti.o
 .debug_info    0x0000cacc      0x4a6 GGHC_SRC\Libraries\STM32F10x_StdPeriph_Driver\src\stm32f10x_dma.o
 .debug_info    0x0000cf72      0x15e GGHC_SRC\Libraries\STM32F10x_StdPeriph_Driver\src\stm32f10x_dbgmcu.o
 .debug_info    0x0000d0d0      0x4dc GGHC_SRC\Libraries\STM32F10x_StdPeriph_Driver\src\stm32f10x_dac.o
 .debug_info    0x0000d5ac      0x204 GGHC_SRC\Libraries\STM32F10x_StdPeriph_Driver\src\stm32f10x_crc.o
 .debug_info    0x0000d7b0      0x440 GGHC_SRC\Libraries\STM32F10x_StdPeriph_Driver\src\stm32f10x_cec.o
 .debug_info    0x0000dbf0      0xb10 GGHC_SRC\Libraries\STM32F10x_StdPeriph_Driver\src\stm32f10x_can.o
 .debug_info    0x0000e700      0x87d GGHC_SRC\Libraries\STM32F10x_StdPeriph_Driver\src\stm32f10x_bkp.o
 .debug_info    0x0000ef7d      0xc12 GGHC_SRC\Libraries\STM32F10x_StdPeriph_Driver\src\stm32f10x_adc.o
 .debug_info    0x0000fb8f      0x54a GGHC_SRC\Libraries\STM32F10x_StdPeriph_Driver\src\misc.o
 .debug_info    0x000100d9       0xb2 GGHC_SRC\Libraries\CMSIS\CM3\DeviceSupport\ST\STM32F10x\startup\TrueSTUDIO\startup_stm32f10x_xl.o
 .debug_info    0x0001018b      0x54c GGHC_SRC\Libraries\CMSIS\CM3\CoreSupport\core_cm3.o
 .debug_info    0x000106d7        0x0 .metadata\.plugins\org.eclipse.cdt.make.core\specs.o
 .debug_info    0x000106d7       0xba c:/program files/atollic/truestudio stm32 lite 2.1.0/armtools/bin/../lib/gcc/arm-atollic-eabi/4.5.1/thumb/thumb2\libgcc.a(_arm_addsubdf3.o)
 .debug_info    0x00010791       0xba c:/program files/atollic/truestudio stm32 lite 2.1.0/armtools/bin/../lib/gcc/arm-atollic-eabi/4.5.1/thumb/thumb2\libgcc.a(_arm_muldivdf3.o)
 .debug_info    0x0001084b       0xba c:/program files/atollic/truestudio stm32 lite 2.1.0/armtools/bin/../lib/gcc/arm-atollic-eabi/4.5.1/thumb/thumb2\libgcc.a(_arm_truncdfsf2.o)
 .debug_info    0x00010905       0xba c:/program files/atollic/truestudio stm32 lite 2.1.0/armtools/bin/../lib/gcc/arm-atollic-eabi/4.5.1/thumb/thumb2\libgcc.a(_arm_fixunssfsi.o)
 .debug_info    0x000109bf       0xbb c:/program files/atollic/truestudio stm32 lite 2.1.0/armtools/bin/../lib/gcc/arm-atollic-eabi/4.5.1/thumb/thumb2\libgcc.a(_udivsi3.o)
 .debug_info    0x00010a7a       0xbb c:/program files/atollic/truestudio stm32 lite 2.1.0/armtools/bin/../lib/gcc/arm-atollic-eabi/4.5.1/thumb/thumb2\libgcc.a(_divsi3.o)
 .debug_info    0x00010b35       0xbb c:/program files/atollic/truestudio stm32 lite 2.1.0/armtools/bin/../lib/gcc/arm-atollic-eabi/4.5.1/thumb/thumb2\libgcc.a(_dvmd_tls.o)
 .debug_info    0x00010bf0       0xba c:/program files/atollic/truestudio stm32 lite 2.1.0/armtools/bin/../lib/gcc/arm-atollic-eabi/4.5.1/thumb/thumb2\libgcc.a(_arm_cmpdf2.o)
 .debug_info    0x00010caa       0xba c:/program files/atollic/truestudio stm32 lite 2.1.0/armtools/bin/../lib/gcc/arm-atollic-eabi/4.5.1/thumb/thumb2\libgcc.a(_arm_fixdfsi.o)
 .debug_info    0x00010d64       0xb5 c:/program files/atollic/truestudio stm32 lite 2.1.0/armtools/bin/../lib/gcc/arm-atollic-eabi/4.5.1/thumb/thumb2\libgcc.a(_aeabi_uldivmod.o)
 .debug_info    0x00010e19       0xf0 c:/program files/atollic/truestudio stm32 lite 2.1.0/armtools/bin/../lib/gcc/arm-atollic-eabi/4.5.1/thumb/thumb2\libgcc.a(bpabi.o)
 .debug_info    0x00010f09      0x68c c:/program files/atollic/truestudio stm32 lite 2.1.0/armtools/bin/../lib/gcc/arm-atollic-eabi/4.5.1/thumb/thumb2\libgcc.a(_divdi3.o)
 .debug_info    0x00011595      0x64b c:/program files/atollic/truestudio stm32 lite 2.1.0/armtools/bin/../lib/gcc/arm-atollic-eabi/4.5.1/thumb/thumb2\libgcc.a(_udivdi3.o)
 .debug_info    0x00011be0       0x7e c:/program files/atollic/truestudio stm32 lite 2.1.0/armtools/bin/../lib/gcc/arm-atollic-eabi/4.5.1/thumb/thumb2/crtn.o

.debug_abbrev   0x00000000     0x3743
 .debug_abbrev  0x00000000       0x12 c:/program files/atollic/truestudio stm32 lite 2.1.0/armtools/bin/../lib/gcc/arm-atollic-eabi/4.5.1/thumb/thumb2/crti.o
 .debug_abbrev  0x00000012       0x91 GGHC_SRC\src\voices.o
 .debug_abbrev  0x000000a3      0x114 GGHC_SRC\src\timer.o
 .debug_abbrev  0x000001b7      0x18f GGHC_SRC\src\system_stm32f10x.o
 .debug_abbrev  0x00000346       0x59 GGHC_SRC\src\stm32f10x_it.o
 .debug_abbrev  0x0000039f      0x220 GGHC_SRC\src\main.o
 .debug_abbrev  0x000005bf      0x1ce GGHC_SRC\src\i2c.o
 .debug_abbrev  0x0000078d      0x152 GGHC_SRC\src\buttons.o
 .debug_abbrev  0x000008df      0x1ba GGHC_SRC\src\bsp.o
 .debug_abbrev  0x00000a99      0x148 GGHC_SRC\src\audio_class.o
 .debug_abbrev  0x00000be1      0x15d GGHC_SRC\src\audio.o
 .debug_abbrev  0x00000d3e      0x1d6 GGHC_SRC\src\UART.o
 .debug_abbrev  0x00000f14      0x158 GGHC_SRC\src\LED.o
 .debug_abbrev  0x0000106c      0x1a4 GGHC_SRC\src\I2CRoutines.o
 .debug_abbrev  0x00001210       0xe2 GGHC_SRC\src\DDS.o
 .debug_abbrev  0x000012f2       0xfa GGHC_SRC\Libraries\STM32F10x_StdPeriph_Driver\src\stm32f10x_wwdg.o
 .debug_abbrev  0x000013ec      0x15d GGHC_SRC\Libraries\STM32F10x_StdPeriph_Driver\src\stm32f10x_usart.o
 .debug_abbrev  0x00001549      0x174 GGHC_SRC\Libraries\STM32F10x_StdPeriph_Driver\src\stm32f10x_tim.o
 .debug_abbrev  0x000016bd      0x15f GGHC_SRC\Libraries\STM32F10x_StdPeriph_Driver\src\stm32f10x_spi.o
 .debug_abbrev  0x0000181c      0x1a4 GGHC_SRC\Libraries\STM32F10x_StdPeriph_Driver\src\stm32f10x_sdio.o
 .debug_abbrev  0x000019c0      0x168 GGHC_SRC\Libraries\STM32F10x_StdPeriph_Driver\src\stm32f10x_rtc.o
 .debug_abbrev  0x00001b28      0x193 GGHC_SRC\Libraries\STM32F10x_StdPeriph_Driver\src\stm32f10x_rcc.o
 .debug_abbrev  0x00001cbb      0x186 GGHC_SRC\Libraries\STM32F10x_StdPeriph_Driver\src\stm32f10x_pwr.o
 .debug_abbrev  0x00001e41       0xfc GGHC_SRC\Libraries\STM32F10x_StdPeriph_Driver\src\stm32f10x_iwdg.o
 .debug_abbrev  0x00001f3d      0x15f GGHC_SRC\Libraries\STM32F10x_StdPeriph_Driver\src\stm32f10x_i2c.o
 .debug_abbrev  0x0000209c      0x1a6 GGHC_SRC\Libraries\STM32F10x_StdPeriph_Driver\src\stm32f10x_gpio.o
 .debug_abbrev  0x00002242      0x168 GGHC_SRC\Libraries\STM32F10x_StdPeriph_Driver\src\stm32f10x_fsmc.o
 .debug_abbrev  0x000023aa      0x185 GGHC_SRC\Libraries\STM32F10x_StdPeriph_Driver\src\stm32f10x_flash.o
 .debug_abbrev  0x0000252f      0x14c GGHC_SRC\Libraries\STM32F10x_StdPeriph_Driver\src\stm32f10x_exti.o
 .debug_abbrev  0x0000267b      0x150 GGHC_SRC\Libraries\STM32F10x_StdPeriph_Driver\src\stm32f10x_dma.o
 .debug_abbrev  0x000027cb       0xdc GGHC_SRC\Libraries\STM32F10x_StdPeriph_Driver\src\stm32f10x_dbgmcu.o
 .debug_abbrev  0x000028a7      0x16b GGHC_SRC\Libraries\STM32F10x_StdPeriph_Driver\src\stm32f10x_dac.o
 .debug_abbrev  0x00002a12      0x10c GGHC_SRC\Libraries\STM32F10x_StdPeriph_Driver\src\stm32f10x_crc.o
 .debug_abbrev  0x00002b1e      0x18b GGHC_SRC\Libraries\STM32F10x_StdPeriph_Driver\src\stm32f10x_cec.o
 .debug_abbrev  0x00002ca9      0x1ae GGHC_SRC\Libraries\STM32F10x_StdPeriph_Driver\src\stm32f10x_can.o
 .debug_abbrev  0x00002e57      0x158 GGHC_SRC\Libraries\STM32F10x_StdPeriph_Driver\src\stm32f10x_bkp.o
 .debug_abbrev  0x00002faf      0x176 GGHC_SRC\Libraries\STM32F10x_StdPeriph_Driver\src\stm32f10x_adc.o
 .debug_abbrev  0x00003125      0x137 GGHC_SRC\Libraries\STM32F10x_StdPeriph_Driver\src\misc.o
 .debug_abbrev  0x0000325c       0x12 GGHC_SRC\Libraries\CMSIS\CM3\DeviceSupport\ST\STM32F10x\startup\TrueSTUDIO\startup_stm32f10x_xl.o
 .debug_abbrev  0x0000326e       0xd7 GGHC_SRC\Libraries\CMSIS\CM3\CoreSupport\core_cm3.o
 .debug_abbrev  0x00003345        0x1 .metadata\.plugins\org.eclipse.cdt.make.core\specs.o
 .debug_abbrev  0x00003346       0x14 c:/program files/atollic/truestudio stm32 lite 2.1.0/armtools/bin/../lib/gcc/arm-atollic-eabi/4.5.1/thumb/thumb2\libgcc.a(_arm_addsubdf3.o)
 .debug_abbrev  0x0000335a       0x14 c:/program files/atollic/truestudio stm32 lite 2.1.0/armtools/bin/../lib/gcc/arm-atollic-eabi/4.5.1/thumb/thumb2\libgcc.a(_arm_muldivdf3.o)
 .debug_abbrev  0x0000336e       0x14 c:/program files/atollic/truestudio stm32 lite 2.1.0/armtools/bin/../lib/gcc/arm-atollic-eabi/4.5.1/thumb/thumb2\libgcc.a(_arm_truncdfsf2.o)
 .debug_abbrev  0x00003382       0x14 c:/program files/atollic/truestudio stm32 lite 2.1.0/armtools/bin/../lib/gcc/arm-atollic-eabi/4.5.1/thumb/thumb2\libgcc.a(_arm_fixunssfsi.o)
 .debug_abbrev  0x00003396       0x14 c:/program files/atollic/truestudio stm32 lite 2.1.0/armtools/bin/../lib/gcc/arm-atollic-eabi/4.5.1/thumb/thumb2\libgcc.a(_udivsi3.o)
 .debug_abbrev  0x000033aa       0x14 c:/program files/atollic/truestudio stm32 lite 2.1.0/armtools/bin/../lib/gcc/arm-atollic-eabi/4.5.1/thumb/thumb2\libgcc.a(_divsi3.o)
 .debug_abbrev  0x000033be       0x14 c:/program files/atollic/truestudio stm32 lite 2.1.0/armtools/bin/../lib/gcc/arm-atollic-eabi/4.5.1/thumb/thumb2\libgcc.a(_dvmd_tls.o)
 .debug_abbrev  0x000033d2       0x14 c:/program files/atollic/truestudio stm32 lite 2.1.0/armtools/bin/../lib/gcc/arm-atollic-eabi/4.5.1/thumb/thumb2\libgcc.a(_arm_cmpdf2.o)
 .debug_abbrev  0x000033e6       0x14 c:/program files/atollic/truestudio stm32 lite 2.1.0/armtools/bin/../lib/gcc/arm-atollic-eabi/4.5.1/thumb/thumb2\libgcc.a(_arm_fixdfsi.o)
 .debug_abbrev  0x000033fa       0x14 c:/program files/atollic/truestudio stm32 lite 2.1.0/armtools/bin/../lib/gcc/arm-atollic-eabi/4.5.1/thumb/thumb2\libgcc.a(_aeabi_uldivmod.o)
 .debug_abbrev  0x0000340e       0x6e c:/program files/atollic/truestudio stm32 lite 2.1.0/armtools/bin/../lib/gcc/arm-atollic-eabi/4.5.1/thumb/thumb2\libgcc.a(bpabi.o)
 .debug_abbrev  0x0000347c      0x162 c:/program files/atollic/truestudio stm32 lite 2.1.0/armtools/bin/../lib/gcc/arm-atollic-eabi/4.5.1/thumb/thumb2\libgcc.a(_divdi3.o)
 .debug_abbrev  0x000035de      0x153 c:/program files/atollic/truestudio stm32 lite 2.1.0/armtools/bin/../lib/gcc/arm-atollic-eabi/4.5.1/thumb/thumb2\libgcc.a(_udivdi3.o)
 .debug_abbrev  0x00003731       0x12 c:/program files/atollic/truestudio stm32 lite 2.1.0/armtools/bin/../lib/gcc/arm-atollic-eabi/4.5.1/thumb/thumb2/crtn.o

.debug_aranges  0x00000000     0x17b0
 .debug_aranges
                0x00000000       0x28 c:/program files/atollic/truestudio stm32 lite 2.1.0/armtools/bin/../lib/gcc/arm-atollic-eabi/4.5.1/thumb/thumb2/crti.o
 .debug_aranges
                0x00000028       0x68 GGHC_SRC\src\timer.o
 .debug_aranges
                0x00000090       0x38 GGHC_SRC\src\system_stm32f10x.o
 .debug_aranges
                0x000000c8       0x58 GGHC_SRC\src\stm32f10x_it.o
 .debug_aranges
                0x00000120       0x40 GGHC_SRC\src\main.o
 .debug_aranges
                0x00000160       0x78 GGHC_SRC\src\i2c.o
 .debug_aranges
                0x000001d8       0x28 GGHC_SRC\src\buttons.o
 .debug_aranges
                0x00000200       0x58 GGHC_SRC\src\bsp.o
 .debug_aranges
                0x00000258       0x20 GGHC_SRC\src\audio_class.o
 .debug_aranges
                0x00000278       0x48 GGHC_SRC\src\audio.o
 .debug_aranges
                0x000002c0       0x68 GGHC_SRC\src\UART.o
 .debug_aranges
                0x00000328       0x30 GGHC_SRC\src\LED.o
 .debug_aranges
                0x00000358       0x70 GGHC_SRC\src\I2CRoutines.o
 .debug_aranges
                0x000003c8       0x38 GGHC_SRC\src\DDS.o
 .debug_aranges
                0x00000400       0x58 GGHC_SRC\Libraries\STM32F10x_StdPeriph_Driver\src\stm32f10x_wwdg.o
 .debug_aranges
                0x00000458      0x100 GGHC_SRC\Libraries\STM32F10x_StdPeriph_Driver\src\stm32f10x_usart.o
 .debug_aranges
                0x00000558      0x2f0 GGHC_SRC\Libraries\STM32F10x_StdPeriph_Driver\src\stm32f10x_tim.o
 .debug_aranges
                0x00000848       0xd0 GGHC_SRC\Libraries\STM32F10x_StdPeriph_Driver\src\stm32f10x_spi.o
 .debug_aranges
                0x00000918      0x108 GGHC_SRC\Libraries\STM32F10x_StdPeriph_Driver\src\stm32f10x_sdio.o
 .debug_aranges
                0x00000a20       0x88 GGHC_SRC\Libraries\STM32F10x_StdPeriph_Driver\src\stm32f10x_rtc.o
 .debug_aranges
                0x00000aa8      0x118 GGHC_SRC\Libraries\STM32F10x_StdPeriph_Driver\src\stm32f10x_rcc.o
 .debug_aranges
                0x00000bc0       0x70 GGHC_SRC\Libraries\STM32F10x_StdPeriph_Driver\src\stm32f10x_pwr.o
 .debug_aranges
                0x00000c30       0x48 GGHC_SRC\Libraries\STM32F10x_StdPeriph_Driver\src\stm32f10x_iwdg.o
 .debug_aranges
                0x00000c78      0x118 GGHC_SRC\Libraries\STM32F10x_StdPeriph_Driver\src\stm32f10x_i2c.o
 .debug_aranges
                0x00000d90       0xa8 GGHC_SRC\Libraries\STM32F10x_StdPeriph_Driver\src\stm32f10x_gpio.o
 .debug_aranges
                0x00000e38       0xb0 GGHC_SRC\Libraries\STM32F10x_StdPeriph_Driver\src\stm32f10x_fsmc.o
 .debug_aranges
                0x00000ee8      0x128 GGHC_SRC\Libraries\STM32F10x_StdPeriph_Driver\src\stm32f10x_flash.o
 .debug_aranges
                0x00001010       0x58 GGHC_SRC\Libraries\STM32F10x_StdPeriph_Driver\src\stm32f10x_exti.o
 .debug_aranges
                0x00001068       0x70 GGHC_SRC\Libraries\STM32F10x_StdPeriph_Driver\src\stm32f10x_dma.o
 .debug_aranges
                0x000010d8       0x30 GGHC_SRC\Libraries\STM32F10x_StdPeriph_Driver\src\stm32f10x_dbgmcu.o
 .debug_aranges
                0x00001108       0x78 GGHC_SRC\Libraries\STM32F10x_StdPeriph_Driver\src\stm32f10x_dac.o
 .debug_aranges
                0x00001180       0x48 GGHC_SRC\Libraries\STM32F10x_StdPeriph_Driver\src\stm32f10x_crc.o
 .debug_aranges
                0x000011c8       0x88 GGHC_SRC\Libraries\STM32F10x_StdPeriph_Driver\src\stm32f10x_cec.o
 .debug_aranges
                0x00001250       0xb8 GGHC_SRC\Libraries\STM32F10x_StdPeriph_Driver\src\stm32f10x_can.o
 .debug_aranges
                0x00001308       0x78 GGHC_SRC\Libraries\STM32F10x_StdPeriph_Driver\src\stm32f10x_bkp.o
 .debug_aranges
                0x00001380      0x138 GGHC_SRC\Libraries\STM32F10x_StdPeriph_Driver\src\stm32f10x_adc.o
 .debug_aranges
                0x000014b8       0x40 GGHC_SRC\Libraries\STM32F10x_StdPeriph_Driver\src\misc.o
 .debug_aranges
                0x000014f8       0x28 GGHC_SRC\Libraries\CMSIS\CM3\DeviceSupport\ST\STM32F10x\startup\TrueSTUDIO\startup_stm32f10x_xl.o
 .debug_aranges
                0x00001520       0xc8 GGHC_SRC\Libraries\CMSIS\CM3\CoreSupport\core_cm3.o
 .debug_aranges
                0x000015e8       0x20 c:/program files/atollic/truestudio stm32 lite 2.1.0/armtools/bin/../lib/gcc/arm-atollic-eabi/4.5.1/thumb/thumb2\libgcc.a(_arm_addsubdf3.o)
 .debug_aranges
                0x00001608       0x20 c:/program files/atollic/truestudio stm32 lite 2.1.0/armtools/bin/../lib/gcc/arm-atollic-eabi/4.5.1/thumb/thumb2\libgcc.a(_arm_muldivdf3.o)
 .debug_aranges
                0x00001628       0x20 c:/program files/atollic/truestudio stm32 lite 2.1.0/armtools/bin/../lib/gcc/arm-atollic-eabi/4.5.1/thumb/thumb2\libgcc.a(_arm_truncdfsf2.o)
 .debug_aranges
                0x00001648       0x20 c:/program files/atollic/truestudio stm32 lite 2.1.0/armtools/bin/../lib/gcc/arm-atollic-eabi/4.5.1/thumb/thumb2\libgcc.a(_arm_fixunssfsi.o)
 .debug_aranges
                0x00001668       0x20 c:/program files/atollic/truestudio stm32 lite 2.1.0/armtools/bin/../lib/gcc/arm-atollic-eabi/4.5.1/thumb/thumb2\libgcc.a(_udivsi3.o)
 .debug_aranges
                0x00001688       0x20 c:/program files/atollic/truestudio stm32 lite 2.1.0/armtools/bin/../lib/gcc/arm-atollic-eabi/4.5.1/thumb/thumb2\libgcc.a(_divsi3.o)
 .debug_aranges
                0x000016a8       0x20 c:/program files/atollic/truestudio stm32 lite 2.1.0/armtools/bin/../lib/gcc/arm-atollic-eabi/4.5.1/thumb/thumb2\libgcc.a(_dvmd_tls.o)
 .debug_aranges
                0x000016c8       0x20 c:/program files/atollic/truestudio stm32 lite 2.1.0/armtools/bin/../lib/gcc/arm-atollic-eabi/4.5.1/thumb/thumb2\libgcc.a(_arm_cmpdf2.o)
 .debug_aranges
                0x000016e8       0x20 c:/program files/atollic/truestudio stm32 lite 2.1.0/armtools/bin/../lib/gcc/arm-atollic-eabi/4.5.1/thumb/thumb2\libgcc.a(_arm_fixdfsi.o)
 .debug_aranges
                0x00001708       0x20 c:/program files/atollic/truestudio stm32 lite 2.1.0/armtools/bin/../lib/gcc/arm-atollic-eabi/4.5.1/thumb/thumb2\libgcc.a(_aeabi_uldivmod.o)
 .debug_aranges
                0x00001728       0x20 c:/program files/atollic/truestudio stm32 lite 2.1.0/armtools/bin/../lib/gcc/arm-atollic-eabi/4.5.1/thumb/thumb2\libgcc.a(bpabi.o)
 .debug_aranges
                0x00001748       0x20 c:/program files/atollic/truestudio stm32 lite 2.1.0/armtools/bin/../lib/gcc/arm-atollic-eabi/4.5.1/thumb/thumb2\libgcc.a(_divdi3.o)
 .debug_aranges
                0x00001768       0x20 c:/program files/atollic/truestudio stm32 lite 2.1.0/armtools/bin/../lib/gcc/arm-atollic-eabi/4.5.1/thumb/thumb2\libgcc.a(_udivdi3.o)
 .debug_aranges
                0x00001788       0x28 c:/program files/atollic/truestudio stm32 lite 2.1.0/armtools/bin/../lib/gcc/arm-atollic-eabi/4.5.1/thumb/thumb2/crtn.o

.debug_ranges   0x00000000     0x1540
 .debug_ranges  0x00000000       0x20 c:/program files/atollic/truestudio stm32 lite 2.1.0/armtools/bin/../lib/gcc/arm-atollic-eabi/4.5.1/thumb/thumb2/crti.o
 .debug_ranges  0x00000020       0x58 GGHC_SRC\src\timer.o
 .debug_ranges  0x00000078       0x28 GGHC_SRC\src\system_stm32f10x.o
 .debug_ranges  0x000000a0       0x48 GGHC_SRC\src\stm32f10x_it.o
 .debug_ranges  0x000000e8       0x30 GGHC_SRC\src\main.o
 .debug_ranges  0x00000118       0x68 GGHC_SRC\src\i2c.o
 .debug_ranges  0x00000180       0x18 GGHC_SRC\src\buttons.o
 .debug_ranges  0x00000198       0x48 GGHC_SRC\src\bsp.o
 .debug_ranges  0x000001e0       0x10 GGHC_SRC\src\audio_class.o
 .debug_ranges  0x000001f0       0x38 GGHC_SRC\src\audio.o
 .debug_ranges  0x00000228       0x58 GGHC_SRC\src\UART.o
 .debug_ranges  0x00000280       0x20 GGHC_SRC\src\LED.o
 .debug_ranges  0x000002a0       0x60 GGHC_SRC\src\I2CRoutines.o
 .debug_ranges  0x00000300       0x28 GGHC_SRC\src\DDS.o
 .debug_ranges  0x00000328       0x48 GGHC_SRC\Libraries\STM32F10x_StdPeriph_Driver\src\stm32f10x_wwdg.o
 .debug_ranges  0x00000370       0xf0 GGHC_SRC\Libraries\STM32F10x_StdPeriph_Driver\src\stm32f10x_usart.o
 .debug_ranges  0x00000460      0x2e0 GGHC_SRC\Libraries\STM32F10x_StdPeriph_Driver\src\stm32f10x_tim.o
 .debug_ranges  0x00000740       0xc0 GGHC_SRC\Libraries\STM32F10x_StdPeriph_Driver\src\stm32f10x_spi.o
 .debug_ranges  0x00000800       0xf8 GGHC_SRC\Libraries\STM32F10x_StdPeriph_Driver\src\stm32f10x_sdio.o
 .debug_ranges  0x000008f8       0x78 GGHC_SRC\Libraries\STM32F10x_StdPeriph_Driver\src\stm32f10x_rtc.o
 .debug_ranges  0x00000970      0x108 GGHC_SRC\Libraries\STM32F10x_StdPeriph_Driver\src\stm32f10x_rcc.o
 .debug_ranges  0x00000a78       0x60 GGHC_SRC\Libraries\STM32F10x_StdPeriph_Driver\src\stm32f10x_pwr.o
 .debug_ranges  0x00000ad8       0x38 GGHC_SRC\Libraries\STM32F10x_StdPeriph_Driver\src\stm32f10x_iwdg.o
 .debug_ranges  0x00000b10      0x108 GGHC_SRC\Libraries\STM32F10x_StdPeriph_Driver\src\stm32f10x_i2c.o
 .debug_ranges  0x00000c18       0x98 GGHC_SRC\Libraries\STM32F10x_StdPeriph_Driver\src\stm32f10x_gpio.o
 .debug_ranges  0x00000cb0       0xa0 GGHC_SRC\Libraries\STM32F10x_StdPeriph_Driver\src\stm32f10x_fsmc.o
 .debug_ranges  0x00000d50      0x118 GGHC_SRC\Libraries\STM32F10x_StdPeriph_Driver\src\stm32f10x_flash.o
 .debug_ranges  0x00000e68       0x48 GGHC_SRC\Libraries\STM32F10x_StdPeriph_Driver\src\stm32f10x_exti.o
 .debug_ranges  0x00000eb0       0x60 GGHC_SRC\Libraries\STM32F10x_StdPeriph_Driver\src\stm32f10x_dma.o
 .debug_ranges  0x00000f10       0x20 GGHC_SRC\Libraries\STM32F10x_StdPeriph_Driver\src\stm32f10x_dbgmcu.o
 .debug_ranges  0x00000f30       0x68 GGHC_SRC\Libraries\STM32F10x_StdPeriph_Driver\src\stm32f10x_dac.o
 .debug_ranges  0x00000f98       0x38 GGHC_SRC\Libraries\STM32F10x_StdPeriph_Driver\src\stm32f10x_crc.o
 .debug_ranges  0x00000fd0       0x78 GGHC_SRC\Libraries\STM32F10x_StdPeriph_Driver\src\stm32f10x_cec.o
 .debug_ranges  0x00001048       0xa8 GGHC_SRC\Libraries\STM32F10x_StdPeriph_Driver\src\stm32f10x_can.o
 .debug_ranges  0x000010f0       0x68 GGHC_SRC\Libraries\STM32F10x_StdPeriph_Driver\src\stm32f10x_bkp.o
 .debug_ranges  0x00001158      0x128 GGHC_SRC\Libraries\STM32F10x_StdPeriph_Driver\src\stm32f10x_adc.o
 .debug_ranges  0x00001280       0x30 GGHC_SRC\Libraries\STM32F10x_StdPeriph_Driver\src\misc.o
 .debug_ranges  0x000012b0       0x20 GGHC_SRC\Libraries\CMSIS\CM3\DeviceSupport\ST\STM32F10x\startup\TrueSTUDIO\startup_stm32f10x_xl.o
 .debug_ranges  0x000012d0       0xb8 GGHC_SRC\Libraries\CMSIS\CM3\CoreSupport\core_cm3.o
 .debug_ranges  0x00001388       0xc0 c:/program files/atollic/truestudio stm32 lite 2.1.0/armtools/bin/../lib/gcc/arm-atollic-eabi/4.5.1/thumb/thumb2\libgcc.a(_divdi3.o)