Archive member included because of file (symbol)

../../../../../ports/arm-cortex/qk/gnu/dbg\libqk_cortex-m3.a(qk.o)
                              dbg/main.o (QActive_start)
../../../../../ports/arm-cortex/qk/gnu/dbg\libqk_cortex-m3.a(qk_sched.o)
                              ../../../../../ports/arm-cortex/qk/gnu/dbg\libqk_cortex-m3.a(qk.o) (QK_schedule_)
../../../../../ports/arm-cortex/qk/gnu/dbg\libqk_cortex-m3.a(qk_mutex.o)
                              ../../../../../ports/arm-cortex/qk/gnu/dbg\libqk_cortex-m3.a(qk_sched.o) (QK_ceilingPrio_)
../../../../../ports/arm-cortex/qk/gnu/dbg\libqk_cortex-m3.a(qk_port.o)
                              ../../../../../ports/arm-cortex/qk/gnu/dbg\libqk_cortex-m3.a(qk.o) (QK_init)
../../../../../ports/arm-cortex/qk/gnu/dbg\libqf_cortex-m3.a(qa_fifo.o)
                              dbg/bsp.o (QActive_postFIFO)
../../../../../ports/arm-cortex/qk/gnu/dbg\libqf_cortex-m3.a(qa_get_.o)
                              ../../../../../ports/arm-cortex/qk/gnu/dbg\libqk_cortex-m3.a(qk_sched.o) (QActive_get_)
../../../../../ports/arm-cortex/qk/gnu/dbg\libqf_cortex-m3.a(qa_sub.o)
                              dbg/philo.o (QActive_subscribe)
../../../../../ports/arm-cortex/qk/gnu/dbg\libqf_cortex-m3.a(qeq_init.o)
                              ../../../../../ports/arm-cortex/qk/gnu/dbg\libqk_cortex-m3.a(qk.o) (QEQueue_init)
../../../../../ports/arm-cortex/qk/gnu/dbg\libqf_cortex-m3.a(qf_act.o)
                              dbg/bsp.o (QF_getVersion)
../../../../../ports/arm-cortex/qk/gnu/dbg\libqf_cortex-m3.a(qf_gc.o)
                              ../../../../../ports/arm-cortex/qk/gnu/dbg\libqk_cortex-m3.a(qk_sched.o) (QF_gc)
../../../../../ports/arm-cortex/qk/gnu/dbg\libqf_cortex-m3.a(qf_log2.o)
                              ../../../../../ports/arm-cortex/qk/gnu/dbg\libqk_cortex-m3.a(qk_sched.o) (QF_log2Lkup)
../../../../../ports/arm-cortex/qk/gnu/dbg\libqf_cortex-m3.a(qf_new.o)
                              dbg/bsp.o (QF_new_)
../../../../../ports/arm-cortex/qk/gnu/dbg\libqf_cortex-m3.a(qf_pool.o)
                              dbg/main.o (QF_poolInit)
../../../../../ports/arm-cortex/qk/gnu/dbg\libqf_cortex-m3.a(qf_psini.o)
                              dbg/main.o (QF_psInit)
../../../../../ports/arm-cortex/qk/gnu/dbg\libqf_cortex-m3.a(qf_pspub.o)
                              dbg/philo.o (QF_publish)
../../../../../ports/arm-cortex/qk/gnu/dbg\libqf_cortex-m3.a(qf_pwr2.o)
                              ../../../../../ports/arm-cortex/qk/gnu/dbg\libqf_cortex-m3.a(qa_fifo.o) (QF_pwr2Lkup)
../../../../../ports/arm-cortex/qk/gnu/dbg\libqf_cortex-m3.a(qf_tick.o)
                              dbg/bsp.o (QF_tick)
../../../../../ports/arm-cortex/qk/gnu/dbg\libqf_cortex-m3.a(qmp_get.o)
                              ../../../../../ports/arm-cortex/qk/gnu/dbg\libqf_cortex-m3.a(qf_new.o) (QMPool_get)
../../../../../ports/arm-cortex/qk/gnu/dbg\libqf_cortex-m3.a(qmp_init.o)
                              ../../../../../ports/arm-cortex/qk/gnu/dbg\libqf_cortex-m3.a(qf_pool.o) (QMPool_init)
../../../../../ports/arm-cortex/qk/gnu/dbg\libqf_cortex-m3.a(qmp_put.o)
                              ../../../../../ports/arm-cortex/qk/gnu/dbg\libqf_cortex-m3.a(qf_gc.o) (QMPool_put)
../../../../../ports/arm-cortex/qk/gnu/dbg\libqf_cortex-m3.a(qte_ctor.o)
                              dbg/philo.o (QTimeEvt_ctor)
../../../../../ports/arm-cortex/qk/gnu/dbg\libqf_cortex-m3.a(qte_arm.o)
                              dbg/philo.o (QTimeEvt_arm_)
../../../../../ports/arm-cortex/qk/gnu/dbg\libqep_cortex-m3.a(qhsm_ini.o)
                              ../../../../../ports/arm-cortex/qk/gnu/dbg\libqk_cortex-m3.a(qk.o) (QHsm_init)
../../../../../ports/arm-cortex/qk/gnu/dbg\libqep_cortex-m3.a(qhsm_dis.o)
                              ../../../../../ports/arm-cortex/qk/gnu/dbg\libqk_cortex-m3.a(qk_sched.o) (QHsm_dispatch)
../../../../../ports/arm-cortex/qk/gnu/dbg\libqep_cortex-m3.a(qhsm_top.o)
                              dbg/philo.o (QHsm_top)
../../../../../ports/arm-cortex/qk/gnu/dbg\libqep_cortex-m3.a(qep.o)
                              ../../../../../ports/arm-cortex/qk/gnu/dbg\libqep_cortex-m3.a(qhsm_ini.o) (QEP_reservedEvt_)
c:/tools/devkitpro/devkitarm/bin/../lib/gcc/arm-eabi/4.4.2/../../../../arm-eabi/lib/thumb/thumb2\libc.a(lib_a-atexit.o)
                              c:/tools/devkitpro/devkitarm/bin/../lib/gcc/arm-eabi/4.4.2/../../../../arm-eabi/lib/thumb/thumb2/crt0.o (atexit)
c:/tools/devkitpro/devkitarm/bin/../lib/gcc/arm-eabi/4.4.2/../../../../arm-eabi/lib/thumb/thumb2\libc.a(lib_a-exit.o)
                              c:/tools/devkitpro/devkitarm/bin/../lib/gcc/arm-eabi/4.4.2/../../../../arm-eabi/lib/thumb/thumb2/crt0.o (exit)
c:/tools/devkitpro/devkitarm/bin/../lib/gcc/arm-eabi/4.4.2/../../../../arm-eabi/lib/thumb/thumb2\libc.a(lib_a-impure.o)
[...]
Memory Configuration

Name             Origin             Length             Attributes
ROM              0x08000000         0x00040000         xr
RAM              0x20000000         0x00010000         xrw
*default*        0x00000000         0xffffffff

Linker script and memory map

LOAD c:/tools/devkitpro/devkitarm/bin/../lib/gcc/arm-eabi/4.4.2/thumb/thumb2/crti.o
LOAD c:/tools/devkitpro/devkitarm/bin/../lib/gcc/arm-eabi/4.4.2/thumb/thumb2/crtbegin.o
LOAD c:/tools/devkitpro/devkitarm/bin/../lib/gcc/arm-eabi/4.4.2/../../../../arm-eabi/lib/thumb/thumb2/crt0.o
LOAD dbg/bsp.o
LOAD dbg/main.o
LOAD dbg/no_heap.o
LOAD dbg/philo.o
LOAD dbg/table.o
LOAD dbg/startup_stm32f10x_cl.o
LOAD dbg/core_cm3.o
LOAD dbg/system_stm32f10x.o
LOAD dbg/stm32_eval.o
LOAD dbg/stm3210c_eval_lcd.o
LOAD dbg/stm3210c_eval_ioe.o
LOAD dbg/misc.o
LOAD dbg/stm32f10x_adc.o
LOAD dbg/stm32f10x_bkp.o
LOAD dbg/stm32f10x_can.o
LOAD dbg/stm32f10x_crc.o
LOAD dbg/stm32f10x_dac.o
LOAD dbg/stm32f10x_dbgmcu.o
LOAD dbg/stm32f10x_dma.o
LOAD dbg/stm32f10x_exti.o
LOAD dbg/stm32f10x_flash.o
LOAD dbg/stm32f10x_fsmc.o
LOAD dbg/stm32f10x_gpio.o
LOAD dbg/stm32f10x_i2c.o
LOAD dbg/stm32f10x_iwdg.o
LOAD dbg/stm32f10x_pwr.o
LOAD dbg/stm32f10x_rcc.o
LOAD dbg/stm32f10x_rtc.o
LOAD dbg/stm32f10x_sdio.o
LOAD dbg/stm32f10x_spi.o
LOAD dbg/stm32f10x_tim.o
LOAD dbg/stm32f10x_usart.o
LOAD dbg/stm32f10x_wwdg.o
LOAD ../../../../../ports/arm-cortex/qk/gnu/dbg\libqk_cortex-m3.a
LOAD ../../../../../ports/arm-cortex/qk/gnu/dbg\libqf_cortex-m3.a
LOAD ../../../../../ports/arm-cortex/qk/gnu/dbg\libqep_cortex-m3.a
START GROUP
LOAD c:/tools/devkitpro/devkitarm/bin/../lib/gcc/arm-eabi/4.4.2/thumb/thumb2\libgcc.a
LOAD c:/tools/devkitpro/devkitarm/bin/../lib/gcc/arm-eabi/4.4.2/../../../../arm-eabi/lib/thumb/thumb2\libc.a
LOAD c:/tools/devkitpro/devkitarm/bin/../lib/gcc/arm-eabi/4.4.2/../../../../arm-eabi/lib/thumb/thumb2\libsysbase.a
END GROUP
LOAD c:/tools/devkitpro/devkitarm/bin/../lib/gcc/arm-eabi/4.4.2/thumb/thumb2/crtend.o
LOAD c:/tools/devkitpro/devkitarm/bin/../lib/gcc/arm-eabi/4.4.2/thumb/thumb2/crtn.o
                0x00000400                STACK_SIZE = 0x400
                0x00000000                HEAP_SIZE = 0x0

.isr_vector     0x08000000      0x154
 *(.isr_vector)
 .isr_vector    0x08000000      0x154 dbg/startup_stm32f10x_cl.o
                0x08000000                g_pfnVectors
                0x08000154                . = ALIGN (0x4)

.eh_frame       0x08000154        0x0
 .eh_frame      0x08000154        0x0 c:/tools/devkitpro/devkitarm/bin/../lib/gcc/arm-eabi/4.4.2/thumb/thumb2/crtbegin.o

.text           0x08000154     0x5028
                0x08000154                . = ALIGN (0x4)
 *(.text)
 .text          0x08000154       0x54 c:/tools/devkitpro/devkitarm/bin/../lib/gcc/arm-eabi/4.4.2/thumb/thumb2/crtbegin.o
 .text          0x080001a8      0x2b8 dbg/bsp.o
                0x080001a8                QF_onCleanup
                0x080001ac                Q_onAssert
                0x080001b0                assert_failed
                0x080001b8                BSP_busyDelay
                0x080001d0                BSP_displyPhilStat
                0x080001f0                QK_onIdle
                0x08000208                QF_onStartup
                0x0800029c                BSP_init
                0x080003a8                EXTI0_IRQHandler
                0x08000418                SysTick_Handler
 .text          0x08000460       0xa8 dbg/main.o
                0x08000460                main
 .text          0x08000508      0x2b0 dbg/philo.o
                0x08000508                Philo_ctor
 .text          0x080007b8      0x27c dbg/table.o
                0x080007b8                Table_ctor
 .text          0x08000a34       0xb0 dbg/startup_stm32f10x_cl.o
                0x08000a34                EXTI2_IRQHandler
                0x08000a34                TIM8_TRG_COM_IRQHandler
                0x08000a34                TIM8_CC_IRQHandler
                0x08000a34                DebugMon_Handler
                0x08000a34                TIM1_CC_IRQHandler
                0x08000a34                TIM6_IRQHandler
                0x08000a34                PVD_IRQHandler
                0x08000a34                SDIO_IRQHandler
                0x08000a34                NMI_Handler
                0x08000a34                CAN2_RX1_IRQHandler
                0x08000a34                EXTI3_IRQHandler
                0x08000a34                I2C2_EV_IRQHandler
                0x08000a34                UsageFault_Handler
                0x08000a34                CAN2_SCE_IRQHandler
                0x08000a34                ADC1_2_IRQHandler
                0x08000a34                SPI1_IRQHandler
                0x08000a34                TAMPER_IRQHandler
                0x08000a34                CAN2_RX0_IRQHandler
                0x08000a34                TIM8_UP_IRQHandler
                0x08000a34                DMA2_Channel2_IRQHandler
                0x08000a34                DMA1_Channel4_IRQHandler
                0x08000a34                USART3_IRQHandler
                0x08000a34                RTC_IRQHandler
                0x08000a34                DMA1_Channel7_IRQHandler
                0x08000a34                USBWakeUp_IRQHandler
                0x08000a34                CAN1_RX1_IRQHandler
                0x08000a34                UART5_IRQHandler
                0x08000a34                ADC3_IRQHandler
                0x08000a34                TIM4_IRQHandler
                0x08000a34                DMA2_Channel1_IRQHandler
                0x08000a34                I2C1_EV_IRQHandler
                0x08000a34                DMA1_Channel6_IRQHandler
                0x08000a34                UART4_IRQHandler
                0x08000a34                TIM3_IRQHandler
                0x08000a34                RCC_IRQHandler
                0x08000a34                TIM1_TRG_COM_IRQHandler
                0x08000a34                DMA1_Channel1_IRQHandler
                0x08000a34                EXTI15_10_IRQHandler
                0x08000a34                TIM7_IRQHandler
                0x08000a34                CAN2_TX_IRQHandler
                0x08000a34                TIM5_IRQHandler
                0x08000a34                EXTI9_5_IRQHandler
                0x08000a34                ETH_WKUP_IRQHandler
                0x08000a34                SPI2_IRQHandler
                0x08000a34                MemManage_Handler
                0x08000a34                DMA2_Channel5_IRQHandler
                0x08000a34                DMA1_Channel5_IRQHandler
                0x08000a34                EXTI4_IRQHandler
                0x08000a34                USB_LP_CAN1_RX0_IRQHandler
                0x08000a34                USB_HP_CAN1_TX_IRQHandler
                0x08000a34                DMA1_Channel3_IRQHandler
                0x08000a34                FSMC_IRQHandler
                0x08000a34                ETH_IRQHandler
                0x08000a34                TIM1_UP_IRQHandler
                0x08000a34                WWDG_IRQHandler
                0x08000a34                TIM2_IRQHandler
                0x08000a34                TIM1_BRK_IRQHandler
                0x08000a34                EXTI1_IRQHandler
                0x08000a34                RTCAlarm_IRQHandler
                0x08000a34                DMA2_Channel4_5_IRQHandler
                0x08000a34                USART2_IRQHandler
                0x08000a34                I2C2_ER_IRQHandler
                0x08000a34                DMA1_Channel2_IRQHandler
                0x08000a34                TIM8_BRK_IRQHandler
                0x08000a34                CAN1_SCE_IRQHandler
                0x08000a34                FLASH_IRQHandler
                0x08000a34                BusFault_Handler
                0x08000a34                USART1_IRQHandler
                0x08000a34                Spurious_Handler
                0x08000a34                OTG_FS_IRQHandler
                0x08000a34                SPI3_IRQHandler
                0x08000a34                I2C1_ER_IRQHandler
                0x08000a34                DMA2_Channel3_IRQHandler
                0x08000a50                Reset_Handler
 .text          0x08000ae4      0x170 dbg/system_stm32f10x.o
                0x08000ae4                SystemInit
 .text          0x08000c54      0x248 dbg/stm32_eval.o
                0x08000c54                STM_EVAL_LEDOn
                0x08000c70                STM_EVAL_LEDOff
                0x08000c8c                STM_EVAL_LEDToggle
                0x08000cb0                STM_EVAL_LEDInit
                0x08000cfc                STM_EVAL_COMInit
                0x08000da8                STM_EVAL_PBGetState
                0x08000dd0                STM_EVAL_PBInit
 .text          0x08000e9c      0xc50 dbg/stm3210c_eval_lcd.o
                0x08000e9c                LCD_SetTextColor
                0x08000eb8                LCD_SetBackColor
                0x08000f04                LCD_CtrlLinesConfig
                0x08000f40                LCD_SPIConfig
                0x08000fe8                LCD_CtrlLinesWrite
                0x08000ff0                LCD_WriteRAM
                0x08001044                LCD_nCS_StartByte
                0x08001084                LCD_WriteRegIndex
                0x080010f4                LCD_WriteRAM_Prepare
                0x08001108                LCD_WriteRAMWord
                0x0800112c                LCD_WriteReg
                0x080011a0                LCD_DisplayOff
                0x080011b0                LCD_DisplayOn
                0x080011c0                LCD_PowerOn
                0x0800125c                LCD_SetCursor
                0x08001278                LCD_DrawCircle
                0x080013a4                LCD_DrawMonoPict
                0x08001424                LCD_DrawLine
                0x080014b0                LCD_DrawRect
                0x08001500                LCD_DrawChar
                0x08001584                LCD_DisplayChar
                0x080015ac                LCD_DisplayString
                0x08001600                LCD_ClearLine
                0x08001614                LCD_Clear
                0x08001654                LCD_SetDisplayWindow
                0x080016c4                LCD_WindowModeDisable
                0x080016e8                LCD_Setup
                0x080019a4                STM3210C_LCD_Init
                0x080019ac                LCD_ReadReg
 .text          0x08001aec      0x104 dbg/misc.o
                0x08001aec                NVIC_PriorityGroupConfig
                0x08001b00                NVIC_Init
                0x08001b84                NVIC_SetVectorTable
                0x08001b9c                NVIC_SystemLPConfig
                0x08001bc4                SysTick_CLKSourceConfig
 .text          0x08001bf0      0x134 dbg/stm32f10x_exti.o
                0x08001bf0                EXTI_DeInit
                0x08001c10                EXTI_Init
                0x08001cb0                EXTI_StructInit
                0x08001cc4                EXTI_GenerateSWInterrupt
                0x08001cd8                EXTI_GetFlagStatus
                0x08001cec                EXTI_ClearFlag
                0x08001cf8                EXTI_GetITStatus
                0x08001d18                EXTI_ClearITPendingBit
 .text          0x08001d24      0x34c dbg/stm32f10x_gpio.o
                0x08001d24                GPIO_Init
                0x08001dec                GPIO_StructInit
                0x08001e00                GPIO_ReadInputDataBit
                0x08001e0c                GPIO_ReadInputData
                0x08001e14                GPIO_ReadOutputDataBit
                0x08001e20                GPIO_ReadOutputData
                0x08001e28                GPIO_SetBits
                0x08001e2c                GPIO_ResetBits
                0x08001e30                GPIO_WriteBit
                0x08001e3c                GPIO_Write
                0x08001e40                GPIO_PinLockConfig
                0x08001e50                GPIO_EventOutputConfig
                0x08001e74                GPIO_EventOutputCmd
                0x08001e80                GPIO_PinRemapConfig
                0x08001ef8                GPIO_EXTILineConfig
                0x08001f3c                GPIO_ETH_MediaInterfaceConfig
                0x08001f48                GPIO_AFIODeInit
                0x08001f64                GPIO_DeInit
 .text          0x08002070      0x5a4 dbg/stm32f10x_rcc.o
                0x08002070                RCC_DeInit
                0x080020c4                RCC_HSEConfig
                0x08002110                RCC_AdjustHSICalibrationValue
                0x08002128                RCC_HSICmd
                0x08002134                RCC_PLLConfig
                0x08002150                RCC_PLLCmd
                0x0800215c                RCC_PREDIV1Config
                0x0800217c                RCC_PREDIV2Config
                0x08002194                RCC_PLL2Config
                0x080021ac                RCC_PLL2Cmd
                0x080021b8                RCC_PLL3Config
                0x080021d0                RCC_PLL3Cmd
                0x080021dc                RCC_SYSCLKConfig
                0x080021f4                RCC_GetSYSCLKSource
                0x08002204                RCC_HCLKConfig
                0x0800221c                RCC_PCLK1Config
                0x08002234                RCC_PCLK2Config
                0x0800224c                RCC_ITConfig
                0x08002274                RCC_OTGFSCLKConfig
                0x08002280                RCC_ADCCLKConfig
                0x08002298                RCC_I2S2CLKConfig
                0x080022a4                RCC_I2S3CLKConfig
                0x080022b0                RCC_LSEConfig
                0x080022ec                RCC_LSICmd
                0x080022f8                RCC_RTCCLKConfig
                0x0800230c                RCC_RTCCLKCmd
                0x08002318                RCC_GetClocksFreq
                0x0800244c                RCC_AHBPeriphClockCmd
                0x08002474                RCC_APB2PeriphClockCmd
                0x0800249c                RCC_APB1PeriphClockCmd
                0x080024c4                RCC_AHBPeriphResetCmd
                0x080024ec                RCC_APB2PeriphResetCmd
                0x08002514                RCC_APB1PeriphResetCmd
                0x0800253c                RCC_BackupResetCmd
                0x08002548                RCC_ClockSecuritySystemCmd
                0x08002554                RCC_MCOConfig
                0x08002560                RCC_GetFlagStatus
                0x080025a4                RCC_WaitForHSEStartUp
                0x080025e0                RCC_ClearFlag
                0x080025f4                RCC_GetITStatus
                0x08002608                RCC_ClearITPendingBit
 .text          0x08002614      0x410 dbg/stm32f10x_spi.o
                0x08002614                SPI_Init
                0x08002674                SPI_StructInit
                0x08002690                I2S_StructInit
                0x080026a8                SPI_Cmd
                0x080026c8                I2S_Cmd
                0x080026e8                SPI_I2S_ITConfig
                0x08002710                SPI_I2S_DMACmd
                0x0800272c                SPI_I2S_SendData
                0x08002730                SPI_I2S_ReceiveData
                0x08002738                SPI_NSSInternalSoftwareConfig
                0x0800275c                SPI_SSOutputCmd
                0x0800277c                SPI_DataSizeConfig
                0x08002798                SPI_TransmitCRC
                0x080027a4                SPI_CalculateCRC
                0x080027c4                SPI_GetCRC
                0x080027d4                SPI_GetCRCPolynomial
                0x080027dc                SPI_BiDirectionalLineConfig
                0x08002800                SPI_I2S_GetFlagStatus
                0x0800280c                SPI_I2S_ClearFlag
                0x08002818                SPI_I2S_GetITStatus
                0x08002850                SPI_I2S_ClearITPendingBit
                0x08002868                I2S_Init
                0x080029b0                SPI_I2S_DeInit
 .text          0x08002a24      0x44c dbg/stm32f10x_usart.o
                0x08002a24                USART_StructInit
                0x08002a40                USART_ClockInit
                0x08002a70                USART_ClockStructInit
                0x08002a80                USART_Cmd
                0x08002aa0                USART_ITConfig
                0x08002ad8                USART_DMACmd
                0x08002af4                USART_SetAddress
                0x08002b10                USART_WakeUpConfig
                0x08002b2c                USART_ReceiverWakeUpCmd
                0x08002b4c                USART_LINBreakDetectLengthConfig
                0x08002b68                USART_LINCmd
                0x08002b88                USART_SendData
                0x08002b94                USART_ReceiveData
                0x08002ba0                USART_SendBreak
                0x08002bac                USART_SetGuardTime
                0x08002bc0                USART_SetPrescaler
                0x08002bd4                USART_SmartCardCmd
                0x08002bf4                USART_SmartCardNACKCmd
                0x08002c14                USART_HalfDuplexCmd
                0x08002c34                USART_IrDAConfig
                0x08002c50                USART_IrDACmd
                0x08002c70                USART_GetFlagStatus
                0x08002c7c                USART_ClearFlag
                0x08002c88                USART_GetITStatus
                0x08002ce0                USART_ClearITPendingBit
                0x08002cf8                USART_Init
                0x08002db0                USART_DeInit
 .text          0x08002e70       0xac ../../../../../ports/arm-cortex/qk/gnu/dbg\libqk_cortex-m3.a(qk.o)
                0x08002e70                QK_getVersion
                0x08002e7c                QActive_stop
                0x08002e84                QActive_start
                0x08002eec                QF_run
                0x08002f0c                QF_stop
                0x08002f14                QF_init
 .text          0x08002f1c      0x10c ../../../../../ports/arm-cortex/qk/gnu/dbg\libqk_cortex-m3.a(qk_sched.o)
                0x08002f1c                QK_schedule_
 .text          0x08003028       0xa8 ../../../../../ports/arm-cortex/qk/gnu/dbg\libqf_cortex-m3.a(qa_fifo.o)
                0x08003028                QActive_postFIFO
 .text          0x080030d0       0xe4 ../../../../../ports/arm-cortex/qk/gnu/dbg\libqf_cortex-m3.a(qa_get_.o)
                0x080030d0                QF_getQueueMargin
                0x0800310c                QActive_get_
 .text          0x080031b4       0x7c ../../../../../ports/arm-cortex/qk/gnu/dbg\libqf_cortex-m3.a(qa_sub.o)
                0x080031b4                QActive_subscribe
 .text          0x08003230       0x14 ../../../../../ports/arm-cortex/qk/gnu/dbg\libqf_cortex-m3.a(qeq_init.o)
                0x08003230                QEQueue_init
 .text          0x08003244       0x90 ../../../../../ports/arm-cortex/qk/gnu/dbg\libqf_cortex-m3.a(qf_act.o)
                0x08003244                QF_getVersion
                0x08003250                QF_remove_
                0x08003294                QF_add_
 .text          0x080032d4       0x60 ../../../../../ports/arm-cortex/qk/gnu/dbg\libqf_cortex-m3.a(qf_gc.o)
                0x080032d4                QF_gc
 .text          0x08003334       0x88 ../../../../../ports/arm-cortex/qk/gnu/dbg\libqf_cortex-m3.a(qf_new.o)
                0x08003334                QF_new_
 .text          0x080033bc       0x90 ../../../../../ports/arm-cortex/qk/gnu/dbg\libqf_cortex-m3.a(qf_pool.o)
                0x080033bc                QF_poolInit
 .text          0x0800344c       0x18 ../../../../../ports/arm-cortex/qk/gnu/dbg\libqf_cortex-m3.a(qf_psini.o)
                0x0800344c                QF_psInit
 .text          0x08003464       0xc8 ../../../../../ports/arm-cortex/qk/gnu/dbg\libqf_cortex-m3.a(qf_pspub.o)
                0x08003464                QF_publish
 .text          0x0800352c       0x70 ../../../../../ports/arm-cortex/qk/gnu/dbg\libqf_cortex-m3.a(qf_tick.o)
                0x0800352c                QF_tick
 .text          0x0800359c       0x64 ../../../../../ports/arm-cortex/qk/gnu/dbg\libqf_cortex-m3.a(qmp_get.o)
                0x0800359c                QMPool_get
                0x080035c0                QF_getPoolMargin
 .text          0x08003600       0xd8 ../../../../../ports/arm-cortex/qk/gnu/dbg\libqf_cortex-m3.a(qmp_init.o)
                0x08003600                QMPool_init
 .text          0x080036d8       0x40 ../../../../../ports/arm-cortex/qk/gnu/dbg\libqf_cortex-m3.a(qmp_put.o)
                0x080036d8                QMPool_put
 .text          0x08003718       0x30 ../../../../../ports/arm-cortex/qk/gnu/dbg\libqf_cortex-m3.a(qte_ctor.o)
                0x08003718                QTimeEvt_ctor
 .text          0x08003748       0x5c ../../../../../ports/arm-cortex/qk/gnu/dbg\libqf_cortex-m3.a(qte_arm.o)
                0x08003748                QTimeEvt_arm_
 .text          0x080037a4       0xd8 ../../../../../ports/arm-cortex/qk/gnu/dbg\libqep_cortex-m3.a(qhsm_ini.o)
                0x080037a4                QHsm_init
 .text          0x0800387c      0x25c ../../../../../ports/arm-cortex/qk/gnu/dbg\libqep_cortex-m3.a(qhsm_dis.o)
                0x0800387c                QHsm_dispatch
 .text          0x08003ad8        0x8 ../../../../../ports/arm-cortex/qk/gnu/dbg\libqep_cortex-m3.a(qhsm_top.o)
                0x08003ad8                QHsm_top
 .text          0x08003ae0       0x70 c:/tools/devkitpro/devkitarm/bin/../lib/gcc/arm-eabi/4.4.2/../../../../arm-eabi/lib/thumb/thumb2\libc.a(lib_a-init.o)
                0x08003ae0                __libc_fini_array
                0x08003b08                __libc_init_array
 *(.text*)
 .text.QK_init  0x08003b50       0x24 ../../../../../ports/arm-cortex/qk/gnu/dbg\libqk_cortex-m3.a(qk_port.o)
                0x08003b50                QK_init
 .text.PendSV_Handler
                0x08003b74       0x2c ../../../../../ports/arm-cortex/qk/gnu/dbg\libqk_cortex-m3.a(qk_port.o)
                0x08003b74                PendSV_Handler
 .text.SVC_Handler
                0x08003ba0        0x4 ../../../../../ports/arm-cortex/qk/gnu/dbg\libqk_cortex-m3.a(qk_port.o)
                0x08003ba0                SVC_Handler
 *(.rodata)
 .rodata        0x08003ba4       0x1c dbg/philo.o
                0x08003bac                AO_Philo
 .rodata        0x08003bc0        0xc dbg/table.o
                0x08003bc8                AO_Table
 .rodata        0x08003bcc       0x14 dbg/system_stm32f10x.o
                0x08003bcc                SystemFrequency
                0x08003bd0                SystemFrequency_SysClk
                0x08003bd4                SystemFrequency_AHBClk
                0x08003bd8                SystemFrequency_APB1Clk
                0x08003bdc                SystemFrequency_APB2Clk
 .rodata        0x08003be0       0x5c dbg/stm32_eval.o
                0x08003be0                GPIO_PIN
                0x08003be8                GPIO_CLK
                0x08003bf8                COM_POR_CLK
                0x08003bfc                COM_USART_CLK
                0x08003c00                COM_TX_PIN
                0x08003c04                COM_RX_PIN
                0x08003c08                BUTTON_PIN
                0x08003c10                BUTTON_CLK
                0x08003c1c                BUTTON_PORT_SOURCE
                0x08003c24                BUTTON_PIN_SOURCE
                0x08003c2c                BUTTON_EXTI_LINE
                0x08003c34                BUTTON_IRQn
 .rodata        0x08003c3c     0x11d0 dbg/stm3210c_eval_lcd.o
                0x08003c3c                ASCII_Table
 .rodata        0x08004e0c        0xc ../../../../../ports/arm-cortex/qk/gnu/dbg\libqk_cortex-m3.a(qk.o)
 .rodata        0x08004e18        0xc ../../../../../ports/arm-cortex/qk/gnu/dbg\libqk_cortex-m3.a(qk_sched.o)
 .rodata        0x08004e24        0x8 ../../../../../ports/arm-cortex/qk/gnu/dbg\libqf_cortex-m3.a(qa_fifo.o)
 .rodata        0x08004e2c        0x8 ../../../../../ports/arm-cortex/qk/gnu/dbg\libqf_cortex-m3.a(qa_get_.o)
 .rodata        0x08004e34        0x8 ../../../../../ports/arm-cortex/qk/gnu/dbg\libqf_cortex-m3.a(qa_sub.o)
 .rodata        0x08004e3c       0x10 ../../../../../ports/arm-cortex/qk/gnu/dbg\libqf_cortex-m3.a(qf_act.o)
 .rodata        0x08004e4c        0x8 ../../../../../ports/arm-cortex/qk/gnu/dbg\libqf_cortex-m3.a(qf_gc.o)
 .rodata        0x08004e54      0x100 ../../../../../ports/arm-cortex/qk/gnu/dbg\libqf_cortex-m3.a(qf_log2.o)
                0x08004e54                QF_log2Lkup
 .rodata        0x08004f54        0x8 ../../../../../ports/arm-cortex/qk/gnu/dbg\libqf_cortex-m3.a(qf_new.o)
 .rodata        0x08004f5c        0x8 ../../../../../ports/arm-cortex/qk/gnu/dbg\libqf_cortex-m3.a(qf_pool.o)
 .rodata        0x08004f64        0xc ../../../../../ports/arm-cortex/qk/gnu/dbg\libqf_cortex-m3.a(qf_pspub.o)
 .rodata        0x08004f70       0xcc ../../../../../ports/arm-cortex/qk/gnu/dbg\libqf_cortex-m3.a(qf_pwr2.o)
                0x08004f70                QF_pwr2Lkup
                0x08004fb4                QF_invPwr2Lkup
                0x08004ff8                QF_div8Lkup
 .rodata        0x0800503c        0x8 ../../../../../ports/arm-cortex/qk/gnu/dbg\libqf_cortex-m3.a(qmp_get.o)
 .rodata        0x08005044        0xc ../../../../../ports/arm-cortex/qk/gnu/dbg\libqf_cortex-m3.a(qmp_init.o)
 .rodata        0x08005050        0x8 ../../../../../ports/arm-cortex/qk/gnu/dbg\libqf_cortex-m3.a(qmp_put.o)
 .rodata        0x08005058        0xc ../../../../../ports/arm-cortex/qk/gnu/dbg\libqf_cortex-m3.a(qte_ctor.o)
 .rodata        0x08005064        0x8 ../../../../../ports/arm-cortex/qk/gnu/dbg\libqf_cortex-m3.a(qte_arm.o)
 .rodata        0x0800506c        0xc ../../../../../ports/arm-cortex/qk/gnu/dbg\libqep_cortex-m3.a(qhsm_ini.o)
 .rodata        0x08005078        0xc ../../../../../ports/arm-cortex/qk/gnu/dbg\libqep_cortex-m3.a(qhsm_dis.o)
 .rodata        0x08005084       0x10 ../../../../../ports/arm-cortex/qk/gnu/dbg\libqep_cortex-m3.a(qep.o)
                0x0800508c                QEP_reservedEvt_
 *(.rodata*)
 .rodata.str1.4
                0x08005094       0x7a dbg/bsp.o
                                 0x7c (size before relaxing)
 *fill*         0x0800510e        0x2 00
 .rodata.str1.4
                0x08005110       0x21 dbg/table.o
                                 0x24 (size before relaxing)
 *fill*         0x08005131        0x3 00
 .rodata.str1.4
                0x08005134       0x15 dbg/startup_stm32f10x_cl.o
                                 0x18 (size before relaxing)
 *fill*         0x08005149        0x3 00
 .rodata.str1.4
                0x0800514c       0x18 dbg/stm3210c_eval_lcd.o
 *(.init)
 .init          0x08005164        0x4 c:/tools/devkitpro/devkitarm/bin/../lib/gcc/arm-eabi/4.4.2/thumb/thumb2/crti.o
                0x08005164                _init
 .init          0x08005168        0x8 c:/tools/devkitpro/devkitarm/bin/../lib/gcc/arm-eabi/4.4.2/thumb/thumb2/crtn.o
 *(.fini)
 .fini          0x08005170        0x4 c:/tools/devkitpro/devkitarm/bin/../lib/gcc/arm-eabi/4.4.2/thumb/thumb2/crti.o
                0x08005170                _fini
 .fini          0x08005174        0x8 c:/tools/devkitpro/devkitarm/bin/../lib/gcc/arm-eabi/4.4.2/thumb/thumb2/crtn.o
                0x0800517c                . = ALIGN (0x4)
                0x0800517c                _etext = .

.glue_7         0x0800517c        0x0
 .glue_7        0x00000000        0x0 linker stubs

.glue_7t        0x0800517c        0x0
 .glue_7t       0x00000000        0x0 linker stubs

.vfp11_veneer   0x0800517c        0x0
 .vfp11_veneer  0x00000000        0x0 linker stubs

.v4_bx          0x0800517c        0x0
 .v4_bx         0x00000000        0x0 linker stubs

.preinit_array  0x0800517c        0x0
                0x0800517c                PROVIDE (__preinit_array_start, .)
 *(.preinit_array*)
                0x0800517c                PROVIDE (__preinit_array_end, .)

.init_array     0x0800517c        0x4
                0x0800517c                PROVIDE (__init_array_start, .)
 *(SORT(.init_array.*))
 *(.init_array*)
 .init_array    0x0800517c        0x4 c:/tools/devkitpro/devkitarm/bin/../lib/gcc/arm-eabi/4.4.2/thumb/thumb2/crtbegin.o
                0x08005180                PROVIDE (__init_array_end, .)

.fini_array     0x08005180        0x4
                0x08005180                PROVIDE (__fini_array_start, .)
 *(.fini_array*)
 .fini_array    0x08005180        0x4 c:/tools/devkitpro/devkitarm/bin/../lib/gcc/arm-eabi/4.4.2/thumb/thumb2/crtbegin.o
 *(SORT(.fini_array.*))
                0x08005184                PROVIDE (__fini_array_end, .)

.data           0x20000000       0x40 load address 0x08005184
                0x08005184                __data_load = LOADADDR (.data)
                0x20000000                __data_start = .
 *(.data)
 .data          0x20000000       0x24 dbg/stm32_eval.o
                0x20000000                GPIO_PORT
                0x20000010                COM_PORT
                0x20000014                COM_USART
                0x20000018                BUTTON_PORT
 .data          0x20000024        0x2 dbg/stm3210c_eval_lcd.o
 *fill*         0x20000026        0x2 00
 .data          0x20000028       0x14 dbg/stm32f10x_rcc.o
 .data          0x2000003c        0x1 ../../../../../ports/arm-cortex/qk/gnu/dbg\libqk_cortex-m3.a(qk.o)
                0x2000003c                QK_currPrio_
 *(.data*)
                0x20000040                . = ALIGN (0x4)
 *fill*         0x2000003d        0x3 00
                0x20000040                __data_end__ = .
                0x20000040                _edata = __data_end__

.jcr            0x20000040        0x0
 .jcr           0x20000040        0x0 c:/tools/devkitpro/devkitarm/bin/../lib/gcc/arm-eabi/4.4.2/thumb/thumb2/crtbegin.o

.bss            0x20000040      0x358 load address 0x080051c4
                0x20000040                __bss_start__ = .
 *(.bss)
 .bss           0x20000040       0x1c c:/tools/devkitpro/devkitarm/bin/../lib/gcc/arm-eabi/4.4.2/thumb/thumb2/crtbegin.o
 .bss           0x2000005c       0xd8 dbg/main.o
 .bss           0x20000134       0xe0 dbg/philo.o
 .bss           0x20000214       0x24 dbg/table.o
 .bss           0x20000238        0x2 dbg/stm3210c_eval_lcd.o
 .bss           0x2000023a        0x1 ../../../../../ports/arm-cortex/qk/gnu/dbg\libqf_cortex-m3.a(qf_tick.o)
 *(.bss*)
 *(COMMON)
 *fill*         0x2000023b        0x1 00
 COMMON         0x2000023c        0xa ../../../../../ports/arm-cortex/qk/gnu/dbg\libqk_cortex-m3.a(qk.o)
                0x2000023c                QK_readySet_
                0x20000245                QK_intNest_
 COMMON         0x20000246        0x1 ../../../../../ports/arm-cortex/qk/gnu/dbg\libqk_cortex-m3.a(qk_mutex.o)
                0x20000246                QK_ceilingPrio_
 *fill*         0x20000247        0x1 00
 COMMON         0x20000248      0x104 ../../../../../ports/arm-cortex/qk/gnu/dbg\libqf_cortex-m3.a(qf_act.o)
                0x20000248                QF_intLockNest_
                0x2000024c                QF_active_
 COMMON         0x2000034c       0x3d ../../../../../ports/arm-cortex/qk/gnu/dbg\libqf_cortex-m3.a(qf_pool.o)
                0x2000034c                QF_pool_
                0x20000388                QF_maxPool_
 *fill*         0x20000389        0x3 00
 COMMON         0x2000038c        0x8 ../../../../../ports/arm-cortex/qk/gnu/dbg\libqf_cortex-m3.a(qf_psini.o)
                0x2000038c                QF_maxSignal_
                0x20000390                QF_subscrList_
 COMMON         0x20000394        0x4 ../../../../../ports/arm-cortex/qk/gnu/dbg\libqf_cortex-m3.a(qte_arm.o)
                0x20000394                QF_timeEvtListHead_
                0x20000398                . = ALIGN (0x4)
                0x20000398                _ebss = .
                0x20000398                __bss_end__ = .
                0x20000398                PROVIDE (end, _ebss)
                0x20000398                PROVIDE (_end, _ebss)
                0x20000398                PROVIDE (__end__, _ebss)

.heap           0x20000398        0x0 load address 0x080051c4
                0x20000398                __heap_start__ = .
                0x20000398                . = (. + HEAP_SIZE)
                0x20000398                . = ALIGN (0x4)
                0x20000398                __heap_end__ = .

.stack          0x20000398      0x400 load address 0x080051c4
                0x20000398                __stack_start__ = .
                0x20000798                . = (. + STACK_SIZE)
 *fill*         0x20000398      0x400 00
                0x20000798                . = ALIGN (0x4)
                0x20000798                __c_stack_top__ = .
                0x20000798                __stack_end__ = .

/DISCARD/
 libc.a(*)
 libm.a(*)
 libgcc.a(*)
OUTPUT(dbg/dpp-qk.elf elf32-littlearm)

.ARM.attributes
                0x00000000       0x25
 .ARM.attributes
                0x00000000       0x17 c:/tools/devkitpro/devkitarm/bin/../lib/gcc/arm-eabi/4.4.2/thumb/thumb2/crti.o
 .ARM.attributes
                0x00000017       0x27 c:/tools/devkitpro/devkitarm/bin/../lib/gcc/arm-eabi/4.4.2/thumb/thumb2/crtbegin.o
 .ARM.attributes
                0x0000003e       0x17 c:/tools/devkitpro/devkitarm/bin/../lib/gcc/arm-eabi/4.4.2/../../../../arm-eabi/lib/thumb/thumb2/crt0.o
 .ARM.attributes
                0x00000055       0x31 dbg/bsp.o
 .ARM.attributes
                0x00000086       0x31 dbg/main.o
 .ARM.attributes
                0x000000b7       0x31 dbg/no_heap.o
 .ARM.attributes
                0x000000e8       0x31 dbg/philo.o
 .ARM.attributes
                0x00000119       0x31 dbg/table.o
 .ARM.attributes
                0x0000014a       0x31 dbg/startup_stm32f10x_cl.o
 .ARM.attributes
                0x0000017b       0x31 dbg/core_cm3.o
 .ARM.attributes
                0x000001ac       0x31 dbg/system_stm32f10x.o
 .ARM.attributes
                0x000001dd       0x31 dbg/stm32_eval.o
 .ARM.attributes
                0x0000020e       0x31 dbg/stm3210c_eval_lcd.o
 .ARM.attributes
                0x0000023f       0x31 dbg/stm3210c_eval_ioe.o
 .ARM.attributes
                0x00000270       0x31 dbg/misc.o
 .ARM.attributes
                0x000002a1       0x31 dbg/stm32f10x_adc.o
 .ARM.attributes
                0x000002d2       0x31 dbg/stm32f10x_bkp.o
 .ARM.attributes
                0x00000303       0x31 dbg/stm32f10x_can.o
 .ARM.attributes
                0x00000334       0x31 dbg/stm32f10x_crc.o
 .ARM.attributes
                0x00000365       0x31 dbg/stm32f10x_dac.o
 .ARM.attributes
                0x00000396       0x31 dbg/stm32f10x_dbgmcu.o
 .ARM.attributes
                0x000003c7       0x31 dbg/stm32f10x_dma.o
 .ARM.attributes
                0x000003f8       0x31 dbg/stm32f10x_exti.o
 .ARM.attributes
                0x00000429       0x31 dbg/stm32f10x_flash.o
 .ARM.attributes
                0x0000045a       0x31 dbg/stm32f10x_fsmc.o
 .ARM.attributes
                0x0000048b       0x31 dbg/stm32f10x_gpio.o
 .ARM.attributes
                0x000004bc       0x31 dbg/stm32f10x_i2c.o
 .ARM.attributes
                0x000004ed       0x31 dbg/stm32f10x_iwdg.o
 .ARM.attributes
                0x0000051e       0x31 dbg/stm32f10x_pwr.o
 .ARM.attributes
                0x0000054f       0x31 dbg/stm32f10x_rcc.o
 .ARM.attributes
                0x00000580       0x31 dbg/stm32f10x_rtc.o
 .ARM.attributes
                0x000005b1       0x31 dbg/stm32f10x_sdio.o
 .ARM.attributes
                0x000005e2       0x31 dbg/stm32f10x_spi.o
 .ARM.attributes
                0x00000613       0x31 dbg/stm32f10x_tim.o
 .ARM.attributes
                0x00000644       0x31 dbg/stm32f10x_usart.o
 .ARM.attributes
                0x00000675       0x31 dbg/stm32f10x_wwdg.o
 .ARM.attributes
                0x000006a6       0x31 ../../../../../ports/arm-cortex/qk/gnu/dbg\libqk_cortex-m3.a(qk.o)
 .ARM.attributes
                0x000006d7       0x31 ../../../../../ports/arm-cortex/qk/gnu/dbg\libqk_cortex-m3.a(qk_sched.o)
 .ARM.attributes
                0x00000708       0x31 ../../../../../ports/arm-cortex/qk/gnu/dbg\libqk_cortex-m3.a(qk_mutex.o)
 .ARM.attributes
                0x00000739       0x21 ../../../../../ports/arm-cortex/qk/gnu/dbg\libqk_cortex-m3.a(qk_port.o)
 .ARM.attributes
                0x0000075a       0x31 ../../../../../ports/arm-cortex/qk/gnu/dbg\libqf_cortex-m3.a(qa_fifo.o)
 .ARM.attributes
                0x0000078b       0x31 ../../../../../ports/arm-cortex/qk/gnu/dbg\libqf_cortex-m3.a(qa_get_.o)
 .ARM.attributes
                0x000007bc       0x31 ../../../../../ports/arm-cortex/qk/gnu/dbg\libqf_cortex-m3.a(qa_sub.o)
 .ARM.attributes
                0x000007ed       0x31 ../../../../../ports/arm-cortex/qk/gnu/dbg\libqf_cortex-m3.a(qeq_init.o)
 .ARM.attributes
                0x0000081e       0x31 ../../../../../ports/arm-cortex/qk/gnu/dbg\libqf_cortex-m3.a(qf_act.o)
 .ARM.attributes
                0x0000084f       0x31 ../../../../../ports/arm-cortex/qk/gnu/dbg\libqf_cortex-m3.a(qf_gc.o)
 .ARM.attributes
                0x00000880       0x31 ../../../../../ports/arm-cortex/qk/gnu/dbg\libqf_cortex-m3.a(qf_log2.o)
 .ARM.attributes
                0x000008b1       0x31 ../../../../../ports/arm-cortex/qk/gnu/dbg\libqf_cortex-m3.a(qf_new.o)
 .ARM.attributes
                0x000008e2       0x31 ../../../../../ports/arm-cortex/qk/gnu/dbg\libqf_cortex-m3.a(qf_pool.o)
 .ARM.attributes
                0x00000913       0x31 ../../../../../ports/arm-cortex/qk/gnu/dbg\libqf_cortex-m3.a(qf_psini.o)
 .ARM.attributes
                0x00000944       0x31 ../../../../../ports/arm-cortex/qk/gnu/dbg\libqf_cortex-m3.a(qf_pspub.o)
 .ARM.attributes
                0x00000975       0x31 ../../../../../ports/arm-cortex/qk/gnu/dbg\libqf_cortex-m3.a(qf_pwr2.o)
 .ARM.attributes
                0x000009a6       0x31 ../../../../../ports/arm-cortex/qk/gnu/dbg\libqf_cortex-m3.a(qf_tick.o)
 .ARM.attributes
                0x000009d7       0x31 ../../../../../ports/arm-cortex/qk/gnu/dbg\libqf_cortex-m3.a(qmp_get.o)
 .ARM.attributes
                0x00000a08       0x31 ../../../../../ports/arm-cortex/qk/gnu/dbg\libqf_cortex-m3.a(qmp_init.o)
 .ARM.attributes
                0x00000a39       0x31 ../../../../../ports/arm-cortex/qk/gnu/dbg\libqf_cortex-m3.a(qmp_put.o)
 .ARM.attributes
                0x00000a6a       0x31 ../../../../../ports/arm-cortex/qk/gnu/dbg\libqf_cortex-m3.a(qte_ctor.o)
 .ARM.attributes
                0x00000a9b       0x31 ../../../../../ports/arm-cortex/qk/gnu/dbg\libqf_cortex-m3.a(qte_arm.o)
 .ARM.attributes
                0x00000acc       0x31 ../../../../../ports/arm-cortex/qk/gnu/dbg\libqep_cortex-m3.a(qhsm_ini.o)
 .ARM.attributes
                0x00000afd       0x31 ../../../../../ports/arm-cortex/qk/gnu/dbg\libqep_cortex-m3.a(qhsm_dis.o)
 .ARM.attributes
                0x00000b2e       0x31 ../../../../../ports/arm-cortex/qk/gnu/dbg\libqep_cortex-m3.a(qhsm_top.o)
 .ARM.attributes
                0x00000b5f       0x31 ../../../../../ports/arm-cortex/qk/gnu/dbg\libqep_cortex-m3.a(qep.o)
 .ARM.attributes
                0x00000b90       0x27 c:/tools/devkitpro/devkitarm/bin/../lib/gcc/arm-eabi/4.4.2/../../../../arm-eabi/lib/thumb/thumb2\libc.a(lib_a-atexit.o)
 .ARM.attributes
                0x00000bb7       0x27 c:/tools/devkitpro/devkitarm/bin/../lib/gcc/arm-eabi/4.4.2/../../../../arm-eabi/lib/thumb/thumb2\libc.a(lib_a-exit.o)
 .ARM.attributes
                0x00000bde       0x27 c:/tools/devkitpro/devkitarm/bin/../lib/gcc/arm-eabi/4.4.2/../../../../arm-eabi/lib/thumb/thumb2\libc.a(lib_a-impure.o)
 .ARM.attributes
                0x00000c05       0x27 c:/tools/devkitpro/devkitarm/bin/../lib/gcc/arm-eabi/4.4.2/../../../../arm-eabi/lib/thumb/thumb2\libc.a(lib_a-init.o)
 .ARM.attributes
                0x00000c2c       0x27 c:/tools/devkitpro/devkitarm/bin/../lib/gcc/arm-eabi/4.4.2/../../../../arm-eabi/lib/thumb/thumb2\libc.a(lib_a-memset.o)
 .ARM.attributes
                0x00000c53       0x27 c:/tools/devkitpro/devkitarm/bin/../lib/gcc/arm-eabi/4.4.2/../../../../arm-eabi/lib/thumb/thumb2\libc.a(lib_a-__atexit.o)
 .ARM.attributes
                0x00000c7a       0x27 c:/tools/devkitpro/devkitarm/bin/../lib/gcc/arm-eabi/4.4.2/../../../../arm-eabi/lib/thumb/thumb2\libc.a(lib_a-__call_atexit.o)
 .ARM.attributes
                0x00000ca1       0x27 c:/tools/devkitpro/devkitarm/bin/../lib/gcc/arm-eabi/4.4.2/../../../../arm-eabi/lib/thumb/thumb2\libc.a(lib_a-findfp.o)
 .ARM.attributes
                0x00000cc8       0x27 c:/tools/devkitpro/devkitarm/bin/../lib/gcc/arm-eabi/4.4.2/../../../../arm-eabi/lib/thumb/thumb2\libc.a(lib_a-fwalk.o)
 .ARM.attributes
                0x00000cef       0x27 c:/tools/devkitpro/devkitarm/bin/../lib/gcc/arm-eabi/4.4.2/../../../../arm-eabi/lib/thumb/thumb2\libc.a(lib_a-mallocr.o)
 .ARM.attributes
                0x00000d16       0x27 c:/tools/devkitpro/devkitarm/bin/../lib/gcc/arm-eabi/4.4.2/../../../../arm-eabi/lib/thumb/thumb2\libc.a(lib_a-mlock.o)
 .ARM.attributes
                0x00000d3d       0x27 c:/tools/devkitpro/devkitarm/bin/../lib/gcc/arm-eabi/4.4.2/../../../../arm-eabi/lib/thumb/thumb2\libc.a(lib_a-stdio.o)
 .ARM.attributes
                0x00000d64       0x27 c:/tools/devkitpro/devkitarm/bin/../lib/gcc/arm-eabi/4.4.2/../../../../arm-eabi/lib/thumb/thumb2\libc.a(lib_a-fclose.o)
 .ARM.attributes
                0x00000d8b       0x27 c:/tools/devkitpro/devkitarm/bin/../lib/gcc/arm-eabi/4.4.2/../../../../arm-eabi/lib/thumb/thumb2\libc.a(lib_a-fflush.o)
 .ARM.attributes
                0x00000db2       0x27 c:/tools/devkitpro/devkitarm/bin/../lib/gcc/arm-eabi/4.4.2/../../../../arm-eabi/lib/thumb/thumb2\libc.a(lib_a-freer.o)
 .ARM.attributes
                0x00000dd9       0x27 c:/tools/devkitpro/devkitarm/bin/../lib/gcc/arm-eabi/4.4.2/../../../../arm-eabi/lib/thumb/thumb2\libsysbase.a(close.o)
 .ARM.attributes
                0x00000e00       0x27 c:/tools/devkitpro/devkitarm/bin/../lib/gcc/arm-eabi/4.4.2/../../../../arm-eabi/lib/thumb/thumb2\libsysbase.a(lseek.o)
 .ARM.attributes
                0x00000e27       0x27 c:/tools/devkitpro/devkitarm/bin/../lib/gcc/arm-eabi/4.4.2/../../../../arm-eabi/lib/thumb/thumb2\libsysbase.a(read.o)
 .ARM.attributes
                0x00000e4e       0x27 c:/tools/devkitpro/devkitarm/bin/../lib/gcc/arm-eabi/4.4.2/../../../../arm-eabi/lib/thumb/thumb2\libsysbase.a(sbrk.o)
 .ARM.attributes
                0x00000e75       0x27 c:/tools/devkitpro/devkitarm/bin/../lib/gcc/arm-eabi/4.4.2/../../../../arm-eabi/lib/thumb/thumb2\libsysbase.a(write.o)
 .ARM.attributes
                0x00000e9c       0x27 c:/tools/devkitpro/devkitarm/bin/../lib/gcc/arm-eabi/4.4.2/../../../../arm-eabi/lib/thumb/thumb2\libsysbase.a(_exit.o)
 .ARM.attributes
                0x00000ec3       0x27 c:/tools/devkitpro/devkitarm/bin/../lib/gcc/arm-eabi/4.4.2/../../../../arm-eabi/lib/thumb/thumb2\libsysbase.a(malloc_vars.o)
 .ARM.attributes
                0x00000eea       0x27 c:/tools/devkitpro/devkitarm/bin/../lib/gcc/arm-eabi/4.4.2/../../../../arm-eabi/lib/thumb/thumb2\libsysbase.a(syscall_support.o)
 .ARM.attributes
                0x00000f11       0x27 c:/tools/devkitpro/devkitarm/bin/../lib/gcc/arm-eabi/4.4.2/../../../../arm-eabi/lib/thumb/thumb2\libsysbase.a(handle_manager.o)
 .ARM.attributes
                0x00000f38       0x27 c:/tools/devkitpro/devkitarm/bin/../lib/gcc/arm-eabi/4.4.2/../../../../arm-eabi/lib/thumb/thumb2\libsysbase.a(iosupport.o)
 .ARM.attributes
                0x00000f5f       0x27 c:/tools/devkitpro/devkitarm/bin/../lib/gcc/arm-eabi/4.4.2/../../../../arm-eabi/lib/thumb/thumb2\libc.a(lib_a-strchr.o)
 .ARM.attributes
                0x00000f86       0x27 c:/tools/devkitpro/devkitarm/bin/../lib/gcc/arm-eabi/4.4.2/../../../../arm-eabi/lib/thumb/thumb2\libc.a(lib_a-strcmp.o)
 .ARM.attributes
                0x00000fad       0x27 c:/tools/devkitpro/devkitarm/bin/../lib/gcc/arm-eabi/4.4.2/../../../../arm-eabi/lib/thumb/thumb2\libc.a(lib_a-strlen.o)
 .ARM.attributes
                0x00000fd4       0x27 c:/tools/devkitpro/devkitarm/bin/../lib/gcc/arm-eabi/4.4.2/../../../../arm-eabi/lib/thumb/thumb2\libc.a(lib_a-strncmp.o)
 .ARM.attributes
                0x00000ffb       0x27 c:/tools/devkitpro/devkitarm/bin/../lib/gcc/arm-eabi/4.4.2/thumb/thumb2/crtend.o
 .ARM.attributes
                0x00001022       0x17 c:/tools/devkitpro/devkitarm/bin/../lib/gcc/arm-eabi/4.4.2/thumb/thumb2/crtn.o

.comment        0x00000000       0x22
 .comment       0x00000000       0x22 c:/tools/devkitpro/devkitarm/bin/../lib/gcc/arm-eabi/4.4.2/thumb/thumb2/crtbegin.o
                                 0x23 (size before relaxing)
 .comment       0x00000000       0x23 dbg/bsp.o
 .comment       0x00000000       0x23 dbg/main.o
 .comment       0x00000000       0x23 dbg/no_heap.o
 .comment       0x00000000       0x23 dbg/philo.o
 .comment       0x00000000       0x23 dbg/table.o
 .comment       0x00000000       0x23 dbg/startup_stm32f10x_cl.o
 .comment       0x00000000       0x23 dbg/core_cm3.o
 .comment       0x00000000       0x23 dbg/system_stm32f10x.o
 .comment       0x00000000       0x23 dbg/stm32_eval.o
 .comment       0x00000000       0x23 dbg/stm3210c_eval_lcd.o
 .comment       0x00000000       0x23 dbg/stm3210c_eval_ioe.o
 .comment       0x00000000       0x23 dbg/misc.o
 .comment       0x00000000       0x23 dbg/stm32f10x_adc.o
 .comment       0x00000000       0x23 dbg/stm32f10x_bkp.o
 .comment       0x00000000       0x23 dbg/stm32f10x_can.o
 .comment       0x00000000       0x23 dbg/stm32f10x_crc.o
 .comment       0x00000000       0x23 dbg/stm32f10x_dac.o
 .comment       0x00000000       0x23 dbg/stm32f10x_dbgmcu.o
 .comment       0x00000000       0x23 dbg/stm32f10x_dma.o
 .comment       0x00000000       0x23 dbg/stm32f10x_exti.o
 .comment       0x00000000       0x23 dbg/stm32f10x_flash.o
 .comment       0x00000000       0x23 dbg/stm32f10x_fsmc.o
 .comment       0x00000000       0x23 dbg/stm32f10x_gpio.o
 .comment       0x00000000       0x23 dbg/stm32f10x_i2c.o
 .comment       0x00000000       0x23 dbg/stm32f10x_iwdg.o
 .comment       0x00000000       0x23 dbg/stm32f10x_pwr.o
 .comment       0x00000000       0x23 dbg/stm32f10x_rcc.o
 .comment       0x00000000       0x23 dbg/stm32f10x_rtc.o
 .comment       0x00000000       0x23 dbg/stm32f10x_sdio.o
 .comment       0x00000000       0x23 dbg/stm32f10x_spi.o
 .comment       0x00000000       0x23 dbg/stm32f10x_tim.o
 .comment       0x00000000       0x23 dbg/stm32f10x_usart.o
 .comment       0x00000000       0x23 dbg/stm32f10x_wwdg.o
 .comment       0x00000000       0x23 ../../../../../ports/arm-cortex/qk/gnu/dbg\libqk_cortex-m3.a(qk.o)
 .comment       0x00000000       0x23 ../../../../../ports/arm-cortex/qk/gnu/dbg\libqk_cortex-m3.a(qk_sched.o)
 .comment       0x00000000       0x23 ../../../../../ports/arm-cortex/qk/gnu/dbg\libqk_cortex-m3.a(qk_mutex.o)
 .comment       0x00000000       0x23 ../../../../../ports/arm-cortex/qk/gnu/dbg\libqf_cortex-m3.a(qa_fifo.o)
 .comment       0x00000000       0x23 ../../../../../ports/arm-cortex/qk/gnu/dbg\libqf_cortex-m3.a(qa_get_.o)
 .comment       0x00000000       0x23 ../../../../../ports/arm-cortex/qk/gnu/dbg\libqf_cortex-m3.a(qa_sub.o)
 .comment       0x00000000       0x23 ../../../../../ports/arm-cortex/qk/gnu/dbg\libqf_cortex-m3.a(qeq_init.o)
 .comment       0x00000000       0x23 ../../../../../ports/arm-cortex/qk/gnu/dbg\libqf_cortex-m3.a(qf_act.o)
 .comment       0x00000000       0x23 ../../../../../ports/arm-cortex/qk/gnu/dbg\libqf_cortex-m3.a(qf_gc.o)
 .comment       0x00000000       0x23 ../../../../../ports/arm-cortex/qk/gnu/dbg\libqf_cortex-m3.a(qf_log2.o)
 .comment       0x00000000       0x23 ../../../../../ports/arm-cortex/qk/gnu/dbg\libqf_cortex-m3.a(qf_new.o)
 .comment       0x00000000       0x23 ../../../../../ports/arm-cortex/qk/gnu/dbg\libqf_cortex-m3.a(qf_pool.o)
 .comment       0x00000000       0x23 ../../../../../ports/arm-cortex/qk/gnu/dbg\libqf_cortex-m3.a(qf_psini.o)
 .comment       0x00000000       0x23 ../../../../../ports/arm-cortex/qk/gnu/dbg\libqf_cortex-m3.a(qf_pspub.o)
 .comment       0x00000000       0x23 ../../../../../ports/arm-cortex/qk/gnu/dbg\libqf_cortex-m3.a(qf_pwr2.o)
 .comment       0x00000000       0x23 ../../../../../ports/arm-cortex/qk/gnu/dbg\libqf_cortex-m3.a(qf_tick.o)
 .comment       0x00000000       0x23 ../../../../../ports/arm-cortex/qk/gnu/dbg\libqf_cortex-m3.a(qmp_get.o)
 .comment       0x00000000       0x23 ../../../../../ports/arm-cortex/qk/gnu/dbg\libqf_cortex-m3.a(qmp_init.o)
 .comment       0x00000000       0x23 ../../../../../ports/arm-cortex/qk/gnu/dbg\libqf_cortex-m3.a(qmp_put.o)
 .comment       0x00000000       0x23 ../../../../../ports/arm-cortex/qk/gnu/dbg\libqf_cortex-m3.a(qte_ctor.o)
 .comment       0x00000000       0x23 ../../../../../ports/arm-cortex/qk/gnu/dbg\libqf_cortex-m3.a(qte_arm.o)
 .comment       0x00000000       0x23 ../../../../../ports/arm-cortex/qk/gnu/dbg\libqep_cortex-m3.a(qhsm_ini.o)
 .comment       0x00000000       0x23 ../../../../../ports/arm-cortex/qk/gnu/dbg\libqep_cortex-m3.a(qhsm_dis.o)
 .comment       0x00000000       0x23 ../../../../../ports/arm-cortex/qk/gnu/dbg\libqep_cortex-m3.a(qhsm_top.o)
 .comment       0x00000000       0x23 ../../../../../ports/arm-cortex/qk/gnu/dbg\libqep_cortex-m3.a(qep.o)
 .comment       0x00000000       0x23 c:/tools/devkitpro/devkitarm/bin/../lib/gcc/arm-eabi/4.4.2/../../../../arm-eabi/lib/thumb/thumb2\libc.a(lib_a-atexit.o)
 .comment       0x00000000       0x23 c:/tools/devkitpro/devkitarm/bin/../lib/gcc/arm-eabi/4.4.2/../../../../arm-eabi/lib/thumb/thumb2\libc.a(lib_a-exit.o)
 .comment       0x00000000       0x23 c:/tools/devkitpro/devkitarm/bin/../lib/gcc/arm-eabi/4.4.2/../../../../arm-eabi/lib/thumb/thumb2\libc.a(lib_a-impure.o)
 .comment       0x00000000       0x23 c:/tools/devkitpro/devkitarm/bin/../lib/gcc/arm-eabi/4.4.2/../../../../arm-eabi/lib/thumb/thumb2\libc.a(lib_a-init.o)
 .comment       0x00000000       0x23 c:/tools/devkitpro/devkitarm/bin/../lib/gcc/arm-eabi/4.4.2/../../../../arm-eabi/lib/thumb/thumb2\libc.a(lib_a-memset.o)
 .comment       0x00000000       0x23 c:/tools/devkitpro/devkitarm/bin/../lib/gcc/arm-eabi/4.4.2/../../../../arm-eabi/lib/thumb/thumb2\libc.a(lib_a-__atexit.o)
 .comment       0x00000000       0x23 c:/tools/devkitpro/devkitarm/bin/../lib/gcc/arm-eabi/4.4.2/../../../../arm-eabi/lib/thumb/thumb2\libc.a(lib_a-__call_atexit.o)
 .comment       0x00000000       0x23 c:/tools/devkitpro/devkitarm/bin/../lib/gcc/arm-eabi/4.4.2/../../../../arm-eabi/lib/thumb/thumb2\libc.a(lib_a-findfp.o)
 .comment       0x00000000       0x23 c:/tools/devkitpro/devkitarm/bin/../lib/gcc/arm-eabi/4.4.2/../../../../arm-eabi/lib/thumb/thumb2\libc.a(lib_a-fwalk.o)
 .comment       0x00000000       0x23 c:/tools/devkitpro/devkitarm/bin/../lib/gcc/arm-eabi/4.4.2/../../../../arm-eabi/lib/thumb/thumb2\libc.a(lib_a-mallocr.o)
 .comment       0x00000000       0x23 c:/tools/devkitpro/devkitarm/bin/../lib/gcc/arm-eabi/4.4.2/../../../../arm-eabi/lib/thumb/thumb2\libc.a(lib_a-mlock.o)
 .comment       0x00000000       0x23 c:/tools/devkitpro/devkitarm/bin/../lib/gcc/arm-eabi/4.4.2/../../../../arm-eabi/lib/thumb/thumb2\libc.a(lib_a-stdio.o)
 .comment       0x00000000       0x23 c:/tools/devkitpro/devkitarm/bin/../lib/gcc/arm-eabi/4.4.2/../../../../arm-eabi/lib/thumb/thumb2\libc.a(lib_a-fclose.o)
 .comment       0x00000000       0x23 c:/tools/devkitpro/devkitarm/bin/../lib/gcc/arm-eabi/4.4.2/../../../../arm-eabi/lib/thumb/thumb2\libc.a(lib_a-fflush.o)
 .comment       0x00000000       0x23 c:/tools/devkitpro/devkitarm/bin/../lib/gcc/arm-eabi/4.4.2/../../../../arm-eabi/lib/thumb/thumb2\libc.a(lib_a-freer.o)
 .comment       0x00000000       0x23 c:/tools/devkitpro/devkitarm/bin/../lib/gcc/arm-eabi/4.4.2/../../../../arm-eabi/lib/thumb/thumb2\libsysbase.a(close.o)
 .comment       0x00000000       0x23 c:/tools/devkitpro/devkitarm/bin/../lib/gcc/arm-eabi/4.4.2/../../../../arm-eabi/lib/thumb/thumb2\libsysbase.a(lseek.o)
 .comment       0x00000000       0x23 c:/tools/devkitpro/devkitarm/bin/../lib/gcc/arm-eabi/4.4.2/../../../../arm-eabi/lib/thumb/thumb2\libsysbase.a(read.o)
 .comment       0x00000000       0x23 c:/tools/devkitpro/devkitarm/bin/../lib/gcc/arm-eabi/4.4.2/../../../../arm-eabi/lib/thumb/thumb2\libsysbase.a(sbrk.o)
 .comment       0x00000000       0x23 c:/tools/devkitpro/devkitarm/bin/../lib/gcc/arm-eabi/4.4.2/../../../../arm-eabi/lib/thumb/thumb2\libsysbase.a(write.o)
 .comment       0x00000000       0x23 c:/tools/devkitpro/devkitarm/bin/../lib/gcc/arm-eabi/4.4.2/../../../../arm-eabi/lib/thumb/thumb2\libsysbase.a(_exit.o)
 .comment       0x00000000       0x23 c:/tools/devkitpro/devkitarm/bin/../lib/gcc/arm-eabi/4.4.2/../../../../arm-eabi/lib/thumb/thumb2\libsysbase.a(malloc_vars.o)
 .comment       0x00000000       0x23 c:/tools/devkitpro/devkitarm/bin/../lib/gcc/arm-eabi/4.4.2/../../../../arm-eabi/lib/thumb/thumb2\libsysbase.a(syscall_support.o)
 .comment       0x00000000       0x23 c:/tools/devkitpro/devkitarm/bin/../lib/gcc/arm-eabi/4.4.2/../../../../arm-eabi/lib/thumb/thumb2\libsysbase.a(handle_manager.o)
 .comment       0x00000000       0x23 c:/tools/devkitpro/devkitarm/bin/../lib/gcc/arm-eabi/4.4.2/../../../../arm-eabi/lib/thumb/thumb2\libsysbase.a(iosupport.o)
 .comment       0x00000000       0x23 c:/tools/devkitpro/devkitarm/bin/../lib/gcc/arm-eabi/4.4.2/../../../../arm-eabi/lib/thumb/thumb2\libc.a(lib_a-strchr.o)
 .comment       0x00000000       0x23 c:/tools/devkitpro/devkitarm/bin/../lib/gcc/arm-eabi/4.4.2/../../../../arm-eabi/lib/thumb/thumb2\libc.a(lib_a-strcmp.o)
 .comment       0x00000000       0x23 c:/tools/devkitpro/devkitarm/bin/../lib/gcc/arm-eabi/4.4.2/../../../../arm-eabi/lib/thumb/thumb2\libc.a(lib_a-strlen.o)
 .comment       0x00000000       0x23 c:/tools/devkitpro/devkitarm/bin/../lib/gcc/arm-eabi/4.4.2/../../../../arm-eabi/lib/thumb/thumb2\libc.a(lib_a-strncmp.o)
 .comment       0x00000000       0x23 c:/tools/devkitpro/devkitarm/bin/../lib/gcc/arm-eabi/4.4.2/thumb/thumb2/crtend.o

.debug_abbrev   0x00000000     0x4d1e
 .debug_abbrev  0x00000000      0x275 dbg/bsp.o
 .debug_abbrev  0x00000275      0x187 dbg/main.o
 .debug_abbrev  0x000003fc       0xbd dbg/no_heap.o
 .debug_abbrev  0x000004b9      0x19a dbg/philo.o
 .debug_abbrev  0x00000653      0x155 dbg/table.o
 .debug_abbrev  0x000007a8       0xfa dbg/startup_stm32f10x_cl.o
 .debug_abbrev  0x000008a2       0xb2 dbg/core_cm3.o
 .debug_abbrev  0x00000954      0x117 dbg/system_stm32f10x.o
 .debug_abbrev  0x00000a6b      0x1b8 dbg/stm32_eval.o
 .debug_abbrev  0x00000c23      0x221 dbg/stm3210c_eval_lcd.o
 .debug_abbrev  0x00000e44      0x25d dbg/stm3210c_eval_ioe.o
 .debug_abbrev  0x000010a1      0x133 dbg/misc.o
 .debug_abbrev  0x000011d4      0x1f8 dbg/stm32f10x_adc.o
 .debug_abbrev  0x000013cc      0x174 dbg/stm32f10x_bkp.o
 .debug_abbrev  0x00001540      0x1fd dbg/stm32f10x_can.o
 .debug_abbrev  0x0000173d      0x104 dbg/stm32f10x_crc.o
 .debug_abbrev  0x00001841      0x1c7 dbg/stm32f10x_dac.o
 .debug_abbrev  0x00001a08       0xdf dbg/stm32f10x_dbgmcu.o
 .debug_abbrev  0x00001ae7      0x177 dbg/stm32f10x_dma.o
 .debug_abbrev  0x00001c5e      0x171 dbg/stm32f10x_exti.o
 .debug_abbrev  0x00001dcf      0x21c dbg/stm32f10x_flash.o
 .debug_abbrev  0x00001feb      0x1db dbg/stm32f10x_fsmc.o
 .debug_abbrev  0x000021c6      0x22d dbg/stm32f10x_gpio.o
 .debug_abbrev  0x000023f3      0x1bd dbg/stm32f10x_i2c.o
 .debug_abbrev  0x000025b0       0xfd dbg/stm32f10x_iwdg.o
 .debug_abbrev  0x000026ad      0x150 dbg/stm32f10x_pwr.o
 .debug_abbrev  0x000027fd      0x1d5 dbg/stm32f10x_rcc.o
 .debug_abbrev  0x000029d2      0x1a4 dbg/stm32f10x_rtc.o
 .debug_abbrev  0x00002b76      0x202 dbg/stm32f10x_sdio.o
 .debug_abbrev  0x00002d78      0x1bb dbg/stm32f10x_spi.o
 .debug_abbrev  0x00002f33      0x22c dbg/stm32f10x_tim.o
 .debug_abbrev  0x0000315f      0x1c8 dbg/stm32f10x_usart.o
 .debug_abbrev  0x00003327      0x11c dbg/stm32f10x_wwdg.o
 .debug_abbrev  0x00003443      0x150 ../../../../../ports/arm-cortex/qk/gnu/dbg\libqk_cortex-m3.a(qk.o)
 .debug_abbrev  0x00003593      0x11b ../../../../../ports/arm-cortex/qk/gnu/dbg\libqk_cortex-m3.a(qk_sched.o)
 .debug_abbrev  0x000036ae       0xa6 ../../../../../ports/arm-cortex/qk/gnu/dbg\libqk_cortex-m3.a(qk_mutex.o)
 .debug_abbrev  0x00003754       0x12 ../../../../../ports/arm-cortex/qk/gnu/dbg\libqk_cortex-m3.a(qk_port.o)
 .debug_abbrev  0x00003766      0x106 ../../../../../ports/arm-cortex/qk/gnu/dbg\libqf_cortex-m3.a(qa_fifo.o)
 .debug_abbrev  0x0000386c      0x138 ../../../../../ports/arm-cortex/qk/gnu/dbg\libqf_cortex-m3.a(qa_get_.o)
 .debug_abbrev  0x000039a4      0x165 ../../../../../ports/arm-cortex/qk/gnu/dbg\libqf_cortex-m3.a(qa_sub.o)
 .debug_abbrev  0x00003b09       0xb2 ../../../../../ports/arm-cortex/qk/gnu/dbg\libqf_cortex-m3.a(qeq_init.o)
 .debug_abbrev  0x00003bbb      0x116 ../../../../../ports/arm-cortex/qk/gnu/dbg\libqf_cortex-m3.a(qf_act.o)
 .debug_abbrev  0x00003cd1       0xf4 ../../../../../ports/arm-cortex/qk/gnu/dbg\libqf_cortex-m3.a(qf_gc.o)
 .debug_abbrev  0x00003dc5       0x6a ../../../../../ports/arm-cortex/qk/gnu/dbg\libqf_cortex-m3.a(qf_log2.o)
 .debug_abbrev  0x00003e2f       0xfc ../../../../../ports/arm-cortex/qk/gnu/dbg\libqf_cortex-m3.a(qf_new.o)
 .debug_abbrev  0x00003f2b       0xd3 ../../../../../ports/arm-cortex/qk/gnu/dbg\libqf_cortex-m3.a(qf_pool.o)
 .debug_abbrev  0x00003ffe       0xbd ../../../../../ports/arm-cortex/qk/gnu/dbg\libqf_cortex-m3.a(qf_psini.o)
 .debug_abbrev  0x000040bb      0x15d ../../../../../ports/arm-cortex/qk/gnu/dbg\libqf_cortex-m3.a(qf_pspub.o)
 .debug_abbrev  0x00004218       0x6a ../../../../../ports/arm-cortex/qk/gnu/dbg\libqf_cortex-m3.a(qf_pwr2.o)
 .debug_abbrev  0x00004282      0x124 ../../../../../ports/arm-cortex/qk/gnu/dbg\libqf_cortex-m3.a(qf_tick.o)
 .debug_abbrev  0x000043a6      0x122 ../../../../../ports/arm-cortex/qk/gnu/dbg\libqf_cortex-m3.a(qmp_get.o)
 .debug_abbrev  0x000044c8       0xf8 ../../../../../ports/arm-cortex/qk/gnu/dbg\libqf_cortex-m3.a(qmp_init.o)
 .debug_abbrev  0x000045c0       0xcb ../../../../../ports/arm-cortex/qk/gnu/dbg\libqf_cortex-m3.a(qmp_put.o)
 .debug_abbrev  0x0000468b      0x12f ../../../../../ports/arm-cortex/qk/gnu/dbg\libqf_cortex-m3.a(qte_ctor.o)
 .debug_abbrev  0x000047ba      0x14f ../../../../../ports/arm-cortex/qk/gnu/dbg\libqf_cortex-m3.a(qte_arm.o)
 .debug_abbrev  0x00004909      0x130 ../../../../../ports/arm-cortex/qk/gnu/dbg\libqep_cortex-m3.a(qhsm_ini.o)
 .debug_abbrev  0x00004a39      0x132 ../../../../../ports/arm-cortex/qk/gnu/dbg\libqep_cortex-m3.a(qhsm_dis.o)
 .debug_abbrev  0x00004b6b       0xc4 ../../../../../ports/arm-cortex/qk/gnu/dbg\libqep_cortex-m3.a(qhsm_top.o)
 .debug_abbrev  0x00004c2f       0xef ../../../../../ports/arm-cortex/qk/gnu/dbg\libqep_cortex-m3.a(qep.o)

.debug_info     0x00000000    0x1207d
 .debug_info    0x00000000      0xb16 dbg/bsp.o
 .debug_info    0x00000b16      0x3ff dbg/main.o
 .debug_info    0x00000f15      0x13b dbg/no_heap.o
 .debug_info    0x00001050      0x53b dbg/philo.o
 .debug_info    0x0000158b      0x415 dbg/table.o
 .debug_info    0x000019a0      0x147 dbg/startup_stm32f10x_cl.o
 .debug_info    0x00001ae7      0x527 dbg/core_cm3.o
 .debug_info    0x0000200e      0x2b6 dbg/system_stm32f10x.o
 .debug_info    0x000022c4      0x9f6 dbg/stm32_eval.o
 .debug_info    0x00002cba      0xaaf dbg/stm3210c_eval_lcd.o
 .debug_info    0x00003769     0x10c7 dbg/stm3210c_eval_ioe.o
 .debug_info    0x00004830      0x4e3 dbg/misc.o
 .debug_info    0x00004d13      0xb6d dbg/stm32f10x_adc.o
 .debug_info    0x00005880      0x82b dbg/stm32f10x_bkp.o
 .debug_info    0x000060ab      0xaab dbg/stm32f10x_can.o
 .debug_info    0x00006b56      0x1bd dbg/stm32f10x_crc.o
 .debug_info    0x00006d13      0x48a dbg/stm32f10x_dac.o
 .debug_info    0x0000719d      0x118 dbg/stm32f10x_dbgmcu.o
 .debug_info    0x000072b5      0x410 dbg/stm32f10x_dma.o
 .debug_info    0x000076c5      0x30c dbg/stm32f10x_exti.o
 .debug_info    0x000079d1      0x72e dbg/stm32f10x_flash.o
 .debug_info    0x000080ff      0x8e5 dbg/stm32f10x_fsmc.o
 .debug_info    0x000089e4      0x686 dbg/stm32f10x_gpio.o
 .debug_info    0x0000906a      0xabc dbg/stm32f10x_i2c.o
 .debug_info    0x00009b26      0x1b3 dbg/stm32f10x_iwdg.o
 .debug_info    0x00009cd9      0x29d dbg/stm32f10x_pwr.o
 .debug_info    0x00009f76      0xa92 dbg/stm32f10x_rcc.o
 .debug_info    0x0000aa08      0x410 dbg/stm32f10x_rtc.o
 .debug_info    0x0000ae18      0x80c dbg/stm32f10x_sdio.o
 .debug_info    0x0000b624      0x9c3 dbg/stm32f10x_spi.o
 .debug_info    0x0000bfe7     0x1d38 dbg/stm32f10x_tim.o
 .debug_info    0x0000dd1f      0x970 dbg/stm32f10x_usart.o
 .debug_info    0x0000e68f      0x1f7 dbg/stm32f10x_wwdg.o
 .debug_info    0x0000e886      0x405 ../../../../../ports/arm-cortex/qk/gnu/dbg\libqk_cortex-m3.a(qk.o)
 .debug_info    0x0000ec8b      0x361 ../../../../../ports/arm-cortex/qk/gnu/dbg\libqk_cortex-m3.a(qk_sched.o)
 .debug_info    0x0000efec       0xef ../../../../../ports/arm-cortex/qk/gnu/dbg\libqk_cortex-m3.a(qk_mutex.o)
 .debug_info    0x0000f0db       0x58 ../../../../../ports/arm-cortex/qk/gnu/dbg\libqk_cortex-m3.a(qk_port.o)
 .debug_info    0x0000f133      0x316 ../../../../../ports/arm-cortex/qk/gnu/dbg\libqf_cortex-m3.a(qa_fifo.o)
 .debug_info    0x0000f449      0x364 ../../../../../ports/arm-cortex/qk/gnu/dbg\libqf_cortex-m3.a(qa_get_.o)
 .debug_info    0x0000f7ad      0x345 ../../../../../ports/arm-cortex/qk/gnu/dbg\libqf_cortex-m3.a(qa_sub.o)
 .debug_info    0x0000faf2      0x185 ../../../../../ports/arm-cortex/qk/gnu/dbg\libqf_cortex-m3.a(qeq_init.o)
 .debug_info    0x0000fc77      0x2fd ../../../../../ports/arm-cortex/qk/gnu/dbg\libqf_cortex-m3.a(qf_act.o)
 .debug_info    0x0000ff74      0x1ea ../../../../../ports/arm-cortex/qk/gnu/dbg\libqf_cortex-m3.a(qf_gc.o)
 .debug_info    0x0001015e       0x93 ../../../../../ports/arm-cortex/qk/gnu/dbg\libqf_cortex-m3.a(qf_log2.o)
 .debug_info    0x000101f1      0x208 ../../../../../ports/arm-cortex/qk/gnu/dbg\libqf_cortex-m3.a(qf_new.o)
 .debug_info    0x000103f9      0x1c7 ../../../../../ports/arm-cortex/qk/gnu/dbg\libqf_cortex-m3.a(qf_pool.o)
 .debug_info    0x000105c0      0x10c ../../../../../ports/arm-cortex/qk/gnu/dbg\libqf_cortex-m3.a(qf_psini.o)
 .debug_info    0x000106cc      0x33d ../../../../../ports/arm-cortex/qk/gnu/dbg\libqf_cortex-m3.a(qf_pspub.o)
 .debug_info    0x00010a09       0xc1 ../../../../../ports/arm-cortex/qk/gnu/dbg\libqf_cortex-m3.a(qf_pwr2.o)
 .debug_info    0x00010aca      0x2d5 ../../../../../ports/arm-cortex/qk/gnu/dbg\libqf_cortex-m3.a(qf_tick.o)
 .debug_info    0x00010d9f      0x213 ../../../../../ports/arm-cortex/qk/gnu/dbg\libqf_cortex-m3.a(qmp_get.o)
 .debug_info    0x00010fb2      0x1ef ../../../../../ports/arm-cortex/qk/gnu/dbg\libqf_cortex-m3.a(qmp_init.o)
 .debug_info    0x000111a1      0x187 ../../../../../ports/arm-cortex/qk/gnu/dbg\libqf_cortex-m3.a(qmp_put.o)
 .debug_info    0x00011328      0x311 ../../../../../ports/arm-cortex/qk/gnu/dbg\libqf_cortex-m3.a(qte_ctor.o)
 .debug_info    0x00011639      0x332 ../../../../../ports/arm-cortex/qk/gnu/dbg\libqf_cortex-m3.a(qte_arm.o)
 .debug_info    0x0001196b      0x21d ../../../../../ports/arm-cortex/qk/gnu/dbg\libqep_cortex-m3.a(qhsm_ini.o)
 .debug_info    0x00011b88      0x249 ../../../../../ports/arm-cortex/qk/gnu/dbg\libqep_cortex-m3.a(qhsm_dis.o)
 .debug_info    0x00011dd1      0x147 ../../../../../ports/arm-cortex/qk/gnu/dbg\libqep_cortex-m3.a(qhsm_top.o)
 .debug_info    0x00011f18      0x165 ../../../../../ports/arm-cortex/qk/gnu/dbg\libqep_cortex-m3.a(qep.o)

.debug_line     0x00000000     0x4c9c
 .debug_line    0x00000000      0x1e6 dbg/bsp.o
 .debug_line    0x000001e6       0xf3 dbg/main.o
 .debug_line    0x000002d9       0xf8 dbg/no_heap.o
 .debug_line    0x000003d1      0x11b dbg/philo.o
 .debug_line    0x000004ec      0x11e dbg/table.o
 .debug_line    0x0000060a       0x61 dbg/startup_stm32f10x_cl.o
 .debug_line    0x0000066b      0x110 dbg/core_cm3.o
 .debug_line    0x0000077b       0xe7 dbg/system_stm32f10x.o
 .debug_line    0x00000862      0x16f dbg/stm32_eval.o
 .debug_line    0x000009d1      0x29a dbg/stm3210c_eval_lcd.o
 .debug_line    0x00000c6b      0x33e dbg/stm3210c_eval_ioe.o
 .debug_line    0x00000fa9      0x108 dbg/misc.o
 .debug_line    0x000010b1      0x206 dbg/stm32f10x_adc.o
 .debug_line    0x000012b7      0x106 dbg/stm32f10x_bkp.o
 .debug_line    0x000013bd      0x226 dbg/stm32f10x_can.o
 .debug_line    0x000015e3       0xde dbg/stm32f10x_crc.o
 .debug_line    0x000016c1      0x146 dbg/stm32f10x_dac.o
 .debug_line    0x00001807       0xd6 dbg/stm32f10x_dbgmcu.o
 .debug_line    0x000018dd      0x158 dbg/stm32f10x_dma.o
 .debug_line    0x00001a35      0x127 dbg/stm32f10x_exti.o
 .debug_line    0x00001b5c      0x1f7 dbg/stm32f10x_flash.o
 .debug_line    0x00001d53      0x1e8 dbg/stm32f10x_fsmc.o
 .debug_line    0x00001f3b      0x1a4 dbg/stm32f10x_gpio.o
 .debug_line    0x000020df      0x1f5 dbg/stm32f10x_i2c.o
 .debug_line    0x000022d4       0xe3 dbg/stm32f10x_iwdg.o
 .debug_line    0x000023b7      0x122 dbg/stm32f10x_pwr.o
 .debug_line    0x000024d9      0x22a dbg/stm32f10x_rcc.o
 .debug_line    0x00002703      0x112 dbg/stm32f10x_rtc.o
 .debug_line    0x00002815      0x1a0 dbg/stm32f10x_sdio.o
 .debug_line    0x000029b5      0x1ce dbg/stm32f10x_spi.o
 .debug_line    0x00002b83      0x41c dbg/stm32f10x_tim.o
 .debug_line    0x00002f9f      0x1e9 dbg/stm32f10x_usart.o
 .debug_line    0x00003188       0xee dbg/stm32f10x_wwdg.o
 .debug_line    0x00003276      0x11e ../../../../../ports/arm-cortex/qk/gnu/dbg\libqk_cortex-m3.a(qk.o)
 .debug_line    0x00003394      0x148 ../../../../../ports/arm-cortex/qk/gnu/dbg\libqk_cortex-m3.a(qk_sched.o)
 .debug_line    0x000034dc       0xdf ../../../../../ports/arm-cortex/qk/gnu/dbg\libqk_cortex-m3.a(qk_mutex.o)
 .debug_line    0x000035bb       0x7a ../../../../../ports/arm-cortex/qk/gnu/dbg\libqk_cortex-m3.a(qk_port.o)
 .debug_line    0x00003635      0x118 ../../../../../ports/arm-cortex/qk/gnu/dbg\libqf_cortex-m3.a(qa_fifo.o)
 .debug_line    0x0000374d      0x120 ../../../../../ports/arm-cortex/qk/gnu/dbg\libqf_cortex-m3.a(qa_get_.o)
 .debug_line    0x0000386d      0x11c ../../../../../ports/arm-cortex/qk/gnu/dbg\libqf_cortex-m3.a(qa_sub.o)
 .debug_line    0x00003989       0xe9 ../../../../../ports/arm-cortex/qk/gnu/dbg\libqf_cortex-m3.a(qeq_init.o)
 .debug_line    0x00003a72      0x108 ../../../../../ports/arm-cortex/qk/gnu/dbg\libqf_cortex-m3.a(qf_act.o)
 .debug_line    0x00003b7a      0x10c ../../../../../ports/arm-cortex/qk/gnu/dbg\libqf_cortex-m3.a(qf_gc.o)
 .debug_line    0x00003c86       0xa4 ../../../../../ports/arm-cortex/qk/gnu/dbg\libqf_cortex-m3.a(qf_log2.o)
 .debug_line    0x00003d2a      0x117 ../../../../../ports/arm-cortex/qk/gnu/dbg\libqf_cortex-m3.a(qf_new.o)
 .debug_line    0x00003e41       0xe2 ../../../../../ports/arm-cortex/qk/gnu/dbg\libqf_cortex-m3.a(qf_pool.o)
 .debug_line    0x00003f23       0xdf ../../../../../ports/arm-cortex/qk/gnu/dbg\libqf_cortex-m3.a(qf_psini.o)
 .debug_line    0x00004002      0x132 ../../../../../ports/arm-cortex/qk/gnu/dbg\libqf_cortex-m3.a(qf_pspub.o)
 .debug_line    0x00004134       0xa4 ../../../../../ports/arm-cortex/qk/gnu/dbg\libqf_cortex-m3.a(qf_pwr2.o)
 .debug_line    0x000041d8      0x138 ../../../../../ports/arm-cortex/qk/gnu/dbg\libqf_cortex-m3.a(qf_tick.o)
 .debug_line    0x00004310      0x106 ../../../../../ports/arm-cortex/qk/gnu/dbg\libqf_cortex-m3.a(qmp_get.o)
 .debug_line    0x00004416      0x118 ../../../../../ports/arm-cortex/qk/gnu/dbg\libqf_cortex-m3.a(qmp_init.o)
 .debug_line    0x0000452e       0xfe ../../../../../ports/arm-cortex/qk/gnu/dbg\libqf_cortex-m3.a(qmp_put.o)
 .debug_line    0x0000462c       0xfb ../../../../../ports/arm-cortex/qk/gnu/dbg\libqf_cortex-m3.a(qte_ctor.o)
 .debug_line    0x00004727       0xff ../../../../../ports/arm-cortex/qk/gnu/dbg\libqf_cortex-m3.a(qte_arm.o)
 .debug_line    0x00004826      0x11d ../../../../../ports/arm-cortex/qk/gnu/dbg\libqep_cortex-m3.a(qhsm_ini.o)
 .debug_line    0x00004943      0x178 ../../../../../ports/arm-cortex/qk/gnu/dbg\libqep_cortex-m3.a(qhsm_dis.o)
 .debug_line    0x00004abb       0xdf ../../../../../ports/arm-cortex/qk/gnu/dbg\libqep_cortex-m3.a(qhsm_top.o)
 .debug_line    0x00004b9a      0x102 ../../../../../ports/arm-cortex/qk/gnu/dbg\libqep_cortex-m3.a(qep.o)

.debug_frame    0x00000000     0x32e4
 .debug_frame   0x00000000      0x118 dbg/bsp.o
 .debug_frame   0x00000118       0x3c dbg/main.o
 .debug_frame   0x00000154       0x64 dbg/no_heap.o
 .debug_frame   0x000001b8       0xb0 dbg/philo.o
 .debug_frame   0x00000268       0x64 dbg/table.o
 .debug_frame   0x000002cc       0x50 dbg/startup_stm32f10x_cl.o
 .debug_frame   0x0000031c      0x170 dbg/core_cm3.o
 .debug_frame   0x0000048c       0x24 dbg/system_stm32f10x.o
 .debug_frame   0x000004b0       0xcc dbg/stm32_eval.o
 .debug_frame   0x0000057c      0x3cc dbg/stm3210c_eval_lcd.o
 .debug_frame   0x00000948      0x398 dbg/stm3210c_eval_ioe.o
 .debug_frame   0x00000ce0       0x60 dbg/misc.o
 .debug_frame   0x00000d40      0x27c dbg/stm32f10x_adc.o
 .debug_frame   0x00000fbc       0xe4 dbg/stm32f10x_bkp.o
 .debug_frame   0x000010a0      0x18c dbg/stm32f10x_can.o
 .debug_frame   0x0000122c       0x70 dbg/stm32f10x_crc.o
 .debug_frame   0x0000129c       0xf0 dbg/stm32f10x_dac.o
 .debug_frame   0x0000138c       0x40 dbg/stm32f10x_dbgmcu.o
 .debug_frame   0x000013cc       0xb0 dbg/stm32f10x_dma.o
 .debug_frame   0x0000147c       0x90 dbg/stm32f10x_exti.o
 .debug_frame   0x0000150c      0x210 dbg/stm32f10x_flash.o
 .debug_frame   0x0000171c      0x154 dbg/stm32f10x_fsmc.o
 .debug_frame   0x00001870      0x170 dbg/stm32f10x_gpio.o
 .debug_frame   0x000019e0      0x238 dbg/stm32f10x_i2c.o
 .debug_frame   0x00001c18       0x70 dbg/stm32f10x_iwdg.o
 .debug_frame   0x00001c88       0xac dbg/stm32f10x_pwr.o
 .debug_frame   0x00001d34      0x2b4 dbg/stm32f10x_rcc.o
 .debug_frame   0x00001fe8      0x114 dbg/stm32f10x_rtc.o
 .debug_frame   0x000020fc      0x1f4 dbg/stm32f10x_sdio.o
 .debug_frame   0x000022f0      0x1a4 dbg/stm32f10x_spi.o
 .debug_frame   0x00002494      0x668 dbg/stm32f10x_tim.o
 .debug_frame   0x00002afc      0x1dc dbg/stm32f10x_usart.o
 .debug_frame   0x00002cd8       0xa0 dbg/stm32f10x_wwdg.o
 .debug_frame   0x00002d78       0xb8 ../../../../../ports/arm-cortex/qk/gnu/dbg\libqk_cortex-m3.a(qk.o)
 .debug_frame   0x00002e30       0x44 ../../../../../ports/arm-cortex/qk/gnu/dbg\libqk_cortex-m3.a(qk_sched.o)
 .debug_frame   0x00002e74       0x3c ../../../../../ports/arm-cortex/qk/gnu/dbg\libqk_cortex-m3.a(qk_mutex.o)
 .debug_frame   0x00002eb0       0x30 ../../../../../ports/arm-cortex/qk/gnu/dbg\libqf_cortex-m3.a(qa_fifo.o)
 .debug_frame   0x00002ee0       0x48 ../../../../../ports/arm-cortex/qk/gnu/dbg\libqf_cortex-m3.a(qa_get_.o)
 .debug_frame   0x00002f28       0x30 ../../../../../ports/arm-cortex/qk/gnu/dbg\libqf_cortex-m3.a(qa_sub.o)
 .debug_frame   0x00002f58       0x20 ../../../../../ports/arm-cortex/qk/gnu/dbg\libqf_cortex-m3.a(qeq_init.o)
 .debug_frame   0x00002f78       0x5c ../../../../../ports/arm-cortex/qk/gnu/dbg\libqf_cortex-m3.a(qf_act.o)
 .debug_frame   0x00002fd4       0x30 ../../../../../ports/arm-cortex/qk/gnu/dbg\libqf_cortex-m3.a(qf_gc.o)
 .debug_frame   0x00003004       0x3c ../../../../../ports/arm-cortex/qk/gnu/dbg\libqf_cortex-m3.a(qf_new.o)
 .debug_frame   0x00003040       0x38 ../../../../../ports/arm-cortex/qk/gnu/dbg\libqf_cortex-m3.a(qf_pool.o)
 .debug_frame   0x00003078       0x20 ../../../../../ports/arm-cortex/qk/gnu/dbg\libqf_cortex-m3.a(qf_psini.o)
 .debug_frame   0x00003098       0x44 ../../../../../ports/arm-cortex/qk/gnu/dbg\libqf_cortex-m3.a(qf_pspub.o)
 .debug_frame   0x000030dc       0x38 ../../../../../ports/arm-cortex/qk/gnu/dbg\libqf_cortex-m3.a(qf_tick.o)
 .debug_frame   0x00003114       0x3c ../../../../../ports/arm-cortex/qk/gnu/dbg\libqf_cortex-m3.a(qmp_get.o)
 .debug_frame   0x00003150       0x3c ../../../../../ports/arm-cortex/qk/gnu/dbg\libqf_cortex-m3.a(qmp_init.o)
 .debug_frame   0x0000318c       0x30 ../../../../../ports/arm-cortex/qk/gnu/dbg\libqf_cortex-m3.a(qmp_put.o)
 .debug_frame   0x000031bc       0x30 ../../../../../ports/arm-cortex/qk/gnu/dbg\libqf_cortex-m3.a(qte_ctor.o)
 .debug_frame   0x000031ec       0x30 ../../../../../ports/arm-cortex/qk/gnu/dbg\libqf_cortex-m3.a(qte_arm.o)
 .debug_frame   0x0000321c       0x44 ../../../../../ports/arm-cortex/qk/gnu/dbg\libqep_cortex-m3.a(qhsm_ini.o)
 .debug_frame   0x00003260       0x44 ../../../../../ports/arm-cortex/qk/gnu/dbg\libqep_cortex-m3.a(qhsm_dis.o)
 .debug_frame   0x000032a4       0x20 ../../../../../ports/arm-cortex/qk/gnu/dbg\libqep_cortex-m3.a(qhsm_top.o)
 .debug_frame   0x000032c4       0x20 ../../../../../ports/arm-cortex/qk/gnu/dbg\libqep_cortex-m3.a(qep.o)

.debug_loc      0x00000000     0x64ba
 .debug_loc     0x00000000      0x187 dbg/bsp.o
 .debug_loc     0x00000187       0x7a dbg/main.o
 .debug_loc     0x00000201       0xa9 dbg/no_heap.o
 .debug_loc     0x000002aa      0x23b dbg/philo.o
 .debug_loc     0x000004e5      0x16b dbg/table.o
 .debug_loc     0x00000650       0x51 dbg/startup_stm32f10x_cl.o
 .debug_loc     0x000006a1      0x1ee dbg/core_cm3.o
 .debug_loc     0x0000088f       0x57 dbg/system_stm32f10x.o
 .debug_loc     0x000008e6      0x149 dbg/stm32_eval.o
 .debug_loc     0x00000a2f      0x991 dbg/stm3210c_eval_lcd.o
 .debug_loc     0x000013c0      0xc1f dbg/stm3210c_eval_ioe.o
 .debug_loc     0x00001fdf       0x9e dbg/misc.o
 .debug_loc     0x0000207d      0x504 dbg/stm32f10x_adc.o
 .debug_loc     0x00002581       0xcd dbg/stm32f10x_bkp.o
 .debug_loc     0x0000264e      0x478 dbg/stm32f10x_can.o
 .debug_loc     0x00002ac6       0x39 dbg/stm32f10x_crc.o
 .debug_loc     0x00002aff      0x2ad dbg/stm32f10x_dac.o
 .debug_loc     0x00002dac       0x1e dbg/stm32f10x_dbgmcu.o
 .debug_loc     0x00002dca       0xa6 dbg/stm32f10x_dma.o
 .debug_loc     0x00002e70       0x57 dbg/stm32f10x_exti.o
 .debug_loc     0x00002ec7      0x649 dbg/stm32f10x_flash.o
 .debug_loc     0x00003510      0x255 dbg/stm32f10x_fsmc.o
 .debug_loc     0x00003765      0x24d dbg/stm32f10x_gpio.o
 .debug_loc     0x000039b2      0x348 dbg/stm32f10x_i2c.o
 .debug_loc     0x00003cfa       0x13 dbg/stm32f10x_iwdg.o
 .debug_loc     0x00003d0d       0xa7 dbg/stm32f10x_pwr.o
 .debug_loc     0x00003db4      0x468 dbg/stm32f10x_rcc.o
 .debug_loc     0x0000421c      0x152 dbg/stm32f10x_rtc.o
 .debug_loc     0x0000436e      0x129 dbg/stm32f10x_sdio.o
 .debug_loc     0x00004497      0x304 dbg/stm32f10x_spi.o
 .debug_loc     0x0000479b      0xbcc dbg/stm32f10x_tim.o
 .debug_loc     0x00005367      0x30e dbg/stm32f10x_usart.o
 .debug_loc     0x00005675       0xde dbg/stm32f10x_wwdg.o
 .debug_loc     0x00005753      0x15c ../../../../../ports/arm-cortex/qk/gnu/dbg\libqk_cortex-m3.a(qk.o)
 .debug_loc     0x000058af       0xb8 ../../../../../ports/arm-cortex/qk/gnu/dbg\libqk_cortex-m3.a(qk_sched.o)
 .debug_loc     0x00005967       0x5b ../../../../../ports/arm-cortex/qk/gnu/dbg\libqk_cortex-m3.a(qk_mutex.o)
 .debug_loc     0x000059c2       0x71 ../../../../../ports/arm-cortex/qk/gnu/dbg\libqf_cortex-m3.a(qa_fifo.o)
 .debug_loc     0x00005a33       0x98 ../../../../../ports/arm-cortex/qk/gnu/dbg\libqf_cortex-m3.a(qa_get_.o)
 .debug_loc     0x00005acb       0x79 ../../../../../ports/arm-cortex/qk/gnu/dbg\libqf_cortex-m3.a(qa_sub.o)
 .debug_loc     0x00005b44       0x7a ../../../../../ports/arm-cortex/qk/gnu/dbg\libqf_cortex-m3.a(qf_act.o)
 .debug_loc     0x00005bbe       0x50 ../../../../../ports/arm-cortex/qk/gnu/dbg\libqf_cortex-m3.a(qf_gc.o)
 .debug_loc     0x00005c0e       0xa2 ../../../../../ports/arm-cortex/qk/gnu/dbg\libqf_cortex-m3.a(qf_new.o)
 .debug_loc     0x00005cb0       0x79 ../../../../../ports/arm-cortex/qk/gnu/dbg\libqf_cortex-m3.a(qf_pool.o)
 .debug_loc     0x00005d29       0x7a ../../../../../ports/arm-cortex/qk/gnu/dbg\libqf_cortex-m3.a(qf_pspub.o)
 .debug_loc     0x00005da3       0x1f ../../../../../ports/arm-cortex/qk/gnu/dbg\libqf_cortex-m3.a(qf_tick.o)
 .debug_loc     0x00005dc2       0x79 ../../../../../ports/arm-cortex/qk/gnu/dbg\libqf_cortex-m3.a(qmp_get.o)
 .debug_loc     0x00005e3b      0x11d ../../../../../ports/arm-cortex/qk/gnu/dbg\libqf_cortex-m3.a(qmp_init.o)
 .debug_loc     0x00005f58       0x5b ../../../../../ports/arm-cortex/qk/gnu/dbg\libqf_cortex-m3.a(qmp_put.o)
 .debug_loc     0x00005fb3       0x5b ../../../../../ports/arm-cortex/qk/gnu/dbg\libqf_cortex-m3.a(qte_ctor.o)
 .debug_loc     0x0000600e       0x8f ../../../../../ports/arm-cortex/qk/gnu/dbg\libqf_cortex-m3.a(qte_arm.o)
 .debug_loc     0x0000609d       0xf1 ../../../../../ports/arm-cortex/qk/gnu/dbg\libqep_cortex-m3.a(qhsm_ini.o)
 .debug_loc     0x0000618e      0x319 ../../../../../ports/arm-cortex/qk/gnu/dbg\libqep_cortex-m3.a(qhsm_dis.o)
 .debug_loc     0x000064a7       0x13 ../../../../../ports/arm-cortex/qk/gnu/dbg\libqep_cortex-m3.a(qhsm_top.o)

.debug_pubnames
                0x00000000     0x3760
 .debug_pubnames
                0x00000000       0xc2 dbg/bsp.o
 .debug_pubnames
                0x000000c2       0x1b dbg/main.o
 .debug_pubnames
                0x000000dd       0x31 dbg/no_heap.o
 .debug_pubnames
                0x0000010e       0x2e dbg/philo.o
 .debug_pubnames
                0x0000013c       0x2e dbg/table.o
 .debug_pubnames
                0x0000016a       0x4a dbg/startup_stm32f10x_cl.o
 .debug_pubnames
                0x000001b4      0x159 dbg/core_cm3.o
 .debug_pubnames
                0x0000030d       0xa3 dbg/system_stm32f10x.o
 .debug_pubnames
                0x000003b0      0x1a9 dbg/stm32_eval.o
 .debug_pubnames
                0x00000559      0x25c dbg/stm3210c_eval_lcd.o
 .debug_pubnames
                0x000007b5      0x251 dbg/stm3210c_eval_ioe.o
 .debug_pubnames
                0x00000a06       0x89 dbg/misc.o
 .debug_pubnames
                0x00000a8f      0x401 dbg/stm32f10x_adc.o
 .debug_pubnames
                0x00000e90      0x128 dbg/stm32f10x_bkp.o
 .debug_pubnames
                0x00000fb8      0x17b dbg/stm32f10x_can.o
 .debug_pubnames
                0x00001133       0x82 dbg/stm32f10x_crc.o
 .debug_pubnames
                0x000011b5      0x116 dbg/stm32f10x_dac.o
 .debug_pubnames
                0x000012cb       0x4c dbg/stm32f10x_dbgmcu.o
 .debug_pubnames
                0x00001317       0xcf dbg/stm32f10x_dma.o
 .debug_pubnames
                0x000013e6       0xbb dbg/stm32f10x_exti.o
 .debug_pubnames
                0x000014a1      0x26e dbg/stm32f10x_flash.o
 .debug_pubnames
                0x0000170f      0x1a3 dbg/stm32f10x_fsmc.o
 .debug_pubnames
                0x000018b2      0x19d dbg/stm32f10x_gpio.o
 .debug_pubnames
                0x00001a4f      0x2b0 dbg/stm32f10x_i2c.o
 .debug_pubnames
                0x00001cff       0x91 dbg/stm32f10x_iwdg.o
 .debug_pubnames
                0x00001d90       0xcb dbg/stm32f10x_pwr.o
 .debug_pubnames
                0x00001e5b      0x37e dbg/stm32f10x_rcc.o
 .debug_pubnames
                0x000021d9      0x136 dbg/stm32f10x_rtc.o
 .debug_pubnames
                0x0000230f      0x2ac dbg/stm32f10x_sdio.o
 .debug_pubnames
                0x000025bb      0x1f6 dbg/stm32f10x_spi.o
 .debug_pubnames
                0x000027b1      0x7b0 dbg/stm32f10x_tim.o
 .debug_pubnames
                0x00002f61      0x25f dbg/stm32f10x_usart.o
 .debug_pubnames
                0x000031c0       0xb0 dbg/stm32f10x_wwdg.o
 .debug_pubnames
                0x00003270       0x9c ../../../../../ports/arm-cortex/qk/gnu/dbg\libqk_cortex-m3.a(qk.o)
 .debug_pubnames
                0x0000330c       0x23 ../../../../../ports/arm-cortex/qk/gnu/dbg\libqk_cortex-m3.a(qk_sched.o)
 .debug_pubnames
                0x0000332f       0x4a ../../../../../ports/arm-cortex/qk/gnu/dbg\libqk_cortex-m3.a(qk_mutex.o)
 .debug_pubnames
                0x00003379       0x27 ../../../../../ports/arm-cortex/qk/gnu/dbg\libqf_cortex-m3.a(qa_fifo.o)
 .debug_pubnames
                0x000033a0       0x39 ../../../../../ports/arm-cortex/qk/gnu/dbg\libqf_cortex-m3.a(qa_get_.o)
 .debug_pubnames
                0x000033d9       0x28 ../../../../../ports/arm-cortex/qk/gnu/dbg\libqf_cortex-m3.a(qa_sub.o)
 .debug_pubnames
                0x00003401       0x23 ../../../../../ports/arm-cortex/qk/gnu/dbg\libqf_cortex-m3.a(qeq_init.o)
 .debug_pubnames
                0x00003424       0x62 ../../../../../ports/arm-cortex/qk/gnu/dbg\libqf_cortex-m3.a(qf_act.o)
 .debug_pubnames
                0x00003486       0x1c ../../../../../ports/arm-cortex/qk/gnu/dbg\libqf_cortex-m3.a(qf_gc.o)
 .debug_pubnames
                0x000034a2       0x22 ../../../../../ports/arm-cortex/qk/gnu/dbg\libqf_cortex-m3.a(qf_log2.o)
 .debug_pubnames
                0x000034c4       0x1e ../../../../../ports/arm-cortex/qk/gnu/dbg\libqf_cortex-m3.a(qf_new.o)
 .debug_pubnames
                0x000034e2       0x3f ../../../../../ports/arm-cortex/qk/gnu/dbg\libqf_cortex-m3.a(qf_pool.o)
 .debug_pubnames
                0x00003521       0x45 ../../../../../ports/arm-cortex/qk/gnu/dbg\libqf_cortex-m3.a(qf_psini.o)
 .debug_pubnames
                0x00003566       0x21 ../../../../../ports/arm-cortex/qk/gnu/dbg\libqf_cortex-m3.a(qf_pspub.o)
 .debug_pubnames
                0x00003587       0x45 ../../../../../ports/arm-cortex/qk/gnu/dbg\libqf_cortex-m3.a(qf_pwr2.o)
 .debug_pubnames
                0x000035cc       0x1e ../../../../../ports/arm-cortex/qk/gnu/dbg\libqf_cortex-m3.a(qf_tick.o)
 .debug_pubnames
                0x000035ea       0x36 ../../../../../ports/arm-cortex/qk/gnu/dbg\libqf_cortex-m3.a(qmp_get.o)
 .debug_pubnames
                0x00003620       0x22 ../../../../../ports/arm-cortex/qk/gnu/dbg\libqf_cortex-m3.a(qmp_init.o)
 .debug_pubnames
                0x00003642       0x21 ../../../../../ports/arm-cortex/qk/gnu/dbg\libqf_cortex-m3.a(qmp_put.o)
 .debug_pubnames
                0x00003663       0x24 ../../../../../ports/arm-cortex/qk/gnu/dbg\libqf_cortex-m3.a(qte_ctor.o)
 .debug_pubnames
                0x00003687       0x3c ../../../../../ports/arm-cortex/qk/gnu/dbg\libqf_cortex-m3.a(qte_arm.o)
 .debug_pubnames
                0x000036c3       0x20 ../../../../../ports/arm-cortex/qk/gnu/dbg\libqep_cortex-m3.a(qhsm_ini.o)
 .debug_pubnames
                0x000036e3       0x24 ../../../../../ports/arm-cortex/qk/gnu/dbg\libqep_cortex-m3.a(qhsm_dis.o)
 .debug_pubnames
                0x00003707       0x1f ../../../../../ports/arm-cortex/qk/gnu/dbg\libqep_cortex-m3.a(qhsm_top.o)
 .debug_pubnames
                0x00003726       0x3a ../../../../../ports/arm-cortex/qk/gnu/dbg\libqep_cortex-m3.a(qep.o)

.debug_aranges  0x00000000      0x730
 .debug_aranges
                0x00000000       0x20 dbg/bsp.o
 .debug_aranges
                0x00000020       0x20 dbg/main.o
 .debug_aranges
                0x00000040       0x20 dbg/no_heap.o
 .debug_aranges
                0x00000060       0x20 dbg/philo.o
 .debug_aranges
                0x00000080       0x20 dbg/table.o
 .debug_aranges
                0x000000a0       0x20 dbg/startup_stm32f10x_cl.o
 .debug_aranges
                0x000000c0       0x20 dbg/core_cm3.o
 .debug_aranges
                0x000000e0       0x20 dbg/system_stm32f10x.o
 .debug_aranges
                0x00000100       0x20 dbg/stm32_eval.o
 .debug_aranges
                0x00000120       0x20 dbg/stm3210c_eval_lcd.o
 .debug_aranges
                0x00000140       0x20 dbg/stm3210c_eval_ioe.o
 .debug_aranges
                0x00000160       0x20 dbg/misc.o
 .debug_aranges
                0x00000180       0x20 dbg/stm32f10x_adc.o
 .debug_aranges
                0x000001a0       0x20 dbg/stm32f10x_bkp.o
 .debug_aranges
                0x000001c0       0x20 dbg/stm32f10x_can.o
 .debug_aranges
                0x000001e0       0x20 dbg/stm32f10x_crc.o
 .debug_aranges
                0x00000200       0x20 dbg/stm32f10x_dac.o
 .debug_aranges
                0x00000220       0x20 dbg/stm32f10x_dbgmcu.o
 .debug_aranges
                0x00000240       0x20 dbg/stm32f10x_dma.o
 .debug_aranges
                0x00000260       0x20 dbg/stm32f10x_exti.o
 .debug_aranges
                0x00000280       0x20 dbg/stm32f10x_flash.o
 .debug_aranges
                0x000002a0       0x20 dbg/stm32f10x_fsmc.o
 .debug_aranges
                0x000002c0       0x20 dbg/stm32f10x_gpio.o
 .debug_aranges
                0x000002e0       0x20 dbg/stm32f10x_i2c.o
 .debug_aranges
                0x00000300       0x20 dbg/stm32f10x_iwdg.o
 .debug_aranges
                0x00000320       0x20 dbg/stm32f10x_pwr.o
 .debug_aranges
                0x00000340       0x20 dbg/stm32f10x_rcc.o
 .debug_aranges
                0x00000360       0x20 dbg/stm32f10x_rtc.o
 .debug_aranges
                0x00000380       0x20 dbg/stm32f10x_sdio.o
 .debug_aranges
                0x000003a0       0x20 dbg/stm32f10x_spi.o
 .debug_aranges
                0x000003c0       0x20 dbg/stm32f10x_tim.o
 .debug_aranges
                0x000003e0       0x20 dbg/stm32f10x_usart.o
 .debug_aranges
                0x00000400       0x20 dbg/stm32f10x_wwdg.o
 .debug_aranges
                0x00000420       0x20 ../../../../../ports/arm-cortex/qk/gnu/dbg\libqk_cortex-m3.a(qk.o)
 .debug_aranges
                0x00000440       0x20 ../../../../../ports/arm-cortex/qk/gnu/dbg\libqk_cortex-m3.a(qk_sched.o)
 .debug_aranges
                0x00000460       0x20 ../../../../../ports/arm-cortex/qk/gnu/dbg\libqk_cortex-m3.a(qk_mutex.o)
 .debug_aranges
                0x00000480       0x30 ../../../../../ports/arm-cortex/qk/gnu/dbg\libqk_cortex-m3.a(qk_port.o)
 .debug_aranges
                0x000004b0       0x20 ../../../../../ports/arm-cortex/qk/gnu/dbg\libqf_cortex-m3.a(qa_fifo.o)
 .debug_aranges
                0x000004d0       0x20 ../../../../../ports/arm-cortex/qk/gnu/dbg\libqf_cortex-m3.a(qa_get_.o)
 .debug_aranges
                0x000004f0       0x20 ../../../../../ports/arm-cortex/qk/gnu/dbg\libqf_cortex-m3.a(qa_sub.o)
 .debug_aranges
                0x00000510       0x20 ../../../../../ports/arm-cortex/qk/gnu/dbg\libqf_cortex-m3.a(qeq_init.o)
 .debug_aranges
                0x00000530       0x20 ../../../../../ports/arm-cortex/qk/gnu/dbg\libqf_cortex-m3.a(qf_act.o)
 .debug_aranges
                0x00000550       0x20 ../../../../../ports/arm-cortex/qk/gnu/dbg\libqf_cortex-m3.a(qf_gc.o)
 .debug_aranges
                0x00000570       0x20 ../../../../../ports/arm-cortex/qk/gnu/dbg\libqf_cortex-m3.a(qf_new.o)
 .debug_aranges
                0x00000590       0x20 ../../../../../ports/arm-cortex/qk/gnu/dbg\libqf_cortex-m3.a(qf_pool.o)
 .debug_aranges
                0x000005b0       0x20 ../../../../../ports/arm-cortex/qk/gnu/dbg\libqf_cortex-m3.a(qf_psini.o)
 .debug_aranges
                0x000005d0       0x20 ../../../../../ports/arm-cortex/qk/gnu/dbg\libqf_cortex-m3.a(qf_pspub.o)
 .debug_aranges
                0x000005f0       0x20 ../../../../../ports/arm-cortex/qk/gnu/dbg\libqf_cortex-m3.a(qf_tick.o)
 .debug_aranges
                0x00000610       0x20 ../../../../../ports/arm-cortex/qk/gnu/dbg\libqf_cortex-m3.a(qmp_get.o)
 .debug_aranges
                0x00000630       0x20 ../../../../../ports/arm-cortex/qk/gnu/dbg\libqf_cortex-m3.a(qmp_init.o)
 .debug_aranges
                0x00000650       0x20 ../../../../../ports/arm-cortex/qk/gnu/dbg\libqf_cortex-m3.a(qmp_put.o)
 .debug_aranges
                0x00000670       0x20 ../../../../../ports/arm-cortex/qk/gnu/dbg\libqf_cortex-m3.a(qte_ctor.o)
 .debug_aranges
                0x00000690       0x20 ../../../../../ports/arm-cortex/qk/gnu/dbg\libqf_cortex-m3.a(qte_arm.o)
 .debug_aranges
                0x000006b0       0x20 ../../../../../ports/arm-cortex/qk/gnu/dbg\libqep_cortex-m3.a(qhsm_ini.o)
 .debug_aranges
                0x000006d0       0x20 ../../../../../ports/arm-cortex/qk/gnu/dbg\libqep_cortex-m3.a(qhsm_dis.o)
 .debug_aranges
                0x000006f0       0x20 ../../../../../ports/arm-cortex/qk/gnu/dbg\libqep_cortex-m3.a(qhsm_top.o)
 .debug_aranges
                0x00000710       0x20 ../../../../../ports/arm-cortex/qk/gnu/dbg\libqep_cortex-m3.a(qep.o)

.debug_str      0x00000000     0x5efc
 .debug_str     0x00000000      0x8c6 dbg/bsp.o
                                0x901 (size before relaxing)
 .debug_str     0x000008c6       0xf0 dbg/main.o
                                0x2bc (size before relaxing)
 .debug_str     0x000009b6       0x3a dbg/no_heap.o
                                0x120 (size before relaxing)
 .debug_str     0x000009f0       0xc7 dbg/philo.o
                                0x312 (size before relaxing)
 .debug_str     0x00000ab7       0x62 dbg/table.o
                                0x2a4 (size before relaxing)
 .debug_str     0x00000b19       0xcb dbg/startup_stm32f10x_cl.o
                                0x124 (size before relaxing)
 .debug_str     0x00000be4      0x14a dbg/core_cm3.o
                                0x229 (size before relaxing)
 .debug_str     0x00000d2e      0x102 dbg/system_stm32f10x.o
                                0x1e7 (size before relaxing)
 .debug_str     0x00000e30      0x424 dbg/stm32_eval.o
                                0xa4b (size before relaxing)
 .debug_str     0x00001254      0x35f dbg/stm3210c_eval_lcd.o
                                0x607 (size before relaxing)
 .debug_str     0x000015b3      0x40b dbg/stm3210c_eval_ioe.o
                                0xbfb (size before relaxing)
 .debug_str     0x000019be       0xe1 dbg/misc.o
                                0x2f5 (size before relaxing)
 .debug_str     0x00001a9f      0x51d dbg/stm32f10x_adc.o
                                0x64d (size before relaxing)
 .debug_str     0x00001fbc      0x373 dbg/stm32f10x_bkp.o
                                0x4fb (size before relaxing)
 .debug_str     0x0000232f      0x454 dbg/stm32f10x_can.o
                                0x5c3 (size before relaxing)
 .debug_str     0x00002783       0x93 dbg/stm32f10x_crc.o
                                0x181 (size before relaxing)
 .debug_str     0x00002816      0x1e9 dbg/stm32f10x_dac.o
                                0x2ed (size before relaxing)
 .debug_str     0x000029ff       0x64 dbg/stm32f10x_dbgmcu.o
                                0x14a (size before relaxing)
 .debug_str     0x00002a63      0x1c2 dbg/stm32f10x_dma.o
                                0x2dc (size before relaxing)
 .debug_str     0x00002c25       0xb8 dbg/stm32f10x_exti.o
                                0x2a3 (size before relaxing)
 .debug_str     0x00002cdd      0x35c dbg/stm32f10x_flash.o
                                0x4b0 (size before relaxing)
 .debug_str     0x00003039      0x53a dbg/stm32f10x_fsmc.o
                                0x657 (size before relaxing)
 .debug_str     0x00003573      0x1fb dbg/stm32f10x_gpio.o
                                0x44e (size before relaxing)
 .debug_str     0x0000376e      0x370 dbg/stm32f10x_i2c.o
                                0x590 (size before relaxing)
 .debug_str     0x00003ade       0xb0 dbg/stm32f10x_iwdg.o
                                0x1a1 (size before relaxing)
 .debug_str     0x00003b8e       0xf1 dbg/stm32f10x_pwr.o
                                0x201 (size before relaxing)
 .debug_str     0x00003c7f      0x494 dbg/stm32f10x_rcc.o
                                0x69f (size before relaxing)
 .debug_str     0x00004113      0x169 dbg/stm32f10x_rtc.o
                                0x2e0 (size before relaxing)
 .debug_str     0x0000427c      0x444 dbg/stm32f10x_sdio.o
                                0x580 (size before relaxing)
 .debug_str     0x000046c0      0x2a1 dbg/stm32f10x_spi.o
                                0x590 (size before relaxing)
 .debug_str     0x00004961      0xad7 dbg/stm32f10x_tim.o
                                0xd2f (size before relaxing)
 .debug_str     0x00005438      0x341 dbg/stm32f10x_usart.o
                                0x5b5 (size before relaxing)
 .debug_str     0x00005779       0xac dbg/stm32f10x_wwdg.o
                                0x1ad (size before relaxing)
 .debug_str     0x00005825       0xe0 ../../../../../ports/arm-cortex/qk/gnu/dbg\libqk_cortex-m3.a(qk.o)
                                0x240 (size before relaxing)
 .debug_str     0x00005905       0x55 ../../../../../ports/arm-cortex/qk/gnu/dbg\libqk_cortex-m3.a(qk_sched.o)
                                0x219 (size before relaxing)
 .debug_str     0x0000595a       0x56 ../../../../../ports/arm-cortex/qk/gnu/dbg\libqk_cortex-m3.a(qk_mutex.o)
                                0x10b (size before relaxing)
 .debug_str     0x000059b0       0x49 ../../../../../ports/arm-cortex/qk/gnu/dbg\libqf_cortex-m3.a(qa_fifo.o)
                                0x200 (size before relaxing)
 .debug_str     0x000059f9       0x55 ../../../../../ports/arm-cortex/qk/gnu/dbg\libqf_cortex-m3.a(qa_get_.o)
                                0x220 (size before relaxing)
 .debug_str     0x00005a4e       0x4e ../../../../../ports/arm-cortex/qk/gnu/dbg\libqf_cortex-m3.a(qa_sub.o)
                                0x23d (size before relaxing)
 .debug_str     0x00005a9c       0x2e ../../../../../ports/arm-cortex/qk/gnu/dbg\libqf_cortex-m3.a(qeq_init.o)
                                0x140 (size before relaxing)
 .debug_str     0x00005aca       0x50 ../../../../../ports/arm-cortex/qk/gnu/dbg\libqf_cortex-m3.a(qf_act.o)
                                0x1d1 (size before relaxing)
 .debug_str     0x00005b1a       0x6e ../../../../../ports/arm-cortex/qk/gnu/dbg\libqf_cortex-m3.a(qf_gc.o)
                                0x165 (size before relaxing)
 .debug_str     0x00005b88       0x20 ../../../../../ports/arm-cortex/qk/gnu/dbg\libqf_cortex-m3.a(qf_log2.o)
                                 0xd1 (size before relaxing)
 .debug_str     0x00005ba8       0x3a ../../../../../ports/arm-cortex/qk/gnu/dbg\libqf_cortex-m3.a(qf_new.o)
                                0x17b (size before relaxing)
 .debug_str     0x00005be2       0x3d ../../../../../ports/arm-cortex/qk/gnu/dbg\libqf_cortex-m3.a(qf_pool.o)
                                0x178 (size before relaxing)