###############################################################################
#                                                                             #
# IAR ELF Linker V6.10.2.52244/W32 for ARM              28/Feb/2011  13:45:14 #
# Copyright 2007-2010 IAR Systems AB.                                         #
#                                                                             #
#    Output file  =  D:\software\qpc\examples\arm-cortex\qk\iar\game-qk-ev-lm #
#                    3s811\rel\game-qk.out                                    #
#    Map file     =  D:\software\qpc\examples\arm-cortex\qk\iar\game-qk-ev-lm #
#                    3s811\rel\game-qk.map                                    #
#    Command line =  D:\software\qpc\examples\arm-cortex\qk\iar\game-qk-ev-lm #
#                    3s811\rel\bsp.o D:\software\qpc\examples\arm-cortex\qk\i #
#                    ar\game-qk-ev-lm3s811\rel\core_cm3.o                     #
#                    D:\software\qpc\examples\arm-cortex\qk\iar\game-qk-ev-lm #
#                    3s811\rel\display96x16x1.o D:\software\qpc\examples\arm- #
#                    cortex\qk\iar\game-qk-ev-lm3s811\rel\main.o              #
#                    D:\software\qpc\examples\arm-cortex\qk\iar\game-qk-ev-lm #
#                    3s811\rel\mine1.o D:\software\qpc\examples\arm-cortex\qk #
#                    \iar\game-qk-ev-lm3s811\rel\mine2.o                      #
#                    D:\software\qpc\examples\arm-cortex\qk\iar\game-qk-ev-lm #
#                    3s811\rel\missile.o D:\software\qpc\examples\arm-cortex\ #
#                    qk\iar\game-qk-ev-lm3s811\rel\ship.o                     #
#                    D:\software\qpc\examples\arm-cortex\qk\iar\game-qk-ev-lm #
#                    3s811\rel\startup_ewarm.o D:\software\qpc\examples\arm-c #
#                    ortex\qk\iar\game-qk-ev-lm3s811\rel\system_lm3s.o        #
#                    D:\software\qpc\examples\arm-cortex\qk\iar\game-qk-ev-lm #
#                    3s811\rel\tunnel.o D:\software\qpc\ports\arm-cortex\qk\i #
#                    ar\rel\libqep_cortex-m3.a D:\software\qpc\ports\arm-cort #
#                    ex\qk\iar\rel\libqf_cortex-m3.a                          #
#                    D:\software\qpc\ports\arm-cortex\qk\iar\rel\libqk_cortex #
#                    -m3.a --redirect _Printf=_PrintfTiny --redirect          #
#                    _Scanf=_ScanfSmall -o D:\software\qpc\examples\arm-corte #
#                    x\qk\iar\game-qk-ev-lm3s811\rel\game-qk.out --map        #
#                    D:\software\qpc\examples\arm-cortex\qk\iar\game-qk-ev-lm #
#                    3s811\rel\game-qk.map --config                           #
#                    D:\software\qpc\examples\arm-cortex\qk\iar\game-qk-ev-lm #
#                    3s811\lm3s811.icf --semihosting --entry                  #
#                    __iar_program_start --inline                             #
#                                                                             #
#                                                                             #
###############################################################################

*******************************************************************************
*** RUNTIME MODEL ATTRIBUTES
***

CppFlavor       = *
__SystemLibrary = DLib


*******************************************************************************
*** PLACEMENT SUMMARY
***

"A1":  place at start of [0x00000000-0x0000ffff] { ro section .intvec };
"P1":  place in [from 0x00000000 to 0x0000ffff] { ro };
"P2":  place in [from 0x20000000 to 0x20001fff] { rw, block HEAP };

  Section            Kind        Address    Size  Object
  -------            ----        -------    ----  ------
"A1":                                       0xf0
  .intvec            const    0x00000000    0xf0  startup_ewarm.o [1]
                            - 0x000000f0    0xf0

"P1":                                     0x3218
  .text              ro code  0x000000f0   0xb20  tunnel.o [1]
  .text              ro code  0x00000c10    0x28  qte_ctor.o [5]
  .text              ro code  0x00000c38   0x220  mine1.o [1]
  .text              ro code  0x00000e58   0x220  mine2.o [1]
  .text              ro code  0x00001078    0x84  qhsm_ini.o [4]
  .text              ro code  0x000010fc    0x60  qa_sub.o [5]
  .text              ro code  0x0000115c    0x16  tunnel.o [1]
  .text              ro code  0x00001172    0x2e  copy_init3.o [7]
  .text              ro code  0x000011a0   0x3f8  bsp.o [1]
  .text              ro code  0x00001598    0x80  qk.o [6]
  .text              ro code  0x00001618    0x40  qte_arm.o [5]
  .text              ro code  0x00001658    0x34  qte_darm.o [5]
  .text              ro code  0x0000168c    0x90  qa_fifo.o [5]
  .text              ro code  0x0000171c    0x16  tunnel.o [1]
  .text              ro code  0x00001732    0x16  tunnel.o [1]
  .text              ro code  0x00001748   0x17e  qhsm_dis.o [4]
  .text              ro code  0x000018c6    0x22  zero_init3.o [7]
  .text              ro code  0x000018e8    0x5c  qf_new.o [5]
  .text              ro code  0x00001944    0x66  ABImemset.o [7]
  .text              ro code  0x000019aa    0x12  startup_ewarm.o [1]
  .text              ro code  0x000019bc    0x60  qf_tick.o [5]
  .text              ro code  0x00001a1c    0x98  qf_pspub.o [5]
  .text              ro code  0x00001ab4   0x2a4  system_lm3s.o [1]
  .text              ro code  0x00001d58   0x548  display96x16x1.o [1]
  CODE               ro code  0x000022a0    0x54  qk_port.o [6]
  .text              ro code  0x000022f4    0xac  qk_sched.o [6]
  .text              ro code  0x000023a0    0x12  qeq_init.o [5]
  .text              ro code  0x000023b4    0x30  qf_act.o [5]
  .text              ro code  0x000023e4    0x78  ABImemmove.o [7]
  .text              ro code  0x0000245c    0x70  ABImemcpy.o [7]
  .text              ro code  0x000024cc    0x22  qmp_get.o [5]
  .text              ro code  0x000024f0    0x50  qf_gc.o [5]
  .text              ro code  0x00002540    0x74  qa_get_.o [5]
  .text              ro code  0x000025b4    0x38  qmp_put.o [5]
  .text              ro code  0x000025ec   0x1e4  ship.o [1]
  .rodata            const    0x000027d0   0x1dc  display96x16x1.o [1]
  .text              ro code  0x000029ac   0x144  missile.o [1]
  .rodata            const    0x00002af0   0x100  qf_log2.o [5]
  .text              ro code  0x00002bf0    0xb4  main.o [1]
  .text              ro code  0x00002ca4    0x60  qf_pool.o [5]
  .text              ro code  0x00002d04     0xc  qf_psini.o [5]
  .text              ro code  0x00002d10    0x84  qmp_init.o [5]
  .rodata            const    0x00002d94    0x74  display96x16x1.o [1]
  .rodata            const    0x00002e08    0x5c  system_lm3s.o [1]
  .rodata            const    0x00002e64    0x50  display96x16x1.o [1]
  .rodata            const    0x00002eb4    0x50  tunnel.o [1]
  .rodata            const    0x00002f04    0x48  mine1.o [1]
  .rodata            const    0x00002f4c    0x48  mine2.o [1]
  .rodata            const    0x00002f94    0x48  tunnel.o [1]
  .rodata            const    0x00002fdc    0x44  bsp.o [1]
  .rodata            const    0x00003020    0x44  qf_pwr2.o [5]
  .rodata            const    0x00003064    0x44  qf_pwr2.o [5]
  .rodata            const    0x000030a8    0x44  qf_pwr2.o [5]
  .rodata            const    0x000030ec    0x38  tunnel.o [1]
  .text              ro code  0x00003124    0x2c  data_init3.o [7]
  .iar.init_table    const    0x00003150    0x24  - Linker created -
  .text              ro code  0x00003174    0x16  cmain.o [7]
  .text              ro code  0x0000318a     0x8  exit.o [3]
  .text              ro code  0x00003194     0xa  cexit.o [7]
  .text              ro code  0x000031a0    0x14  exit.o [8]
  .rodata            const    0x000031b4     0xc  tunnel.o [1]
  .rodata            const    0x000031c0     0xc  tunnel.o [1]
  .rodata            const    0x000031cc     0xc  qf_pspub.o [5]
  .rodata            const    0x000031d8     0xc  qhsm_dis.o [4]
  .rodata            const    0x000031e4     0xc  qhsm_ini.o [4]
  .rodata            const    0x000031f0     0xc  qte_ctor.o [5]
  .rodata            const    0x000031fc     0xc  qk_sched.o [6]
  .rodata            const    0x00003208     0xc  qmp_init.o [5]
  .text              ro code  0x00003214     0xc  cstartup_M.o [7]
  .rodata            const    0x00003220     0x8  display96x16x1.o [1]
  .rodata            const    0x00003228     0x8  display96x16x1.o [1]
  .rodata            const    0x00003230     0x8  display96x16x1.o [1]
  .rodata            const    0x00003238     0x8  display96x16x1.o [1]
  .rodata            const    0x00003240     0x8  tunnel.o [1]
  .rodata            const    0x00003248     0x8  tunnel.o [1]
  .rodata            const    0x00003250     0x8  tunnel.o [1]
  .rodata            const    0x00003258     0x8  tunnel.o [1]
  .rodata            const    0x00003260     0x8  tunnel.o [1]
  .rodata            const    0x00003268     0x8  tunnel.o [1]
  .rodata            const    0x00003270     0x8  qa_fifo.o [5]
  .rodata            const    0x00003278     0x8  qf_new.o [5]
  .rodata            const    0x00003280     0x8  qf_pool.o [5]
  .rodata            const    0x00003288     0x8  qa_sub.o [5]
  .rodata            const    0x00003290     0x8  qte_arm.o [5]
  .rodata            const    0x00003298     0x8  qf_act.o [5]
  .rodata            const    0x000032a0     0x8  qf_gc.o [5]
  .rodata            const    0x000032a8     0x8  qep.o [4]
  .rodata            const    0x000032b0     0x8  qa_get_.o [5]
  .rodata            const    0x000032b8     0x8  qmp_put.o [5]
  .rodata            const    0x000032c0     0x4  bsp.o [1]
  .rodata            const    0x000032c4     0x4  bsp.o [1]
  .rodata            const    0x000032c8     0x4  mine1.o [1]
  .rodata            const    0x000032cc     0x4  mine1.o [1]
  .rodata            const    0x000032d0     0x4  mine2.o [1]
  .rodata            const    0x000032d4     0x4  mine2.o [1]
  .rodata            const    0x000032d8     0x4  missile.o [1]
  .rodata            const    0x000032dc     0x4  ship.o [1]
  .rodata            const    0x000032e0     0x4  tunnel.o [1]
  .rodata            const    0x000032e4     0x4  tunnel.o [1]
  .rodata            const    0x000032e8     0x4  tunnel.o [1]
  .rodata            const    0x000032ec     0x4  tunnel.o [1]
  .rodata            const    0x000032f0     0x4  tunnel.o [1]
  .rodata            const    0x000032f4     0x4  tunnel.o [1]
  .rodata            const    0x000032f8     0x4  tunnel.o [1]
  .rodata            const    0x000032fc     0x4  qk.o [6]
  .text              ro code  0x00003300     0x4  qhsm_top.o [4]
  Initializer bytes  ro data  0x00003304     0x4  <for P2 s0>
                            - 0x00003308  0x3218

"P2", part 1 of 3:                           0x4
  P2 s0                       0x20000000     0x4  <Init block>
    .data            inited   0x20000000     0x1  qk.o [6]
                            - 0x20000004     0x4

"P2", part 2 of 3:                         0x4fc
  .bss               zero     0x20000004   0x100  qf_act.o [5]
  .bss               zero     0x20000104    0xc0  tunnel.o [1]
  .bss               zero     0x200001c4    0xc0  tunnel.o [1]
  .bss               zero     0x20000284    0x84  tunnel.o [1]
  .bss               zero     0x20000308    0x44  main.o [1]
  .bss               zero     0x2000034c    0x40  main.o [1]
  .bss               zero     0x2000038c    0x40  qf_pool.o [5]
  .bss               zero     0x200003cc    0x34  main.o [1]
  .bss               zero     0x20000400    0x28  main.o [1]
  .bss               zero     0x20000428    0x28  mine1.o [1]
  .bss               zero     0x20000450    0x28  mine2.o [1]
  .bss               zero     0x20000478    0x20  ship.o [1]
  .bss               zero     0x20000498    0x1c  missile.o [1]
  .bss               zero     0x200004b4     0xc  main.o [1]
  .bss               zero     0x200004c0     0xc  qk.o [6]
  .bss               zero     0x200004cc     0x8  main.o [1]
  .bss               zero     0x200004d4     0x8  qf_psini.o [5]
  .bss               zero     0x200004dc     0x4  bsp.o [1]
  .bss               zero     0x200004e0     0x4  bsp.o [1]
  .bss               zero     0x200004e4     0x4  bsp.o [1]
  .bss               zero     0x200004e8     0x4  display96x16x1.o [1]
  .bss               zero     0x200004ec     0x4  system_lm3s.o [1]
  .bss               zero     0x200004f0     0x4  tunnel.o [1]
  .bss               zero     0x200004f4     0x4  qte_arm.o [5]
  .bss               zero     0x200004f8     0x1  bsp.o [1]
  .bss               zero     0x200004f9     0x1  display96x16x1.o [1]
  .bss               zero     0x200004fa     0x1  display96x16x1.o [1]
  .bss               zero     0x200004fb     0x1  mine1.o [1]
  .bss               zero     0x200004fc     0x1  mine2.o [1]
  .bss               zero     0x200004fd     0x1  qf_tick.o [5]
  .bss               zero     0x200004fe     0x1  qk.o [6]
  .bss               zero     0x200004ff     0x1  qk_mutex.o [6]
                            - 0x20000500   0x4fc

"P2", part 3 of 3:                         0x258
  .noinit            uninit   0x20000500   0x258  startup_ewarm.o [1]
                            - 0x20000758   0x258


*******************************************************************************
*** INIT TABLE
***

          Address     Size
          -------     ----
Zero (__iar_zero_init3)
    1 destination range, total size 0x4fc:
          0x20000004  0x4fc

Copy (__iar_copy_init3)
    1 source range, total size 0x4 (400% of destination):
          0x00003304    0x4
    1 destination range, total size 0x1:
          0x20000000    0x1


*******************************************************************************
*** MODULE SUMMARY
***

    Module            ro code  ro data  rw data
    ------            -------  -------  -------
D:\software\qpc\examples\arm-cortex\qk\iar\game-qk-ev-lm3s811\rel: [1]
    bsp.o               1 016       76       13
    display96x16x1.o    1 352      704        6
    main.o                180               244
    mine1.o               544       80       41
    mine2.o               544       80       41
    missile.o             324        4       28
    ship.o                484        4       32
    startup_ewarm.o        18      240      600
    system_lm3s.o         676       92        4
    tunnel.o            2 914      308      520
    -------------------------------------------
    Total:              8 052    1 588    1 529

command line: [2]
    -------------------------------------------
    Total:

dl7M_tln.a: [3]
    exit.o                  8
    -------------------------------------------
    Total:                  8

libqep_cortex-m3.a: [4]
    qep.o                            8
    qhsm_dis.o            382       12
    qhsm_ini.o            132       12
    qhsm_top.o              4
    -------------------------------------------
    Total:                518       32

libqf_cortex-m3.a: [5]
    qa_fifo.o             144        8
    qa_get_.o             116        8
    qa_sub.o               96        8
    qeq_init.o             18
    qf_act.o               48        8      256
    qf_gc.o                80        8
    qf_log2.o                      256
    qf_new.o               92        8
    qf_pool.o              96        8       64
    qf_psini.o             12                 8
    qf_pspub.o            152       12
    qf_pwr2.o                      204
    qf_tick.o              96                 1
    qmp_get.o              34
    qmp_init.o            132       12
    qmp_put.o              56        8
    qte_arm.o              64        8        4
    qte_ctor.o             40       12
    qte_darm.o             52
    -------------------------------------------
    Total:              1 328      568      333

libqk_cortex-m3.a: [6]
    qk.o                  128        5       14
    qk_mutex.o                                1
    qk_port.o              84
    qk_sched.o            172       12
    -------------------------------------------
    Total:                384       17       15

rt7M_tl.a: [7]
    ABImemcpy.o           112
    ABImemmove.o          120
    ABImemset.o           102
    cexit.o                10
    cmain.o                22
    copy_init3.o           46
    cstartup_M.o           12
    data_init3.o           44
    zero_init3.o           34
    -------------------------------------------
    Total:                502

shb_l.a: [8]
    exit.o                 20
    -------------------------------------------
    Total:                 20

    Gaps                    8                 3
    Linker created                  39
-----------------------------------------------
    Grand Total:       10 820    2 244    1 880


*******************************************************************************
*** ENTRY LIST
***

Entry                    Address   Size  Type      Object
-----                    -------   ----  ----      ------
?main                 0x00003175         Code  Gb  cmain.o [7]
ADCSeq3_IRQHandler    0x00001249  0x104  Code  Gb  bsp.o [1]
AO_Missile            0x000032d8    0x4  Data  Gb  missile.o [1]
AO_Ship               0x000032dc    0x4  Data  Gb  ship.o [1]
AO_Tunnel             0x000032e0    0x4  Data  Gb  tunnel.o [1]
BSP_displayOff        0x00001487    0x8  Code  Gb  bsp.o [1]
BSP_displayOn         0x0000147f    0x8  Code  Gb  bsp.o [1]
BSP_drawBitmap        0x00001445   0x22  Code  Gb  bsp.o [1]
BSP_drawNString       0x00001467   0x18  Code  Gb  bsp.o [1]
BSP_init              0x0000134d   0xf8  Code  Gb  bsp.o [1]
Display96x16x1Clear   0x00001e19   0x74  Code  Gb  display96x16x1.o [1]
Display96x16x1DisplayOff
                      0x00002279   0x28  Code  Gb  display96x16x1.o [1]
Display96x16x1DisplayOn
                      0x00002165   0x94  Code  Gb  display96x16x1.o [1]
Display96x16x1ImageDraw
                      0x00001f51   0x7a  Code  Gb  display96x16x1.o [1]
Display96x16x1Init    0x00001fcb  0x19a  Code  Gb  display96x16x1.o [1]
Display96x16x1StringDraw
                      0x00001e8d   0xc4  Code  Gb  display96x16x1.o [1]
Display96x16x1WriteArray
                      0x00001da5   0x36  Code  Lc  display96x16x1.o [1]
Display96x16x1WriteByte
                      0x00001d7b   0x2a  Code  Lc  display96x16x1.o [1]
Display96x16x1WriteFinal
                      0x00001ddb   0x3e  Code  Lc  display96x16x1.o [1]
Display96x16x1WriteFirst
                      0x00001d61   0x1a  Code  Lc  display96x16x1.o [1]
HardFault_Handler     0x000019ad   0x10  Code  Gb  startup_ewarm.o [1]
Mine1_ctor            0x00000c39   0x24  Code  Gb  mine1.o [1]
Mine1_exploding       0x00000daf   0x72  Code  Lc  mine1.o [1]
Mine1_initial         0x00000c5d   0x16  Code  Lc  mine1.o [1]
Mine1_planted         0x00000cd3   0xdc  Code  Lc  mine1.o [1]
Mine1_unused          0x00000c73   0x1e  Code  Lc  mine1.o [1]
Mine1_used            0x00000c91   0x42  Code  Lc  mine1.o [1]
Mine2_ctor            0x00000e59   0x24  Code  Gb  mine2.o [1]
Mine2_exploding       0x00000fcf   0x72  Code  Lc  mine2.o [1]
Mine2_initial         0x00000e7d   0x16  Code  Lc  mine2.o [1]
Mine2_planted         0x00000ef3   0xdc  Code  Lc  mine2.o [1]
Mine2_unused          0x00000e93   0x1e  Code  Lc  mine2.o [1]
Mine2_used            0x00000eb1   0x42  Code  Lc  mine2.o [1]
Missile_armed         0x000029cb   0x1e  Code  Lc  missile.o [1]
Missile_ctor          0x000029ad    0x8  Code  Gb  missile.o [1]
Missile_exploding     0x00002a5f   0x72  Code  Lc  missile.o [1]
Missile_flying        0x000029e9   0x76  Code  Lc  missile.o [1]
Missile_initial       0x000029b5   0x16  Code  Lc  missile.o [1]
NMI_Handler           0x000019ab    0x2  Code  Gb  startup_ewarm.o [1]
NVIC_EnableIRQ        0x000011a5   0x1a  Code  Lc  bsp.o [1]
NVIC_SetPriority      0x000011bf   0x26  Code  Lc  bsp.o [1]
PendSV_Handler        0x000022c1         Code  Gb  qk_port.o [6]
QActive_get_          0x00002541   0x62  Code  Gb  qa_get_.o [5]
QActive_postFIFO      0x0000168d   0x90  Code  Gb  qa_fifo.o [5]
QActive_start         0x000015bb   0x54  Code  Gb  qk.o [6]
QActive_subscribe     0x000010fd   0x60  Code  Gb  qa_sub.o [5]
QEP_reservedEvt_      0x000032a8    0x8  Data  Gb  qep.o [4]
QEQueue_init          0x000023a1   0x12  Code  Gb  qeq_init.o [5]
QF_active_            0x20000004  0x100  Data  Gb  qf_act.o [5]
QF_add_               0x000023b5   0x26  Code  Gb  qf_act.o [5]
QF_div8Lkup           0x000030a8   0x44  Data  Gb  qf_pwr2.o [5]
QF_gc                 0x000024f1   0x50  Code  Gb  qf_gc.o [5]
QF_init               0x00001599    0x4  Code  Gb  qk.o [6]
QF_invPwr2Lkup        0x00003064   0x44  Data  Gb  qf_pwr2.o [5]
QF_log2Lkup           0x00002af0  0x100  Data  Gb  qf_log2.o [5]
QF_maxPool_           0x2000038c    0x1  Data  Gb  qf_pool.o [5]
QF_maxSignal_         0x200004d4    0x1  Data  Gb  qf_psini.o [5]
QF_new_               0x000018e9   0x5c  Code  Gb  qf_new.o [5]
QF_onCleanup          0x000014e5    0x2  Code  Gb  bsp.o [1]
QF_onStartup          0x0000148f   0x56  Code  Gb  bsp.o [1]
QF_poolInit           0x00002ca5   0x60  Code  Gb  qf_pool.o [5]
QF_pool_              0x20000390   0x3c  Data  Gb  qf_pool.o [5]
QF_psInit             0x00002d05    0xc  Code  Gb  qf_psini.o [5]
QF_publish            0x00001a1d   0x98  Code  Gb  qf_pspub.o [5]
QF_pwr2Lkup           0x00003020   0x44  Data  Gb  qf_pwr2.o [5]
QF_run                0x000015a1   0x1a  Code  Gb  qk.o [6]
QF_stop               0x0000159d    0x4  Code  Gb  qk.o [6]
QF_subscrList_        0x200004d8    0x4  Data  Gb  qf_psini.o [5]
QF_tick               0x000019bd   0x60  Code  Gb  qf_tick.o [5]
QF_timeEvtListHead_   0x200004f4    0x4  Data  Gb  qte_arm.o [5]
QHsm_dispatch         0x00001749  0x16a  Code  Gb  qhsm_dis.o [4]
QHsm_init             0x00001079   0x84  Code  Gb  qhsm_ini.o [4]
QHsm_top              0x00003301    0x4  Code  Gb  qhsm_top.o [4]
QK_ceilingPrio_       0x200004ff    0x1  Data  Gb  qk_mutex.o [6]
QK_currPrio_          0x20000000    0x1  Data  Gb  qk.o [6]
QK_init               0x000022a1         Code  Gb  qk_port.o [6]
QK_intNest_           0x200004fe    0x1  Data  Gb  qk.o [6]
QK_onIdle             0x000014e7   0x18  Code  Gb  bsp.o [1]
QK_readySet_          0x200004c0    0xc  Data  Gb  qk.o [6]
QK_schedule_          0x000022f5   0xac  Code  Gb  qk_sched.o [6]
QMPool_get            0x000024cd   0x22  Code  Gb  qmp_get.o [5]
QMPool_init           0x00002d11   0x84  Code  Gb  qmp_init.o [5]
QMPool_put            0x000025b5   0x38  Code  Gb  qmp_put.o [5]
QTimeEvt_arm_         0x00001619   0x40  Code  Gb  qte_arm.o [5]
QTimeEvt_ctor         0x00000c11   0x28  Code  Gb  qte_ctor.o [5]
QTimeEvt_disarm       0x00001659   0x34  Code  Gb  qte_darm.o [5]
Q_onAssert            0x00001595    0x4  Code  Gb  bsp.o [1]
Region$$Table$$Base   0x00003150          --   Gb  - Linker created -
Region$$Table$$Limit  0x00003174          --   Gb  - Linker created -
SVC_Handler           0x000022e3         Code  Gb  qk_port.o [6]
Ship_active           0x0000261b   0x2a  Code  Lc  ship.o [1]
Ship_ctor             0x000025ed   0x10  Code  Gb  ship.o [1]
Ship_exploding        0x0000272f   0x7c  Code  Lc  ship.o [1]
Ship_flying           0x0000265b   0xd4  Code  Lc  ship.o [1]
Ship_initial          0x000025fd   0x1e  Code  Lc  ship.o [1]
Ship_parked           0x00002645   0x16  Code  Lc  ship.o [1]
SysCtlDelay           0x00001d59    0x8  Code  Gb  display96x16x1.o [1]
SysTick_Config        0x000011e5   0x32  Code  Lc  bsp.o [1]
SysTick_Handler       0x00001217   0x32  Code  Gb  bsp.o [1]
SystemFrequency       0x200004ec    0x4  Data  Gb  system_lm3s.o [1]
SystemInit            0x00001ab5  0x2a4  Code  Gb  system_lm3s.o [1]
Tunnel_active         0x000001e7   0x4e  Code  Lc  tunnel.o [1]
Tunnel_addImageAt     0x000008fb   0xce  Code  Lc  tunnel.o [1]
Tunnel_advance        0x000006f7  0x106  Code  Lc  tunnel.o [1]
Tunnel_ctor           0x000000f1   0x66  Code  Gb  tunnel.o [1]
Tunnel_demo           0x00000235   0xe4  Code  Lc  tunnel.o [1]
Tunnel_dispatchToAllMines
                      0x000008cb   0x30  Code  Lc  tunnel.o [1]
Tunnel_final          0x000001b1   0x36  Code  Lc  tunnel.o [1]
Tunnel_game_over      0x00000319   0xa8  Code  Lc  tunnel.o [1]
Tunnel_initial        0x00000157   0x5a  Code  Lc  tunnel.o [1]
Tunnel_isWallHit      0x000009c9   0x9c  Code  Lc  tunnel.o [1]
Tunnel_plantMine      0x000007fd   0xce  Code  Lc  tunnel.o [1]
Tunnel_playing        0x000003c1  0x1f6  Code  Lc  tunnel.o [1]
Tunnel_screen_saver   0x000005b7   0x2a  Code  Lc  tunnel.o [1]
Tunnel_screen_saver_hide
                      0x000005e1   0x52  Code  Lc  tunnel.o [1]
Tunnel_screen_saver_show
                      0x00000633   0xa0  Code  Lc  tunnel.o [1]
__WFI                 0x000011a1    0x4  Code  Lc  bsp.o [1]
__aeabi_memcpy        0x0000245d         Code  Gb  ABImemcpy.o [7]
__aeabi_memcpy4       0x00002477         Code  Gb  ABImemcpy.o [7]
__aeabi_memcpy8       0x00002477         Code  Gb  ABImemcpy.o [7]
__aeabi_memmove       0x000023e5         Code  Gb  ABImemmove.o [7]
__aeabi_memmove4      0x000023e5         Code  Gb  ABImemmove.o [7]
__aeabi_memmove8      0x000023e5         Code  Gb  ABImemmove.o [7]
__aeabi_memset        0x00001945         Code  Gb  ABImemset.o [7]
__cmain               0x00003175         Code  Gb  cmain.o [7]
__exit                0x000031a1   0x14  Code  Gb  exit.o [8]
__iar_Memset          0x00001945         Code  Gb  ABImemset.o [7]
__iar_Memset_word     0x0000194d         Code  Gb  ABImemset.o [7]
__iar_copy_init3      0x00001173   0x2e  Code  Gb  copy_init3.o [7]
__iar_data_init3      0x00003125   0x2c  Code  Gb  data_init3.o [7]
__iar_program_start   0x00003215         Code  Gb  cstartup_M.o [7]
__iar_zero_init3      0x000018c7   0x22  Code  Gb  zero_init3.o [7]
__vector_table        0x00000000   0xf0  Data  Gb  startup_ewarm.o [1]
_call_main            0x00003181         Code  Gb  cmain.o [7]
_exit                 0x00003195         Code  Gb  cexit.o [7]
_main                 0x00003187         Code  Gb  cmain.o [7]
do_bitmaps_overlap    0x00000a65  0x148  Code  Gb  tunnel.o [1]
exit                  0x0000318b    0x8  Code  Gb  exit.o [3]
explosion0_bits       0x00003250    0x8  Data  Lc  tunnel.o [1]
explosion1_bits       0x00003258    0x8  Data  Lc  tunnel.o [1]
explosion2_bits       0x00003260    0x8  Data  Lc  tunnel.o [1]
explosion3_bits       0x00003268    0x8  Data  Lc  tunnel.o [1]
g_pucFont             0x000027d0  0x1dc  Data  Lc  display96x16x1.o [1]
g_pucOSRAMInit        0x00002d94   0x74  Data  Lc  display96x16x1.o [1]
g_pucOSRAMRow1        0x00003220    0x8  Data  Lc  display96x16x1.o [1]
g_pucOSRAMRow2        0x00003228    0x8  Data  Lc  display96x16x1.o [1]
g_pucRITInit          0x00002e64   0x50  Data  Lc  display96x16x1.o [1]
g_pucRITRow1          0x00003230    0x8  Data  Lc  display96x16x1.o [1]
g_pucRITRow2          0x00003238    0x8  Data  Lc  display96x16x1.o [1]
g_ucColumnAdjust      0x200004fa    0x1  Data  Lc  display96x16x1.o [1]
g_ucDisplayIsRIT      0x200004f9    0x1  Data  Lc  display96x16x1.o [1]
g_ulDelay             0x200004e8    0x4  Data  Lc  display96x16x1.o [1]
l_bitmap              0x00002eb4   0x50  Data  Lc  tunnel.o [1]
l_frame               0x200001c4   0xc0  Data  Lc  tunnel.o [1]
l_medPoolSto          0x20000308   0x44  Data  Lc  main.o [1]
l_mine1               0x20000428   0x28  Data  Lc  mine1.o [1]
l_mine2               0x20000450   0x28  Data  Lc  mine2.o [1]
l_missile             0x20000498   0x1c  Data  Lc  missile.o [1]
l_missileQueueSto     0x200004cc    0x8  Data  Lc  main.o [1]
l_pulXtals            0x00002e08   0x5c  Data  Lc  system_lm3s.o [1]
l_rnd                 0x200004f0    0x4  Data  Lc  tunnel.o [1]
l_ship                0x20000478   0x20  Data  Lc  ship.o [1]
l_shipQueueSto        0x200004b4    0xc  Data  Lc  main.o [1]
l_smlPoolSto          0x200003cc   0x34  Data  Lc  main.o [1]
l_subscrSto           0x2000034c   0x40  Data  Lc  main.o [1]
l_this_file           0x00002fdc   0x44  Data  Lc  bsp.o [1]
l_this_file           0x00002f04   0x48  Data  Lc  mine1.o [1]
l_this_file           0x00002f4c   0x48  Data  Lc  mine2.o [1]
l_this_file           0x00002f94   0x48  Data  Lc  tunnel.o [1]
l_this_file           0x00003270    0x8  Data  Lc  qa_fifo.o [5]
l_this_file           0x00003278    0x8  Data  Lc  qf_new.o [5]
l_this_file           0x000031cc    0xc  Data  Lc  qf_pspub.o [5]
l_this_file           0x000032fc    0x4  Data  Lc  qk.o [6]
l_this_file           0x00003280    0x8  Data  Lc  qf_pool.o [5]
l_this_file           0x00003288    0x8  Data  Lc  qa_sub.o [5]
l_this_file           0x000031d8    0xc  Data  Lc  qhsm_dis.o [4]
l_this_file           0x000031e4    0xc  Data  Lc  qhsm_ini.o [4]
l_this_file           0x00003290    0x8  Data  Lc  qte_arm.o [5]
l_this_file           0x000031f0    0xc  Data  Lc  qte_ctor.o [5]
l_this_file           0x000031fc    0xc  Data  Lc  qk_sched.o [6]
l_this_file           0x00003298    0x8  Data  Lc  qf_act.o [5]
l_this_file           0x000032a0    0x8  Data  Lc  qf_gc.o [5]
l_this_file           0x00003208    0xc  Data  Lc  qmp_init.o [5]
l_this_file           0x000032b0    0x8  Data  Lc  qa_get_.o [5]
l_this_file           0x000032b8    0x8  Data  Lc  qmp_put.o [5]
l_tunnel              0x20000284   0x84  Data  Lc  tunnel.o [1]
l_tunnelQueueSto      0x20000400   0x28  Data  Lc  main.o [1]
l_walls               0x20000104   0xc0  Data  Lc  tunnel.o [1]
main                  0x00002bf1   0xb4  Code  Gb  main.o [1]
memcpy                0x00001733   0x16  Code  Gb  tunnel.o [1]
memmove               0x0000171d   0x16  Code  Gb  tunnel.o [1]
memset                0x0000115d   0x16  Code  Gb  tunnel.o [1]
mine1_bits            0x000032f0    0x4  Data  Lc  tunnel.o [1]
mine2_bits            0x000032f4    0x4  Data  Lc  tunnel.o [1]
mine2_missile_bits    0x000032f8    0x4  Data  Lc  tunnel.o [1]
missile_bits          0x000032ec    0x4  Data  Lc  tunnel.o [1]
press_button_bits     0x000030ec   0x38  Data  Lc  tunnel.o [1]
pulStack              0x20000500  0x258  Data  Lc  startup_ewarm.o [1]
random                0x000006d3   0x1c  Code  Lc  tunnel.o [1]
randomSeed            0x000006ef    0x8  Code  Lc  tunnel.o [1]
ship_bits             0x00003248    0x8  Data  Lc  tunnel.o [1]


[1] = D:\software\qpc\examples\arm-cortex\qk\iar\game-qk-ev-lm3s811\rel
[2] = command line
[3] = dl7M_tln.a
[4] = libqep_cortex-m3.a
[5] = libqf_cortex-m3.a
[6] = libqk_cortex-m3.a
[7] = rt7M_tl.a
[8] = shb_l.a

  10 820 bytes of readonly  code memory
   2 244 bytes of readonly  data memory
   1 880 bytes of readwrite data memory

Errors: none
Warnings: none
