###############################################################################
#                                                                             #
# IAR ELF Linker V6.10.2.52244/W32 for ARM              28/Feb/2011  13:44:54 #
# Copyright 2007-2010 IAR Systems AB.                                         #
#                                                                             #
#    Output file  =  D:\software\qpc\examples\arm-cortex\qk\iar\dpp-qk-ev-lm3 #
#                    s811\spy\dpp-qk.out                                      #
#    Map file     =  D:\software\qpc\examples\arm-cortex\qk\iar\dpp-qk-ev-lm3 #
#                    s811\spy\dpp-qk.map                                      #
#    Command line =  D:\software\qpc\examples\arm-cortex\qk\iar\dpp-qk-ev-lm3 #
#                    s811\spy\bsp.o D:\software\qpc\examples\arm-cortex\qk\ia #
#                    r\dpp-qk-ev-lm3s811\spy\core_cm3.o                       #
#                    D:\software\qpc\examples\arm-cortex\qk\iar\dpp-qk-ev-lm3 #
#                    s811\spy\display96x16x1.o D:\software\qpc\examples\arm-c #
#                    ortex\qk\iar\dpp-qk-ev-lm3s811\spy\main.o                #
#                    D:\software\qpc\examples\arm-cortex\qk\iar\dpp-qk-ev-lm3 #
#                    s811\spy\philo.o D:\software\qpc\examples\arm-cortex\qk\ #
#                    iar\dpp-qk-ev-lm3s811\spy\startup_ewarm.o                #
#                    D:\software\qpc\examples\arm-cortex\qk\iar\dpp-qk-ev-lm3 #
#                    s811\spy\system_lm3s.o D:\software\qpc\examples\arm-cort #
#                    ex\qk\iar\dpp-qk-ev-lm3s811\spy\table.o                  #
#                    D:\software\qpc\ports\arm-cortex\qk\iar\spy\libqep_corte #
#                    x-m3.a D:\software\qpc\ports\arm-cortex\qk\iar\spy\libqf #
#                    _cortex-m3.a D:\software\qpc\ports\arm-cortex\qk\iar\spy #
#                    \libqk_cortex-m3.a D:\software\qpc\ports\arm-cortex\qk\i #
#                    ar\spy\libqs_cortex-m3.a --redirect _Printf=_PrintfTiny  #
#                    --redirect _Scanf=_ScanfSmall -o                         #
#                    D:\software\qpc\examples\arm-cortex\qk\iar\dpp-qk-ev-lm3 #
#                    s811\spy\dpp-qk.out --map D:\software\qpc\examples\arm-c #
#                    ortex\qk\iar\dpp-qk-ev-lm3s811\spy\dpp-qk.map --config   #
#                    D:\software\qpc\examples\arm-cortex\qk\iar\dpp-qk-ev-lm3 #
#                    s811\lm3s811.icf --semihosting --entry                   #
#                    __iar_program_start                                      #
#                                                                             #
#                                                                             #
###############################################################################

*******************************************************************************
*** RUNTIME MODEL ATTRIBUTES
***

CppFlavor       = *
__SystemLibrary = DLib


*******************************************************************************
*** PLACEMENT SUMMARY
***

"A1":  place at start of [0x00000000-0x0000ffff] { ro section .intvec };
"P1":  place in [from 0x00000000 to 0x0000ffff] { ro };
"P2":  place in [from 0x20000000 to 0x20001fff] { rw, block HEAP };

  Section            Kind        Address    Size  Object
  -------            ----        -------    ----  ------
"A1":                                       0xf0
  .intvec            const    0x00000000    0xf0  startup_ewarm.o [1]
                            - 0x000000f0    0xf0

"P1":                                     0x3714
  .text              ro code  0x000000f0   0x614  bsp.o [1]
  .text              ro code  0x00000704   0x248  qs.o [7]
  .text              ro code  0x0000094c   0x33c  qs_.o [7]
  .text              ro code  0x00000c88    0xf0  qf_tick.o [5]
  .text              ro code  0x00000d78    0x8c  qf_new.o [5]
  .text              ro code  0x00000e04    0xdc  qa_fifo.o [5]
  .text              ro code  0x00000ee0   0x2a4  system_lm3s.o [1]
  .text              ro code  0x00001184   0x414  display96x16x1.o [1]
  .text              ro code  0x00001598    0x98  qs_str.o [7]
  .text              ro code  0x00001630    0x60  qs_blk.o [7]
  .text              ro code  0x00001690    0x38  ABImemset48.o [8]
  .text              ro code  0x000016c8     0x6  ABImemclr4.o [8]
  .text              ro code  0x000016ce    0x2e  copy_init3.o [8]
  .text              ro code  0x000016fc    0x68  qmp_get.o [5]
  .text              ro code  0x00001764    0xf4  qk_sched.o [6]
  .text              ro code  0x00001858    0xf4  qa_get_.o [5]
  .text              ro code  0x0000194c   0x39e  qhsm_dis.o [4]
  .text              ro code  0x00001cea    0x22  zero_init3.o [8]
  .text              ro code  0x00001d0c    0xa0  qf_gc.o [5]
  .text              ro code  0x00001dac    0x74  qmp_put.o [5]
  .text              ro code  0x00001e20   0x4fc  philo.o [1]
  .text              ro code  0x0000231c    0x28  qte_ctor.o [5]
  .text              ro code  0x00002344    0x98  qa_sub.o [5]
  .text              ro code  0x000023dc    0x84  qte_arm.o [5]
  .text              ro code  0x00002460    0xc0  qf_pspub.o [5]
  .text              ro code  0x00002520   0x3c0  table.o [1]
  .text              ro code  0x000028e0    0x84  qk.o [6]
  CODE               ro code  0x00002964    0x54  qk_port.o [6]
  .text              ro code  0x000029b8    0x4c  qeq_init.o [5]
  .text              ro code  0x00002a04    0x68  qf_act.o [5]
  .text              ro code  0x00002a6c   0x120  qhsm_ini.o [4]
  .text              ro code  0x00002b8c   0x200  main.o [1]
  .text              ro code  0x00002d8c     0xc  qf_psini.o [5]
  .text              ro code  0x00002d98    0x60  qf_pool.o [5]
  .text              ro code  0x00002df8    0xbc  qmp_init.o [5]
  .rodata            const    0x00002eb4   0x1dc  display96x16x1.o [1]
  .rodata            const    0x00003090   0x100  qf_log2.o [5]
  .rodata            const    0x00003190    0x74  display96x16x1.o [1]
  .rodata            const    0x00003204    0x5c  system_lm3s.o [1]
  .rodata            const    0x00003260    0x50  display96x16x1.o [1]
  .rodata            const    0x000032b0    0x48  philo.o [1]
  .rodata            const    0x000032f8    0x48  table.o [1]
  .rodata            const    0x00003340    0x44  bsp.o [1]
  .rodata            const    0x00003384    0x44  qf_pwr2.o [5]
  .rodata            const    0x000033c8    0x44  qf_pwr2.o [5]
  .rodata            const    0x0000340c    0x44  qf_pwr2.o [5]
  .text              ro code  0x00003450    0x2c  data_init3.o [8]
  .iar.init_table    const    0x0000347c    0x24  - Linker created -
  .text              ro code  0x000034a0    0x16  cmain.o [8]
  .text              ro code  0x000034b6     0x4  low_level_init.o [3]
  .text              ro code  0x000034ba     0x8  exit.o [3]
  .text              ro code  0x000034c2    0x12  startup_ewarm.o [1]
  .text              ro code  0x000034d4     0xa  cexit.o [8]
  .text              ro code  0x000034e0    0x14  exit.o [9]
  .rodata            const    0x000034f4    0x14  main.o [1]
  .rodata            const    0x00003508    0x14  main.o [1]
  .rodata            const    0x0000351c    0x14  main.o [1]
  .rodata            const    0x00003530    0x14  main.o [1]
  .rodata            const    0x00003544    0x14  main.o [1]
  .rodata            const    0x00003558    0x14  philo.o [1]
  .rodata            const    0x0000356c    0x14  philo.o [1]
  .rodata            const    0x00003580    0x14  philo.o [1]
  .rodata            const    0x00003594    0x14  philo.o [1]
  .rodata            const    0x000035a8    0x14  philo.o [1]
  .rodata            const    0x000035bc    0x14  philo.o [1]
  .rodata            const    0x000035d0    0x10  bsp.o [1]
  .rodata            const    0x000035e0    0x10  bsp.o [1]
  .rodata            const    0x000035f0    0x10  main.o [1]
  .rodata            const    0x00003600    0x10  main.o [1]
  .rodata            const    0x00003610    0x10  philo.o [1]
  .rodata            const    0x00003620    0x10  philo.o [1]
  .rodata            const    0x00003630    0x10  philo.o [1]
  .rodata            const    0x00003640    0x10  philo.o [1]
  .rodata            const    0x00003650    0x10  table.o [1]
  .rodata            const    0x00003660    0x10  table.o [1]
  .rodata            const    0x00003670    0x10  table.o [1]
  .rodata            const    0x00003680     0xc  philo.o [1]
  .rodata            const    0x0000368c     0xc  philo.o [1]
  .rodata            const    0x00003698     0xc  philo.o [1]
  .rodata            const    0x000036a4     0xc  philo.o [1]
  .rodata            const    0x000036b0     0xc  philo.o [1]
  .rodata            const    0x000036bc     0xc  philo.o [1]
  .rodata            const    0x000036c8     0xc  philo.o [1]
  .rodata            const    0x000036d4     0xc  table.o [1]
  .rodata            const    0x000036e0     0xc  table.o [1]
  .rodata            const    0x000036ec     0xc  table.o [1]
  .rodata            const    0x000036f8     0xc  table.o [1]
  .rodata            const    0x00003704     0xc  table.o [1]
  .rodata            const    0x00003710     0xc  table.o [1]
  .rodata            const    0x0000371c     0xc  table.o [1]
  .rodata            const    0x00003728     0xc  qf_pspub.o [5]
  .rodata            const    0x00003734     0xc  qte_ctor.o [5]
  .rodata            const    0x00003740     0xc  qk_sched.o [6]
  .rodata            const    0x0000374c     0xc  qhsm_ini.o [4]
  .rodata            const    0x00003758     0xc  qmp_init.o [5]
  .rodata            const    0x00003764     0xc  qhsm_dis.o [4]
  .text              ro code  0x00003770     0xc  cstartup_M.o [8]
  .rodata            const    0x0000377c     0x8  display96x16x1.o [1]
  .rodata            const    0x00003784     0x8  display96x16x1.o [1]
  .rodata            const    0x0000378c     0x8  display96x16x1.o [1]
  .rodata            const    0x00003794     0x8  display96x16x1.o [1]
  .rodata            const    0x0000379c     0x8  table.o [1]
  .rodata            const    0x000037a4     0x8  qa_fifo.o [5]
  .rodata            const    0x000037ac     0x8  qf_new.o [5]
  .rodata            const    0x000037b4     0x8  qf_pool.o [5]
  .rodata            const    0x000037bc     0x8  qa_sub.o [5]
  .rodata            const    0x000037c4     0x8  qte_arm.o [5]
  .rodata            const    0x000037cc     0x8  qf_act.o [5]
  .rodata            const    0x000037d4     0x8  qf_gc.o [5]
  .rodata            const    0x000037dc     0x8  qa_get_.o [5]
  .rodata            const    0x000037e4     0x8  qep.o [4]
  .rodata            const    0x000037ec     0x8  qmp_put.o [5]
  .rodata            const    0x000037f4     0x4  table.o [1]
  .rodata            const    0x000037f8     0x4  qk.o [6]
  .text              ro code  0x000037fc     0x4  qhsm_top.o [4]
  Initializer bytes  ro data  0x00003800     0x4  <for P2 s0>
                            - 0x00003804  0x3714

"P2", part 1 of 3:                           0x4
  P2 s0                       0x20000000     0x4  <Init block>
    .data            inited   0x20000000     0x1  qk.o [6]
                            - 0x20000004     0x4

"P2", part 2 of 3:                         0x998
  .bss               zero     0x20000004   0x600  bsp.o [1]
  .bss               zero     0x20000604   0x100  qf_act.o [5]
  .bss               zero     0x20000704    0xdc  philo.o [1]
  .bss               zero     0x200007e0    0x64  main.o [1]
  .bss               zero     0x20000844    0x40  qf_pool.o [5]
  .bss               zero     0x20000884    0x38  main.o [1]
  .bss               zero     0x200008bc    0x28  main.o [1]
  .bss               zero     0x200008e4    0x24  table.o [1]
  .bss               zero     0x20000908    0x20  qs.o [7]
  .bss               zero     0x20000928    0x14  main.o [1]
  .bss               zero     0x2000093c    0x10  qs.o [7]
  .bss               zero     0x2000094c     0xc  qk.o [6]
  .bss               zero     0x20000958     0x8  qf_psini.o [5]
  .bss               zero     0x20000960     0x4  bsp.o [1]
  .bss               zero     0x20000964     0x4  bsp.o [1]
  .bss               zero     0x20000968     0x4  bsp.o [1]
  .bss               zero     0x2000096c     0x4  display96x16x1.o [1]
  .bss               zero     0x20000970     0x4  system_lm3s.o [1]
  .bss               zero     0x20000974     0x4  qs_.o [7]
  .bss               zero     0x20000978     0x4  qs_.o [7]
  .bss               zero     0x2000097c     0x4  qs_.o [7]
  .bss               zero     0x20000980     0x4  qs_.o [7]
  .bss               zero     0x20000984     0x4  qs_.o [7]
  .bss               zero     0x20000988     0x4  qs_.o [7]
  .bss               zero     0x2000098c     0x4  qs_.o [7]
  .bss               zero     0x20000990     0x4  qte_arm.o [5]
  .bss               zero     0x20000994     0x1  display96x16x1.o [1]
  .bss               zero     0x20000995     0x1  display96x16x1.o [1]
  .bss               zero     0x20000996     0x1  philo.o [1]
  .bss               zero     0x20000997     0x1  qf_tick.o [5]
  .bss               zero     0x20000998     0x1  qk.o [6]
  .bss               zero     0x20000999     0x1  qk_mutex.o [6]
                            - 0x2000099a   0x996

"P2", part 3 of 3:                         0x258
  .noinit            uninit   0x2000099c   0x258  startup_ewarm.o [1]
                            - 0x20000bf4   0x258


*******************************************************************************
*** INIT TABLE
***

          Address     Size
          -------     ----
Zero (__iar_zero_init3)
    1 destination range, total size 0x996:
          0x20000004  0x996

Copy (__iar_copy_init3)
    1 source range, total size 0x4 (400% of destination):
          0x00003800    0x4
    1 destination range, total size 0x1:
          0x20000000    0x1


*******************************************************************************
*** MODULE SUMMARY
***

    Module            ro code  ro data  rw data
    ------            -------  -------  -------
D:\software\qpc\examples\arm-cortex\qk\iar\dpp-qk-ev-lm3s811\spy: [1]
    bsp.o               1 556      100    1 548
    display96x16x1.o    1 044      704        6
    main.o                512      132      216
    philo.o             1 276      340      221
    startup_ewarm.o        18      240      600
    system_lm3s.o         676       92        4
    table.o               960      216       36
    -------------------------------------------
    Total:              6 042    1 824    2 631

command line: [2]
    -------------------------------------------
    Total:

dl7M_tln.a: [3]
    exit.o                  8
    low_level_init.o        4
    -------------------------------------------
    Total:                 12

libqep_cortex-m3.a: [4]
    qep.o                            8
    qhsm_dis.o            926       12
    qhsm_ini.o            288       12
    qhsm_top.o              4
    -------------------------------------------
    Total:              1 218       32

libqf_cortex-m3.a: [5]
    qa_fifo.o             220        8
    qa_get_.o             244        8
    qa_sub.o              152        8
    qeq_init.o             76
    qf_act.o              104        8      256
    qf_gc.o               160        8
    qf_log2.o                      256
    qf_new.o              140        8
    qf_pool.o              96        8       64
    qf_psini.o             12                 8
    qf_pspub.o            192       12
    qf_pwr2.o                      204
    qf_tick.o             240                 1
    qmp_get.o             104
    qmp_init.o            188       12
    qmp_put.o             116        8
    qte_arm.o             132        8        4
    qte_ctor.o             40       12
    -------------------------------------------
    Total:              2 216      568      333

libqk_cortex-m3.a: [6]
    qk.o                  132        5       14
    qk_mutex.o                                1
    qk_port.o              84
    qk_sched.o            244       12
    -------------------------------------------
    Total:                460       17       15

libqs_cortex-m3.a: [7]
    qs.o                  584                48
    qs_.o                 828                28
    qs_blk.o               96
    qs_str.o              152
    -------------------------------------------
    Total:              1 660                76

rt7M_tl.a: [8]
    ABImemclr4.o            6
    ABImemset48.o          56
    cexit.o                10
    cmain.o                22
    copy_init3.o           46
    cstartup_M.o           12
    data_init3.o           44
    zero_init3.o           34
    -------------------------------------------
    Total:                230

shb_l.a: [9]
    exit.o                 20
    -------------------------------------------
    Total:                 20

    Gaps                    2                 3
    Linker created                  39
-----------------------------------------------
    Grand Total:       11 860    2 480    3 058


*******************************************************************************
*** ENTRY LIST
***

Entry                    Address   Size  Type      Object
-----                    -------   ----  ----      ------
?main                 0x000034a1         Code  Gb  cmain.o [8]
AO_Philo              0x00003558   0x14  Data  Gb  philo.o [1]
AO_Table              0x000037f4    0x4  Data  Gb  table.o [1]
BSP_busyDelay         0x000003c7   0x16  Code  Gb  bsp.o [1]
BSP_displyPhilStat    0x0000035b   0x6c  Code  Gb  bsp.o [1]
BSP_init              0x000002bf   0x9c  Code  Gb  bsp.o [1]
Display96x16x1Clear   0x00001245   0x74  Code  Gb  display96x16x1.o [1]
Display96x16x1Init    0x0000137d  0x19a  Code  Gb  display96x16x1.o [1]
Display96x16x1StringDraw
                      0x000012b9   0xc4  Code  Gb  display96x16x1.o [1]
Display96x16x1WriteArray
                      0x000011d1   0x36  Code  Lc  display96x16x1.o [1]
Display96x16x1WriteByte
                      0x000011a7   0x2a  Code  Lc  display96x16x1.o [1]
Display96x16x1WriteFinal
                      0x00001207   0x3e  Code  Lc  display96x16x1.o [1]
Display96x16x1WriteFirst
                      0x0000118d   0x1a  Code  Lc  display96x16x1.o [1]
GPIOPortA_IRQHandler  0x00000219   0xa6  Code  Gb  bsp.o [1]
HardFault_Handler     0x000034c5   0x10  Code  Gb  startup_ewarm.o [1]
NMI_Handler           0x000034c3    0x2  Code  Gb  startup_ewarm.o [1]
NVIC_EnableIRQ        0x000000f1   0x1a  Code  Lc  bsp.o [1]
NVIC_SetPriority      0x0000010b   0x26  Code  Lc  bsp.o [1]
PendSV_Handler        0x00002985         Code  Gb  qk_port.o [6]
Philo_ctor            0x00001e21   0x30  Code  Gb  philo.o [1]
Philo_eating          0x0000220d   0x84  Code  Lc  philo.o [1]
Philo_hungry          0x0000218d   0x80  Code  Lc  philo.o [1]
Philo_initial         0x00001e51  0x2dc  Code  Lc  philo.o [1]
Philo_thinking        0x0000212d   0x60  Code  Lc  philo.o [1]
QActive_get_          0x00001859   0xda  Code  Gb  qa_get_.o [5]
QActive_postFIFO      0x00000e05   0xdc  Code  Gb  qa_fifo.o [5]
QActive_start         0x00002903   0x58  Code  Gb  qk.o [6]
QActive_subscribe     0x00002345   0x98  Code  Gb  qa_sub.o [5]
QEP_reservedEvt_      0x000037e4    0x8  Data  Gb  qep.o [4]
QEQueue_init          0x000029b9   0x4c  Code  Gb  qeq_init.o [5]
QF_active_            0x20000604  0x100  Data  Gb  qf_act.o [5]
QF_add_               0x00002a05   0x56  Code  Gb  qf_act.o [5]
QF_div8Lkup           0x0000340c   0x44  Data  Gb  qf_pwr2.o [5]
QF_gc                 0x00001d0d   0xa0  Code  Gb  qf_gc.o [5]
QF_init               0x000028e1    0x4  Code  Gb  qk.o [6]
QF_invPwr2Lkup        0x000033c8   0x44  Data  Gb  qf_pwr2.o [5]
QF_log2Lkup           0x00003090  0x100  Data  Gb  qf_log2.o [5]
QF_maxPool_           0x20000844    0x1  Data  Gb  qf_pool.o [5]
QF_maxSignal_         0x20000958    0x1  Data  Gb  qf_psini.o [5]
QF_new_               0x00000d79   0x8c  Code  Gb  qf_new.o [5]
QF_onCleanup          0x00000407    0x2  Code  Gb  bsp.o [1]
QF_onStartup          0x000003dd   0x2a  Code  Gb  bsp.o [1]
QF_poolInit           0x00002d99   0x60  Code  Gb  qf_pool.o [5]
QF_pool_              0x20000848   0x3c  Data  Gb  qf_pool.o [5]
QF_psInit             0x00002d8d    0xc  Code  Gb  qf_psini.o [5]
QF_publish            0x00002461   0xc0  Code  Gb  qf_pspub.o [5]
QF_pwr2Lkup           0x00003384   0x44  Data  Gb  qf_pwr2.o [5]
QF_run                0x000028e9   0x1a  Code  Gb  qk.o [6]
QF_stop               0x000028e5    0x4  Code  Gb  qk.o [6]
QF_subscrList_        0x2000095c    0x4  Data  Gb  qf_psini.o [5]
QF_tick               0x00000c89   0xf0  Code  Gb  qf_tick.o [5]
QF_timeEvtListHead_   0x20000990    0x4  Data  Gb  qte_arm.o [5]
QHsm_dispatch         0x0000194d  0x35a  Code  Gb  qhsm_dis.o [4]
QHsm_init             0x00002a6d  0x120  Code  Gb  qhsm_ini.o [4]
QHsm_top              0x000037fd    0x4  Code  Gb  qhsm_top.o [4]
QK_ceilingPrio_       0x20000999    0x1  Data  Gb  qk_mutex.o [6]
QK_currPrio_          0x20000000    0x1  Data  Gb  qk.o [6]
QK_init               0x00002965         Code  Gb  qk_port.o [6]
QK_intNest_           0x20000998    0x1  Data  Gb  qk.o [6]
QK_onIdle             0x00000409   0x4a  Code  Gb  bsp.o [1]
QK_readySet_          0x2000094c    0xc  Data  Gb  qk.o [6]
QK_schedule_          0x00001765   0xf4  Code  Gb  qk_sched.o [6]
QMPool_get            0x000016fd   0x5e  Code  Gb  qmp_get.o [5]
QMPool_init           0x00002df9   0xbc  Code  Gb  qmp_init.o [5]
QMPool_put            0x00001dad   0x74  Code  Gb  qmp_put.o [5]
QS_aoObj_             0x20000978    0x4  Data  Gb  qs_.o [7]
QS_apObj_             0x20000988    0x4  Data  Gb  qs_.o [7]
QS_begin              0x00000767   0xb2  Code  Gb  qs.o [7]
QS_chksum_            0x2000093d    0x1  Data  Gb  qs.o [7]
QS_end                0x00000819   0x86  Code  Gb  qs.o [7]
QS_end_               0x2000093e    0x2  Data  Gb  qs.o [7]
QS_eqObj_             0x20000980    0x4  Data  Gb  qs_.o [7]
QS_filterOff          0x0000073b   0x2c  Code  Gb  qs.o [7]
QS_filterOn           0x0000070f   0x2c  Code  Gb  qs.o [7]
QS_getBlock           0x00001631   0x60  Code  Gb  qs_blk.o [7]
QS_glbFilter_         0x20000908   0x20  Data  Gb  qs.o [7]
QS_head_              0x20000940    0x2  Data  Gb  qs.o [7]
QS_initBuf            0x00000705    0xa  Code  Gb  qs.o [7]
QS_mpObj_             0x2000097c    0x4  Data  Gb  qs_.o [7]
QS_onFlush            0x00000619   0x4a  Code  Gb  bsp.o [1]
QS_onGetTime          0x000005f3   0x26  Code  Gb  bsp.o [1]
QS_onStartup          0x00000457  0x19c  Code  Gb  bsp.o [1]
QS_ring_              0x20000948    0x4  Data  Gb  qs.o [7]
QS_seq_               0x2000093c    0x1  Data  Gb  qs.o [7]
QS_smObj_             0x20000974    0x4  Data  Gb  qs_.o [7]
QS_str                0x00001599   0x7c  Code  Gb  qs_str.o [7]
QS_str_ROM_           0x00000c15   0x6c  Code  Gb  qs_.o [7]
QS_tail_              0x20000942    0x2  Data  Gb  qs.o [7]
QS_teObj_             0x20000984    0x4  Data  Gb  qs_.o [7]
QS_tickCtr_           0x2000098c    0x4  Data  Gb  qs_.o [7]
QS_tickPeriod_        0x20000968    0x4  Data  Gb  bsp.o [1]
QS_tickTime_          0x20000964    0x4  Data  Gb  bsp.o [1]
QS_u16_               0x000009a9   0xc0  Code  Gb  qs_.o [7]
QS_u32_               0x00000a71  0x190  Code  Gb  qs_.o [7]
QS_u8                 0x0000089f   0x9e  Code  Gb  qs.o [7]
QS_u8_                0x0000094d   0x5c  Code  Gb  qs_.o [7]
QS_used_              0x20000944    0x2  Data  Gb  qs.o [7]
QTimeEvt_arm_         0x000023dd   0x84  Code  Gb  qte_arm.o [5]
QTimeEvt_ctor         0x0000231d   0x28  Code  Gb  qte_ctor.o [5]
Q_onAssert            0x00000453    0x4  Code  Gb  bsp.o [1]
Region$$Table$$Base   0x0000347c          --   Gb  - Linker created -
Region$$Table$$Limit  0x000034a0          --   Gb  - Linker created -
SVC_Handler           0x000029a7         Code  Gb  qk_port.o [6]
SysCtlDelay           0x00001185    0x8  Code  Gb  display96x16x1.o [1]
SysTick_Config        0x00000131   0x38  Code  Lc  bsp.o [1]
SysTick_Handler       0x00000169   0xb0  Code  Gb  bsp.o [1]
SystemFrequency       0x20000970    0x4  Data  Gb  system_lm3s.o [1]
SystemInit            0x00000ee1  0x2a4  Code  Gb  system_lm3s.o [1]
Table_ctor            0x00002521   0x2a  Code  Gb  table.o [1]
Table_initial         0x0000254b  0x176  Code  Lc  table.o [1]
Table_serving         0x000026c1  0x1dc  Code  Lc  table.o [1]
__aeabi_memclr4       0x000016c9         Code  Gb  ABImemclr4.o [8]
__aeabi_memset4       0x00001691         Code  Gb  ABImemset48.o [8]
__aeabi_memset8       0x00001691         Code  Gb  ABImemset48.o [8]
__cmain               0x000034a1         Code  Gb  cmain.o [8]
__exit                0x000034e1   0x14  Code  Gb  exit.o [9]
__iar_Memset4_word    0x00001699         Code  Gb  ABImemset48.o [8]
__iar_Memset8_word    0x00001699         Code  Gb  ABImemset48.o [8]
__iar_copy_init3      0x000016cf   0x2e  Code  Gb  copy_init3.o [8]
__iar_data_init3      0x00003451   0x2c  Code  Gb  data_init3.o [8]
__iar_program_start   0x00003771         Code  Gb  cstartup_M.o [8]
__iar_zero_init3      0x00001ceb   0x22  Code  Gb  zero_init3.o [8]
__low_level_init      0x000034b7    0x4  Code  Gb  low_level_init.o [3]
__vector_table        0x00000000   0xf0  Data  Gb  startup_ewarm.o [1]
_call_main            0x000034ad         Code  Gb  cmain.o [8]
_exit                 0x000034d5         Code  Gb  cexit.o [8]
_main                 0x000034b3         Code  Gb  cmain.o [8]
exit                  0x000034bb    0x8  Code  Gb  exit.o [3]
g_pucFont             0x00002eb4  0x1dc  Data  Lc  display96x16x1.o [1]
g_pucOSRAMInit        0x00003190   0x74  Data  Lc  display96x16x1.o [1]
g_pucOSRAMRow1        0x0000377c    0x8  Data  Lc  display96x16x1.o [1]
g_pucOSRAMRow2        0x00003784    0x8  Data  Lc  display96x16x1.o [1]
g_pucRITInit          0x00003260   0x50  Data  Lc  display96x16x1.o [1]
g_pucRITRow1          0x0000378c    0x8  Data  Lc  display96x16x1.o [1]
g_pucRITRow2          0x00003794    0x8  Data  Lc  display96x16x1.o [1]
g_ucColumnAdjust      0x20000995    0x1  Data  Lc  display96x16x1.o [1]
g_ucDisplayIsRIT      0x20000994    0x1  Data  Lc  display96x16x1.o [1]
g_ulDelay             0x2000096c    0x4  Data  Lc  display96x16x1.o [1]
l_delay               0x20000960    0x4  Data  Lc  bsp.o [1]
l_philo               0x20000704   0xdc  Data  Lc  philo.o [1]
l_philoQueueSto       0x200007e0   0x64  Data  Lc  main.o [1]
l_pulXtals            0x00003204   0x5c  Data  Lc  system_lm3s.o [1]
l_smlPoolSto          0x200008bc   0x28  Data  Lc  main.o [1]
l_subscrSto           0x20000884   0x38  Data  Lc  main.o [1]
l_table               0x200008e4   0x24  Data  Lc  table.o [1]
l_tableQueueSto       0x20000928   0x14  Data  Lc  main.o [1]
l_this_file           0x00003340   0x44  Data  Lc  bsp.o [1]
l_this_file           0x000032b0   0x48  Data  Lc  philo.o [1]
l_this_file           0x000032f8   0x48  Data  Lc  table.o [1]
l_this_file           0x000037a4    0x8  Data  Lc  qa_fifo.o [5]
l_this_file           0x000037ac    0x8  Data  Lc  qf_new.o [5]
l_this_file           0x000037f8    0x4  Data  Lc  qk.o [6]
l_this_file           0x000037b4    0x8  Data  Lc  qf_pool.o [5]
l_this_file           0x000037bc    0x8  Data  Lc  qa_sub.o [5]
l_this_file           0x00003728    0xc  Data  Lc  qf_pspub.o [5]
l_this_file           0x000037c4    0x8  Data  Lc  qte_arm.o [5]
l_this_file           0x00003734    0xc  Data  Lc  qte_ctor.o [5]
l_this_file           0x00003740    0xc  Data  Lc  qk_sched.o [6]
l_this_file           0x000037cc    0x8  Data  Lc  qf_act.o [5]
l_this_file           0x0000374c    0xc  Data  Lc  qhsm_ini.o [4]
l_this_file           0x00003758    0xc  Data  Lc  qmp_init.o [5]
l_this_file           0x000037d4    0x8  Data  Lc  qf_gc.o [5]
l_this_file           0x000037dc    0x8  Data  Lc  qa_get_.o [5]
l_this_file           0x00003764    0xc  Data  Lc  qhsm_dis.o [4]
l_this_file           0x000037ec    0x8  Data  Lc  qmp_put.o [5]
main                  0x00002b8d  0x200  Code  Gb  main.o [1]
pulStack              0x2000099c  0x258  Data  Lc  startup_ewarm.o [1]


[1] = D:\software\qpc\examples\arm-cortex\qk\iar\dpp-qk-ev-lm3s811\spy
[2] = command line
[3] = dl7M_tln.a
[4] = libqep_cortex-m3.a
[5] = libqf_cortex-m3.a
[6] = libqk_cortex-m3.a
[7] = libqs_cortex-m3.a
[8] = rt7M_tl.a
[9] = shb_l.a

  11 860 bytes of readonly  code memory
   2 480 bytes of readonly  data memory
   3 058 bytes of readwrite data memory

Errors: none
Warnings: none
